==== many2_test

running 1 test
test many2_test ... ok

test result: ok. 1 passed; 0 failed; 0 ignored; 0 measured; 6 filtered out; finished in 0.01s

STATUS-0
==== negint_test

running 1 test
test negint_test ... ok

test result: ok. 1 passed; 0 failed; 0 ignored; 0 measured; 6 filtered out; finished in 0.01s

STATUS-0
==== return_dbl_test

running 1 test
test return_dbl_test ... ok

test result: ok. 1 passed; 0 failed; 0 ignored; 0 measured; 6 filtered out; finished in 0.01s

STATUS-0
==== many_test

running 1 test
test many_test ... ok

test result: ok. 1 passed; 0 failed; 0 ignored; 0 measured; 6 filtered out; finished in 0.01s

STATUS-0
==== struct1_test

running 1 test
test struct1_test ... ok

test result: ok. 1 passed; 0 failed; 0 ignored; 0 measured; 6 filtered out; finished in 0.01s

STATUS-0
==== struct_by_value_3f_test

running 1 test

thread 'struct_by_value_3f_test' (371) panicked at tests/e2e.rs:316:9:
assertion failed: (result.f3 - 556.5).abs() < f32::EPSILON
note: run with `RUST_BACKTRACE=1` environment variable to display a backtrace
test struct_by_value_3f_test ... FAILED

failures:

failures:
    struct_by_value_3f_test

test result: FAILED. 0 passed; 1 failed; 0 ignored; 0 measured; 6 filtered out; finished in 0.01s

STATUS-101
