warning: unused variable: `nfixedargs`
   --> src/arm/ffi.rs:397:5
    |
397 |     mut nfixedargs: ::core::ffi::c_uint,
    |     ^^^^^^^^^^^^^^ help: if this is intentional, prefix it with an underscore: `_nfixedargs`
    |
    = note: `#[warn(unused_variables)]` (part of `#[warn(unused)]`) on by default

warning: unused variable: `ntotalargs`
   --> src/arm/ffi.rs:398:5
    |
398 |     mut ntotalargs: ::core::ffi::c_uint,
    |     ^^^^^^^^^^^^^^ help: if this is intentional, prefix it with an underscore: `_ntotalargs`

warning: unused variable: `flags`
   --> src/closures.rs:954:5
    |
954 |     mut flags: ::core::ffi::c_int,
    |     ^^^^^^^^^ help: if this is intentional, prefix it with an underscore: `_flags`

warning: variable `nfences` is assigned to, but never used
    --> src/closures.rs:1450:9
     |
1450 |     let mut nfences: ::core::ffi::c_int = 0 as ::core::ffi::c_int;
     |         ^^^^^^^^^^^
     |
     = note: consider using `_nfences` instead

warning: unused variable: `flags`
    --> src/closures.rs:5325:5
     |
5325 |     mut flags: ::core::ffi::c_int,
     |     ^^^^^^^^^ help: if this is intentional, prefix it with an underscore: `_flags`

warning: unnecessary `unsafe` block
    --> src/closures.rs:5450:61
     |
5450 | static mut open_temp_exec_file_opts: [C2RustUnnamed_1; 9] = unsafe {
     |                                                             ^^^^^^ unnecessary `unsafe` block
     |
     = note: `#[warn(unused_unsafe)]` (part of `#[warn(unused)]`) on by default

warning: unused variable: `cif`
   --> src/java_raw_api.rs:289:5
    |
289 |     mut cif: *mut ffi_cif,
    |     ^^^^^^^ help: if this is intentional, prefix it with an underscore: `_cif`

warning: unused variable: `rvalue`
   --> src/java_raw_api.rs:290:5
    |
290 |     mut rvalue: *mut ::core::ffi::c_void,
    |     ^^^^^^^^^^ help: if this is intentional, prefix it with an underscore: `_rvalue`

warning: unused variable: `cif`
   --> src/java_raw_api.rs:294:5
    |
294 |     mut cif: *mut ffi_cif,
    |     ^^^^^^^ help: if this is intentional, prefix it with an underscore: `_cif`

warning: unused variable: `rvalue`
   --> src/java_raw_api.rs:295:5
    |
295 |     mut rvalue: *mut ::core::ffi::c_void,
    |     ^^^^^^^^^^ help: if this is intentional, prefix it with an underscore: `_rvalue`

warning: unnecessary `unsafe` block
   --> src/types.rs:175:61
    |
175 | static mut ffi_elements_complex_float: [*mut ffi_type; 2] = unsafe {
    |                                                             ^^^^^^ unnecessary `unsafe` block

warning: unnecessary `unsafe` block
   --> src/types.rs:181:62
    |
181 | static mut ffi_elements_complex_double: [*mut ffi_type; 2] = unsafe {
    |                                                              ^^^^^^ unnecessary `unsafe` block

warning: unnecessary `unsafe` block
   --> src/types.rs:187:66
    |
187 | static mut ffi_elements_complex_longdouble: [*mut ffi_type; 2] = unsafe {
    |                                                                  ^^^^^^ unnecessary `unsafe` block

warning: direct cast of function item into an integer
   --> src/arm/ffi.rs:728:69
    |
728 |         closure_func = if closure_func as usize == ffi_closure_SYSV as usize {
    |                                                                     ^^^^^^^^
    |
    = note: `#[warn(function_casts_as_integer)]` on by default
help: first cast to a pointer `as *const ()`
    |
728 |         closure_func = if closure_func as usize == ffi_closure_SYSV as *const () as usize {
    |                                                                     ++++++++++++

warning: unused unary operation that must be used
    --> src/closures.rs:1985:29
     |
1985 | ...                   !(0 as ::core::ffi::c_int as size_t);
     |                       ^^^^^^^^^^^^^^^^^^^^^^^^^^^^^^^^^^^^ the unary operation produces a value
     |
     = note: `#[warn(unused_must_use)]` (part of `#[warn(unused)]`) on by default
help: use `let _ = ...` to ignore the resulting value
     |
1985 |                             let _ = !(0 as ::core::ffi::c_int as size_t);
     |                             +++++++

warning: unused comparison that must be used
    --> src/closures.rs:5643:25
     |
5643 |                         ftruncate(execfd, offset as __off_t) != 0 as ::core::ffi::c_int;
     |                         ^^^^^^^^^^^^^^^^^^^^^^^^^^^^^^^^^^^^^^^^^^^^^^^^^^^^^^^^^^^^^^^ the comparison produces a value
     |
help: use `let _ = ...` to ignore the resulting value
     |
5643 |                         let _ = ftruncate(execfd, offset as __off_t) != 0 as ::core::ffi::c_int;
     |                         +++++++

warning: unused comparison that must be used
    --> src/closures.rs:5656:25
     |
5656 |                         ftruncate(execfd, offset as __off_t) != 0 as ::core::ffi::c_int;
     |                         ^^^^^^^^^^^^^^^^^^^^^^^^^^^^^^^^^^^^^^^^^^^^^^^^^^^^^^^^^^^^^^^ the comparison produces a value
     |
help: use `let _ = ...` to ignore the resulting value
     |
5656 |                         let _ = ftruncate(execfd, offset as __off_t) != 0 as ::core::ffi::c_int;
     |                         +++++++

warning: `ffi_prep_closure_loc` redeclared with a different signature
  --> src/prep_cif.rs:4:5
   |
 4 | /     fn ffi_prep_closure_loc(
 5 | |         _: *mut ffi_closure,
 6 | |         _: *mut ffi_cif,
 7 | |         fun: Option<
...  |
16 | |         codeloc: *mut ::core::ffi::c_void,
17 | |     ) -> ffi_status;
   | |____________________^ this signature doesn't match the previous declaration
   |
  ::: src/java_raw_api.rs:2:5
   |
 2 | /     fn ffi_prep_closure_loc(
 3 | |         _: *mut ffi_closure,
 4 | |         _: *mut ffi_cif,
 5 | |         fun: Option<
...  |
14 | |         codeloc: *mut ::core::ffi::c_void,
15 | |     ) -> ffi_status;
   | |____________________- `ffi_prep_closure_loc` previously declared here
   |
   = note: expected `unsafe extern "C" fn(*mut java_raw_api::ffi_closure, *mut java_raw_api::ffi_cif, Option<unsafe extern "C" fn(*mut java_raw_api::ffi_cif, *mut c_void, *mut *mut c_void, *mut c_void)>, *mut c_void, *mut c_void) -> u32`
              found `unsafe extern "C" fn(*mut prep_cif::ffi_closure, *mut prep_cif::ffi_cif, Option<unsafe extern "C" fn(*mut prep_cif::ffi_cif, *mut c_void, *mut *mut c_void, *mut c_void)>, *mut c_void, *mut c_void) -> u32`
   = note: `#[warn(clashing_extern_declarations)]` on by default

warning: `ffi_prep_closure_loc` redeclared with a different signature
  --> src/raw_api.rs:2:5
   |
 2 | /     fn ffi_prep_closure_loc(
 3 | |         _: *mut ffi_closure,
 4 | |         _: *mut ffi_cif,
 5 | |         fun: Option<
...  |
14 | |         codeloc: *mut ::core::ffi::c_void,
15 | |     ) -> ffi_status;
   | |____________________^ this signature doesn't match the previous declaration
   |
  ::: src/java_raw_api.rs:2:5
   |
 2 | /     fn ffi_prep_closure_loc(
 3 | |         _: *mut ffi_closure,
 4 | |         _: *mut ffi_cif,
 5 | |         fun: Option<
...  |
14 | |         codeloc: *mut ::core::ffi::c_void,
15 | |     ) -> ffi_status;
   | |____________________- `ffi_prep_closure_loc` previously declared here
   |
   = note: expected `unsafe extern "C" fn(*mut java_raw_api::ffi_closure, *mut java_raw_api::ffi_cif, Option<unsafe extern "C" fn(*mut java_raw_api::ffi_cif, *mut c_void, *mut *mut c_void, *mut c_void)>, *mut c_void, *mut c_void) -> u32`
              found `unsafe extern "C" fn(*mut raw_api::ffi_closure, *mut raw_api::ffi_cif, Option<unsafe extern "C" fn(*mut raw_api::ffi_cif, *mut c_void, *mut *mut c_void, *mut c_void)>, *mut c_void, *mut c_void) -> u32`

warning: `write` redeclared with a different signature
  --> src/tramp.rs:33:5
   |
33 |     fn write(__fd: ::core::ffi::c_int, __buf: *const ::core::ffi::c_void, __n: size_t) -> ssize_t;
   |     ^^^^^^^^^^^^^^^^^^^^^^^^^^^^^^^^^^^^^^^^^^^^^^^^^^^^^^^^^^^^^^^^^^^^^^^^^^^^^^^^^^^^^^^^^^^^^^ this signature doesn't match the previous declaration
   |
  ::: src/closures.rs:40:5
   |
40 |     fn write(__fd: ::core::ffi::c_int, __buf: *const ::core::ffi::c_void, __n: size_t) -> ssize_t;
   |     ---------------------------------------------------------------------------------------------- `write` previously declared here
   |
   = note: expected `unsafe extern "C" fn(i32, *const c_void, usize) -> isize`
              found `unsafe extern "C" fn(i32, *const c_void, usize) -> i32`

warning: `libffi-c2rust-armv7-gnueabihf` (lib) generated 20 warnings (run `cargo fix --lib -p libffi-c2rust-armv7-gnueabihf` to apply 9 suggestions)
   Compiling libffi-c2rust-armv7-gnueabihf v0.0.0 (/port/result)
    Finished `test` profile [unoptimized + debuginfo] target(s) in 0.22s
     Running tests/e2e.rs (target/armv7-unknown-linux-gnueabihf/debug/deps/e2e-01da3d7426a60d09)

running 1 test

thread 'struct_by_value_3f_test' (494) panicked at tests/e2e.rs:330:9:
unexpected HFA result: (0, 0, 0)
note: run with `RUST_BACKTRACE=1` environment variable to display a backtrace
test struct_by_value_3f_test ... FAILED

failures:

failures:
    struct_by_value_3f_test

test result: FAILED. 0 passed; 1 failed; 0 ignored; 0 measured; 6 filtered out; finished in 0.01s

error: test failed, to rerun pass `--test e2e`
