00002000 T ffi_arm_trampoline
00000000 T ffi_call
00000010 T ffi_call_SYSV
00000000 T ffi_call_VFP
00000000 T ffi_call_go
00000090 T ffi_closure_SYSV
00000148 T ffi_closure_SYSV_alt
000000d8 T ffi_closure_VFP
00000158 T ffi_closure_VFP_alt
00000000 T ffi_closure_alloc
00000000 T ffi_closure_free
00000000 T ffi_closure_inner_SYSV
00000000 T ffi_closure_inner_VFP
00000078 T ffi_go_closure_SYSV
000000c0 T ffi_go_closure_VFP
00000000 T ffi_prep_cif
00000000 T ffi_prep_cif_core
00000000 T ffi_prep_cif_machdep
00000000 T ffi_prep_cif_machdep_var
00000000 T ffi_prep_cif_var
00000000 T ffi_prep_closure_loc
00000000 T ffi_prep_go_closure
00000000 D ffi_type_complex_double
00000000 D ffi_type_complex_float
00000000 D ffi_type_complex_longdouble
00000000 D ffi_type_double
00000000 D ffi_type_float
00000000 D ffi_type_longdouble
00000000 D ffi_type_pointer
00000000 D ffi_type_sint16
00000000 D ffi_type_sint32
00000000 D ffi_type_sint64
00000000 D ffi_type_sint8
00000000 D ffi_type_uint16
00000000 D ffi_type_uint32
00000000 D ffi_type_uint64
00000000 D ffi_type_uint8
00000000 D ffi_type_void
00001000 T trampoline_code_table
