make  all-recursive
make[1]: Entering directory '/work/_work/build'
Making all in include
make[2]: Entering directory '/work/_work/build/include'
make[2]: Nothing to be done for 'all'.
make[2]: Leaving directory '/work/_work/build/include'
Making all in testsuite
make[2]: Entering directory '/work/_work/build/testsuite'
make[2]: Nothing to be done for 'all'.
make[2]: Leaving directory '/work/_work/build/testsuite'
Making all in man
make[2]: Entering directory '/work/_work/build/man'
make[2]: Nothing to be done for 'all'.
make[2]: Leaving directory '/work/_work/build/man'
make[2]: Entering directory '/work/_work/build'
depbase=`echo src/prep_cif.lo | sed 's|[^/]*$|.deps/&|;s|\.lo$||'`;\
/bin/bash ./libtool  --tag=CC   --mode=compile s390x-linux-gnu-gcc -DHAVE_CONFIG_H -I. -I/work/_work/repo/libffi-sys-rs/libffi  -I. -I/work/_work/repo/libffi-sys-rs/libffi/include -Iinclude -I/work/_work/repo/libffi-sys-rs/libffi/src   -Wall -O2 -g -fPIC -fexceptions -MT src/prep_cif.lo -MD -MP -MF $depbase.Tpo -c -o src/prep_cif.lo /work/_work/repo/libffi-sys-rs/libffi/src/prep_cif.c &&\
mv -f $depbase.Tpo $depbase.Plo
depbase=`echo src/types.lo | sed 's|[^/]*$|.deps/&|;s|\.lo$||'`;\
/bin/bash ./libtool  --tag=CC   --mode=compile s390x-linux-gnu-gcc -DHAVE_CONFIG_H -I. -I/work/_work/repo/libffi-sys-rs/libffi  -I. -I/work/_work/repo/libffi-sys-rs/libffi/include -Iinclude -I/work/_work/repo/libffi-sys-rs/libffi/src   -Wall -O2 -g -fPIC -fexceptions -MT src/types.lo -MD -MP -MF $depbase.Tpo -c -o src/types.lo /work/_work/repo/libffi-sys-rs/libffi/src/types.c &&\
mv -f $depbase.Tpo $depbase.Plo
libtool: compile:  s390x-linux-gnu-gcc -DHAVE_CONFIG_H -I. -I/work/_work/repo/libffi-sys-rs/libffi -I. -I/work/_work/repo/libffi-sys-rs/libffi/include -Iinclude -I/work/_work/repo/libffi-sys-rs/libffi/src -Wall -O2 -g -fPIC -fexceptions -MT src/types.lo -MD -MP -MF src/.deps/types.Tpo -c /work/_work/repo/libffi-sys-rs/libffi/src/types.c  -fPIC -DPIC -o src/types.o
libtool: compile:  s390x-linux-gnu-gcc -DHAVE_CONFIG_H -I. -I/work/_work/repo/libffi-sys-rs/libffi -I. -I/work/_work/repo/libffi-sys-rs/libffi/include -Iinclude -I/work/_work/repo/libffi-sys-rs/libffi/src -Wall -O2 -g -fPIC -fexceptions -MT src/prep_cif.lo -MD -MP -MF src/.deps/prep_cif.Tpo -c /work/_work/repo/libffi-sys-rs/libffi/src/prep_cif.c  -fPIC -DPIC -o src/prep_cif.o
depbase=`echo src/raw_api.lo | sed 's|[^/]*$|.deps/&|;s|\.lo$||'`;\
/bin/bash ./libtool  --tag=CC   --mode=compile s390x-linux-gnu-gcc -DHAVE_CONFIG_H -I. -I/work/_work/repo/libffi-sys-rs/libffi  -I. -I/work/_work/repo/libffi-sys-rs/libffi/include -Iinclude -I/work/_work/repo/libffi-sys-rs/libffi/src   -Wall -O2 -g -fPIC -fexceptions -MT src/raw_api.lo -MD -MP -MF $depbase.Tpo -c -o src/raw_api.lo /work/_work/repo/libffi-sys-rs/libffi/src/raw_api.c &&\
mv -f $depbase.Tpo $depbase.Plo
libtool: compile:  s390x-linux-gnu-gcc -DHAVE_CONFIG_H -I. -I/work/_work/repo/libffi-sys-rs/libffi -I. -I/work/_work/repo/libffi-sys-rs/libffi/include -Iinclude -I/work/_work/repo/libffi-sys-rs/libffi/src -Wall -O2 -g -fPIC -fexceptions -MT src/raw_api.lo -MD -MP -MF src/.deps/raw_api.Tpo -c /work/_work/repo/libffi-sys-rs/libffi/src/raw_api.c  -fPIC -DPIC -o src/raw_api.o
depbase=`echo src/java_raw_api.lo | sed 's|[^/]*$|.deps/&|;s|\.lo$||'`;\
/bin/bash ./libtool  --tag=CC   --mode=compile s390x-linux-gnu-gcc -DHAVE_CONFIG_H -I. -I/work/_work/repo/libffi-sys-rs/libffi  -I. -I/work/_work/repo/libffi-sys-rs/libffi/include -Iinclude -I/work/_work/repo/libffi-sys-rs/libffi/src   -Wall -O2 -g -fPIC -fexceptions -MT src/java_raw_api.lo -MD -MP -MF $depbase.Tpo -c -o src/java_raw_api.lo /work/_work/repo/libffi-sys-rs/libffi/src/java_raw_api.c &&\
mv -f $depbase.Tpo $depbase.Plo
libtool: compile:  s390x-linux-gnu-gcc -DHAVE_CONFIG_H -I. -I/work/_work/repo/libffi-sys-rs/libffi -I. -I/work/_work/repo/libffi-sys-rs/libffi/include -Iinclude -I/work/_work/repo/libffi-sys-rs/libffi/src -Wall -O2 -g -fPIC -fexceptions -MT src/java_raw_api.lo -MD -MP -MF src/.deps/java_raw_api.Tpo -c /work/_work/repo/libffi-sys-rs/libffi/src/java_raw_api.c  -fPIC -DPIC -o src/java_raw_api.o
depbase=`echo src/closures.lo | sed 's|[^/]*$|.deps/&|;s|\.lo$||'`;\
/bin/bash ./libtool  --tag=CC   --mode=compile s390x-linux-gnu-gcc -DHAVE_CONFIG_H -I. -I/work/_work/repo/libffi-sys-rs/libffi  -I. -I/work/_work/repo/libffi-sys-rs/libffi/include -Iinclude -I/work/_work/repo/libffi-sys-rs/libffi/src   -Wall -O2 -g -fPIC -fexceptions -MT src/closures.lo -MD -MP -MF $depbase.Tpo -c -o src/closures.lo /work/_work/repo/libffi-sys-rs/libffi/src/closures.c &&\
mv -f $depbase.Tpo $depbase.Plo
/work/_work/repo/libffi-sys-rs/libffi/src/java_raw_api.c: In function 'ffi_java_raw_call':
/work/_work/repo/libffi-sys-rs/libffi/src/java_raw_api.c:317:3: warning: 'ffi_java_raw_to_ptrarray' is deprecated [-Wdeprecated-declarations]
  317 |   ffi_java_raw_to_ptrarray (cif, raw, avalue);
      |   ^~~~~~~~~~~~~~~~~~~~~~~~
/work/_work/repo/libffi-sys-rs/libffi/src/java_raw_api.c:76:1: note: declared here
   76 | ffi_java_raw_to_ptrarray (ffi_cif *cif, ffi_java_raw *raw, void **args)
      | ^~~~~~~~~~~~~~~~~~~~~~~~
/work/_work/repo/libffi-sys-rs/libffi/src/java_raw_api.c: In function 'ffi_java_translate_args':
/work/_work/repo/libffi-sys-rs/libffi/src/java_raw_api.c:328:3: warning: 'ffi_java_raw_size' is deprecated [-Wdeprecated-declarations]
  328 |   ffi_java_raw *raw = (ffi_java_raw*)alloca (ffi_java_raw_size (cif));
      |   ^~~~~~~~~~~~
/work/_work/repo/libffi-sys-rs/libffi/src/java_raw_api.c:45:1: note: declared here
   45 | ffi_java_raw_size (ffi_cif *cif)
      | ^~~~~~~~~~~~~~~~~
/work/_work/repo/libffi-sys-rs/libffi/src/java_raw_api.c:331:3: warning: 'ffi_java_ptrarray_to_raw' is deprecated [-Wdeprecated-declarations]
  331 |   ffi_java_ptrarray_to_raw (cif, avalue, raw);
      |   ^~~~~~~~~~~~~~~~~~~~~~~~
/work/_work/repo/libffi-sys-rs/libffi/src/java_raw_api.c:157:1: note: declared here
  157 | ffi_java_ptrarray_to_raw (ffi_cif *cif, void **args, ffi_java_raw *raw)
      | ^~~~~~~~~~~~~~~~~~~~~~~~
/work/_work/repo/libffi-sys-rs/libffi/src/java_raw_api.c: In function 'ffi_prep_java_raw_closure':
/work/_work/repo/libffi-sys-rs/libffi/src/java_raw_api.c:369:3: warning: 'ffi_prep_java_raw_closure_loc' is deprecated [-Wdeprecated-declarations]
  369 |   return ffi_prep_java_raw_closure_loc (cl, cif, fun, user_data, cl);
      |   ^~~~~~
/work/_work/repo/libffi-sys-rs/libffi/src/java_raw_api.c:337:1: note: declared here
  337 | ffi_prep_java_raw_closure_loc (ffi_java_raw_closure* cl,
      | ^~~~~~~~~~~~~~~~~~~~~~~~~~~~~
libtool: compile:  s390x-linux-gnu-gcc -DHAVE_CONFIG_H -I. -I/work/_work/repo/libffi-sys-rs/libffi -I. -I/work/_work/repo/libffi-sys-rs/libffi/include -Iinclude -I/work/_work/repo/libffi-sys-rs/libffi/src -Wall -O2 -g -fPIC -fexceptions -MT src/closures.lo -MD -MP -MF src/.deps/closures.Tpo -c /work/_work/repo/libffi-sys-rs/libffi/src/closures.c  -fPIC -DPIC -o src/closures.o
depbase=`echo src/tramp.lo | sed 's|[^/]*$|.deps/&|;s|\.lo$||'`;\
/bin/bash ./libtool  --tag=CC   --mode=compile s390x-linux-gnu-gcc -DHAVE_CONFIG_H -I. -I/work/_work/repo/libffi-sys-rs/libffi  -I. -I/work/_work/repo/libffi-sys-rs/libffi/include -Iinclude -I/work/_work/repo/libffi-sys-rs/libffi/src   -Wall -O2 -g -fPIC -fexceptions -MT src/tramp.lo -MD -MP -MF $depbase.Tpo -c -o src/tramp.lo /work/_work/repo/libffi-sys-rs/libffi/src/tramp.c &&\
mv -f $depbase.Tpo $depbase.Plo
libtool: compile:  s390x-linux-gnu-gcc -DHAVE_CONFIG_H -I. -I/work/_work/repo/libffi-sys-rs/libffi -I. -I/work/_work/repo/libffi-sys-rs/libffi/include -Iinclude -I/work/_work/repo/libffi-sys-rs/libffi/src -Wall -O2 -g -fPIC -fexceptions -MT src/tramp.lo -MD -MP -MF src/.deps/tramp.Tpo -c /work/_work/repo/libffi-sys-rs/libffi/src/tramp.c  -fPIC -DPIC -o src/tramp.o
depbase=`echo src/s390/ffi.lo | sed 's|[^/]*$|.deps/&|;s|\.lo$||'`;\
/bin/bash ./libtool  --tag=CC   --mode=compile s390x-linux-gnu-gcc -DHAVE_CONFIG_H -I. -I/work/_work/repo/libffi-sys-rs/libffi  -I. -I/work/_work/repo/libffi-sys-rs/libffi/include -Iinclude -I/work/_work/repo/libffi-sys-rs/libffi/src   -Wall -O2 -g -fPIC -fexceptions -MT src/s390/ffi.lo -MD -MP -MF $depbase.Tpo -c -o src/s390/ffi.lo /work/_work/repo/libffi-sys-rs/libffi/src/s390/ffi.c &&\
mv -f $depbase.Tpo $depbase.Plo
libtool: compile:  s390x-linux-gnu-gcc -DHAVE_CONFIG_H -I. -I/work/_work/repo/libffi-sys-rs/libffi -I. -I/work/_work/repo/libffi-sys-rs/libffi/include -Iinclude -I/work/_work/repo/libffi-sys-rs/libffi/src -Wall -O2 -g -fPIC -fexceptions -MT src/s390/ffi.lo -MD -MP -MF src/s390/.deps/ffi.Tpo -c /work/_work/repo/libffi-sys-rs/libffi/src/s390/ffi.c  -fPIC -DPIC -o src/s390/ffi.o
depbase=`echo src/s390/sysv.lo | sed 's|[^/]*$|.deps/&|;s|\.lo$||'`;\
/bin/bash ./libtool  --tag=CC   --mode=compile s390x-linux-gnu-gcc -DHAVE_CONFIG_H -I. -I/work/_work/repo/libffi-sys-rs/libffi  -I. -I/work/_work/repo/libffi-sys-rs/libffi/include -Iinclude -I/work/_work/repo/libffi-sys-rs/libffi/src  '-I. -I/work/_work/repo/libffi-sys-rs/libffi/include -Iinclude -I/work/_work/repo/libffi-sys-rs/libffi/src' -O2 -g -fPIC -MT src/s390/sysv.lo -MD -MP -MF $depbase.Tpo -c -o src/s390/sysv.lo /work/_work/repo/libffi-sys-rs/libffi/src/s390/sysv.S &&\
mv -f $depbase.Tpo $depbase.Plo
libtool: compile:  s390x-linux-gnu-gcc -DHAVE_CONFIG_H -I. -I/work/_work/repo/libffi-sys-rs/libffi -I. -I/work/_work/repo/libffi-sys-rs/libffi/include -Iinclude -I/work/_work/repo/libffi-sys-rs/libffi/src "-I. -I/work/_work/repo/libffi-sys-rs/libffi/include -Iinclude -I/work/_work/repo/libffi-sys-rs/libffi/src" -O2 -g -fPIC -MT src/s390/sysv.lo -MD -MP -MF src/s390/.deps/sysv.Tpo -c /work/_work/repo/libffi-sys-rs/libffi/src/s390/sysv.S  -fPIC -DPIC -o src/s390/sysv.o
/bin/bash ./libtool  --tag=CC   --mode=link s390x-linux-gnu-gcc  -Wall -O2 -g -fPIC -fexceptions   -o libffi_convenience.la  src/prep_cif.lo src/types.lo src/raw_api.lo src/java_raw_api.lo src/closures.lo src/tramp.lo   src/s390/ffi.lo src/s390/sysv.lo 
/bin/bash ./libtool  --tag=CC   --mode=link s390x-linux-gnu-gcc  -Wall -O2 -g -fPIC -fexceptions -no-undefined -version-info `grep -v '^#' /work/_work/repo/libffi-sys-rs/libffi/libtool-version`     -o libffi.la -rpath /work/_work/install/lib/../lib src/prep_cif.lo src/types.lo src/raw_api.lo src/java_raw_api.lo src/closures.lo src/tramp.lo  src/s390/ffi.lo src/s390/sysv.lo 
libtool: link: s390x-linux-gnu-ar cr .libs/libffi.a  src/prep_cif.o src/types.o src/raw_api.o src/java_raw_api.o src/closures.o src/tramp.o src/s390/ffi.o src/s390/sysv.o
libtool: link: s390x-linux-gnu-ar cr .libs/libffi_convenience.a  src/prep_cif.o src/types.o src/raw_api.o src/java_raw_api.o src/closures.o src/tramp.o src/s390/ffi.o src/s390/sysv.o
libtool: link: s390x-linux-gnu-ranlib .libs/libffi.a
libtool: link: s390x-linux-gnu-ranlib .libs/libffi_convenience.a
libtool: link: ( cd ".libs" && rm -f "libffi.la" && ln -s "../libffi.la" "libffi.la" )
libtool: link: ( cd ".libs" && rm -f "libffi_convenience.la" && ln -s "../libffi_convenience.la" "libffi_convenience.la" )
make[2]: Leaving directory '/work/_work/build'
make[1]: Leaving directory '/work/_work/build'
