Transpiling prep_cif.c
Transpiling types.c
[31merror:[0m Failed to translate ffi_type_complex_float: Unsupported type Complex(CTypeId(113))

[31merror:[0m Failed to translate ffi_type_complex_double: Unsupported type Complex(CTypeId(952))

[31merror:[0m Failed to translate ffi_type_complex_longdouble: Unsupported type Complex(CTypeId(63))

Transpiling raw_api.c
/Users/anaren/Documents/oss/ports/s390x-unknown-linux-gnu/_work/repo/libffi-sys-rs/libffi/src/java_raw_api.c:328:46: warning: 'ffi_java_raw_size' is deprecated [-Wdeprecated-declarations]
  328 |   ffi_java_raw *raw = (ffi_java_raw*)alloca (ffi_java_raw_size (cif));
      |                                              ^
/Users/anaren/Documents/oss/ports/s390x-unknown-linux-gnu/_work/build/include/ffi.h:322:56: note: 'ffi_java_raw_size' has been explicitly marked deprecated here
  322 | size_t ffi_java_raw_size (ffi_cif *cif) __attribute__((deprecated));
      |                                                        ^
/Users/anaren/Documents/oss/ports/s390x-unknown-linux-gnu/_work/repo/libffi-sys-rs/libffi/src/java_raw_api.c:331:3: warning: 'ffi_java_ptrarray_to_raw' is deprecated [-Wdeprecated-declarations]
  331 |   ffi_java_ptrarray_to_raw (cif, avalue, raw);
      |   ^
/Users/anaren/Documents/oss/ports/s390x-unknown-linux-gnu/_work/build/include/ffi.h:318:93: note: 'ffi_java_ptrarray_to_raw' has been explicitly marked deprecated here
  318 | void ffi_java_ptrarray_to_raw (ffi_cif *cif, void **args, ffi_java_raw *raw) __attribute__((deprecated));
      |                                                                                             ^
2 warnings generated.
Transpiling java_raw_api.c
Transpiling closures.c
Transpiling tramp.c
Transpiling ffi.c
[31merror:[0m Failed to translate ffi_call_int: Unimplemented builtin __builtin_frame_address
--> /Users/anaren/Documents/oss/ports/s390x-unknown-linux-gnu/_work/repo/libffi-sys-rs/libffi/src/s390/ffi.c:364:23
--> /Users/anaren/Documents/oss/ports/s390x-unknown-linux-gnu/_work/repo/libffi-sys-rs/libffi/src/s390/ffi.c:364:3

