checking build system type... aarch64-unknown-linux-gnu
checking host system type... s390x-ibm-linux-gnu
checking target system type... s390x-ibm-linux-gnu
checking for gsed... sed
checking for a BSD-compatible install... /usr/bin/install -c
checking whether build environment is sane... yes
checking for s390x-linux-gnu-strip... s390x-linux-gnu-strip
checking for a race-free mkdir -p... /usr/bin/mkdir -p
checking for gawk... no
checking for mawk... mawk
checking whether make sets $(MAKE)... yes
checking whether make supports nested variables... yes
checking for s390x-linux-gnu-gcc... s390x-linux-gnu-gcc
checking whether the C compiler works... yes
checking for C compiler default output file name... a.out
checking for suffix of executables... 
checking whether we are cross compiling... yes
checking for suffix of object files... o
checking whether the compiler supports GNU C... yes
checking whether s390x-linux-gnu-gcc accepts -g... yes
checking for s390x-linux-gnu-gcc option to enable C11 features... none needed
checking whether s390x-linux-gnu-gcc understands -c and -o together... yes
checking whether make supports the include directive... yes (GNU style)
checking dependency style of s390x-linux-gnu-gcc... gcc3
checking for s390x-linux-gnu-g++... no
checking for s390x-linux-gnu-c++... no
checking for s390x-linux-gnu-gpp... no
checking for s390x-linux-gnu-aCC... no
checking for s390x-linux-gnu-CC... no
checking for s390x-linux-gnu-cxx... no
checking for s390x-linux-gnu-cc++... no
checking for s390x-linux-gnu-cl.exe... no
checking for s390x-linux-gnu-FCC... no
checking for s390x-linux-gnu-KCC... no
checking for s390x-linux-gnu-RCC... no
checking for s390x-linux-gnu-xlC_r... no
checking for s390x-linux-gnu-xlC... no
checking for s390x-linux-gnu-clang++... no
checking for g++... no
checking for c++... no
checking for gpp... no
checking for aCC... no
checking for CC... no
checking for cxx... no
checking for cc++... no
checking for cl.exe... no
checking for FCC... no
checking for KCC... no
checking for RCC... no
checking for xlC_r... no
checking for xlC... no
checking for clang++... no
checking whether the compiler supports GNU C++... no
checking whether g++ accepts -g... no
checking for g++ option to enable C++11 features... unsupported
checking for g++ option to enable C++98 features... unsupported
checking dependency style of g++... none
checking dependency style of s390x-linux-gnu-gcc... gcc3
checking for grep that handles long lines and -e... /usr/bin/grep
checking for egrep... /usr/bin/grep -E
checking how to print strings... printf
checking for a sed that does not truncate output... /usr/bin/sed
checking for fgrep... /usr/bin/grep -F
checking for ld used by s390x-linux-gnu-gcc... /usr/s390x-linux-gnu/bin/ld
checking if the linker (/usr/s390x-linux-gnu/bin/ld) is GNU ld... yes
checking for BSD- or MS-compatible name lister (nm)... /usr/bin/s390x-linux-gnu-nm -B
checking the name lister (/usr/bin/s390x-linux-gnu-nm -B) interface... BSD nm
checking whether ln -s works... yes
checking the maximum length of command line arguments... 1572864
checking how to convert aarch64-unknown-linux-gnu file names to s390x-ibm-linux-gnu format... func_convert_file_noop
checking how to convert aarch64-unknown-linux-gnu file names to toolchain format... func_convert_file_noop
checking for /usr/s390x-linux-gnu/bin/ld option to reload object files... -r
checking for s390x-linux-gnu-file... no
checking for file... no
checking for s390x-linux-gnu-objdump... s390x-linux-gnu-objdump
checking how to recognize dependent libraries... pass_all
checking for s390x-linux-gnu-dlltool... no
checking for dlltool... no
checking how to associate runtime and link libraries... printf %s\n
checking for s390x-linux-gnu-ar... s390x-linux-gnu-ar
checking for archiver @FILE support... @
checking for s390x-linux-gnu-strip... (cached) s390x-linux-gnu-strip
checking for s390x-linux-gnu-ranlib... s390x-linux-gnu-ranlib
checking command to parse /usr/bin/s390x-linux-gnu-nm -B output from s390x-linux-gnu-gcc object... ok
checking for sysroot... no
checking for a working dd... /usr/bin/dd
checking how to truncate binary pipes... /usr/bin/dd bs=4096 count=1
checking for s390x-linux-gnu-mt... no
checking for mt... no
checking if : is a manifest tool... no
checking for stdio.h... yes
checking for stdlib.h... yes
checking for string.h... yes
checking for inttypes.h... yes
checking for stdint.h... yes
checking for strings.h... yes
checking for sys/stat.h... yes
checking for sys/types.h... yes
checking for unistd.h... yes
checking for dlfcn.h... yes
checking for objdir... .libs
checking if s390x-linux-gnu-gcc supports -fno-rtti -fno-exceptions... no
checking for s390x-linux-gnu-gcc option to produce PIC... -fPIC -DPIC
checking if s390x-linux-gnu-gcc PIC flag -fPIC -DPIC works... yes
checking if s390x-linux-gnu-gcc static flag -static works... yes
checking if s390x-linux-gnu-gcc supports -c -o file.o... yes
checking if s390x-linux-gnu-gcc supports -c -o file.o... (cached) yes
checking whether the s390x-linux-gnu-gcc linker (/usr/s390x-linux-gnu/bin/ld) supports shared libraries... yes
checking dynamic linker characteristics... GNU/Linux ld.so
checking how to hardcode library paths into programs... immediate
checking whether stripping libraries is possible... yes
checking if libtool supports shared libraries... yes
checking whether to build shared libraries... no
checking whether to build static libraries... yes
checking for s390x-linux-gnu-readelf... s390x-linux-gnu-readelf
checking size of size_t... 8
checking for C compiler vendor... gnu
checking CFLAGS for most reasonable warnings... -Wall
checking whether to enable maintainer-specific portions of Makefiles... no
checking for sys/memfd.h... no
checking for memfd_create... yes
checking for memcpy... yes
checking for alloca.h... yes
checking size of double... 8
checking size of long double... 16
checking for __int128_t... yes
checking whether byte ordering is bigendian... yes
checking assembler .cfi pseudo-op support... yes
checking compiler uses zarch features... yes
checking whether compiler supports pointer authentication... no
checking for _ prefix in compiled symbols... no
checking whether the C compiler accepts -fno-lto... yes
checking whether .eh_frame section should be read-only... yes
checking for __attribute__((visibility("hidden")))... yes
configure: versioning on shared library symbols is no
checking that generated files are newer than configure... done
configure: creating ./config.status
config.status: creating include/Makefile
config.status: creating include/ffi.h
config.status: creating Makefile
config.status: creating testsuite/Makefile
config.status: creating man/Makefile
config.status: creating doc/Makefile
config.status: creating libffi.pc
config.status: creating fficonfig.h
config.status: executing buildir commands
config.status: skipping top_srcdir/Makefile - not created
config.status: executing depfiles commands
config.status: executing libtool commands
config.status: executing include commands
config.status: executing src commands
