
prep_cif.o:
0000000000000350 T ffi_get_struct_offsets
0000000000000230 T ffi_prep_cif
0000000000000200 T ffi_prep_cif_core
0000000000000260 T ffi_prep_cif_var
0000000000000330 T ffi_prep_closure

types.o:
0000000000000030 T ffi_get_closure_size
0000000000000020 T ffi_get_default_abi
0000000000000000 T ffi_get_version
0000000000000010 T ffi_get_version_number
0000000000000018 D ffi_type_complex_double
0000000000000030 D ffi_type_complex_float
0000000000000000 D ffi_type_complex_longdouble
0000000000000048 R ffi_type_double
0000000000000060 R ffi_type_float
0000000000000030 R ffi_type_longdouble
0000000000000078 R ffi_type_pointer
0000000000000000 R ffi_type_sint128
00000000000000f0 R ffi_type_sint16
00000000000000c0 R ffi_type_sint32
0000000000000090 R ffi_type_sint64
0000000000000120 R ffi_type_sint8
0000000000000018 R ffi_type_uint128
0000000000000108 R ffi_type_uint16
00000000000000d8 R ffi_type_uint32
00000000000000a8 R ffi_type_uint64
0000000000000138 R ffi_type_uint8
0000000000000150 R ffi_type_void

raw_api.o:
0000000000000470 T ffi_prep_raw_closure
0000000000000420 T ffi_prep_raw_closure_loc
0000000000000140 T ffi_ptrarray_to_raw
0000000000000360 T ffi_raw_call
0000000000000000 T ffi_raw_size
0000000000000060 T ffi_raw_to_ptrarray

java_raw_api.o:
0000000000000160 T ffi_java_ptrarray_to_raw
00000000000003c0 T ffi_java_raw_call
0000000000000000 T ffi_java_raw_size
0000000000000080 T ffi_java_raw_to_ptrarray
0000000000000520 T ffi_prep_java_raw_closure
00000000000004d0 T ffi_prep_java_raw_closure_loc

closures.o:
0000000000002350 T dlbulk_free
0000000000002510 T dlmalloc_footprint_limit
0000000000002530 T dlmalloc_set_footprint_limit
0000000000004580 T dlposix_memalign
0000000000001d30 T dlrealloc_in_place
0000000000004890 T ffi_closure_alloc
00000000000049e0 T ffi_closure_free
0000000000004960 T ffi_data_to_code_pointer
0000000000004a30 T ffi_tramp_is_present
0000000000002560 T open_temp_exec_file

tramp.o:
0000000000000620 T ffi_tramp_alloc
00000000000007d0 T ffi_tramp_free
0000000000000790 T ffi_tramp_get_addr
00000000000005e0 T ffi_tramp_is_supported
0000000000000740 T ffi_tramp_set_parms

ffi.o:
0000000000000780 T ffi_call
00000000000007a0 T ffi_call_go
00000000000007c0 T ffi_closure_helper_SYSV
0000000000000590 T ffi_prep_cif_machdep
0000000000000be0 T ffi_prep_closure_loc
0000000000000c90 T ffi_prep_go_closure
0000000000000cd0 T ffi_tramp_arch

sysv.o:
0000000000000000 T ffi_call_SYSV
00000000000000b0 T ffi_closure_SYSV
0000000000000090 T ffi_go_closure_SYSV
0000000000001000 T trampoline_code_table
