    Updating crates.io index
 Downloading crates ...
  Downloaded c2rust v0.22.1
  Installing c2rust v0.22.1
    Updating crates.io index
warning: package `hermit-abi v0.3.1` in Cargo.lock is yanked in registry `crates-io`, consider running without --locked
warning: package `pest v2.6.0` in Cargo.lock is yanked in registry `crates-io`, consider running without --locked
warning: package `pest_derive v2.6.0` in Cargo.lock is yanked in registry `crates-io`, consider running without --locked
warning: package `pest_generator v2.6.0` in Cargo.lock is yanked in registry `crates-io`, consider running without --locked
warning: package `pest_meta v2.6.0` in Cargo.lock is yanked in registry `crates-io`, consider running without --locked
    Updating crates.io index
 Downloading crates ...
  Downloaded anyhow v1.0.75
  Downloaded adler v1.0.2
  Downloaded addr2line v0.19.0
  Downloaded aho-corasick v1.0.1
  Downloaded arc-swap v1.6.0
  Downloaded block-buffer v0.10.4
  Downloaded atty v0.2.14
  Downloaded autocfg v1.1.0
  Downloaded c2rust-ast-printer v0.22.1
  Downloaded c2rust-ast-builder v0.22.1
  Downloaded c2rust-bitfields v0.22.1
  Downloaded c2rust-bitfields-derive v0.22.1
  Downloaded c2rust-build-paths v0.22.1
  Downloaded bitflags v1.3.2
  Downloaded c2rust-ast-exporter v0.22.1
  Downloaded bitflags v2.9.1
  Downloaded backtrace v0.3.67
  Downloaded half v1.8.2
  Downloaded heck v0.4.1
  Downloaded pest_meta v2.6.0
  Downloaded proc-macro-error v1.0.4
  Downloaded version_check v0.9.4
  Downloaded which v4.4.0
  Downloaded sha2 v0.10.8
  Downloaded unicode-xid v0.2.4
  Downloaded clap_lex v0.2.4
  Downloaded cpufeatures v0.2.17
  Downloaded crypto-common v0.1.6
  Downloaded humantime v2.1.0
  Downloaded is-terminal v0.4.7
  Downloaded is_executable v1.0.1
  Downloaded lazy_static v1.4.0
  Downloaded lazycell v1.3.0
  Downloaded libloading v0.7.4
  Downloaded pathdiff v0.2.1
  Downloaded proc-macro-error-attr v1.0.4
  Downloaded itoa v1.0.6
  Downloaded linked-hash-map v0.5.6
  Downloaded rustc-hash v1.1.0
  Downloaded tempfile v3.20.0
  Downloaded termcolor v1.2.0
  Downloaded thiserror v1.0.40
  Downloaded thiserror-impl v1.0.40
  Downloaded either v1.8.1
  Downloaded generic-array v0.14.7
  Downloaded synstructure v0.12.6
  Downloaded typenum v1.16.0
  Downloaded yaml-rust v0.4.5
  Downloaded serde_bencode v0.2.3
  Downloaded textwrap v0.16.0
  Downloaded cfg-if v1.0.0
  Downloaded strum v0.24.1
  Downloaded failure_derive v0.1.8
  Downloaded print_bytes v1.2.0
  Downloaded strsim v0.10.0
  Downloaded clap_derive v3.2.25
  Downloaded digest v0.10.7
  Downloaded dtoa v1.0.6
  Downloaded errno v0.3.13
  Downloaded fastrand v2.3.0
  Downloaded log-reroute v0.1.8
  Downloaded serde_bytes v0.11.9
  Downloaded unicode-ident v1.0.22
  Downloaded log v0.4.17
  Downloaded pest_derive v2.6.0
  Downloaded cexpr v0.6.0
  Downloaded colored v1.9.3
  Downloaded rustc-demangle v0.1.23
  Downloaded quote v1.0.40
  Downloaded glob v0.3.1
  Downloaded pest_generator v2.6.0
  Downloaded rustversion v1.0.12
  Downloaded shlex v1.3.0
  Downloaded strum_macros v0.24.3
  Downloaded cmake v0.1.50
  Downloaded io-lifetimes v1.0.10
  Downloaded os_str_bytes v6.5.0
  Downloaded serde_cbor v0.11.2
  Downloaded ucd-trie v0.1.5
  Downloaded bindgen v0.69.5
  Downloaded clang-sys v1.6.1
  Downloaded env_logger v0.10.0
  Downloaded handlebars v4.3.7
  Downloaded colored v2.0.0
  Downloaded indexmap v1.9.3
  Downloaded once_cell v1.21.2
  Downloaded serde_derive v1.0.219
  Downloaded failure v0.1.8
  Downloaded miniz_oxide v0.6.2
  Downloaded ryu v1.0.13
  Downloaded smallvec v1.15.1
  Downloaded cc v1.0.79
  Downloaded getrandom v0.3.3
  Downloaded memchr v2.5.0
  Downloaded serde v1.0.219
  Downloaded prettyplease v0.2.32
  Downloaded minimal-lexical v0.2.1
  Downloaded proc-macro2 v1.0.103
  Downloaded nom v7.1.3
  Downloaded pest v2.6.0
  Downloaded hashbrown v0.12.3
  Downloaded itertools v0.10.5
  Downloaded serde_json v1.0.96
  Downloaded clap v3.2.25
  Downloaded object v0.30.3
  Downloaded syn v1.0.109
  Downloaded c2rust-transpile v0.22.1
  Downloaded regex v1.8.1
  Downloaded fern v0.6.2
  Downloaded rustix v0.37.25
  Downloaded regex-syntax v0.7.1
  Downloaded syn v2.0.106
  Downloaded rustix v1.0.7
  Downloaded gimli v0.27.2
  Downloaded libc v0.2.174
  Downloaded linux-raw-sys v0.3.7
  Downloaded linux-raw-sys v0.9.4
   Compiling proc-macro2 v1.0.103
   Compiling unicode-ident v1.0.22
   Compiling libc v0.2.174
   Compiling memchr v2.5.0
   Compiling log v0.4.17
   Compiling quote v1.0.40
   Compiling syn v2.0.106
   Compiling io-lifetimes v1.0.10
   Compiling rustix v0.37.25
   Compiling serde v1.0.219
   Compiling cfg-if v1.0.0
   Compiling thiserror v1.0.40
   Compiling syn v1.0.109
   Compiling thiserror-impl v1.0.40
   Compiling cc v1.0.79
   Compiling glob v0.3.1
   Compiling clang-sys v1.6.1
   Compiling version_check v0.9.4
   Compiling prettyplease v0.2.32
   Compiling aho-corasick v1.0.1
   Compiling regex-syntax v0.7.1
   Compiling bitflags v1.3.2
   Compiling either v1.8.1
   Compiling minimal-lexical v0.2.1
   Compiling linux-raw-sys v0.3.7
   Compiling nom v7.1.3
   Compiling regex v1.8.1
   Compiling libloading v0.7.4
   Compiling bindgen v0.69.5
   Compiling ucd-trie v0.1.5
   Compiling pest v2.6.0
   Compiling cexpr v0.6.0
   Compiling is-terminal v0.4.7
   Compiling itertools v0.10.5
   Compiling which v4.4.0
   Compiling proc-macro-error-attr v1.0.4
   Compiling atty v0.2.14
   Compiling bitflags v2.9.1
   Compiling shlex v1.3.0
   Compiling lazycell v1.3.0
   Compiling autocfg v1.1.0
   Compiling once_cell v1.21.2
   Compiling lazy_static v1.4.0
   Compiling termcolor v1.2.0
   Compiling humantime v2.1.0
   Compiling rustc-hash v1.1.0
   Compiling print_bytes v1.2.0
   Compiling c2rust-build-paths v0.22.1
   Compiling env_logger v0.10.0
   Compiling indexmap v1.9.3
   Compiling pest_meta v2.6.0
   Compiling proc-macro-error v1.0.4
   Compiling backtrace v0.3.67
   Compiling cmake v0.1.50
   Compiling heck v0.4.1
   Compiling failure_derive v0.1.8
   Compiling rustix v1.0.7
   Compiling adler v1.0.2
   Compiling getrandom v0.3.3
   Compiling unicode-xid v0.2.4
   Compiling rustversion v1.0.12
   Compiling gimli v0.27.2
   Compiling serde_json v1.0.96
   Compiling addr2line v0.19.0
   Compiling synstructure v0.12.6
   Compiling miniz_oxide v0.6.2
   Compiling c2rust-ast-exporter v0.22.1
   Compiling pest_generator v2.6.0
   Compiling object v0.30.3
   Compiling serde_bytes v0.11.9
   Compiling rustc-demangle v0.1.23
   Compiling half v1.8.2
   Compiling itoa v1.0.6
   Compiling hashbrown v0.12.3
   Compiling ryu v1.0.13
   Compiling linux-raw-sys v0.9.4
   Compiling serde_cbor v0.11.2
   Compiling pest_derive v2.6.0
   Compiling colored v1.9.3
   Compiling c2rust-bitfields-derive v0.22.1
   Compiling arc-swap v1.6.0
   Compiling anyhow v1.0.75
   Compiling linked-hash-map v0.5.6
   Compiling fastrand v2.3.0
   Compiling os_str_bytes v6.5.0
   Compiling clap_lex v0.2.4
   Compiling tempfile v3.20.0
   Compiling yaml-rust v0.4.5
   Compiling log-reroute v0.1.8
   Compiling c2rust-bitfields v0.22.1
   Compiling fern v0.6.2
   Compiling strum_macros v0.24.3
   Compiling c2rust-ast-printer v0.22.1
   Compiling failure v0.1.8
   Compiling clap_derive v3.2.25
   Compiling handlebars v4.3.7
   Compiling c2rust-ast-builder v0.22.1
   Compiling serde_bencode v0.2.3
   Compiling colored v2.0.0
   Compiling serde_derive v1.0.219
   Compiling strum v0.24.1
   Compiling pathdiff v0.2.1
   Compiling textwrap v0.16.0
   Compiling strsim v0.10.0
   Compiling smallvec v1.15.1
   Compiling dtoa v1.0.6
   Compiling clap v3.2.25
   Compiling c2rust-transpile v0.22.1
   Compiling is_executable v1.0.1
   Compiling c2rust v0.22.1
    Finished `release` profile [optimized] target(s) in 4m 06s
  Installing /home/ubuntu/.cargo/bin/c2rust
  Installing /home/ubuntu/.cargo/bin/c2rust-transpile
   Installed package `c2rust v0.22.1` (executables `c2rust`, `c2rust-transpile`)
