+ arm-linux-musleabihf-gcc -DHAVE_CONFIG_H -Iprovenance/configured -Iprovenance/configured/include -Iprovenance/configured/src -Iprovenance/configured/src/arm -Wall -O2 -g0 -fPIC -march=armv7-a -mfloat-abi=hard -mfpu=vfpv3-d16 -fexceptions -c provenance/c-src/prep_cif.c -o build/provenance_c-src_prep_cif.o
+ arm-linux-musleabihf-gcc -DHAVE_CONFIG_H -Iprovenance/configured -Iprovenance/configured/include -Iprovenance/configured/src -Iprovenance/configured/src/arm -Wall -O2 -g0 -fPIC -march=armv7-a -mfloat-abi=hard -mfpu=vfpv3-d16 -fexceptions -c provenance/c-src/types.c -o build/provenance_c-src_types.o
+ arm-linux-musleabihf-gcc -DHAVE_CONFIG_H -Iprovenance/configured -Iprovenance/configured/include -Iprovenance/configured/src -Iprovenance/configured/src/arm -Wall -O2 -g0 -fPIC -march=armv7-a -mfloat-abi=hard -mfpu=vfpv3-d16 -fexceptions -c provenance/c-src/java_raw_api.c -o build/provenance_c-src_java_raw_api.o
provenance/c-src/java_raw_api.c: In function ‘ffi_java_raw_call’:
provenance/c-src/java_raw_api.c:317:3: warning: ‘ffi_java_raw_to_ptrarray’ is deprecated [-Wdeprecated-declarations]
  317 |   ffi_java_raw_to_ptrarray (cif, raw, avalue);
      |   ^~~~~~~~~~~~~~~~~~~~~~~~
provenance/c-src/java_raw_api.c:76:1: note: declared here
   76 | ffi_java_raw_to_ptrarray (ffi_cif *cif, ffi_java_raw *raw, void **args)
      | ^~~~~~~~~~~~~~~~~~~~~~~~
provenance/c-src/java_raw_api.c: In function ‘ffi_java_translate_args’:
provenance/c-src/java_raw_api.c:328:3: warning: ‘ffi_java_raw_size’ is deprecated [-Wdeprecated-declarations]
  328 |   ffi_java_raw *raw = (ffi_java_raw*)alloca (ffi_java_raw_size (cif));
      |   ^~~~~~~~~~~~
provenance/c-src/java_raw_api.c:45:1: note: declared here
   45 | ffi_java_raw_size (ffi_cif *cif)
      | ^~~~~~~~~~~~~~~~~
provenance/c-src/java_raw_api.c:331:3: warning: ‘ffi_java_ptrarray_to_raw’ is deprecated [-Wdeprecated-declarations]
  331 |   ffi_java_ptrarray_to_raw (cif, avalue, raw);
      |   ^~~~~~~~~~~~~~~~~~~~~~~~
provenance/c-src/java_raw_api.c:157:1: note: declared here
  157 | ffi_java_ptrarray_to_raw (ffi_cif *cif, void **args, ffi_java_raw *raw)
      | ^~~~~~~~~~~~~~~~~~~~~~~~
provenance/c-src/java_raw_api.c: In function ‘ffi_prep_java_raw_closure’:
provenance/c-src/java_raw_api.c:369:3: warning: ‘ffi_prep_java_raw_closure_loc’ is deprecated [-Wdeprecated-declarations]
  369 |   return ffi_prep_java_raw_closure_loc (cl, cif, fun, user_data, cl);
      |   ^~~~~~
provenance/c-src/java_raw_api.c:337:1: note: declared here
  337 | ffi_prep_java_raw_closure_loc (ffi_java_raw_closure* cl,
      | ^~~~~~~~~~~~~~~~~~~~~~~~~~~~~
+ arm-linux-musleabihf-gcc -DHAVE_CONFIG_H -Iprovenance/configured -Iprovenance/configured/include -Iprovenance/configured/src -Iprovenance/configured/src/arm -Wall -O2 -g0 -fPIC -march=armv7-a -mfloat-abi=hard -mfpu=vfpv3-d16 -fexceptions -c provenance/c-src/raw_api.c -o build/provenance_c-src_raw_api.o
+ arm-linux-musleabihf-gcc -DHAVE_CONFIG_H -Iprovenance/configured -Iprovenance/configured/include -Iprovenance/configured/src -Iprovenance/configured/src/arm -Wall -O2 -g0 -fPIC -march=armv7-a -mfloat-abi=hard -mfpu=vfpv3-d16 -fexceptions -c provenance/c-src/closures.c -o build/provenance_c-src_closures.o
+ arm-linux-musleabihf-gcc -DHAVE_CONFIG_H -Iprovenance/configured -Iprovenance/configured/include -Iprovenance/configured/src -Iprovenance/configured/src/arm -Wall -O2 -g0 -fPIC -march=armv7-a -mfloat-abi=hard -mfpu=vfpv3-d16 -fexceptions -c provenance/c-src/tramp.c -o build/provenance_c-src_tramp.o
+ arm-linux-musleabihf-gcc -DHAVE_CONFIG_H -Iprovenance/configured -Iprovenance/configured/include -Iprovenance/configured/src -Iprovenance/configured/src/arm -Wall -O2 -g0 -fPIC -march=armv7-a -mfloat-abi=hard -mfpu=vfpv3-d16 -fexceptions -c provenance/c-src/arm/ffi.c -o build/provenance_c-src_arm_ffi.o
+ arm-linux-musleabihf-gcc -DHAVE_CONFIG_H -Iprovenance/configured -Iprovenance/configured/include -Iprovenance/configured/src -Iprovenance/configured/src/arm -Wall -O2 -g0 -fPIC -march=armv7-a -mfloat-abi=hard -mfpu=vfpv3-d16 -fexceptions -c asm/arm/sysv.S -o build/asm_arm_sysv.o
build/asm_arm_sysv.o:                  ELF 32-bit LSB relocatable, ARM, EABI5 version 1 (SYSV), not stripped
build/provenance_c-src_arm_ffi.o:      ELF 32-bit LSB relocatable, ARM, EABI5 version 1 (SYSV), not stripped
build/provenance_c-src_closures.o:     ELF 32-bit LSB relocatable, ARM, EABI5 version 1 (SYSV), not stripped
build/provenance_c-src_java_raw_api.o: ELF 32-bit LSB relocatable, ARM, EABI5 version 1 (SYSV), not stripped
build/provenance_c-src_prep_cif.o:     ELF 32-bit LSB relocatable, ARM, EABI5 version 1 (SYSV), not stripped
build/provenance_c-src_raw_api.o:      ELF 32-bit LSB relocatable, ARM, EABI5 version 1 (SYSV), not stripped
build/provenance_c-src_tramp.o:        ELF 32-bit LSB relocatable, ARM, EABI5 version 1 (SYSV), not stripped
build/provenance_c-src_types.o:        ELF 32-bit LSB relocatable, ARM, EABI5 version 1 (SYSV), not stripped
