HEAD 893bd63954735468305c83ddd56718e3863fdacd
893bd63 (HEAD, origin/rrir, rrir) minor fixes
1f3108f test
8e43bdf start on cleanup
25ac199 fix compile
23efc98 initial c2rust
a647fd7 (origin/master, origin/HEAD) setup some miri testing
533274e support struct offset retrieval
078cd68 fix complex feature

Recent rrir changes:
893bd63 minor fixes
 libffi/lib.rs              |   1 -
 libffi/rust-toolchain.toml |   3 +-
 libffi/tests/e2e.rs        | 286 +++++++++++++++++++++++++++++++++++++++++----
 3 files changed, 265 insertions(+), 25 deletions(-)
1f3108f test
 libffi/tests/e2e.rs | 70 +++++++++++++++++++++++++++++++++++++++++++++++++++++
 1 file changed, 70 insertions(+)
8e43bdf start on cleanup
 libffi/src/aarch64/ffi.rs | 618 +++++++++++++++++++++++-----------------------
 1 file changed, 310 insertions(+), 308 deletions(-)
25ac199 fix compile
 libffi/Cargo.toml              |   4 +-
 libffi/asm/aarch64/internal.h  | 146 +++++++++
 libffi/asm/aarch64/sysv.S      | 730 +++++++++++++++++++++++++++++++++++++++++
 libffi/asm/include/ffi.h       | 548 +++++++++++++++++++++++++++++++
 libffi/asm/include/ffi_cfi.h   |  78 +++++
 libffi/asm/include/fficonfig.h | 192 +++++++++++
 libffi/asm/include/ffitarget.h |  99 ++++++
 libffi/build.rs                |  23 +-
 libffi/lib.rs                  |   3 -
 libffi/src/aarch64/ffi.rs      |  18 +-
 libffi/src/types.rs            |  43 ++-
 11 files changed, 1858 insertions(+), 26 deletions(-)

86857797088fc2ee906ec858c74cf144050ed115d089d9501e3302c442c8903c  libffi/build.rs
2c67f8576780f5aec42f530ae732f91607c6bab26ec07f5ca035852ada97dfce  libffi-sys-rs/build/build.rs
3169bee593e6b785327d119b7c7e9aa2b3fe7fdb4f4bcd7570aa55df73ac5abd  libffi-sys-rs/build/common.rs
b7ae23acf01ec1398bc8eb88f2a9f743e3d1b8462cd2a70ec7a876781d234328  libffi-sys-rs/build/msvc.rs
86d31e750676ce779edb44f7e51c253dff1b7ee33fa4dc305576f5cf1b5feeb1  libffi-sys-rs/build/not_msvc.rs
