+ echo SELF_CONTAINMENT_CHECK_BEGIN
SELF_CONTAINMENT_CHECK_BEGIN
+ grep -R -n -E '/home/ubuntu|/tmp/|rustc-link-lib.*ffi|-lffi' Cargo.toml Cargo.lock build.rs lib.rs rust-toolchain.toml compile_commands.json src tests asm
+ echo no_absolute_or_system_libffi_dependency_in_build_inputs
no_absolute_or_system_libffi_dependency_in_build_inputs
+ mv /home/ubuntu/libffi-rs /home/ubuntu/libffi-rs.validation-hidden
+ mv /home/ubuntu/work /home/ubuntu/work.validation-hidden
+ trap 'mv ~/libffi-rs.validation-hidden ~/libffi-rs 2>/dev/null || true; mv ~/work.validation-hidden ~/work 2>/dev/null || true' EXIT
+ cargo clean
     Removed 206 files, 119.9MiB total
+ cargo test --target x86_64-unknown-linux-gnu -- --test-threads=1
   Compiling shlex v2.0.1
   Compiling find-msvc-tools v0.1.10
   Compiling cc v1.4.2
   Compiling libffi-c2rust-x86-64-gnu v0.0.0 (/home/ubuntu/port)
warning: unused variable: `flags`
   --> src/closures.rs:952:5
    |
952 |     mut flags: ::core::ffi::c_int,
    |     ^^^^^^^^^ help: if this is intentional, prefix it with an underscore: `_flags`
    |
    = note: `#[warn(unused_variables)]` (part of `#[warn(unused)]`) on by default

warning: variable `nfences` is assigned to, but never used
    --> src/closures.rs:1449:9
     |
1449 |     let mut nfences: ::core::ffi::c_int = 0 as ::core::ffi::c_int;
     |         ^^^^^^^^^^^
     |
     = note: consider using `_nfences` instead

warning: unused variable: `flags`
    --> src/closures.rs:5309:5
     |
5309 |     mut flags: ::core::ffi::c_int,
     |     ^^^^^^^^^ help: if this is intentional, prefix it with an underscore: `_flags`

warning: unused variable: `cif`
   --> src/java_raw_api.rs:280:5
    |
280 |     mut cif: *mut ffi_cif,
    |     ^^^^^^^ help: if this is intentional, prefix it with an underscore: `_cif`

warning: unused variable: `rvalue`
   --> src/java_raw_api.rs:281:5
    |
281 |     mut rvalue: *mut ::core::ffi::c_void,
    |     ^^^^^^^^^^ help: if this is intentional, prefix it with an underscore: `_rvalue`

warning: unused variable: `cif`
   --> src/java_raw_api.rs:285:5
    |
285 |     mut cif: *mut ffi_cif,
    |     ^^^^^^^ help: if this is intentional, prefix it with an underscore: `_cif`

warning: unused variable: `rvalue`
   --> src/java_raw_api.rs:286:5
    |
286 |     mut rvalue: *mut ::core::ffi::c_void,
    |     ^^^^^^^^^^ help: if this is intentional, prefix it with an underscore: `_rvalue`

warning: unused variable: `isvariadic`
   --> src/prep_cif.rs:138:5
    |
138 |     mut isvariadic: ::core::ffi::c_uint,
    |     ^^^^^^^^^^^^^^ help: if this is intentional, prefix it with an underscore: `_isvariadic`

warning: unused variable: `nfixedargs`
   --> src/prep_cif.rs:139:5
    |
139 |     mut nfixedargs: ::core::ffi::c_uint,
    |     ^^^^^^^^^^^^^^ help: if this is intentional, prefix it with an underscore: `_nfixedargs`

warning: unused variable: `codeloc`
   --> src/x86/ffiw64.rs:323:5
    |
323 |     mut codeloc: *mut ::core::ffi::c_void,
    |     ^^^^^^^^^^^ help: if this is intentional, prefix it with an underscore: `_codeloc`

warning: unused unary operation that must be used
    --> src/closures.rs:1981:29
     |
1981 | ...                   !(0 as ::core::ffi::c_int as size_t);
     |                       ^^^^^^^^^^^^^^^^^^^^^^^^^^^^^^^^^^^^ the unary operation produces a value
     |
     = note: `#[warn(unused_must_use)]` (part of `#[warn(unused)]`) on by default
help: use `let _ = ...` to ignore the resulting value
     |
1981 |                             let _ = !(0 as ::core::ffi::c_int as size_t);
     |                             +++++++

warning: unused comparison that must be used
    --> src/closures.rs:5626:25
     |
5626 |                         ftruncate(execfd, offset as __off_t) != 0 as ::core::ffi::c_int;
     |                         ^^^^^^^^^^^^^^^^^^^^^^^^^^^^^^^^^^^^^^^^^^^^^^^^^^^^^^^^^^^^^^^ the comparison produces a value
     |
help: use `let _ = ...` to ignore the resulting value
     |
5626 |                         let _ = ftruncate(execfd, offset as __off_t) != 0 as ::core::ffi::c_int;
     |                         +++++++

warning: unused comparison that must be used
    --> src/closures.rs:5639:25
     |
5639 |                         ftruncate(execfd, offset as __off_t) != 0 as ::core::ffi::c_int;
     |                         ^^^^^^^^^^^^^^^^^^^^^^^^^^^^^^^^^^^^^^^^^^^^^^^^^^^^^^^^^^^^^^^ the comparison produces a value
     |
help: use `let _ = ...` to ignore the resulting value
     |
5639 |                         let _ = ftruncate(execfd, offset as __off_t) != 0 as ::core::ffi::c_int;
     |                         +++++++

warning: function pointer comparisons do not produce meaningful results since their addresses are not guaranteed to be unique
    --> src/x86/ffi64.rs:1109:12
     |
1109 |         if dest == Some(ffi_closure_unix64_sse as unsafe extern "C" fn() -> ()) {
     |            ^^^^^^^^^^^^^^^^^^^^^^^^^^^^^^^^^^^^^^^^^^^^^^^^^^^^^^^^^^^^^^^^^^^^
     |
     = note: the address of the same function can vary between different codegen units
     = note: furthermore, different functions could have the same address after being merged together
     = note: for more information visit <https://doc.rust-lang.org/nightly/core/ptr/fn.fn_addr_eq.html>
     = note: `#[warn(unpredictable_function_pointer_comparisons)]` on by default

warning: `ffi_prep_closure_loc` redeclared with a different signature
  --> src/prep_cif.rs:4:5
   |
 4 | /     fn ffi_prep_closure_loc(
 5 | |         _: *mut ffi_closure,
 6 | |         _: *mut ffi_cif,
 7 | |         fun: Option<
...  |
16 | |         codeloc: *mut ::core::ffi::c_void,
17 | |     ) -> ffi_status;
   | |____________________^ this signature doesn't match the previous declaration
   |
  ::: src/java_raw_api.rs:2:5
   |
 2 | /     fn ffi_prep_closure_loc(
 3 | |         _: *mut ffi_closure,
 4 | |         _: *mut ffi_cif,
 5 | |         fun: Option<
...  |
14 | |         codeloc: *mut ::core::ffi::c_void,
15 | |     ) -> ffi_status;
   | |____________________- `ffi_prep_closure_loc` previously declared here
   |
   = note: expected `unsafe extern "C" fn(*mut java_raw_api::ffi_closure, *mut java_raw_api::ffi_cif, Option<unsafe extern "C" fn(*mut java_raw_api::ffi_cif, *mut c_void, *mut *mut c_void, *mut c_void)>, *mut c_void, *mut c_void) -> u32`
              found `unsafe extern "C" fn(*mut prep_cif::ffi_closure, *mut prep_cif::ffi_cif, Option<unsafe extern "C" fn(*mut prep_cif::ffi_cif, *mut c_void, *mut *mut c_void, *mut c_void)>, *mut c_void, *mut c_void) -> u32`
   = note: `#[warn(clashing_extern_declarations)]` on by default

warning: `ffi_prep_closure_loc` redeclared with a different signature
  --> src/raw_api.rs:2:5
   |
 2 | /     fn ffi_prep_closure_loc(
 3 | |         _: *mut ffi_closure,
 4 | |         _: *mut ffi_cif,
 5 | |         fun: Option<
...  |
14 | |         codeloc: *mut ::core::ffi::c_void,
15 | |     ) -> ffi_status;
   | |____________________^ this signature doesn't match the previous declaration
   |
  ::: src/java_raw_api.rs:2:5
   |
 2 | /     fn ffi_prep_closure_loc(
 3 | |         _: *mut ffi_closure,
 4 | |         _: *mut ffi_cif,
 5 | |         fun: Option<
...  |
14 | |         codeloc: *mut ::core::ffi::c_void,
15 | |     ) -> ffi_status;
   | |____________________- `ffi_prep_closure_loc` previously declared here
   |
   = note: expected `unsafe extern "C" fn(*mut java_raw_api::ffi_closure, *mut java_raw_api::ffi_cif, Option<unsafe extern "C" fn(*mut java_raw_api::ffi_cif, *mut c_void, *mut *mut c_void, *mut c_void)>, *mut c_void, *mut c_void) -> u32`
              found `unsafe extern "C" fn(*mut raw_api::ffi_closure, *mut raw_api::ffi_cif, Option<unsafe extern "C" fn(*mut raw_api::ffi_cif, *mut c_void, *mut *mut c_void, *mut c_void)>, *mut c_void, *mut c_void) -> u32`

warning: `write` redeclared with a different signature
  --> src/tramp.rs:38:5
   |
38 |     fn write(__fd: ::core::ffi::c_int, __buf: *const ::core::ffi::c_void, __n: size_t) -> ssize_t;
   |     ^^^^^^^^^^^^^^^^^^^^^^^^^^^^^^^^^^^^^^^^^^^^^^^^^^^^^^^^^^^^^^^^^^^^^^^^^^^^^^^^^^^^^^^^^^^^^^ this signature doesn't match the previous declaration
   |
  ::: src/closures.rs:67:5
   |
67 |     fn write(__fd: ::core::ffi::c_int, __buf: *const ::core::ffi::c_void, __n: size_t) -> ssize_t;
   |     ---------------------------------------------------------------------------------------------- `write` previously declared here
   |
   = note: expected `unsafe extern "C" fn(i32, *const c_void, usize) -> isize`
              found `unsafe extern "C" fn(i32, *const c_void, usize) -> i64`

warning: `libffi-c2rust-x86-64-gnu` (lib) generated 17 warnings (3 duplicates) (run `cargo fix --lib -p libffi-c2rust-x86-64-gnu` to apply 7 suggestions)
warning: `libffi-c2rust-x86-64-gnu` (lib test) generated 17 warnings (14 duplicates) (run `cargo fix --lib -p libffi-c2rust-x86-64-gnu --tests` to apply 2 suggestions)
    Finished `test` profile [unoptimized + debuginfo] target(s) in 4.64s
     Running unittests lib.rs (target/x86_64-unknown-linux-gnu/debug/deps/libffi_c2rust_x86_64_gnu-afe9a87a72a727e9)

running 0 tests

test result: ok. 0 passed; 0 failed; 0 ignored; 0 measured; 0 filtered out; finished in 0.00s

     Running tests/e2e.rs (target/x86_64-unknown-linux-gnu/debug/deps/e2e-b2f46f2de4a58e06)

running 9 tests
test closure_round_trip ... ok
test long_double_descriptors_match_x86_64_gnu ... ok
test many2_test ... ok
test many_test ... ok
test negint_test ... ok
test reports_libffi_version ... ok
test return_dbl_test ... ok
test struct1_test ... ok
test struct_by_value_3f_test ... ok

test result: ok. 9 passed; 0 failed; 0 ignored; 0 measured; 0 filtered out; finished in 0.00s

   Doc-tests libffi_c2rust_x86_64_gnu

running 0 tests

test result: ok. 0 passed; 0 failed; 0 ignored; 0 measured; 0 filtered out; finished in 0.00s

+ mv /home/ubuntu/libffi-rs.validation-hidden /home/ubuntu/libffi-rs
+ mv /home/ubuntu/work.validation-hidden /home/ubuntu/work
+ trap - EXIT
+ echo SELF_CONTAINMENT_CHECK_OK
SELF_CONTAINMENT_CHECK_OK
