# Initial describe before work/SSH: State Code 32, Name shutting-down; public IP 34.239.144.23.
# SSH to the assigned host timed out and the instance could not be recovered.
# The first instance-terminated waiter completed and describe returned Code 48.
# Final idempotent termination call and verification follow.
$ aws ec2 terminate-instances --region us-east-1 --instance-ids i-024cb2467152f5ab7
{
    "TerminatingInstances": [
        {
            "InstanceId": "i-024cb2467152f5ab7",
            "CurrentState": {
                "Code": 48,
                "Name": "terminated"
            },
            "PreviousState": {
                "Code": 48,
                "Name": "terminated"
            }
        }
    ]
}
$ aws ec2 wait instance-terminated ...
$ aws ec2 describe-instances ...
{
    "InstanceId": "i-024cb2467152f5ab7",
    "State": {
        "Code": 48,
        "Name": "terminated"
    }
}
