+ rm -rf /work
+ mkdir -p /work/build
+ cd /work/build
+ CC=riscv64-linux-gnu-gcc
+ CFLAGS='-O0 -g -fPIC'
+ /src/libffi-sys-rs/libffi/configure --host=riscv64-unknown-linux-gnu --with-pic --disable-shared --disable-docs
checking build system type... aarch64-unknown-linux-gnu
checking host system type... riscv64-unknown-linux-gnu
checking target system type... riscv64-unknown-linux-gnu
checking for gsed... sed
checking for a BSD-compatible install... /usr/bin/install -c
checking whether build environment is sane... yes
checking for riscv64-unknown-linux-gnu-strip... no
checking for strip... strip
checking for a race-free mkdir -p... /usr/bin/mkdir -p
checking for gawk... no
checking for mawk... mawk
checking whether make sets $(MAKE)... yes
checking whether make supports nested variables... yes
checking for riscv64-unknown-linux-gnu-gcc... riscv64-linux-gnu-gcc
checking whether the C compiler works... yes
checking for C compiler default output file name... a.out
checking for suffix of executables... 
checking whether we are cross compiling... yes
checking for suffix of object files... o
checking whether the compiler supports GNU C... yes
checking whether riscv64-linux-gnu-gcc accepts -g... yes
checking for riscv64-linux-gnu-gcc option to enable C11 features... none needed
checking whether riscv64-linux-gnu-gcc understands -c and -o together... yes
checking whether make supports the include directive... yes (GNU style)
checking dependency style of riscv64-linux-gnu-gcc... gcc3
checking for riscv64-unknown-linux-gnu-g++... no
checking for riscv64-unknown-linux-gnu-c++... no
checking for riscv64-unknown-linux-gnu-gpp... no
checking for riscv64-unknown-linux-gnu-aCC... no
checking for riscv64-unknown-linux-gnu-CC... no
checking for riscv64-unknown-linux-gnu-cxx... no
checking for riscv64-unknown-linux-gnu-cc++... no
checking for riscv64-unknown-linux-gnu-cl.exe... no
checking for riscv64-unknown-linux-gnu-FCC... no
checking for riscv64-unknown-linux-gnu-KCC... no
checking for riscv64-unknown-linux-gnu-RCC... no
checking for riscv64-unknown-linux-gnu-xlC_r... no
checking for riscv64-unknown-linux-gnu-xlC... no
checking for riscv64-unknown-linux-gnu-clang++... no
checking for g++... g++
configure: WARNING: using cross tools not prefixed with host triplet
checking whether the compiler supports GNU C++... yes
checking whether g++ accepts -g... yes
checking for g++ option to enable C++11 features... none needed
checking dependency style of g++... gcc3
checking dependency style of riscv64-linux-gnu-gcc... gcc3
checking for grep that handles long lines and -e... /usr/bin/grep
checking for egrep... /usr/bin/grep -E
checking how to print strings... printf
checking for a sed that does not truncate output... /usr/bin/sed
checking for fgrep... /usr/bin/grep -F
checking for ld used by riscv64-linux-gnu-gcc... /usr/riscv64-linux-gnu/bin/ld
checking if the linker (/usr/riscv64-linux-gnu/bin/ld) is GNU ld... yes
checking for BSD- or MS-compatible name lister (nm)... no
checking for riscv64-unknown-linux-gnu-dumpbin... no
checking for riscv64-unknown-linux-gnu-link... no
checking for dumpbin... no
checking for link... link -dump
checking the name lister (nm) interface... BSD nm
checking whether ln -s works... yes
checking the maximum length of command line arguments... 1572864
checking how to convert aarch64-unknown-linux-gnu file names to riscv64-unknown-linux-gnu format... func_convert_file_noop
checking how to convert aarch64-unknown-linux-gnu file names to toolchain format... func_convert_file_noop
checking for /usr/riscv64-linux-gnu/bin/ld option to reload object files... -r
checking for riscv64-unknown-linux-gnu-file... no
checking for file... file
checking for riscv64-unknown-linux-gnu-objdump... no
checking for objdump... objdump
checking how to recognize dependent libraries... pass_all
checking for riscv64-unknown-linux-gnu-dlltool... no
checking for dlltool... no
checking how to associate runtime and link libraries... printf %s\n
checking for riscv64-unknown-linux-gnu-ar... no
checking for ar... ar
checking for archiver @FILE support... @
checking for riscv64-unknown-linux-gnu-strip... strip
checking for riscv64-unknown-linux-gnu-ranlib... no
checking for ranlib... ranlib
checking command to parse nm output from riscv64-linux-gnu-gcc object... ok
checking for sysroot... no
checking for a working dd... /usr/bin/dd
checking how to truncate binary pipes... /usr/bin/dd bs=4096 count=1
checking for riscv64-unknown-linux-gnu-mt... no
checking for mt... no
checking if : is a manifest tool... no
checking for stdio.h... yes
checking for stdlib.h... yes
checking for string.h... yes
checking for inttypes.h... yes
checking for stdint.h... yes
checking for strings.h... yes
checking for sys/stat.h... yes
checking for sys/types.h... yes
checking for unistd.h... yes
checking for dlfcn.h... yes
checking for objdir... .libs
checking if riscv64-linux-gnu-gcc supports -fno-rtti -fno-exceptions... no
checking for riscv64-linux-gnu-gcc option to produce PIC... -fPIC -DPIC
checking if riscv64-linux-gnu-gcc PIC flag -fPIC -DPIC works... yes
checking if riscv64-linux-gnu-gcc static flag -static works... yes
checking if riscv64-linux-gnu-gcc supports -c -o file.o... yes
checking if riscv64-linux-gnu-gcc supports -c -o file.o... (cached) yes
checking whether the riscv64-linux-gnu-gcc linker (/usr/riscv64-linux-gnu/bin/ld) supports shared libraries... yes
checking dynamic linker characteristics... GNU/Linux ld.so
checking how to hardcode library paths into programs... immediate
checking whether stripping libraries is possible... yes
checking if libtool supports shared libraries... yes
checking whether to build shared libraries... no
checking whether to build static libraries... yes
checking how to run the C++ preprocessor... g++ -E
checking for ld used by g++... /usr/riscv64-linux-gnu/bin/ld
checking if the linker (/usr/riscv64-linux-gnu/bin/ld) is GNU ld... yes
checking whether the g++ linker (/usr/riscv64-linux-gnu/bin/ld) supports shared libraries... yes
checking for g++ option to produce PIC... -fPIC -DPIC
checking if g++ PIC flag -fPIC -DPIC works... yes
checking if g++ static flag -static works... yes
checking if g++ supports -c -o file.o... yes
checking if g++ supports -c -o file.o... (cached) yes
checking whether the g++ linker (/usr/riscv64-linux-gnu/bin/ld) supports shared libraries... yes
checking dynamic linker characteristics... (cached) GNU/Linux ld.so
checking how to hardcode library paths into programs... immediate
checking for riscv64-unknown-linux-gnu-readelf... no
checking for riscv64-unknown-linux-gnu-greadelf... no
checking for readelf... readelf
checking size of size_t... 8
checking for C compiler vendor... gnu
checking CFLAGS for most reasonable warnings... -Wall
checking whether to enable maintainer-specific portions of Makefiles... no
checking for sys/memfd.h... no
checking for memfd_create... yes
checking for memcpy... yes
checking for alloca.h... yes
checking size of double... 8
checking size of long double... 16
checking for __int128_t... yes
checking whether byte ordering is bigendian... no
checking assembler .cfi pseudo-op support... yes
checking whether compiler supports pointer authentication... no
checking for _ prefix in compiled symbols... no
checking whether the C compiler accepts -fno-lto... yes
checking whether .eh_frame section should be read-only... yes
checking for __attribute__((visibility("hidden")))... yes
configure: versioning on shared library symbols is no
checking that generated files are newer than configure... done
configure: creating ./config.status
config.status: creating include/Makefile
config.status: creating include/ffi.h
config.status: creating Makefile
config.status: creating testsuite/Makefile
config.status: creating man/Makefile
config.status: creating doc/Makefile
config.status: creating libffi.pc
config.status: creating fficonfig.h
config.status: executing buildir commands
config.status: skipping top_srcdir/Makefile - not created
config.status: executing depfiles commands
config.status: executing libtool commands
config.status: executing include commands
config.status: executing src commands
+ make V=1 -j3
make  all-recursive
make[1]: Entering directory '/work/build'
Making all in include
make[2]: Entering directory '/work/build/include'
make[2]: Nothing to be done for 'all'.
make[2]: Leaving directory '/work/build/include'
Making all in testsuite
make[2]: Entering directory '/work/build/testsuite'
make[2]: Nothing to be done for 'all'.
make[2]: Leaving directory '/work/build/testsuite'
Making all in man
make[2]: Entering directory '/work/build/man'
make[2]: Nothing to be done for 'all'.
make[2]: Leaving directory '/work/build/man'
make[2]: Entering directory '/work/build'
depbase=`echo src/prep_cif.lo | sed 's|[^/]*$|.deps/&|;s|\.lo$||'`;\
/bin/bash ./libtool  --tag=CC   --mode=compile riscv64-linux-gnu-gcc -DHAVE_CONFIG_H -I. -I/src/libffi-sys-rs/libffi  -I. -I/src/libffi-sys-rs/libffi/include -Iinclude -I/src/libffi-sys-rs/libffi/src   -Wall -O0 -g -fPIC -fexceptions -MT src/prep_cif.lo -MD -MP -MF $depbase.Tpo -c -o src/prep_cif.lo /src/libffi-sys-rs/libffi/src/prep_cif.c &&\
mv -f $depbase.Tpo $depbase.Plo
depbase=`echo src/types.lo | sed 's|[^/]*$|.deps/&|;s|\.lo$||'`;\
/bin/bash ./libtool  --tag=CC   --mode=compile riscv64-linux-gnu-gcc -DHAVE_CONFIG_H -I. -I/src/libffi-sys-rs/libffi  -I. -I/src/libffi-sys-rs/libffi/include -Iinclude -I/src/libffi-sys-rs/libffi/src   -Wall -O0 -g -fPIC -fexceptions -MT src/types.lo -MD -MP -MF $depbase.Tpo -c -o src/types.lo /src/libffi-sys-rs/libffi/src/types.c &&\
mv -f $depbase.Tpo $depbase.Plo
depbase=`echo src/raw_api.lo | sed 's|[^/]*$|.deps/&|;s|\.lo$||'`;\
/bin/bash ./libtool  --tag=CC   --mode=compile riscv64-linux-gnu-gcc -DHAVE_CONFIG_H -I. -I/src/libffi-sys-rs/libffi  -I. -I/src/libffi-sys-rs/libffi/include -Iinclude -I/src/libffi-sys-rs/libffi/src   -Wall -O0 -g -fPIC -fexceptions -MT src/raw_api.lo -MD -MP -MF $depbase.Tpo -c -o src/raw_api.lo /src/libffi-sys-rs/libffi/src/raw_api.c &&\
mv -f $depbase.Tpo $depbase.Plo
libtool: compile:  riscv64-linux-gnu-gcc -DHAVE_CONFIG_H -I. -I/src/libffi-sys-rs/libffi -I. -I/src/libffi-sys-rs/libffi/include -Iinclude -I/src/libffi-sys-rs/libffi/src -Wall -O0 -g -fPIC -fexceptions -MT src/types.lo -MD -MP -MF src/.deps/types.Tpo -c /src/libffi-sys-rs/libffi/src/types.c  -fPIC -DPIC -o src/types.o
libtool: compile:  riscv64-linux-gnu-gcc -DHAVE_CONFIG_H -I. -I/src/libffi-sys-rs/libffi -I. -I/src/libffi-sys-rs/libffi/include -Iinclude -I/src/libffi-sys-rs/libffi/src -Wall -O0 -g -fPIC -fexceptions -MT src/prep_cif.lo -MD -MP -MF src/.deps/prep_cif.Tpo -c /src/libffi-sys-rs/libffi/src/prep_cif.c  -fPIC -DPIC -o src/prep_cif.o
libtool: compile:  riscv64-linux-gnu-gcc -DHAVE_CONFIG_H -I. -I/src/libffi-sys-rs/libffi -I. -I/src/libffi-sys-rs/libffi/include -Iinclude -I/src/libffi-sys-rs/libffi/src -Wall -O0 -g -fPIC -fexceptions -MT src/raw_api.lo -MD -MP -MF src/.deps/raw_api.Tpo -c /src/libffi-sys-rs/libffi/src/raw_api.c  -fPIC -DPIC -o src/raw_api.o
depbase=`echo src/java_raw_api.lo | sed 's|[^/]*$|.deps/&|;s|\.lo$||'`;\
/bin/bash ./libtool  --tag=CC   --mode=compile riscv64-linux-gnu-gcc -DHAVE_CONFIG_H -I. -I/src/libffi-sys-rs/libffi  -I. -I/src/libffi-sys-rs/libffi/include -Iinclude -I/src/libffi-sys-rs/libffi/src   -Wall -O0 -g -fPIC -fexceptions -MT src/java_raw_api.lo -MD -MP -MF $depbase.Tpo -c -o src/java_raw_api.lo /src/libffi-sys-rs/libffi/src/java_raw_api.c &&\
mv -f $depbase.Tpo $depbase.Plo
depbase=`echo src/closures.lo | sed 's|[^/]*$|.deps/&|;s|\.lo$||'`;\
/bin/bash ./libtool  --tag=CC   --mode=compile riscv64-linux-gnu-gcc -DHAVE_CONFIG_H -I. -I/src/libffi-sys-rs/libffi  -I. -I/src/libffi-sys-rs/libffi/include -Iinclude -I/src/libffi-sys-rs/libffi/src   -Wall -O0 -g -fPIC -fexceptions -MT src/closures.lo -MD -MP -MF $depbase.Tpo -c -o src/closures.lo /src/libffi-sys-rs/libffi/src/closures.c &&\
mv -f $depbase.Tpo $depbase.Plo
depbase=`echo src/tramp.lo | sed 's|[^/]*$|.deps/&|;s|\.lo$||'`;\
/bin/bash ./libtool  --tag=CC   --mode=compile riscv64-linux-gnu-gcc -DHAVE_CONFIG_H -I. -I/src/libffi-sys-rs/libffi  -I. -I/src/libffi-sys-rs/libffi/include -Iinclude -I/src/libffi-sys-rs/libffi/src   -Wall -O0 -g -fPIC -fexceptions -MT src/tramp.lo -MD -MP -MF $depbase.Tpo -c -o src/tramp.lo /src/libffi-sys-rs/libffi/src/tramp.c &&\
mv -f $depbase.Tpo $depbase.Plo
libtool: compile:  riscv64-linux-gnu-gcc -DHAVE_CONFIG_H -I. -I/src/libffi-sys-rs/libffi -I. -I/src/libffi-sys-rs/libffi/include -Iinclude -I/src/libffi-sys-rs/libffi/src -Wall -O0 -g -fPIC -fexceptions -MT src/java_raw_api.lo -MD -MP -MF src/.deps/java_raw_api.Tpo -c /src/libffi-sys-rs/libffi/src/java_raw_api.c  -fPIC -DPIC -o src/java_raw_api.o
libtool: compile:  riscv64-linux-gnu-gcc -DHAVE_CONFIG_H -I. -I/src/libffi-sys-rs/libffi -I. -I/src/libffi-sys-rs/libffi/include -Iinclude -I/src/libffi-sys-rs/libffi/src -Wall -O0 -g -fPIC -fexceptions -MT src/closures.lo -MD -MP -MF src/.deps/closures.Tpo -c /src/libffi-sys-rs/libffi/src/closures.c  -fPIC -DPIC -o src/closures.o
libtool: compile:  riscv64-linux-gnu-gcc -DHAVE_CONFIG_H -I. -I/src/libffi-sys-rs/libffi -I. -I/src/libffi-sys-rs/libffi/include -Iinclude -I/src/libffi-sys-rs/libffi/src -Wall -O0 -g -fPIC -fexceptions -MT src/tramp.lo -MD -MP -MF src/.deps/tramp.Tpo -c /src/libffi-sys-rs/libffi/src/tramp.c  -fPIC -DPIC -o src/tramp.o
/src/libffi-sys-rs/libffi/src/java_raw_api.c: In function 'ffi_java_raw_call':
/src/libffi-sys-rs/libffi/src/java_raw_api.c:317:3: warning: 'ffi_java_raw_to_ptrarray' is deprecated [-Wdeprecated-declarations]
  317 |   ffi_java_raw_to_ptrarray (cif, raw, avalue);
      |   ^~~~~~~~~~~~~~~~~~~~~~~~
/src/libffi-sys-rs/libffi/src/java_raw_api.c:76:1: note: declared here
   76 | ffi_java_raw_to_ptrarray (ffi_cif *cif, ffi_java_raw *raw, void **args)
      | ^~~~~~~~~~~~~~~~~~~~~~~~
/src/libffi-sys-rs/libffi/src/java_raw_api.c: In function 'ffi_java_translate_args':
/src/libffi-sys-rs/libffi/src/java_raw_api.c:328:3: warning: 'ffi_java_raw_size' is deprecated [-Wdeprecated-declarations]
  328 |   ffi_java_raw *raw = (ffi_java_raw*)alloca (ffi_java_raw_size (cif));
      |   ^~~~~~~~~~~~
/src/libffi-sys-rs/libffi/src/java_raw_api.c:45:1: note: declared here
   45 | ffi_java_raw_size (ffi_cif *cif)
      | ^~~~~~~~~~~~~~~~~
/src/libffi-sys-rs/libffi/src/java_raw_api.c:331:3: warning: 'ffi_java_ptrarray_to_raw' is deprecated [-Wdeprecated-declarations]
  331 |   ffi_java_ptrarray_to_raw (cif, avalue, raw);
      |   ^~~~~~~~~~~~~~~~~~~~~~~~
/src/libffi-sys-rs/libffi/src/java_raw_api.c:157:1: note: declared here
  157 | ffi_java_ptrarray_to_raw (ffi_cif *cif, void **args, ffi_java_raw *raw)
      | ^~~~~~~~~~~~~~~~~~~~~~~~
/src/libffi-sys-rs/libffi/src/java_raw_api.c: In function 'ffi_prep_java_raw_closure':
/src/libffi-sys-rs/libffi/src/java_raw_api.c:369:3: warning: 'ffi_prep_java_raw_closure_loc' is deprecated [-Wdeprecated-declarations]
  369 |   return ffi_prep_java_raw_closure_loc (cl, cif, fun, user_data, cl);
      |   ^~~~~~
/src/libffi-sys-rs/libffi/src/java_raw_api.c:337:1: note: declared here
  337 | ffi_prep_java_raw_closure_loc (ffi_java_raw_closure* cl,
      | ^~~~~~~~~~~~~~~~~~~~~~~~~~~~~
depbase=`echo src/riscv/ffi.lo | sed 's|[^/]*$|.deps/&|;s|\.lo$||'`;\
/bin/bash ./libtool  --tag=CC   --mode=compile riscv64-linux-gnu-gcc -DHAVE_CONFIG_H -I. -I/src/libffi-sys-rs/libffi  -I. -I/src/libffi-sys-rs/libffi/include -Iinclude -I/src/libffi-sys-rs/libffi/src   -Wall -O0 -g -fPIC -fexceptions -MT src/riscv/ffi.lo -MD -MP -MF $depbase.Tpo -c -o src/riscv/ffi.lo /src/libffi-sys-rs/libffi/src/riscv/ffi.c &&\
mv -f $depbase.Tpo $depbase.Plo
depbase=`echo src/riscv/sysv.lo | sed 's|[^/]*$|.deps/&|;s|\.lo$||'`;\
/bin/bash ./libtool  --tag=CC   --mode=compile riscv64-linux-gnu-gcc -DHAVE_CONFIG_H -I. -I/src/libffi-sys-rs/libffi  -I. -I/src/libffi-sys-rs/libffi/include -Iinclude -I/src/libffi-sys-rs/libffi/src  '-I. -I/src/libffi-sys-rs/libffi/include -Iinclude -I/src/libffi-sys-rs/libffi/src' -O0 -g -fPIC -MT src/riscv/sysv.lo -MD -MP -MF $depbase.Tpo -c -o src/riscv/sysv.lo /src/libffi-sys-rs/libffi/src/riscv/sysv.S &&\
mv -f $depbase.Tpo $depbase.Plo
libtool: compile:  riscv64-linux-gnu-gcc -DHAVE_CONFIG_H -I. -I/src/libffi-sys-rs/libffi -I. -I/src/libffi-sys-rs/libffi/include -Iinclude -I/src/libffi-sys-rs/libffi/src -Wall -O0 -g -fPIC -fexceptions -MT src/riscv/ffi.lo -MD -MP -MF src/riscv/.deps/ffi.Tpo -c /src/libffi-sys-rs/libffi/src/riscv/ffi.c  -fPIC -DPIC -o src/riscv/ffi.o
libtool: compile:  riscv64-linux-gnu-gcc -DHAVE_CONFIG_H -I. -I/src/libffi-sys-rs/libffi -I. -I/src/libffi-sys-rs/libffi/include -Iinclude -I/src/libffi-sys-rs/libffi/src "-I. -I/src/libffi-sys-rs/libffi/include -Iinclude -I/src/libffi-sys-rs/libffi/src" -O0 -g -fPIC -MT src/riscv/sysv.lo -MD -MP -MF src/riscv/.deps/sysv.Tpo -c /src/libffi-sys-rs/libffi/src/riscv/sysv.S  -fPIC -DPIC -o src/riscv/sysv.o
/bin/bash ./libtool  --tag=CC   --mode=link riscv64-linux-gnu-gcc  -Wall -O0 -g -fPIC -fexceptions   -o libffi_convenience.la  src/prep_cif.lo src/types.lo src/raw_api.lo src/java_raw_api.lo src/closures.lo src/tramp.lo   src/riscv/ffi.lo src/riscv/sysv.lo 
/bin/bash ./libtool  --tag=CC   --mode=link riscv64-linux-gnu-gcc  -Wall -O0 -g -fPIC -fexceptions -no-undefined -version-info `grep -v '^#' /src/libffi-sys-rs/libffi/libtool-version`     -o libffi.la -rpath /usr/local/lib src/prep_cif.lo src/types.lo src/raw_api.lo src/java_raw_api.lo src/closures.lo src/tramp.lo  src/riscv/ffi.lo src/riscv/sysv.lo 
libtool: link: ar cr .libs/libffi_convenience.a  src/prep_cif.o src/types.o src/raw_api.o src/java_raw_api.o src/closures.o src/tramp.o src/riscv/ffi.o src/riscv/sysv.o
libtool: link: ar cr .libs/libffi.a  src/prep_cif.o src/types.o src/raw_api.o src/java_raw_api.o src/closures.o src/tramp.o src/riscv/ffi.o src/riscv/sysv.o
libtool: link: ranlib .libs/libffi_convenience.a
libtool: link: ranlib .libs/libffi.a
libtool: link: ( cd ".libs" && rm -f "libffi_convenience.la" && ln -s "../libffi_convenience.la" "libffi_convenience.la" )
libtool: link: ( cd ".libs" && rm -f "libffi.la" && ln -s "../libffi.la" "libffi.la" )
make[2]: Leaving directory '/work/build'
make[1]: Leaving directory '/work/build'
