    Updating crates.io index
     Locking 9 packages to latest compatible versions
 Downloading crates ...
  Downloaded f128_input v0.2.1
  Downloaded autocfg v1.5.1
  Downloaded num-traits v0.2.19
  Downloaded f128 v0.2.9
  Downloaded f128_internal v0.2.2
  Downloaded shlex v2.0.1
  Downloaded find-msvc-tools v0.1.10
  Downloaded cc v1.4.2
  Downloaded libc v0.2.189
   Compiling find-msvc-tools v0.1.10
   Compiling shlex v2.0.1
   Compiling autocfg v1.5.1
   Compiling libc v0.2.189
   Compiling cc v1.4.2
   Compiling num-traits v0.2.19
   Compiling f128_internal v0.2.2
   Compiling libffi-c2rust-riscv64gc v0.0.0 (/port)
warning: f128_internal@0.2.2: src/f128.c:2:10: fatal error: quadmath.h: No such file or directory
warning: f128_internal@0.2.2:     2 | #include <quadmath.h>
warning: f128_internal@0.2.2:       |          ^~~~~~~~~~~~
warning: f128_internal@0.2.2: compilation terminated.
error: failed to run custom build command for `f128_internal v0.2.2`

Caused by:
  process didn't exit successfully: `/port/target/debug/build/f128_internal-bd6693de36fccdd0/build-script-build` (exit status: 1)
  --- stdout
  cargo:rerun-if-env-changed=CC_FORCE_DISABLE
  CC_FORCE_DISABLE = None
  cargo:rerun-if-env-changed=CC_riscv64gc-unknown-linux-gnu
  CC_riscv64gc-unknown-linux-gnu = None
  cargo:rerun-if-env-changed=CC_riscv64gc_unknown_linux_gnu
  CC_riscv64gc_unknown_linux_gnu = Some(riscv64-linux-gnu-gcc)
  cargo:rerun-if-env-changed=CC_KNOWN_WRAPPER_CUSTOM
  CC_KNOWN_WRAPPER_CUSTOM = None
  cargo:rerun-if-env-changed=CC_ENABLE_DEBUG_OUTPUT
  cargo:rerun-if-env-changed=CRATE_CC_NO_DEFAULTS
  CRATE_CC_NO_DEFAULTS = None
  cargo:rerun-if-env-changed=CC_ENABLE_DEBUG_OUTPUT
  cargo:rerun-if-env-changed=CRATE_CC_NO_DEFAULTS
  CRATE_CC_NO_DEFAULTS = None
  cargo:rerun-if-env-changed=CFLAGS
  CFLAGS = None
  cargo:rerun-if-env-changed=TARGET_CFLAGS
  TARGET_CFLAGS = None
  cargo:rerun-if-env-changed=CFLAGS_riscv64gc_unknown_linux_gnu
  CFLAGS_riscv64gc_unknown_linux_gnu = None
  cargo:rerun-if-env-changed=CFLAGS_riscv64gc-unknown-linux-gnu
  CFLAGS_riscv64gc-unknown-linux-gnu = None
  cargo:rerun-if-env-changed=CFLAGS
  CFLAGS = None
  cargo:rerun-if-env-changed=TARGET_CFLAGS
  TARGET_CFLAGS = None
  cargo:rerun-if-env-changed=CFLAGS_riscv64gc_unknown_linux_gnu
  CFLAGS_riscv64gc_unknown_linux_gnu = None
  cargo:rerun-if-env-changed=CFLAGS_riscv64gc-unknown-linux-gnu
  CFLAGS_riscv64gc-unknown-linux-gnu = None
  cargo:warning=src/f128.c:2:10: fatal error: quadmath.h: No such file or directory
  cargo:warning=    2 | #include <quadmath.h>
  cargo:warning=      |          ^~~~~~~~~~~~
  cargo:warning=compilation terminated.

  --- stderr


  error occurred in cc-rs: command did not execute successfully (status code exit status: 1): LC_ALL="C" "riscv64-linux-gnu-gcc" "-O0" "-ffunction-sections" "-fdata-sections" "-fPIC" "-g" "-gdwarf-4" "-fno-omit-frame-pointer" "-march=rv64gc" "-mabi=lp64d" "-Wall" "-Wextra" "-Bstatic" "-lgfortran" "-lquadmath" "-o" "/port/target/riscv64gc-unknown-linux-gnu/debug/build/f128_internal-c947c95fd33cb619/out/ea708c7824d36062-f128.o" "-c" "src/f128.c"


warning: build failed, waiting for other jobs to finish...
warning: f128_internal@0.2.2: src/f128.c:2:10: fatal error: quadmath.h: No such file or directory
warning: f128_internal@0.2.2:     2 | #include <quadmath.h>
warning: f128_internal@0.2.2:       |          ^~~~~~~~~~~~
warning: f128_internal@0.2.2: compilation terminated.
error: failed to run custom build command for `f128_internal v0.2.2`

Caused by:
  process didn't exit successfully: `/port/target/debug/build/f128_internal-bd6693de36fccdd0/build-script-build` (exit status: 1)
  --- stdout
  cargo:rerun-if-env-changed=CC_FORCE_DISABLE
  CC_FORCE_DISABLE = None
  cargo:rerun-if-env-changed=CC_aarch64-unknown-linux-gnu
  CC_aarch64-unknown-linux-gnu = None
  cargo:rerun-if-env-changed=CC_aarch64_unknown_linux_gnu
  CC_aarch64_unknown_linux_gnu = None
  cargo:rerun-if-env-changed=HOST_CC
  HOST_CC = None
  cargo:rerun-if-env-changed=CC
  CC = None
  cargo:rerun-if-env-changed=CC_ENABLE_DEBUG_OUTPUT
  cargo:rerun-if-env-changed=CRATE_CC_NO_DEFAULTS
  CRATE_CC_NO_DEFAULTS = None
  cargo:rerun-if-env-changed=CC_ENABLE_DEBUG_OUTPUT
  cargo:rerun-if-env-changed=CRATE_CC_NO_DEFAULTS
  CRATE_CC_NO_DEFAULTS = None
  cargo:rerun-if-env-changed=CFLAGS
  CFLAGS = None
  cargo:rerun-if-env-changed=HOST_CFLAGS
  HOST_CFLAGS = None
  cargo:rerun-if-env-changed=CFLAGS_aarch64_unknown_linux_gnu
  CFLAGS_aarch64_unknown_linux_gnu = None
  cargo:rerun-if-env-changed=CFLAGS_aarch64-unknown-linux-gnu
  CFLAGS_aarch64-unknown-linux-gnu = None
  cargo:rerun-if-env-changed=CFLAGS
  CFLAGS = None
  cargo:rerun-if-env-changed=HOST_CFLAGS
  HOST_CFLAGS = None
  cargo:rerun-if-env-changed=CFLAGS_aarch64_unknown_linux_gnu
  CFLAGS_aarch64_unknown_linux_gnu = None
  cargo:rerun-if-env-changed=CFLAGS_aarch64-unknown-linux-gnu
  CFLAGS_aarch64-unknown-linux-gnu = None
  cargo:warning=src/f128.c:2:10: fatal error: quadmath.h: No such file or directory
  cargo:warning=    2 | #include <quadmath.h>
  cargo:warning=      |          ^~~~~~~~~~~~
  cargo:warning=compilation terminated.

  --- stderr


  error occurred in cc-rs: command did not execute successfully (status code exit status: 1): LC_ALL="C" "cc" "-O0" "-ffunction-sections" "-fdata-sections" "-fPIC" "-g" "-gdwarf-4" "-fno-omit-frame-pointer" "-mno-omit-leaf-frame-pointer" "-Wall" "-Wextra" "-Bstatic" "-lgfortran" "-lquadmath" "-o" "/port/target/debug/build/f128_internal-eec3d5e7537b6be5/out/ea708c7824d36062-f128.o" "-c" "src/f128.c"


    Updating crates.io index
     Locking 3 packages to latest compatible versions
   Compiling libffi-c2rust-riscv64gc v0.0.0 (/port)
error[E0425]: cannot find function `atomic_load_relaxed` in module `::core::intrinsics`
   --> src/closures.rs:723:31
    |
723 |     while ::core::intrinsics::atomic_load_relaxed(sl) != 0 as ::core::ffi::c_int
    |                               ^^^^^^^^^^^^^^^^^^^ not found in `::core::intrinsics`

error[E0425]: cannot find function `atomic_xchg_acquire` in module `::core::intrinsics`
   --> src/closures.rs:724:32
    |
724 |         || ::core::intrinsics::atomic_xchg_acquire(sl, 1 as ::core::ffi::c_int) != 0
    |                                ^^^^^^^^^^^^^^^^^^^ not found in `::core::intrinsics`

error[E0425]: cannot find function `atomic_xchg_acquire` in module `::core::intrinsics`
   --> src/closures.rs:830:28
    |
830 |     if ::core::intrinsics::atomic_xchg_acquire(
    |                            ^^^^^^^^^^^^^^^^^^^ not found in `::core::intrinsics`

error[E0425]: cannot find function `atomic_store_release` in module `::core::intrinsics`
   --> src/closures.rs:872:29
    |
872 |         ::core::intrinsics::atomic_store_release(&raw mut mparams.magic, magic);
    |                             ^^^^^^^^^^^^^^^^^^^^ not found in `::core::intrinsics`

error[E0425]: cannot find function `atomic_store_release` in module `::core::intrinsics`
   --> src/closures.rs:874:25
    |
874 |     ::core::intrinsics::atomic_store_release(&raw mut malloc_global_mutex, 0);
    |                         ^^^^^^^^^^^^^^^^^^^^ not found in `::core::intrinsics`

error[E0425]: cannot find function `atomic_load_acquire` in module `::core::intrinsics`
    --> src/closures.rs:1696:26
     |
1696 |     (::core::intrinsics::atomic_load_acquire(&raw mut mparams.magic) != 0 as size_t
     |                          ^^^^^^^^^^^^^^^^^^^ not found in `::core::intrinsics`

error[E0425]: cannot find function `atomic_xchg_acquire` in module `::core::intrinsics`
    --> src/closures.rs:1802:32
     |
1802 |         if ::core::intrinsics::atomic_xchg_acquire(
     |                                ^^^^^^^^^^^^^^^^^^^ not found in `::core::intrinsics`

error[E0425]: cannot find function `atomic_store_release` in module `::core::intrinsics`
    --> src/closures.rs:2062:29
     |
2062 |         ::core::intrinsics::atomic_store_release(&raw mut malloc_global_mutex, 0);
     |                             ^^^^^^^^^^^^^^^^^^^^ not found in `::core::intrinsics`

error[E0425]: cannot find function `atomic_xchg_acquire` in module `::core::intrinsics`
    --> src/closures.rs:2083:36
     |
2083 |             if ::core::intrinsics::atomic_xchg_acquire(
     |                                    ^^^^^^^^^^^^^^^^^^^ not found in `::core::intrinsics`

error[E0425]: cannot find function `atomic_store_release` in module `::core::intrinsics`
    --> src/closures.rs:2094:33
     |
2094 |             ::core::intrinsics::atomic_store_release(&raw mut malloc_global_mutex, 0);
     |                                 ^^^^^^^^^^^^^^^^^^^^ not found in `::core::intrinsics`

error[E0425]: cannot find function `atomic_load_acquire` in module `::core::intrinsics`
    --> src/closures.rs:2640:26
     |
2640 |     (::core::intrinsics::atomic_load_acquire(&raw mut mparams.magic) != 0 as size_t
     |                          ^^^^^^^^^^^^^^^^^^^ not found in `::core::intrinsics`

error[E0425]: cannot find function `atomic_load_acquire` in module `::core::intrinsics`
    --> src/closures.rs:3820:26
     |
3820 |     (::core::intrinsics::atomic_load_acquire(&raw mut mparams.magic) != 0 as size_t
     |                          ^^^^^^^^^^^^^^^^^^^ not found in `::core::intrinsics`

error[E0425]: cannot find function `atomic_xchg_acquire` in module `::core::intrinsics`
    --> src/closures.rs:3823:32
     |
3823 |         if ::core::intrinsics::atomic_xchg_acquire(
     |                                ^^^^^^^^^^^^^^^^^^^ not found in `::core::intrinsics`

error[E0425]: cannot find function `atomic_store_release` in module `::core::intrinsics`
    --> src/closures.rs:4046:33
     |
4046 |             ::core::intrinsics::atomic_store_release(&raw mut _gm_.mutex, 0);
     |                                 ^^^^^^^^^^^^^^^^^^^^ not found in `::core::intrinsics`

error[E0425]: cannot find function `atomic_xchg_acquire` in module `::core::intrinsics`
    --> src/closures.rs:4059:36
     |
4059 |             if ::core::intrinsics::atomic_xchg_acquire(
     |                                    ^^^^^^^^^^^^^^^^^^^ not found in `::core::intrinsics`

error[E0425]: cannot find function `atomic_store_release` in module `::core::intrinsics`
    --> src/closures.rs:4666:57
     |
4666 | ...                   ::core::intrinsics::atomic_store_release(
     |                                           ^^^^^^^^^^^^^^^^^^^^ not found in `::core::intrinsics`

error[E0425]: cannot find function `atomic_xchg_acquire` in module `::core::intrinsics`
    --> src/closures.rs:4996:40
     |
4996 |                 if ::core::intrinsics::atomic_xchg_acquire(
     |                                        ^^^^^^^^^^^^^^^^^^^ not found in `::core::intrinsics`

error[E0425]: cannot find function `atomic_store_release` in module `::core::intrinsics`
    --> src/closures.rs:5070:37
     |
5070 |                 ::core::intrinsics::atomic_store_release(&raw mut (*m).mutex, 0);
     |                                     ^^^^^^^^^^^^^^^^^^^^ not found in `::core::intrinsics`

error[E0425]: cannot find function `atomic_xchg_acquire` in module `::core::intrinsics`
    --> src/closures.rs:5083:32
     |
5083 |         if ::core::intrinsics::atomic_xchg_acquire(
     |                                ^^^^^^^^^^^^^^^^^^^ not found in `::core::intrinsics`

error[E0425]: cannot find function `atomic_store_release` in module `::core::intrinsics`
    --> src/closures.rs:5150:33
     |
5150 |             ::core::intrinsics::atomic_store_release(&raw mut (*m).mutex, 0);
     |                                 ^^^^^^^^^^^^^^^^^^^^ not found in `::core::intrinsics`

error[E0425]: cannot find function `atomic_xchg_acquire` in module `::core::intrinsics`
    --> src/closures.rs:5178:40
     |
5178 |                 if ::core::intrinsics::atomic_xchg_acquire(
     |                                        ^^^^^^^^^^^^^^^^^^^ not found in `::core::intrinsics`

error[E0425]: cannot find function `atomic_store_release` in module `::core::intrinsics`
    --> src/closures.rs:5198:41
     |
5198 |                     ::core::intrinsics::atomic_store_release(&raw mut (*m).mutex, 0);
     |                                         ^^^^^^^^^^^^^^^^^^^^ not found in `::core::intrinsics`

error[E0658]: extern types are experimental
 --> src/tramp.rs:2:5
  |
2 |     pub type _IO_wide_data;
  |     ^^^^^^^^^^^^^^^^^^^^^^^
  |
  = note: see issue #43467 <https://github.com/rust-lang/rust/issues/43467> for more information

error[E0658]: extern types are experimental
 --> src/tramp.rs:3:5
  |
3 |     pub type _IO_codecvt;
  |     ^^^^^^^^^^^^^^^^^^^^^
  |
  = note: see issue #43467 <https://github.com/rust-lang/rust/issues/43467> for more information

error[E0658]: extern types are experimental
 --> src/tramp.rs:4:5
  |
4 |     pub type _IO_marker;
  |     ^^^^^^^^^^^^^^^^^^^^
  |
  = note: see issue #43467 <https://github.com/rust-lang/rust/issues/43467> for more information

error[E0308]: mismatched types
   --> src/riscv/ffi.rs:907:18
    |
883 |     let mut rvalue: *mut ::core::ffi::c_void = ::core::ptr::null_mut::<::core::ffi::c_void>();
    |                     ------------------------ expected due to this type
...
907 |         rvalue = alloca_allocations.last_mut().unwrap().as_mut_ptr();
    |                  ^^^^^^^^^^^^^^^^^^^^^^^^^^^^^^^^^^^^^^^^^^^^^^^^^^^ expected `*mut c_void`, found `*mut u8`
    |
    = note: expected raw pointer `*mut c_void`
               found raw pointer `*mut u8`

error[E0308]: mismatched types
   --> src/closures.rs:698:47
    |
698 | pub const SIZE_T_SIZE: ::core::ffi::c_ulong = ::core::mem::size_of::<size_t>();
    |                        --------------------   ^^^^^^^^^^^^^^^^^^^^^^^^^^^^^^^^ expected `u64`, found `usize`
    |                        |
    |                        expected because of the type of the constant

error[E0308]: mismatched types
   --> src/closures.rs:735:47
    |
735 | pub const MCHUNK_SIZE: ::core::ffi::c_ulong = ::core::mem::size_of::<mchunk>();
    |                        --------------------   ^^^^^^^^^^^^^^^^^^^^^^^^^^^^^^^^ expected `u64`, found `usize`
    |                        |
    |                        expected because of the type of the constant

error[E0308]: mismatched types
   --> src/closures.rs:736:50
    |
736 | pub const CHUNK_OVERHEAD: ::core::ffi::c_ulong = ::core::mem::size_of::<size_t>();
    |                           --------------------   ^^^^^^^^^^^^^^^^^^^^^^^^^^^^^^^^ expected `u64`, found `usize`
    |                           |
    |                           expected because of the type of the constant

warning: unused variable: `ntotalargs`
   --> src/riscv/ffi.rs:608:5
    |
608 |     mut ntotalargs: ::core::ffi::c_uint,
    |     ^^^^^^^^^^^^^^ help: if this is intentional, prefix it with an underscore: `_ntotalargs`
    |
    = note: `#[warn(unused_variables)]` (part of `#[warn(unused)]`) on by default

warning: unused variable: `flags`
   --> src/closures.rs:962:5
    |
962 |     mut flags: ::core::ffi::c_int,
    |     ^^^^^^^^^ help: if this is intentional, prefix it with an underscore: `_flags`

warning: variable `nfences` is assigned to, but never used
    --> src/closures.rs:1488:9
     |
1488 |     let mut nfences: ::core::ffi::c_int = 0 as ::core::ffi::c_int;
     |         ^^^^^^^^^^^
     |
     = note: consider using `_nfences` instead

warning: unused variable: `flags`
    --> src/closures.rs:5297:5
     |
5297 |     mut flags: ::core::ffi::c_int,
     |     ^^^^^^^^^ help: if this is intentional, prefix it with an underscore: `_flags`

warning: unnecessary `unsafe` block
    --> src/closures.rs:5428:61
     |
5428 | static mut open_temp_exec_file_opts: [C2RustUnnamed_0; 9] = unsafe {
     |                                                             ^^^^^^ unnecessary `unsafe` block
     |
     = note: `#[warn(unused_unsafe)]` (part of `#[warn(unused)]`) on by default

warning: unused variable: `cif`
   --> src/java_raw_api.rs:284:5
    |
284 |     mut cif: *mut ffi_cif,
    |     ^^^^^^^ help: if this is intentional, prefix it with an underscore: `_cif`

warning: unused variable: `rvalue`
   --> src/java_raw_api.rs:285:5
    |
285 |     mut rvalue: *mut ::core::ffi::c_void,
    |     ^^^^^^^^^^ help: if this is intentional, prefix it with an underscore: `_rvalue`

warning: unused variable: `cif`
   --> src/java_raw_api.rs:288:5
    |
288 |     mut cif: *mut ffi_cif,
    |     ^^^^^^^ help: if this is intentional, prefix it with an underscore: `_cif`

warning: unused variable: `rvalue`
   --> src/java_raw_api.rs:289:5
    |
289 |     mut rvalue: *mut ::core::ffi::c_void,
    |     ^^^^^^^^^^ help: if this is intentional, prefix it with an underscore: `_rvalue`

Some errors have detailed explanations: E0308, E0425, E0658.
For more information about an error, try `rustc --explain E0308`.
warning: `libffi-c2rust-riscv64gc` (lib) generated 9 warnings
error: could not compile `libffi-c2rust-riscv64gc` (lib) due to 29 previous errors; 9 warnings emitted
    Checking libffi-c2rust-riscv64gc v0.0.0 (/port)
warning: unused variable: `ntotalargs`
   --> src/riscv/ffi.rs:608:5
    |
608 |     mut ntotalargs: ::core::ffi::c_uint,
    |     ^^^^^^^^^^^^^^ help: if this is intentional, prefix it with an underscore: `_ntotalargs`
    |
    = note: `#[warn(unused_variables)]` (part of `#[warn(unused)]`) on by default

warning: unused variable: `flags`
   --> src/closures.rs:962:5
    |
962 |     mut flags: ::core::ffi::c_int,
    |     ^^^^^^^^^ help: if this is intentional, prefix it with an underscore: `_flags`

warning: variable `nfences` is assigned to, but never used
    --> src/closures.rs:1488:9
     |
1488 |     let mut nfences: ::core::ffi::c_int = 0 as ::core::ffi::c_int;
     |         ^^^^^^^^^^^
     |
     = note: consider using `_nfences` instead

warning: unused variable: `flags`
    --> src/closures.rs:5297:5
     |
5297 |     mut flags: ::core::ffi::c_int,
     |     ^^^^^^^^^ help: if this is intentional, prefix it with an underscore: `_flags`

warning: unnecessary `unsafe` block
    --> src/closures.rs:5428:61
     |
5428 | static mut open_temp_exec_file_opts: [C2RustUnnamed_0; 9] = unsafe {
     |                                                             ^^^^^^ unnecessary `unsafe` block
     |
     = note: `#[warn(unused_unsafe)]` (part of `#[warn(unused)]`) on by default

warning: unused variable: `cif`
   --> src/java_raw_api.rs:284:5
    |
284 |     mut cif: *mut ffi_cif,
    |     ^^^^^^^ help: if this is intentional, prefix it with an underscore: `_cif`

warning: unused variable: `rvalue`
   --> src/java_raw_api.rs:285:5
    |
285 |     mut rvalue: *mut ::core::ffi::c_void,
    |     ^^^^^^^^^^ help: if this is intentional, prefix it with an underscore: `_rvalue`

warning: unused variable: `cif`
   --> src/java_raw_api.rs:288:5
    |
288 |     mut cif: *mut ffi_cif,
    |     ^^^^^^^ help: if this is intentional, prefix it with an underscore: `_cif`

warning: unused variable: `rvalue`
   --> src/java_raw_api.rs:289:5
    |
289 |     mut rvalue: *mut ::core::ffi::c_void,
    |     ^^^^^^^^^^ help: if this is intentional, prefix it with an underscore: `_rvalue`

warning: unused unary operation that must be used
    --> src/closures.rs:2049:29
     |
2049 | ...                   !(0 as ::core::ffi::c_int as size_t);
     |                       ^^^^^^^^^^^^^^^^^^^^^^^^^^^^^^^^^^^^ the unary operation produces a value
     |
     = note: `#[warn(unused_must_use)]` (part of `#[warn(unused)]`) on by default
help: use `let _ = ...` to ignore the resulting value
     |
2049 |                             let _ = !(0 as ::core::ffi::c_int as size_t);
     |                             +++++++

warning: unused comparison that must be used
    --> src/closures.rs:5635:25
     |
5635 |                         ftruncate(execfd, offset as __off_t) != 0 as ::core::ffi::c_int;
     |                         ^^^^^^^^^^^^^^^^^^^^^^^^^^^^^^^^^^^^^^^^^^^^^^^^^^^^^^^^^^^^^^^ the comparison produces a value
     |
help: use `let _ = ...` to ignore the resulting value
     |
5635 |                         let _ = ftruncate(execfd, offset as __off_t) != 0 as ::core::ffi::c_int;
     |                         +++++++

warning: unused comparison that must be used
    --> src/closures.rs:5649:25
     |
5649 |                         ftruncate(execfd, offset as __off_t) != 0 as ::core::ffi::c_int;
     |                         ^^^^^^^^^^^^^^^^^^^^^^^^^^^^^^^^^^^^^^^^^^^^^^^^^^^^^^^^^^^^^^^ the comparison produces a value
     |
help: use `let _ = ...` to ignore the resulting value
     |
5649 |                         let _ = ftruncate(execfd, offset as __off_t) != 0 as ::core::ffi::c_int;
     |                         +++++++

warning: `ffi_prep_closure_loc` redeclared with a different signature
  --> src/prep_cif.rs:4:5
   |
 4 | /     fn ffi_prep_closure_loc(
 5 | |         _: *mut ffi_closure,
 6 | |         _: *mut ffi_cif,
 7 | |         fun: Option<
...  |
16 | |         codeloc: *mut ::core::ffi::c_void,
17 | |     ) -> ffi_status;
   | |____________________^ this signature doesn't match the previous declaration
   |
  ::: src/java_raw_api.rs:2:5
   |
 2 | /     fn ffi_prep_closure_loc(
 3 | |         _: *mut ffi_closure,
 4 | |         _: *mut ffi_cif,
 5 | |         fun: Option<
...  |
14 | |         codeloc: *mut ::core::ffi::c_void,
15 | |     ) -> ffi_status;
   | |____________________- `ffi_prep_closure_loc` previously declared here
   |
   = note: expected `unsafe extern "C" fn(*mut java_raw_api::ffi_closure, *mut java_raw_api::ffi_cif, Option<unsafe extern "C" fn(*mut java_raw_api::ffi_cif, *mut c_void, *mut *mut c_void, *mut c_void)>, *mut c_void, *mut c_void) -> u32`
              found `unsafe extern "C" fn(*mut prep_cif::ffi_closure, *mut prep_cif::ffi_cif, Option<unsafe extern "C" fn(*mut prep_cif::ffi_cif, *mut c_void, *mut *mut c_void, *mut c_void)>, *mut c_void, *mut c_void) -> u32`
   = note: `#[warn(clashing_extern_declarations)]` on by default

warning: `ffi_prep_closure_loc` redeclared with a different signature
  --> src/raw_api.rs:2:5
   |
 2 | /     fn ffi_prep_closure_loc(
 3 | |         _: *mut ffi_closure,
 4 | |         _: *mut ffi_cif,
 5 | |         fun: Option<
...  |
14 | |         codeloc: *mut ::core::ffi::c_void,
15 | |     ) -> ffi_status;
   | |____________________^ this signature doesn't match the previous declaration
   |
  ::: src/java_raw_api.rs:2:5
   |
 2 | /     fn ffi_prep_closure_loc(
 3 | |         _: *mut ffi_closure,
 4 | |         _: *mut ffi_cif,
 5 | |         fun: Option<
...  |
14 | |         codeloc: *mut ::core::ffi::c_void,
15 | |     ) -> ffi_status;
   | |____________________- `ffi_prep_closure_loc` previously declared here
   |
   = note: expected `unsafe extern "C" fn(*mut java_raw_api::ffi_closure, *mut java_raw_api::ffi_cif, Option<unsafe extern "C" fn(*mut java_raw_api::ffi_cif, *mut c_void, *mut *mut c_void, *mut c_void)>, *mut c_void, *mut c_void) -> u32`
              found `unsafe extern "C" fn(*mut raw_api::ffi_closure, *mut raw_api::ffi_cif, Option<unsafe extern "C" fn(*mut raw_api::ffi_cif, *mut c_void, *mut *mut c_void, *mut c_void)>, *mut c_void, *mut c_void) -> u32`

warning: `write` redeclared with a different signature
  --> src/tramp.rs:29:5
   |
29 | /     fn write(
30 | |         __fd: ::core::ffi::c_int,
31 | |         __buf: *const ::core::ffi::c_void,
32 | |         __n: size_t,
33 | |     ) -> ssize_t;
   | |_________________^ this signature doesn't match the previous declaration
   |
  ::: src/closures.rs:40:5
   |
40 | /     fn write(
41 | |         __fd: ::core::ffi::c_int,
42 | |         __buf: *const ::core::ffi::c_void,
43 | |         __n: size_t,
44 | |     ) -> ssize_t;
   | |_________________- `write` previously declared here
   |
   = note: expected `unsafe extern "C" fn(i32, *const c_void, usize) -> isize`
              found `unsafe extern "C" fn(i32, *const c_void, usize) -> i64`

warning: `libffi-c2rust-riscv64gc` (lib) generated 15 warnings (run `cargo fix --lib -p libffi-c2rust-riscv64gc` to apply 7 suggestions)
    Finished `dev` profile [unoptimized + debuginfo] target(s) in 0.23s
