+ curl https://sh.rustup.rs -sSf
+ sh -s -- -y --profile minimal --default-toolchain stable
info: downloading installer
warn: It looks like you have an existing rustup settings file at:
warn: /root/.rustup/settings.toml
warn: Rustup will install the default toolchain as specified in the settings file,
warn: instead of the one inferred from the default host triple.
info: profile set to minimal
info: default host triple is aarch64-unknown-linux-gnu
info: syncing channel updates for stable-aarch64-unknown-linux-gnu
info: latest update on 2026-07-16 for version 1.97.1 (8bab26f4f 2026-07-14)
info: downloading 3 components
info: default toolchain set to stable-aarch64-unknown-linux-gnu

  stable-aarch64-unknown-linux-gnu installed - rustc 1.97.1 (8bab26f4f 2026-07-14)


Rust is installed now. Great!

To get started you may need to restart your current shell.
This would reload your PATH environment variable to include
Cargo's bin directory ($HOME/.cargo/bin).

To configure your current shell, you need to source
the corresponding env file under $HOME/.cargo.

This is usually done by running one of the following (note the leading DOT):
. "$HOME/.cargo/env"            # For sh/bash/zsh/ash/dash/pdksh
source "$HOME/.cargo/env.fish"  # For fish
source "~/.cargo/env.nu"  # For nushell
source "$HOME/.cargo/env.tcsh"  # For tcsh
. "$HOME/.cargo/env.ps1"        # For pwsh
source "$HOME/.cargo/env.xsh"   # For xonsh
+ source /root/.cargo/env
++ case ":${PATH}:" in
++ export PATH=/root/.cargo/bin:/usr/local/sbin:/usr/local/bin:/usr/sbin:/usr/bin:/sbin:/bin
++ PATH=/root/.cargo/bin:/usr/local/sbin:/usr/local/bin:/usr/sbin:/usr/bin:/sbin:/bin
+ rustup target add riscv64gc-unknown-linux-gnu
info: downloading component rust-std
+ export LLVM_CONFIG_PATH=/usr/bin/llvm-config-18 LIBCLANG_PATH=/usr/lib/llvm-18/lib
+ LLVM_CONFIG_PATH=/usr/bin/llvm-config-18
+ LIBCLANG_PATH=/usr/lib/llvm-18/lib
+ cargo install c2rust --version 0.22.1 --locked
    Updating crates.io index
 Downloading crates ...
  Downloaded c2rust v0.22.1
  Installing c2rust v0.22.1
    Updating crates.io index
warning: package `pest_derive v2.6.0` in Cargo.lock is yanked in registry `crates-io`, consider running without --locked
warning: package `pest_meta v2.6.0` in Cargo.lock is yanked in registry `crates-io`, consider running without --locked
warning: package `pest v2.6.0` in Cargo.lock is yanked in registry `crates-io`, consider running without --locked
warning: package `pest_generator v2.6.0` in Cargo.lock is yanked in registry `crates-io`, consider running without --locked
warning: package `hermit-abi v0.3.1` in Cargo.lock is yanked in registry `crates-io`, consider running without --locked
    Updating crates.io index
 Downloading crates ...
  Downloaded c2rust-bitfields v0.22.1
  Downloaded cfg-if v1.0.0
  Downloaded linked-hash-map v0.5.6
  Downloaded cpufeatures v0.2.17
  Downloaded print_bytes v1.2.0
  Downloaded humantime v2.1.0
  Downloaded once_cell v1.21.2
  Downloaded c2rust-transpile v0.22.1
  Downloaded handlebars v4.3.7
  Downloaded ryu v1.0.13
  Downloaded either v1.8.1
  Downloaded serde_derive v1.0.219
  Downloaded pest_derive v2.6.0
  Downloaded addr2line v0.19.0
  Downloaded strum v0.24.1
  Downloaded strsim v0.10.0
  Downloaded thiserror-impl v1.0.40
  Downloaded clap_lex v0.2.4
  Downloaded strum_macros v0.24.3
  Downloaded hashbrown v0.12.3
  Downloaded sha2 v0.10.8
  Downloaded shlex v1.3.0
  Downloaded synstructure v0.12.6
  Downloaded termcolor v1.2.0
  Downloaded thiserror v1.0.40
  Downloaded typenum v1.16.0
  Downloaded smallvec v1.15.1
  Downloaded tempfile v3.20.0
  Downloaded log-reroute v0.1.8
  Downloaded unicode-xid v0.2.4
  Downloaded c2rust-build-paths v0.22.1
  Downloaded pathdiff v0.2.1
  Downloaded textwrap v0.16.0
  Downloaded colored v2.0.0
  Downloaded syn v1.0.109
  Downloaded serde_json v1.0.96
  Downloaded is-terminal v0.4.7
  Downloaded which v4.4.0
  Downloaded c2rust-ast-builder v0.22.1
  Downloaded dtoa v1.0.6
  Downloaded pest_generator v2.6.0
  Downloaded proc-macro-error v1.0.4
  Downloaded syn v2.0.106
  Downloaded autocfg v1.1.0
  Downloaded c2rust-bitfields-derive v0.22.1
  Downloaded crypto-common v0.1.6
  Downloaded is_executable v1.0.1
  Downloaded lazycell v1.3.0
  Downloaded serde_bytes v0.11.9
  Downloaded block-buffer v0.10.4
  Downloaded heck v0.4.1
  Downloaded serde_bencode v0.2.3
  Downloaded version_check v0.9.4
  Downloaded failure_derive v0.1.8
  Downloaded generic-array v0.14.7
  Downloaded itoa v1.0.6
  Downloaded quote v1.0.40
  Downloaded bitflags v1.3.2
  Downloaded io-lifetimes v1.0.10
  Downloaded pest_meta v2.6.0
  Downloaded failure v0.1.8
  Downloaded glob v0.3.1
  Downloaded libloading v0.7.4
  Downloaded proc-macro-error-attr v1.0.4
  Downloaded rustversion v1.0.12
  Downloaded cexpr v0.6.0
  Downloaded cmake v0.1.50
  Downloaded bitflags v2.9.1
  Downloaded clang-sys v1.6.1
  Downloaded proc-macro2 v1.0.103
  Downloaded ucd-trie v0.1.5
  Downloaded log v0.4.17
  Downloaded fastrand v2.3.0
  Downloaded atty v0.2.14
  Downloaded lazy_static v1.4.0
  Downloaded rustc-hash v1.1.0
  Downloaded adler v1.0.2
  Downloaded errno v0.3.13
  Downloaded c2rust-ast-printer v0.22.1
  Downloaded anyhow v1.0.75
  Downloaded serde v1.0.219
  Downloaded env_logger v0.10.0
  Downloaded aho-corasick v1.0.1
  Downloaded arc-swap v1.6.0
  Downloaded rustc-demangle v0.1.23
  Downloaded clap_derive v3.2.25
  Downloaded digest v0.10.7
  Downloaded backtrace v0.3.67
  Downloaded colored v1.9.3
  Downloaded os_str_bytes v6.5.0
  Downloaded indexmap v1.9.3
  Downloaded miniz_oxide v0.6.2
  Downloaded prettyplease v0.2.32
  Downloaded half v1.8.2
  Downloaded yaml-rust v0.4.5
  Downloaded c2rust-ast-exporter v0.22.1
  Downloaded getrandom v0.3.3
  Downloaded pest v2.6.0
  Downloaded unicode-ident v1.0.22
  Downloaded memchr v2.5.0
  Downloaded cc v1.0.79
  Downloaded minimal-lexical v0.2.1
  Downloaded serde_cbor v0.11.2
  Downloaded nom v7.1.3
  Downloaded itertools v0.10.5
  Downloaded clap v3.2.25
  Downloaded bindgen v0.69.5
  Downloaded regex v1.8.1
  Downloaded fern v0.6.2
  Downloaded object v0.30.3
  Downloaded regex-syntax v0.7.1
  Downloaded rustix v0.37.25
  Downloaded rustix v1.0.7
error: failed to compile `c2rust v0.22.1`, intermediate artifacts can be found at `/tmp/cargo-installMoqeb6`.
To reuse those artifacts with a future compilation, set the environment variable `CARGO_BUILD_BUILD_DIR` to that path.

Caused by:
  failed to open `/root/.cargo/registry/cache/index.crates.io-1949cf8c6b5b557f/rustix-1.0.7.crate`

Caused by:
  Input/output error (os error 5)
exec /usr/bin/bash: input/output error
error: process didn't exit successfully: `/root/.rustup/toolchains/stable-aarch64-unknown-linux-gnu/bin/rustc -vV` (signal: 7, SIGBUS: access to undefined memory)
bash: line 1: c2rust: command not found
Cloning into '/src'...
HEAD is now at 893bd63 minor fixes
info: downloading installer
warn: It looks like you have an existing rustup settings file at:
warn: /root/.rustup/settings.toml
warn: Rustup will install the default toolchain as specified in the settings file,
warn: instead of the one inferred from the default host triple.
info: profile set to minimal
info: default host triple is aarch64-unknown-linux-gnu
info: syncing channel updates for stable-aarch64-unknown-linux-gnu
info: latest update on 2026-07-16 for version 1.97.1 (8bab26f4f 2026-07-14)
info: downloading 3 components
info: default toolchain set to stable-aarch64-unknown-linux-gnu

  stable-aarch64-unknown-linux-gnu installed - rustc 1.97.1 (8bab26f4f 2026-07-14)


Rust is installed now. Great!

To get started you may need to restart your current shell.
This would reload your PATH environment variable to include
Cargo's bin directory ($HOME/.cargo/bin).

To configure your current shell, you need to source
the corresponding env file under $HOME/.cargo.

This is usually done by running one of the following (note the leading DOT):
. "$HOME/.cargo/env"            # For sh/bash/zsh/ash/dash/pdksh
source "$HOME/.cargo/env.fish"  # For fish
source "~/.cargo/env.nu"  # For nushell
source "$HOME/.cargo/env.tcsh"  # For tcsh
. "$HOME/.cargo/env.ps1"        # For pwsh
source "$HOME/.cargo/env.xsh"   # For xonsh
info: downloading component rust-std
    Updating crates.io index
 Downloading crates ...
  Downloaded c2rust v0.22.1
  Installing c2rust v0.22.1
    Updating crates.io index
warning: package `hermit-abi v0.3.1` in Cargo.lock is yanked in registry `crates-io`, consider running without --locked
warning: package `pest v2.6.0` in Cargo.lock is yanked in registry `crates-io`, consider running without --locked
warning: package `pest_derive v2.6.0` in Cargo.lock is yanked in registry `crates-io`, consider running without --locked
warning: package `pest_generator v2.6.0` in Cargo.lock is yanked in registry `crates-io`, consider running without --locked
warning: package `pest_meta v2.6.0` in Cargo.lock is yanked in registry `crates-io`, consider running without --locked
    Updating crates.io index
 Downloading crates ...
  Downloaded adler v1.0.2
  Downloaded atty v0.2.14
  Downloaded c2rust-ast-printer v0.22.1
  Downloaded cfg-if v1.0.0
  Downloaded c2rust-bitfields v0.22.1
  Downloaded c2rust-build-paths v0.22.1
  Downloaded c2rust-bitfields-derive v0.22.1
  Downloaded clap_lex v0.2.4
  Downloaded cpufeatures v0.2.17
  Downloaded errno v0.3.13
  Downloaded strsim v0.10.0
  Downloaded crypto-common v0.1.6
  Downloaded failure_derive v0.1.8
  Downloaded generic-array v0.14.7
  Downloaded thiserror v1.0.40
  Downloaded is_executable v1.0.1
  Downloaded either v1.8.1
  Downloaded heck v0.4.1
  Downloaded unicode-xid v0.2.4
  Downloaded thiserror-impl v1.0.40
  Downloaded fastrand v2.3.0
  Downloaded lazycell v1.3.0
  Downloaded strum v0.24.1
  Downloaded pathdiff v0.2.1
  Downloaded proc-macro-error-attr v1.0.4
  Downloaded sha2 v0.10.8
  Downloaded synstructure v0.12.6
  Downloaded textwrap v0.16.0
  Downloaded typenum v1.16.0
  Downloaded is-terminal v0.4.7
  Downloaded serde_derive v1.0.219
  Downloaded linked-hash-map v0.5.6
  Downloaded log-reroute v0.1.8
  Downloaded print_bytes v1.2.0
  Downloaded itoa v1.0.6
  Downloaded serde_json v1.0.96
  Downloaded which v4.4.0
  Downloaded syn v1.0.109
  Downloaded serde_bytes v0.11.9
  Downloaded rustc-hash v1.1.0
  Downloaded block-buffer v0.10.4
  Downloaded cexpr v0.6.0
  Downloaded bitflags v1.3.2
  Downloaded autocfg v1.1.0
  Downloaded c2rust-ast-builder v0.22.1
  Downloaded dtoa v1.0.6
  Downloaded cmake v0.1.50
  Downloaded libloading v0.7.4
  Downloaded serde_bencode v0.2.3
  Downloaded colored v1.9.3
  Downloaded digest v0.10.7
  Downloaded lazy_static v1.4.0
  Downloaded glob v0.3.1
  Downloaded humantime v2.1.0
  Downloaded pest_generator v2.6.0
  Downloaded shlex v1.3.0
  Downloaded version_check v0.9.4
  Downloaded rustversion v1.0.12
  Downloaded pest_derive v2.6.0
  Downloaded rustc-demangle v0.1.23
  Downloaded bitflags v2.9.1
  Downloaded os_str_bytes v6.5.0
  Downloaded addr2line v0.19.0
  Downloaded anyhow v1.0.75
  Downloaded clap_derive v3.2.25
  Downloaded colored v2.0.0
  Downloaded clang-sys v1.6.1
  Downloaded io-lifetimes v1.0.10
  Downloaded termcolor v1.2.0
  Downloaded failure v0.1.8
  Downloaded ryu v1.0.13
  Downloaded unicode-ident v1.0.22
  Downloaded log v0.4.17
  Downloaded once_cell v1.21.2
  Downloaded env_logger v0.10.0
  Downloaded proc-macro-error v1.0.4
  Downloaded pest_meta v2.6.0
  Downloaded half v1.8.2
  Downloaded ucd-trie v0.1.5
  Downloaded yaml-rust v0.4.5
  Downloaded quote v1.0.40
  Downloaded c2rust-ast-exporter v0.22.1
  Downloaded strum_macros v0.24.3
  Downloaded smallvec v1.15.1
  Downloaded tempfile v3.20.0
  Downloaded indexmap v1.9.3
  Downloaded serde_cbor v0.11.2
  Downloaded miniz_oxide v0.6.2
  Downloaded cc v1.0.79
  Downloaded arc-swap v1.6.0
  Downloaded getrandom v0.3.3
  Downloaded memchr v2.5.0
  Downloaded proc-macro2 v1.0.103
  Downloaded backtrace v0.3.67
  Downloaded prettyplease v0.2.32
  Downloaded serde v1.0.219
  Downloaded hashbrown v0.12.3
  Downloaded handlebars v4.3.7
  Downloaded minimal-lexical v0.2.1
  Downloaded pest v2.6.0
  Downloaded c2rust-transpile v0.22.1
  Downloaded itertools v0.10.5
  Downloaded nom v7.1.3
  Downloaded aho-corasick v1.0.1
  Downloaded bindgen v0.69.5
  Downloaded clap v3.2.25
  Downloaded object v0.30.3
  Downloaded regex v1.8.1
  Downloaded fern v0.6.2
  Downloaded syn v2.0.106
  Downloaded regex-syntax v0.7.1
  Downloaded rustix v0.37.25
  Downloaded rustix v1.0.7
  Downloaded gimli v0.27.2
  Downloaded libc v0.2.174
  Downloaded linux-raw-sys v0.3.7
  Downloaded linux-raw-sys v0.9.4
   Compiling proc-macro2 v1.0.103
   Compiling unicode-ident v1.0.22
   Compiling libc v0.2.174
   Compiling memchr v2.5.0
   Compiling log v0.4.17
   Compiling io-lifetimes v1.0.10
   Compiling rustix v0.37.25
   Compiling quote v1.0.40
   Compiling syn v2.0.106
   Compiling serde v1.0.219
   Compiling thiserror v1.0.40
   Compiling cfg-if v1.0.0
   Compiling syn v1.0.109
   Compiling glob v0.3.1
   Compiling cc v1.0.79
   Compiling clang-sys v1.6.1
   Compiling prettyplease v0.2.32
   Compiling version_check v0.9.4
   Compiling thiserror-impl v1.0.40
   Compiling aho-corasick v1.0.1
   Compiling either v1.8.1
   Compiling minimal-lexical v0.2.1
   Compiling linux-raw-sys v0.3.7
   Compiling bitflags v1.3.2
   Compiling regex-syntax v0.7.1
   Compiling nom v7.1.3
   Compiling regex v1.8.1
   Compiling libloading v0.7.4
   Compiling bindgen v0.69.5
   Compiling ucd-trie v0.1.5
   Compiling pest v2.6.0
   Compiling cexpr v0.6.0
   Compiling is-terminal v0.4.7
   Compiling which v4.4.0
   Compiling itertools v0.10.5
   Compiling proc-macro-error-attr v1.0.4
   Compiling atty v0.2.14
   Compiling bitflags v2.9.1
   Compiling humantime v2.1.0
   Compiling once_cell v1.21.2
   Compiling termcolor v1.2.0
   Compiling shlex v1.3.0
   Compiling lazycell v1.3.0
   Compiling autocfg v1.1.0
   Compiling print_bytes v1.2.0
   Compiling rustc-hash v1.1.0
   Compiling lazy_static v1.4.0
   Compiling indexmap v1.9.3
   Compiling c2rust-build-paths v0.22.1
   Compiling env_logger v0.10.0
   Compiling pest_meta v2.6.0
   Compiling proc-macro-error v1.0.4
   Compiling backtrace v0.3.67
   Compiling cmake v0.1.50
   Compiling adler v1.0.2
   Compiling failure_derive v0.1.8
   Compiling gimli v0.27.2
   Compiling rustix v1.0.7
   Compiling getrandom v0.3.3
   Compiling heck v0.4.1
   Compiling rustversion v1.0.12
   Compiling unicode-xid v0.2.4
   Compiling serde_json v1.0.96
   Compiling synstructure v0.12.6
   Compiling c2rust-ast-exporter v0.22.1
   Compiling addr2line v0.19.0
   Compiling miniz_oxide v0.6.2
   Compiling pest_generator v2.6.0
   Compiling object v0.30.3
   Compiling serde_bytes v0.11.9
   Compiling itoa v1.0.6
   Compiling half v1.8.2
   Compiling rustc-demangle v0.1.23
   Compiling hashbrown v0.12.3
   Compiling linux-raw-sys v0.9.4
   Compiling ryu v1.0.13
   Compiling serde_cbor v0.11.2
   Compiling pest_derive v2.6.0
   Compiling colored v1.9.3
   Compiling c2rust-bitfields-derive v0.22.1
   Compiling anyhow v1.0.75
   Compiling arc-swap v1.6.0
   Compiling fastrand v2.3.0
   Compiling os_str_bytes v6.5.0
   Compiling linked-hash-map v0.5.6
   Compiling yaml-rust v0.4.5
   Compiling clap_lex v0.2.4
   Compiling tempfile v3.20.0
   Compiling log-reroute v0.1.8
   Compiling c2rust-bitfields v0.22.1
   Compiling fern v0.6.2
   Compiling strum_macros v0.24.3
   Compiling failure v0.1.8
   Compiling c2rust-ast-printer v0.22.1
   Compiling clap_derive v3.2.25
   Compiling handlebars v4.3.7
   Compiling c2rust-ast-builder v0.22.1
   Compiling serde_bencode v0.2.3
   Compiling colored v2.0.0
   Compiling serde_derive v1.0.219
   Compiling smallvec v1.15.1
   Compiling strum v0.24.1
   Compiling strsim v0.10.0
   Compiling textwrap v0.16.0
   Compiling dtoa v1.0.6
   Compiling pathdiff v0.2.1
   Compiling clap v3.2.25
   Compiling is_executable v1.0.1
   Compiling c2rust-transpile v0.22.1
   Compiling c2rust v0.22.1
    Finished `release` profile [optimized] target(s) in 1m 20s
  Installing /root/.cargo/bin/c2rust
  Installing /root/.cargo/bin/c2rust-transpile
   Installed package `c2rust v0.22.1` (executables `c2rust`, `c2rust-transpile`)
C2Rust 0.22.1
rustc 1.97.1 (8bab26f4f 2026-07-14)
