make  all-recursive
make[1]: Entering directory '/home/ubuntu/work/build'
Making all in include
make[2]: Entering directory '/home/ubuntu/work/build/include'
make[2]: Nothing to be done for 'all'.
make[2]: Leaving directory '/home/ubuntu/work/build/include'
Making all in testsuite
make[2]: Entering directory '/home/ubuntu/work/build/testsuite'
make[2]: Nothing to be done for 'all'.
make[2]: Leaving directory '/home/ubuntu/work/build/testsuite'
Making all in man
make[2]: Entering directory '/home/ubuntu/work/build/man'
make[2]: Nothing to be done for 'all'.
make[2]: Leaving directory '/home/ubuntu/work/build/man'
Making all in doc
make[2]: Entering directory '/home/ubuntu/work/build/doc'
restore=: && backupdir=".am$$" && \
am__cwd=`pwd` && CDPATH="${ZSH_VERSION+.}:" && cd ../../../libffi-rs/libffi-sys-rs/libffi/doc && \
rm -rf $backupdir && mkdir $backupdir && \
if (/bin/bash '/home/ubuntu/libffi-rs/libffi-sys-rs/libffi/missing' makeinfo --version) >/dev/null 2>&1; then \
  for f in ../../../libffi-rs/libffi-sys-rs/libffi/doc/libffi.info ../../../libffi-rs/libffi-sys-rs/libffi/doc/libffi.info-[0-9] ../../../libffi-rs/libffi-sys-rs/libffi/doc/libffi.info-[0-9][0-9] ../../../libffi-rs/libffi-sys-rs/libffi/doc/libffi.i[0-9] ../../../libffi-rs/libffi-sys-rs/libffi/doc/libffi.i[0-9][0-9]; do \
    if test -f $f; then mv $f $backupdir; restore=mv; else :; fi; \
  done; \
else :; fi && \
cd "$am__cwd"; \
if /bin/bash '/home/ubuntu/libffi-rs/libffi-sys-rs/libffi/missing' makeinfo   -I ../../../libffi-rs/libffi-sys-rs/libffi/doc \
 -o ../../../libffi-rs/libffi-sys-rs/libffi/doc/libffi.info ../../../libffi-rs/libffi-sys-rs/libffi/doc/libffi.texi; \
then \
  rc=0; \
  CDPATH="${ZSH_VERSION+.}:" && cd ../../../libffi-rs/libffi-sys-rs/libffi/doc; \
else \
  rc=$?; \
  CDPATH="${ZSH_VERSION+.}:" && cd ../../../libffi-rs/libffi-sys-rs/libffi/doc && \
  $restore $backupdir/* `echo "./../../../libffi-rs/libffi-sys-rs/libffi/doc/libffi.info" | sed 's|[^/]*$||'`; \
fi; \
rm -rf $backupdir; exit $rc
perl: warning: Setting locale failed.
perl: warning: Please check that your locale settings:
	LANGUAGE = (unset),
	LC_ALL = (unset),
	LC_CTYPE = "UTF-8",
	LANG = "C.UTF-8"
    are supported and installed on your system.
perl: warning: Falling back to a fallback locale ("C.UTF-8").
make[2]: Leaving directory '/home/ubuntu/work/build/doc'
make[2]: Entering directory '/home/ubuntu/work/build'
depbase=`echo src/prep_cif.lo | sed 's|[^/]*$|.deps/&|;s|\.lo$||'`;\
/bin/bash ./libtool  --tag=CC   --mode=compile powerpc64le-linux-musl-gcc -DHAVE_CONFIG_H -I. -I../../libffi-rs/libffi-sys-rs/libffi  -I. -I../../libffi-rs/libffi-sys-rs/libffi/include -Iinclude -I../../libffi-rs/libffi-sys-rs/libffi/src   -Wall -O2 -g -fno-omit-frame-pointer -fexceptions -MT src/prep_cif.lo -MD -MP -MF $depbase.Tpo -c -o src/prep_cif.lo ../../libffi-rs/libffi-sys-rs/libffi/src/prep_cif.c &&\
mv -f $depbase.Tpo $depbase.Plo
depbase=`echo src/types.lo | sed 's|[^/]*$|.deps/&|;s|\.lo$||'`;\
/bin/bash ./libtool  --tag=CC   --mode=compile powerpc64le-linux-musl-gcc -DHAVE_CONFIG_H -I. -I../../libffi-rs/libffi-sys-rs/libffi  -I. -I../../libffi-rs/libffi-sys-rs/libffi/include -Iinclude -I../../libffi-rs/libffi-sys-rs/libffi/src   -Wall -O2 -g -fno-omit-frame-pointer -fexceptions -MT src/types.lo -MD -MP -MF $depbase.Tpo -c -o src/types.lo ../../libffi-rs/libffi-sys-rs/libffi/src/types.c &&\
mv -f $depbase.Tpo $depbase.Plo
libtool: compile:  powerpc64le-linux-musl-gcc -DHAVE_CONFIG_H -I. -I../../libffi-rs/libffi-sys-rs/libffi -I. -I../../libffi-rs/libffi-sys-rs/libffi/include -Iinclude -I../../libffi-rs/libffi-sys-rs/libffi/src -Wall -O2 -g -fno-omit-frame-pointer -fexceptions -MT src/prep_cif.lo -MD -MP -MF src/.deps/prep_cif.Tpo -c ../../libffi-rs/libffi-sys-rs/libffi/src/prep_cif.c -o src/prep_cif.o
libtool: compile:  powerpc64le-linux-musl-gcc -DHAVE_CONFIG_H -I. -I../../libffi-rs/libffi-sys-rs/libffi -I. -I../../libffi-rs/libffi-sys-rs/libffi/include -Iinclude -I../../libffi-rs/libffi-sys-rs/libffi/src -Wall -O2 -g -fno-omit-frame-pointer -fexceptions -MT src/types.lo -MD -MP -MF src/.deps/types.Tpo -c ../../libffi-rs/libffi-sys-rs/libffi/src/types.c -o src/types.o
depbase=`echo src/raw_api.lo | sed 's|[^/]*$|.deps/&|;s|\.lo$||'`;\
/bin/bash ./libtool  --tag=CC   --mode=compile powerpc64le-linux-musl-gcc -DHAVE_CONFIG_H -I. -I../../libffi-rs/libffi-sys-rs/libffi  -I. -I../../libffi-rs/libffi-sys-rs/libffi/include -Iinclude -I../../libffi-rs/libffi-sys-rs/libffi/src   -Wall -O2 -g -fno-omit-frame-pointer -fexceptions -MT src/raw_api.lo -MD -MP -MF $depbase.Tpo -c -o src/raw_api.lo ../../libffi-rs/libffi-sys-rs/libffi/src/raw_api.c &&\
mv -f $depbase.Tpo $depbase.Plo
depbase=`echo src/java_raw_api.lo | sed 's|[^/]*$|.deps/&|;s|\.lo$||'`;\
/bin/bash ./libtool  --tag=CC   --mode=compile powerpc64le-linux-musl-gcc -DHAVE_CONFIG_H -I. -I../../libffi-rs/libffi-sys-rs/libffi  -I. -I../../libffi-rs/libffi-sys-rs/libffi/include -Iinclude -I../../libffi-rs/libffi-sys-rs/libffi/src   -Wall -O2 -g -fno-omit-frame-pointer -fexceptions -MT src/java_raw_api.lo -MD -MP -MF $depbase.Tpo -c -o src/java_raw_api.lo ../../libffi-rs/libffi-sys-rs/libffi/src/java_raw_api.c &&\
mv -f $depbase.Tpo $depbase.Plo
libtool: compile:  powerpc64le-linux-musl-gcc -DHAVE_CONFIG_H -I. -I../../libffi-rs/libffi-sys-rs/libffi -I. -I../../libffi-rs/libffi-sys-rs/libffi/include -Iinclude -I../../libffi-rs/libffi-sys-rs/libffi/src -Wall -O2 -g -fno-omit-frame-pointer -fexceptions -MT src/raw_api.lo -MD -MP -MF src/.deps/raw_api.Tpo -c ../../libffi-rs/libffi-sys-rs/libffi/src/raw_api.c -o src/raw_api.o
libtool: compile:  powerpc64le-linux-musl-gcc -DHAVE_CONFIG_H -I. -I../../libffi-rs/libffi-sys-rs/libffi -I. -I../../libffi-rs/libffi-sys-rs/libffi/include -Iinclude -I../../libffi-rs/libffi-sys-rs/libffi/src -Wall -O2 -g -fno-omit-frame-pointer -fexceptions -MT src/java_raw_api.lo -MD -MP -MF src/.deps/java_raw_api.Tpo -c ../../libffi-rs/libffi-sys-rs/libffi/src/java_raw_api.c -o src/java_raw_api.o
../../libffi-rs/libffi-sys-rs/libffi/src/java_raw_api.c: In function 'ffi_java_raw_call':
../../libffi-rs/libffi-sys-rs/libffi/src/java_raw_api.c:317:3: warning: 'ffi_java_raw_to_ptrarray' is deprecated [-Wdeprecated-declarations]
  317 |   ffi_java_raw_to_ptrarray (cif, raw, avalue);
      |   ^~~~~~~~~~~~~~~~~~~~~~~~
../../libffi-rs/libffi-sys-rs/libffi/src/java_raw_api.c:76:1: note: declared here
   76 | ffi_java_raw_to_ptrarray (ffi_cif *cif, ffi_java_raw *raw, void **args)
      | ^~~~~~~~~~~~~~~~~~~~~~~~
../../libffi-rs/libffi-sys-rs/libffi/src/java_raw_api.c: In function 'ffi_java_translate_args':
../../libffi-rs/libffi-sys-rs/libffi/src/java_raw_api.c:328:3: warning: 'ffi_java_raw_size' is deprecated [-Wdeprecated-declarations]
  328 |   ffi_java_raw *raw = (ffi_java_raw*)alloca (ffi_java_raw_size (cif));
      |   ^~~~~~~~~~~~
../../libffi-rs/libffi-sys-rs/libffi/src/java_raw_api.c:45:1: note: declared here
   45 | ffi_java_raw_size (ffi_cif *cif)
      | ^~~~~~~~~~~~~~~~~
../../libffi-rs/libffi-sys-rs/libffi/src/java_raw_api.c:331:3: warning: 'ffi_java_ptrarray_to_raw' is deprecated [-Wdeprecated-declarations]
  331 |   ffi_java_ptrarray_to_raw (cif, avalue, raw);
      |   ^~~~~~~~~~~~~~~~~~~~~~~~
../../libffi-rs/libffi-sys-rs/libffi/src/java_raw_api.c:157:1: note: declared here
  157 | ffi_java_ptrarray_to_raw (ffi_cif *cif, void **args, ffi_java_raw *raw)
      | ^~~~~~~~~~~~~~~~~~~~~~~~
../../libffi-rs/libffi-sys-rs/libffi/src/java_raw_api.c: In function 'ffi_prep_java_raw_closure':
../../libffi-rs/libffi-sys-rs/libffi/src/java_raw_api.c:369:3: warning: 'ffi_prep_java_raw_closure_loc' is deprecated [-Wdeprecated-declarations]
  369 |   return ffi_prep_java_raw_closure_loc (cl, cif, fun, user_data, cl);
      |   ^~~~~~
../../libffi-rs/libffi-sys-rs/libffi/src/java_raw_api.c:337:1: note: declared here
  337 | ffi_prep_java_raw_closure_loc (ffi_java_raw_closure* cl,
      | ^~~~~~~~~~~~~~~~~~~~~~~~~~~~~
depbase=`echo src/closures.lo | sed 's|[^/]*$|.deps/&|;s|\.lo$||'`;\
/bin/bash ./libtool  --tag=CC   --mode=compile powerpc64le-linux-musl-gcc -DHAVE_CONFIG_H -I. -I../../libffi-rs/libffi-sys-rs/libffi  -I. -I../../libffi-rs/libffi-sys-rs/libffi/include -Iinclude -I../../libffi-rs/libffi-sys-rs/libffi/src   -Wall -O2 -g -fno-omit-frame-pointer -fexceptions -MT src/closures.lo -MD -MP -MF $depbase.Tpo -c -o src/closures.lo ../../libffi-rs/libffi-sys-rs/libffi/src/closures.c &&\
mv -f $depbase.Tpo $depbase.Plo
depbase=`echo src/tramp.lo | sed 's|[^/]*$|.deps/&|;s|\.lo$||'`;\
/bin/bash ./libtool  --tag=CC   --mode=compile powerpc64le-linux-musl-gcc -DHAVE_CONFIG_H -I. -I../../libffi-rs/libffi-sys-rs/libffi  -I. -I../../libffi-rs/libffi-sys-rs/libffi/include -Iinclude -I../../libffi-rs/libffi-sys-rs/libffi/src   -Wall -O2 -g -fno-omit-frame-pointer -fexceptions -MT src/tramp.lo -MD -MP -MF $depbase.Tpo -c -o src/tramp.lo ../../libffi-rs/libffi-sys-rs/libffi/src/tramp.c &&\
mv -f $depbase.Tpo $depbase.Plo
libtool: compile:  powerpc64le-linux-musl-gcc -DHAVE_CONFIG_H -I. -I../../libffi-rs/libffi-sys-rs/libffi -I. -I../../libffi-rs/libffi-sys-rs/libffi/include -Iinclude -I../../libffi-rs/libffi-sys-rs/libffi/src -Wall -O2 -g -fno-omit-frame-pointer -fexceptions -MT src/closures.lo -MD -MP -MF src/.deps/closures.Tpo -c ../../libffi-rs/libffi-sys-rs/libffi/src/closures.c -o src/closures.o
libtool: compile:  powerpc64le-linux-musl-gcc -DHAVE_CONFIG_H -I. -I../../libffi-rs/libffi-sys-rs/libffi -I. -I../../libffi-rs/libffi-sys-rs/libffi/include -Iinclude -I../../libffi-rs/libffi-sys-rs/libffi/src -Wall -O2 -g -fno-omit-frame-pointer -fexceptions -MT src/tramp.lo -MD -MP -MF src/.deps/tramp.Tpo -c ../../libffi-rs/libffi-sys-rs/libffi/src/tramp.c -o src/tramp.o
depbase=`echo src/powerpc/ffi.lo | sed 's|[^/]*$|.deps/&|;s|\.lo$||'`;\
/bin/bash ./libtool  --tag=CC   --mode=compile powerpc64le-linux-musl-gcc -DHAVE_CONFIG_H -I. -I../../libffi-rs/libffi-sys-rs/libffi  -I. -I../../libffi-rs/libffi-sys-rs/libffi/include -Iinclude -I../../libffi-rs/libffi-sys-rs/libffi/src   -Wall -O2 -g -fno-omit-frame-pointer -fexceptions -MT src/powerpc/ffi.lo -MD -MP -MF $depbase.Tpo -c -o src/powerpc/ffi.lo ../../libffi-rs/libffi-sys-rs/libffi/src/powerpc/ffi.c &&\
mv -f $depbase.Tpo $depbase.Plo
libtool: compile:  powerpc64le-linux-musl-gcc -DHAVE_CONFIG_H -I. -I../../libffi-rs/libffi-sys-rs/libffi -I. -I../../libffi-rs/libffi-sys-rs/libffi/include -Iinclude -I../../libffi-rs/libffi-sys-rs/libffi/src -Wall -O2 -g -fno-omit-frame-pointer -fexceptions -MT src/powerpc/ffi.lo -MD -MP -MF src/powerpc/.deps/ffi.Tpo -c ../../libffi-rs/libffi-sys-rs/libffi/src/powerpc/ffi.c -o src/powerpc/ffi.o
depbase=`echo src/powerpc/ffi_sysv.lo | sed 's|[^/]*$|.deps/&|;s|\.lo$||'`;\
/bin/bash ./libtool  --tag=CC   --mode=compile powerpc64le-linux-musl-gcc -DHAVE_CONFIG_H -I. -I../../libffi-rs/libffi-sys-rs/libffi  -I. -I../../libffi-rs/libffi-sys-rs/libffi/include -Iinclude -I../../libffi-rs/libffi-sys-rs/libffi/src   -Wall -O2 -g -fno-omit-frame-pointer -fexceptions -MT src/powerpc/ffi_sysv.lo -MD -MP -MF $depbase.Tpo -c -o src/powerpc/ffi_sysv.lo ../../libffi-rs/libffi-sys-rs/libffi/src/powerpc/ffi_sysv.c &&\
mv -f $depbase.Tpo $depbase.Plo
libtool: compile:  powerpc64le-linux-musl-gcc -DHAVE_CONFIG_H -I. -I../../libffi-rs/libffi-sys-rs/libffi -I. -I../../libffi-rs/libffi-sys-rs/libffi/include -Iinclude -I../../libffi-rs/libffi-sys-rs/libffi/src -Wall -O2 -g -fno-omit-frame-pointer -fexceptions -MT src/powerpc/ffi_sysv.lo -MD -MP -MF src/powerpc/.deps/ffi_sysv.Tpo -c ../../libffi-rs/libffi-sys-rs/libffi/src/powerpc/ffi_sysv.c -o src/powerpc/ffi_sysv.o
depbase=`echo src/powerpc/ffi_linux64.lo | sed 's|[^/]*$|.deps/&|;s|\.lo$||'`;\
/bin/bash ./libtool  --tag=CC   --mode=compile powerpc64le-linux-musl-gcc -DHAVE_CONFIG_H -I. -I../../libffi-rs/libffi-sys-rs/libffi  -I. -I../../libffi-rs/libffi-sys-rs/libffi/include -Iinclude -I../../libffi-rs/libffi-sys-rs/libffi/src   -Wall -O2 -g -fno-omit-frame-pointer -fexceptions -MT src/powerpc/ffi_linux64.lo -MD -MP -MF $depbase.Tpo -c -o src/powerpc/ffi_linux64.lo ../../libffi-rs/libffi-sys-rs/libffi/src/powerpc/ffi_linux64.c &&\
mv -f $depbase.Tpo $depbase.Plo
libtool: compile:  powerpc64le-linux-musl-gcc -DHAVE_CONFIG_H -I. -I../../libffi-rs/libffi-sys-rs/libffi -I. -I../../libffi-rs/libffi-sys-rs/libffi/include -Iinclude -I../../libffi-rs/libffi-sys-rs/libffi/src -Wall -O2 -g -fno-omit-frame-pointer -fexceptions -MT src/powerpc/ffi_linux64.lo -MD -MP -MF src/powerpc/.deps/ffi_linux64.Tpo -c ../../libffi-rs/libffi-sys-rs/libffi/src/powerpc/ffi_linux64.c -o src/powerpc/ffi_linux64.o
depbase=`echo src/powerpc/sysv.lo | sed 's|[^/]*$|.deps/&|;s|\.lo$||'`;\
/bin/bash ./libtool  --tag=CC   --mode=compile powerpc64le-linux-musl-gcc -DHAVE_CONFIG_H -I. -I../../libffi-rs/libffi-sys-rs/libffi  -I. -I../../libffi-rs/libffi-sys-rs/libffi/include -Iinclude -I../../libffi-rs/libffi-sys-rs/libffi/src  '-I. -I../../libffi-rs/libffi-sys-rs/libffi/include -Iinclude -I../../libffi-rs/libffi-sys-rs/libffi/src' -O2 -g -fno-omit-frame-pointer -MT src/powerpc/sysv.lo -MD -MP -MF $depbase.Tpo -c -o src/powerpc/sysv.lo ../../libffi-rs/libffi-sys-rs/libffi/src/powerpc/sysv.S &&\
mv -f $depbase.Tpo $depbase.Plo
libtool: compile:  powerpc64le-linux-musl-gcc -DHAVE_CONFIG_H -I. -I../../libffi-rs/libffi-sys-rs/libffi -I. -I../../libffi-rs/libffi-sys-rs/libffi/include -Iinclude -I../../libffi-rs/libffi-sys-rs/libffi/src "-I. -I../../libffi-rs/libffi-sys-rs/libffi/include -Iinclude -I../../libffi-rs/libffi-sys-rs/libffi/src" -O2 -g -fno-omit-frame-pointer -MT src/powerpc/sysv.lo -MD -MP -MF src/powerpc/.deps/sysv.Tpo -c ../../libffi-rs/libffi-sys-rs/libffi/src/powerpc/sysv.S -o src/powerpc/sysv.o
depbase=`echo src/powerpc/ppc_closure.lo | sed 's|[^/]*$|.deps/&|;s|\.lo$||'`;\
/bin/bash ./libtool  --tag=CC   --mode=compile powerpc64le-linux-musl-gcc -DHAVE_CONFIG_H -I. -I../../libffi-rs/libffi-sys-rs/libffi  -I. -I../../libffi-rs/libffi-sys-rs/libffi/include -Iinclude -I../../libffi-rs/libffi-sys-rs/libffi/src  '-I. -I../../libffi-rs/libffi-sys-rs/libffi/include -Iinclude -I../../libffi-rs/libffi-sys-rs/libffi/src' -O2 -g -fno-omit-frame-pointer -MT src/powerpc/ppc_closure.lo -MD -MP -MF $depbase.Tpo -c -o src/powerpc/ppc_closure.lo ../../libffi-rs/libffi-sys-rs/libffi/src/powerpc/ppc_closure.S &&\
mv -f $depbase.Tpo $depbase.Plo
depbase=`echo src/powerpc/linux64.lo | sed 's|[^/]*$|.deps/&|;s|\.lo$||'`;\
/bin/bash ./libtool  --tag=CC   --mode=compile powerpc64le-linux-musl-gcc -DHAVE_CONFIG_H -I. -I../../libffi-rs/libffi-sys-rs/libffi  -I. -I../../libffi-rs/libffi-sys-rs/libffi/include -Iinclude -I../../libffi-rs/libffi-sys-rs/libffi/src  '-I. -I../../libffi-rs/libffi-sys-rs/libffi/include -Iinclude -I../../libffi-rs/libffi-sys-rs/libffi/src' -O2 -g -fno-omit-frame-pointer -MT src/powerpc/linux64.lo -MD -MP -MF $depbase.Tpo -c -o src/powerpc/linux64.lo ../../libffi-rs/libffi-sys-rs/libffi/src/powerpc/linux64.S &&\
mv -f $depbase.Tpo $depbase.Plo
libtool: compile:  powerpc64le-linux-musl-gcc -DHAVE_CONFIG_H -I. -I../../libffi-rs/libffi-sys-rs/libffi -I. -I../../libffi-rs/libffi-sys-rs/libffi/include -Iinclude -I../../libffi-rs/libffi-sys-rs/libffi/src "-I. -I../../libffi-rs/libffi-sys-rs/libffi/include -Iinclude -I../../libffi-rs/libffi-sys-rs/libffi/src" -O2 -g -fno-omit-frame-pointer -MT src/powerpc/ppc_closure.lo -MD -MP -MF src/powerpc/.deps/ppc_closure.Tpo -c ../../libffi-rs/libffi-sys-rs/libffi/src/powerpc/ppc_closure.S -o src/powerpc/ppc_closure.o
libtool: compile:  powerpc64le-linux-musl-gcc -DHAVE_CONFIG_H -I. -I../../libffi-rs/libffi-sys-rs/libffi -I. -I../../libffi-rs/libffi-sys-rs/libffi/include -Iinclude -I../../libffi-rs/libffi-sys-rs/libffi/src "-I. -I../../libffi-rs/libffi-sys-rs/libffi/include -Iinclude -I../../libffi-rs/libffi-sys-rs/libffi/src" -O2 -g -fno-omit-frame-pointer -MT src/powerpc/linux64.lo -MD -MP -MF src/powerpc/.deps/linux64.Tpo -c ../../libffi-rs/libffi-sys-rs/libffi/src/powerpc/linux64.S -o src/powerpc/linux64.o
depbase=`echo src/powerpc/linux64_closure.lo | sed 's|[^/]*$|.deps/&|;s|\.lo$||'`;\
/bin/bash ./libtool  --tag=CC   --mode=compile powerpc64le-linux-musl-gcc -DHAVE_CONFIG_H -I. -I../../libffi-rs/libffi-sys-rs/libffi  -I. -I../../libffi-rs/libffi-sys-rs/libffi/include -Iinclude -I../../libffi-rs/libffi-sys-rs/libffi/src  '-I. -I../../libffi-rs/libffi-sys-rs/libffi/include -Iinclude -I../../libffi-rs/libffi-sys-rs/libffi/src' -O2 -g -fno-omit-frame-pointer -MT src/powerpc/linux64_closure.lo -MD -MP -MF $depbase.Tpo -c -o src/powerpc/linux64_closure.lo ../../libffi-rs/libffi-sys-rs/libffi/src/powerpc/linux64_closure.S &&\
mv -f $depbase.Tpo $depbase.Plo
libtool: compile:  powerpc64le-linux-musl-gcc -DHAVE_CONFIG_H -I. -I../../libffi-rs/libffi-sys-rs/libffi -I. -I../../libffi-rs/libffi-sys-rs/libffi/include -Iinclude -I../../libffi-rs/libffi-sys-rs/libffi/src "-I. -I../../libffi-rs/libffi-sys-rs/libffi/include -Iinclude -I../../libffi-rs/libffi-sys-rs/libffi/src" -O2 -g -fno-omit-frame-pointer -MT src/powerpc/linux64_closure.lo -MD -MP -MF src/powerpc/.deps/linux64_closure.Tpo -c ../../libffi-rs/libffi-sys-rs/libffi/src/powerpc/linux64_closure.S -o src/powerpc/linux64_closure.o
/bin/bash ./libtool  --tag=CC   --mode=link powerpc64le-linux-musl-gcc  -Wall -O2 -g -fno-omit-frame-pointer -fexceptions   -o libffi_convenience.la  src/prep_cif.lo src/types.lo src/raw_api.lo src/java_raw_api.lo src/closures.lo src/tramp.lo   src/powerpc/ffi.lo src/powerpc/ffi_sysv.lo src/powerpc/ffi_linux64.lo src/powerpc/sysv.lo src/powerpc/ppc_closure.lo src/powerpc/linux64.lo src/powerpc/linux64_closure.lo 
/bin/bash ./libtool  --tag=CC   --mode=link powerpc64le-linux-musl-gcc  -Wall -O2 -g -fno-omit-frame-pointer -fexceptions -no-undefined -version-info `grep -v '^#' ../../libffi-rs/libffi-sys-rs/libffi/libtool-version`     -o libffi.la -rpath /usr/local/lib src/prep_cif.lo src/types.lo src/raw_api.lo src/java_raw_api.lo src/closures.lo src/tramp.lo  src/powerpc/ffi.lo src/powerpc/ffi_sysv.lo src/powerpc/ffi_linux64.lo src/powerpc/sysv.lo src/powerpc/ppc_closure.lo src/powerpc/linux64.lo src/powerpc/linux64_closure.lo 
libtool: link: powerpc64le-linux-musl-ar cr .libs/libffi_convenience.a  src/prep_cif.o src/types.o src/raw_api.o src/java_raw_api.o src/closures.o src/tramp.o src/powerpc/ffi.o src/powerpc/ffi_sysv.o src/powerpc/ffi_linux64.o src/powerpc/sysv.o src/powerpc/ppc_closure.o src/powerpc/linux64.o src/powerpc/linux64_closure.o
libtool: link: powerpc64le-linux-musl-ranlib .libs/libffi_convenience.a
libtool: link: powerpc64le-linux-musl-ar cr .libs/libffi.a  src/prep_cif.o src/types.o src/raw_api.o src/java_raw_api.o src/closures.o src/tramp.o src/powerpc/ffi.o src/powerpc/ffi_sysv.o src/powerpc/ffi_linux64.o src/powerpc/sysv.o src/powerpc/ppc_closure.o src/powerpc/linux64.o src/powerpc/linux64_closure.o
libtool: link: powerpc64le-linux-musl-ranlib .libs/libffi.a
libtool: link: ( cd ".libs" && rm -f "libffi_convenience.la" && ln -s "../libffi_convenience.la" "libffi_convenience.la" )
libtool: link: ( cd ".libs" && rm -f "libffi.la" && ln -s "../libffi.la" "libffi.la" )
make[2]: Leaving directory '/home/ubuntu/work/build'
make[1]: Leaving directory '/home/ubuntu/work/build'
