Transpiling ffi.c
../../libffi-rs/libffi-sys-rs/libffi/src/powerpc/ffi_sysv.c:453:21: warning: cast to smaller integer type 'unsigned int' from 'char *' [-Wpointer-to-int-cast]
  453 |     *gpr_base.u++ = (unsigned) (char *) ecif->rvalue;
      |                     ^~~~~~~~~~~~~~~~~~~~~~~~~~~~~~~~
../../libffi-rs/libffi-sys-rs/libffi/src/powerpc/ffi_sysv.c:967:13: error: use of undeclared identifier 'PPC32_LD_R3'
  967 |             return PPC32_SYSV_LD_STRUCT_3;
      |                    ^
../../libffi-rs/libffi-sys-rs/libffi/src/powerpc/ffi_powerpc.h:59:32: note: expanded from macro 'PPC32_SYSV_LD_STRUCT_3'
   59 | #define PPC32_SYSV_LD_STRUCT_3  PPC32_LD_R3
      |                                 ^
../../libffi-rs/libffi-sys-rs/libffi/src/powerpc/ffi_sysv.c:971:13: error: use of undeclared identifier 'PPC32_LD_R3R4'
  971 |             return PPC32_SYSV_LD_STRUCT_5;
      |                    ^
../../libffi-rs/libffi-sys-rs/libffi/src/powerpc/ffi_powerpc.h:60:32: note: expanded from macro 'PPC32_SYSV_LD_STRUCT_5'
   60 | #define PPC32_SYSV_LD_STRUCT_5  PPC32_LD_R3R4
      |                                 ^
../../libffi-rs/libffi-sys-rs/libffi/src/powerpc/ffi_sysv.c:973:13: error: use of undeclared identifier 'PPC32_LD_R3R4'
  973 |             return PPC32_SYSV_LD_STRUCT_6;
      |                    ^
../../libffi-rs/libffi-sys-rs/libffi/src/powerpc/ffi_powerpc.h:61:32: note: expanded from macro 'PPC32_SYSV_LD_STRUCT_6'
   61 | #define PPC32_SYSV_LD_STRUCT_6  PPC32_LD_R3R4
      |                                 ^
../../libffi-rs/libffi-sys-rs/libffi/src/powerpc/ffi_sysv.c:975:13: error: use of undeclared identifier 'PPC32_LD_R3R4'
  975 |             return PPC32_SYSV_LD_STRUCT_7;
      |                    ^
../../libffi-rs/libffi-sys-rs/libffi/src/powerpc/ffi_powerpc.h:62:32: note: expanded from macro 'PPC32_SYSV_LD_STRUCT_7'
   62 | #define PPC32_SYSV_LD_STRUCT_7  PPC32_LD_R3R4
      |                                 ^
../../libffi-rs/libffi-sys-rs/libffi/src/powerpc/ffi_sysv.c:967:13: warning: c2rust: Encountered unsupported BuiltinType kind 488 for type <dependent type>
  967 |             return PPC32_SYSV_LD_STRUCT_3;
      |                    ^~~~~~~~~~~~~~~~~~~~~~
../../libffi-rs/libffi-sys-rs/libffi/src/powerpc/ffi_powerpc.h:59:32: note: expanded from macro 'PPC32_SYSV_LD_STRUCT_3'
   59 | #define PPC32_SYSV_LD_STRUCT_3  PPC32_LD_R3
      |                                 ^
2 warnings and 4 errors generated.
Error while processing /home/ubuntu/libffi-rs/libffi-sys-rs/libffi/src/powerpc/ffi_sysv.c.
Transpiling ffi_sysv.c
[33mwarning:[0m Missing child 108819501413176 of node AstNode { tag: TagReturnStmt, children: [Some(108819501413176)], loc: SrcSpan { fileid: 38, begin_line: 967, begin_column: 6, end_line: 967, end_column: 35 }, type_id: None, rvalue: LValue, macro_expansions: [], macro_expansion_text: None, extras: [] }
Exported Clang AST was invalid. Check warnings above for unimplemented features.
--> /home/ubuntu/libffi-rs/libffi-sys-rs/libffi/src/powerpc/ffi_sysv.c:967:6
 [-Wclang-ast]
[33mwarning:[0m Missing child 108819501413568 of node AstNode { tag: TagReturnStmt, children: [Some(108819501413568)], loc: SrcSpan { fileid: 38, begin_line: 971, begin_column: 6, end_line: 971, end_column: 35 }, type_id: None, rvalue: LValue, macro_expansions: [], macro_expansion_text: None, extras: [] }
Exported Clang AST was invalid. Check warnings above for unimplemented features.
--> /home/ubuntu/libffi-rs/libffi-sys-rs/libffi/src/powerpc/ffi_sysv.c:971:6
 [-Wclang-ast]
[33mwarning:[0m Missing child 108819501413760 of node AstNode { tag: TagReturnStmt, children: [Some(108819501413760)], loc: SrcSpan { fileid: 38, begin_line: 973, begin_column: 6, end_line: 973, end_column: 35 }, type_id: None, rvalue: LValue, macro_expansions: [], macro_expansion_text: None, extras: [] }
Exported Clang AST was invalid. Check warnings above for unimplemented features.
--> /home/ubuntu/libffi-rs/libffi-sys-rs/libffi/src/powerpc/ffi_sysv.c:973:6
 [-Wclang-ast]
[33mwarning:[0m Missing child 108819501413952 of node AstNode { tag: TagReturnStmt, children: [Some(108819501413952)], loc: SrcSpan { fileid: 38, begin_line: 975, begin_column: 6, end_line: 975, end_column: 35 }, type_id: None, rvalue: LValue, macro_expansions: [], macro_expansion_text: None, extras: [] }
Exported Clang AST was invalid. Check warnings above for unimplemented features.
--> /home/ubuntu/libffi-rs/libffi-sys-rs/libffi/src/powerpc/ffi_sysv.c:975:6
 [-Wclang-ast]

thread 'main' (16365) panicked at /home/ubuntu/.cargo/registry/src/index.crates.io-1949cf8c6b5b557f/c2rust-transpile-0.22.1/src/lib.rs:617:13:
Clang AST was invalid
note: run with `RUST_BACKTRACE=1` environment variable to display a backtrace
RC=101
