Transpiling prep_cif.c
Transpiling types.c
Transpiling raw_api.c
../../libffi-rs/libffi-sys-rs/libffi/src/java_raw_api.c:328:46: warning: 'ffi_java_raw_size' is deprecated [-Wdeprecated-declarations]
  328 |   ffi_java_raw *raw = (ffi_java_raw*)alloca (ffi_java_raw_size (cif));
      |                                              ^
include/ffi.h:322:56: note: 'ffi_java_raw_size' has been explicitly marked deprecated here
  322 | size_t ffi_java_raw_size (ffi_cif *cif) __attribute__((deprecated));
      |                                                        ^
../../libffi-rs/libffi-sys-rs/libffi/src/java_raw_api.c:331:3: warning: 'ffi_java_ptrarray_to_raw' is deprecated [-Wdeprecated-declarations]
  331 |   ffi_java_ptrarray_to_raw (cif, avalue, raw);
      |   ^
include/ffi.h:318:93: note: 'ffi_java_ptrarray_to_raw' has been explicitly marked deprecated here
  318 | void ffi_java_ptrarray_to_raw (ffi_cif *cif, void **args, ffi_java_raw *raw) __attribute__((deprecated));
      |                                                                                             ^
2 warnings generated.
Transpiling java_raw_api.c
Transpiling closures.c
Transpiling tramp.c
Transpiling ffi.c
../../libffi-rs/libffi-sys-rs/libffi/src/powerpc/ffi_sysv.c:453:21: warning: cast to smaller integer type 'unsigned int' from 'char *' [-Wpointer-to-int-cast]
  453 |     *gpr_base.u++ = (unsigned) (char *) ecif->rvalue;
      |                     ^~~~~~~~~~~~~~~~~~~~~~~~~~~~~~~~
../../libffi-rs/libffi-sys-rs/libffi/src/powerpc/ffi_sysv.c:967:13: error: use of undeclared identifier 'PPC32_LD_R3'
  967 |             return PPC32_SYSV_LD_STRUCT_3;
      |                    ^
../../libffi-rs/libffi-sys-rs/libffi/src/powerpc/ffi_powerpc.h:59:32: note: expanded from macro 'PPC32_SYSV_LD_STRUCT_3'
   59 | #define PPC32_SYSV_LD_STRUCT_3  PPC32_LD_R3
      |                                 ^
../../libffi-rs/libffi-sys-rs/libffi/src/powerpc/ffi_sysv.c:971:13: error: use of undeclared identifier 'PPC32_LD_R3R4'
  971 |             return PPC32_SYSV_LD_STRUCT_5;
      |                    ^
../../libffi-rs/libffi-sys-rs/libffi/src/powerpc/ffi_powerpc.h:60:32: note: expanded from macro 'PPC32_SYSV_LD_STRUCT_5'
   60 | #define PPC32_SYSV_LD_STRUCT_5  PPC32_LD_R3R4
      |                                 ^
../../libffi-rs/libffi-sys-rs/libffi/src/powerpc/ffi_sysv.c:973:13: error: use of undeclared identifier 'PPC32_LD_R3R4'
  973 |             return PPC32_SYSV_LD_STRUCT_6;
      |                    ^
../../libffi-rs/libffi-sys-rs/libffi/src/powerpc/ffi_powerpc.h:61:32: note: expanded from macro 'PPC32_SYSV_LD_STRUCT_6'
   61 | #define PPC32_SYSV_LD_STRUCT_6  PPC32_LD_R3R4
      |                                 ^
../../libffi-rs/libffi-sys-rs/libffi/src/powerpc/ffi_sysv.c:975:13: error: use of undeclared identifier 'PPC32_LD_R3R4'
  975 |             return PPC32_SYSV_LD_STRUCT_7;
      |                    ^
../../libffi-rs/libffi-sys-rs/libffi/src/powerpc/ffi_powerpc.h:62:32: note: expanded from macro 'PPC32_SYSV_LD_STRUCT_7'
   62 | #define PPC32_SYSV_LD_STRUCT_7  PPC32_LD_R3R4
      |                                 ^
../../libffi-rs/libffi-sys-rs/libffi/src/powerpc/ffi_sysv.c:967:13: warning: c2rust: Encountered unsupported BuiltinType kind 488 for type <dependent type>
  967 |             return PPC32_SYSV_LD_STRUCT_3;
      |                    ^~~~~~~~~~~~~~~~~~~~~~
../../libffi-rs/libffi-sys-rs/libffi/src/powerpc/ffi_powerpc.h:59:32: note: expanded from macro 'PPC32_SYSV_LD_STRUCT_3'
   59 | #define PPC32_SYSV_LD_STRUCT_3  PPC32_LD_R3
      |                                 ^
2 warnings and 4 errors generated.
Error while processing /home/ubuntu/libffi-rs/libffi-sys-rs/libffi/src/powerpc/ffi_sysv.c.
Transpiling ffi_sysv.c
[33mwarning:[0m Missing child 110020249134032 of node AstNode { tag: TagReturnStmt, children: [Some(110020249134032)], loc: SrcSpan { fileid: 38, begin_line: 973, begin_column: 6, end_line: 973, end_column: 35 }, type_id: None, rvalue: LValue, macro_expansions: [], macro_expansion_text: None, extras: [] }
Exported Clang AST was invalid. Check warnings above for unimplemented features.
--> /home/ubuntu/libffi-rs/libffi-sys-rs/libffi/src/powerpc/ffi_sysv.c:973:6
 [-Wclang-ast]
[33mwarning:[0m Missing child 110020249133840 of node AstNode { tag: TagReturnStmt, children: [Some(110020249133840)], loc: SrcSpan { fileid: 38, begin_line: 971, begin_column: 6, end_line: 971, end_column: 35 }, type_id: None, rvalue: LValue, macro_expansions: [], macro_expansion_text: None, extras: [] }
Exported Clang AST was invalid. Check warnings above for unimplemented features.
--> /home/ubuntu/libffi-rs/libffi-sys-rs/libffi/src/powerpc/ffi_sysv.c:971:6
 [-Wclang-ast]
[33mwarning:[0m Missing child 110020249134224 of node AstNode { tag: TagReturnStmt, children: [Some(110020249134224)], loc: SrcSpan { fileid: 38, begin_line: 975, begin_column: 6, end_line: 975, end_column: 35 }, type_id: None, rvalue: LValue, macro_expansions: [], macro_expansion_text: None, extras: [] }
Exported Clang AST was invalid. Check warnings above for unimplemented features.
--> /home/ubuntu/libffi-rs/libffi-sys-rs/libffi/src/powerpc/ffi_sysv.c:975:6
 [-Wclang-ast]
[33mwarning:[0m Missing child 110020247280952 of node AstNode { tag: TagReturnStmt, children: [Some(110020247280952)], loc: SrcSpan { fileid: 38, begin_line: 967, begin_column: 6, end_line: 967, end_column: 35 }, type_id: None, rvalue: LValue, macro_expansions: [], macro_expansion_text: None, extras: [] }
Exported Clang AST was invalid. Check warnings above for unimplemented features.
--> /home/ubuntu/libffi-rs/libffi-sys-rs/libffi/src/powerpc/ffi_sysv.c:967:6
 [-Wclang-ast]

thread 'main' (16917) panicked at /home/ubuntu/.cargo/registry/src/index.crates.io-1949cf8c6b5b557f/c2rust-transpile-0.22.1/src/lib.rs:617:13:
Clang AST was invalid
note: run with `RUST_BACKTRACE=1` environment variable to display a backtrace
RC=101
