   Compiling shlex v2.0.1
   Compiling find-msvc-tools v0.1.10
     Running `AR_powerpc64le_unknown_linux_musl=powerpc64le-linux-musl-ar CARGO=/home/ubuntu/.rustup/toolchains/stable-x86_64-unknown-linux-gnu/bin/cargo CARGO_CRATE_NAME=find_msvc_tools CARGO_MANIFEST_DIR=/home/ubuntu/.cargo/registry/src/index.crates.io-1949cf8c6b5b557f/find-msvc-tools-0.1.10 CARGO_MANIFEST_PATH=/home/ubuntu/.cargo/registry/src/index.crates.io-1949cf8c6b5b557f/find-msvc-tools-0.1.10/Cargo.toml CARGO_PKG_AUTHORS='' CARGO_PKG_DESCRIPTION='Find windows-specific tools, read MSVC versions from the registry and from COM interfaces' CARGO_PKG_HOMEPAGE='' CARGO_PKG_LICENSE='MIT OR Apache-2.0' CARGO_PKG_LICENSE_FILE='' CARGO_PKG_NAME=find-msvc-tools CARGO_PKG_README=README.md CARGO_PKG_REPOSITORY='https://github.com/rust-lang/cc-rs' CARGO_PKG_RUST_VERSION=1.64.0 CARGO_PKG_VERSION=0.1.10 CARGO_PKG_VERSION_MAJOR=0 CARGO_PKG_VERSION_MINOR=1 CARGO_PKG_VERSION_PATCH=10 CARGO_PKG_VERSION_PRE='' CC_powerpc64le_unknown_linux_musl=powerpc64le-linux-musl-gcc LD_LIBRARY_PATH='/home/ubuntu/port/target/release/deps:/home/ubuntu/.rustup/toolchains/stable-x86_64-unknown-linux-gnu/lib' /home/ubuntu/.rustup/toolchains/stable-x86_64-unknown-linux-gnu/bin/rustc --crate-name find_msvc_tools --edition=2021 /home/ubuntu/.cargo/registry/src/index.crates.io-1949cf8c6b5b557f/find-msvc-tools-0.1.10/src/lib.rs --error-format=json --json=diagnostic-rendered-ansi,artifacts,future-incompat --crate-type lib --emit=dep-info,metadata,link -C embed-bitcode=no --allow=unexpected_cfgs --check-cfg 'cfg(disable_clang_cl_tests)' -C debug-assertions=off --check-cfg 'cfg(docsrs,test)' --check-cfg 'cfg(feature, values())' -C metadata=ad611dad52390749 -C extra-filename=-3b0499b7ae7a6b18 --out-dir /home/ubuntu/port/target/release/deps -C strip=debuginfo -L dependency=/home/ubuntu/port/target/release/deps --cap-lints warn`
     Running `AR_powerpc64le_unknown_linux_musl=powerpc64le-linux-musl-ar CARGO=/home/ubuntu/.rustup/toolchains/stable-x86_64-unknown-linux-gnu/bin/cargo CARGO_CRATE_NAME=shlex CARGO_MANIFEST_DIR=/home/ubuntu/.cargo/registry/src/index.crates.io-1949cf8c6b5b557f/shlex-2.0.1 CARGO_MANIFEST_PATH=/home/ubuntu/.cargo/registry/src/index.crates.io-1949cf8c6b5b557f/shlex-2.0.1/Cargo.toml CARGO_PKG_AUTHORS='comex <comexk@gmail.com>:Fenhl <fenhl@fenhl.net>:Adrian Taylor <adetaylor@chromium.org>:Alex Touchet <alextouchet@outlook.com>:Daniel Parks <dp+git@oxidized.org>:Garrett Berg <googberg@gmail.com>' CARGO_PKG_DESCRIPTION='Split a string into shell words, like Python'\''s shlex.' CARGO_PKG_HOMEPAGE='' CARGO_PKG_LICENSE='MIT OR Apache-2.0' CARGO_PKG_LICENSE_FILE='' CARGO_PKG_NAME=shlex CARGO_PKG_README=README.md CARGO_PKG_REPOSITORY='https://github.com/comex/rust-shlex' CARGO_PKG_RUST_VERSION=1.46.0 CARGO_PKG_VERSION=2.0.1 CARGO_PKG_VERSION_MAJOR=2 CARGO_PKG_VERSION_MINOR=0 CARGO_PKG_VERSION_PATCH=1 CARGO_PKG_VERSION_PRE='' CC_powerpc64le_unknown_linux_musl=powerpc64le-linux-musl-gcc LD_LIBRARY_PATH='/home/ubuntu/port/target/release/deps:/home/ubuntu/.rustup/toolchains/stable-x86_64-unknown-linux-gnu/lib' /home/ubuntu/.rustup/toolchains/stable-x86_64-unknown-linux-gnu/bin/rustc --crate-name shlex --edition=2018 /home/ubuntu/.cargo/registry/src/index.crates.io-1949cf8c6b5b557f/shlex-2.0.1/src/lib.rs --error-format=json --json=diagnostic-rendered-ansi,artifacts,future-incompat --crate-type lib --emit=dep-info,metadata,link -C embed-bitcode=no --warn=unexpected_cfgs --check-cfg 'cfg(manual_codegen_check)' -C debug-assertions=off --cfg 'feature="default"' --cfg 'feature="std"' --check-cfg 'cfg(docsrs,test)' --check-cfg 'cfg(feature, values("default", "std"))' -C metadata=fed3122d7b1d936c -C extra-filename=-1619208bf445e570 --out-dir /home/ubuntu/port/target/release/deps -C strip=debuginfo -L dependency=/home/ubuntu/port/target/release/deps --cap-lints warn`
   Compiling cc v1.4.2
     Running `AR_powerpc64le_unknown_linux_musl=powerpc64le-linux-musl-ar CARGO=/home/ubuntu/.rustup/toolchains/stable-x86_64-unknown-linux-gnu/bin/cargo CARGO_CRATE_NAME=cc CARGO_MANIFEST_DIR=/home/ubuntu/.cargo/registry/src/index.crates.io-1949cf8c6b5b557f/cc-1.4.2 CARGO_MANIFEST_PATH=/home/ubuntu/.cargo/registry/src/index.crates.io-1949cf8c6b5b557f/cc-1.4.2/Cargo.toml CARGO_PKG_AUTHORS='' CARGO_PKG_DESCRIPTION='A build-time dependency for Cargo build scripts to assist in invoking the native
C compiler to compile native C code into a static archive to be linked into Rust
code.
' CARGO_PKG_HOMEPAGE='https://github.com/rust-lang/cc-rs' CARGO_PKG_LICENSE='MIT OR Apache-2.0' CARGO_PKG_LICENSE_FILE='' CARGO_PKG_NAME=cc CARGO_PKG_README=README.md CARGO_PKG_REPOSITORY='https://github.com/rust-lang/cc-rs' CARGO_PKG_RUST_VERSION=1.64.0 CARGO_PKG_VERSION=1.4.2 CARGO_PKG_VERSION_MAJOR=1 CARGO_PKG_VERSION_MINOR=4 CARGO_PKG_VERSION_PATCH=2 CARGO_PKG_VERSION_PRE='' CC_powerpc64le_unknown_linux_musl=powerpc64le-linux-musl-gcc LD_LIBRARY_PATH='/home/ubuntu/port/target/release/deps:/home/ubuntu/.rustup/toolchains/stable-x86_64-unknown-linux-gnu/lib' /home/ubuntu/.rustup/toolchains/stable-x86_64-unknown-linux-gnu/bin/rustc --crate-name cc --edition=2021 /home/ubuntu/.cargo/registry/src/index.crates.io-1949cf8c6b5b557f/cc-1.4.2/src/lib.rs --error-format=json --json=diagnostic-rendered-ansi,artifacts,future-incompat --crate-type lib --emit=dep-info,metadata,link -C embed-bitcode=no --allow=unexpected_cfgs --check-cfg 'cfg(disable_clang_cl_tests)' -C debug-assertions=off --check-cfg 'cfg(docsrs,test)' --check-cfg 'cfg(feature, values("jobserver", "parallel"))' -C metadata=d6acc537915fc944 -C extra-filename=-13610d3d47b1e1e6 --out-dir /home/ubuntu/port/target/release/deps -C strip=debuginfo -L dependency=/home/ubuntu/port/target/release/deps --extern find_msvc_tools=/home/ubuntu/port/target/release/deps/libfind_msvc_tools-3b0499b7ae7a6b18.rmeta --extern shlex=/home/ubuntu/port/target/release/deps/libshlex-1619208bf445e570.rmeta --cap-lints warn`
   Compiling libffi-powerpc64le-musl-c2rust v0.1.0 (/home/ubuntu/port)
     Running `AR_powerpc64le_unknown_linux_musl=powerpc64le-linux-musl-ar CARGO=/home/ubuntu/.rustup/toolchains/stable-x86_64-unknown-linux-gnu/bin/cargo CARGO_CRATE_NAME=build_script_build CARGO_MANIFEST_DIR=/home/ubuntu/port CARGO_MANIFEST_PATH=/home/ubuntu/port/Cargo.toml CARGO_PKG_AUTHORS='' CARGO_PKG_DESCRIPTION='C2Rust port of bundled libffi for powerpc64le Linux musl' CARGO_PKG_HOMEPAGE='' CARGO_PKG_LICENSE='MIT OR Apache-2.0' CARGO_PKG_LICENSE_FILE='' CARGO_PKG_NAME=libffi-powerpc64le-musl-c2rust CARGO_PKG_README='' CARGO_PKG_REPOSITORY='' CARGO_PKG_RUST_VERSION='' CARGO_PKG_VERSION=0.1.0 CARGO_PKG_VERSION_MAJOR=0 CARGO_PKG_VERSION_MINOR=1 CARGO_PKG_VERSION_PATCH=0 CARGO_PKG_VERSION_PRE='' CARGO_PRIMARY_PACKAGE=1 CC_powerpc64le_unknown_linux_musl=powerpc64le-linux-musl-gcc LD_LIBRARY_PATH='/home/ubuntu/port/target/release/deps:/home/ubuntu/.rustup/toolchains/stable-x86_64-unknown-linux-gnu/lib' /home/ubuntu/.rustup/toolchains/stable-x86_64-unknown-linux-gnu/bin/rustc --crate-name build_script_build --edition=2021 build.rs --error-format=json --json=diagnostic-rendered-ansi,artifacts,future-incompat --crate-type bin --emit=dep-info,link -C embed-bitcode=no -C debug-assertions=off --check-cfg 'cfg(docsrs,test)' --check-cfg 'cfg(feature, values())' -C metadata=0fb25f5a0a733139 -C extra-filename=-e5a1f94275bd9d9a --out-dir /home/ubuntu/port/target/release/build/libffi-powerpc64le-musl-c2rust-e5a1f94275bd9d9a -C strip=debuginfo -L dependency=/home/ubuntu/port/target/release/deps --extern cc=/home/ubuntu/port/target/release/deps/libcc-13610d3d47b1e1e6.rlib`
     Running `AR_powerpc64le_unknown_linux_musl=powerpc64le-linux-musl-ar CARGO=/home/ubuntu/.rustup/toolchains/stable-x86_64-unknown-linux-gnu/bin/cargo CARGO_CFG_FEATURE='' CARGO_CFG_PANIC=unwind CARGO_CFG_TARGET_ABI=elfv2 CARGO_CFG_TARGET_ARCH=powerpc64 CARGO_CFG_TARGET_ENDIAN=little CARGO_CFG_TARGET_ENV=musl CARGO_CFG_TARGET_FAMILY=unix CARGO_CFG_TARGET_HAS_ATOMIC=16,32,64,8,ptr CARGO_CFG_TARGET_HAS_ATOMIC_PRIMITIVE_ALIGNMENT=16,32,64,8,ptr CARGO_CFG_TARGET_OS=linux CARGO_CFG_TARGET_POINTER_WIDTH=64 CARGO_CFG_TARGET_VENDOR=unknown CARGO_CFG_UNIX='' CARGO_ENCODED_RUSTFLAGS='' CARGO_MANIFEST_DIR=/home/ubuntu/port CARGO_MANIFEST_PATH=/home/ubuntu/port/Cargo.toml CARGO_PKG_AUTHORS='' CARGO_PKG_DESCRIPTION='C2Rust port of bundled libffi for powerpc64le Linux musl' CARGO_PKG_HOMEPAGE='' CARGO_PKG_LICENSE='MIT OR Apache-2.0' CARGO_PKG_LICENSE_FILE='' CARGO_PKG_NAME=libffi-powerpc64le-musl-c2rust CARGO_PKG_README='' CARGO_PKG_REPOSITORY='' CARGO_PKG_RUST_VERSION='' CARGO_PKG_VERSION=0.1.0 CARGO_PKG_VERSION_MAJOR=0 CARGO_PKG_VERSION_MINOR=1 CARGO_PKG_VERSION_PATCH=0 CARGO_PKG_VERSION_PRE='' CC_powerpc64le_unknown_linux_musl=powerpc64le-linux-musl-gcc DEBUG=false HOST=x86_64-unknown-linux-gnu LD_LIBRARY_PATH='/home/ubuntu/port/target/release:/home/ubuntu/port/target/release/deps:/home/ubuntu/.rustup/toolchains/stable-x86_64-unknown-linux-gnu/lib/rustlib/x86_64-unknown-linux-gnu/lib:/home/ubuntu/.rustup/toolchains/stable-x86_64-unknown-linux-gnu/lib' NUM_JOBS=2 OPT_LEVEL=3 OUT_DIR=/home/ubuntu/port/target/powerpc64le-unknown-linux-musl/release/build/libffi-powerpc64le-musl-c2rust-06976aca04fb9869/out PROFILE=release RUSTC=/home/ubuntu/.rustup/toolchains/stable-x86_64-unknown-linux-gnu/bin/rustc RUSTC_LINKER=powerpc64le-linux-musl-gcc RUSTDOC=/home/ubuntu/.rustup/toolchains/stable-x86_64-unknown-linux-gnu/bin/rustdoc TARGET=powerpc64le-unknown-linux-musl /home/ubuntu/port/target/release/build/libffi-powerpc64le-musl-c2rust-e5a1f94275bd9d9a/build-script-build`
[libffi-powerpc64le-musl-c2rust 0.1.0] cargo:rerun-if-env-changed=CC_FORCE_DISABLE
[libffi-powerpc64le-musl-c2rust 0.1.0] CC_FORCE_DISABLE = None
[libffi-powerpc64le-musl-c2rust 0.1.0] cargo:rerun-if-env-changed=CC_powerpc64le-unknown-linux-musl
[libffi-powerpc64le-musl-c2rust 0.1.0] CC_powerpc64le-unknown-linux-musl = None
[libffi-powerpc64le-musl-c2rust 0.1.0] cargo:rerun-if-env-changed=CC_powerpc64le_unknown_linux_musl
[libffi-powerpc64le-musl-c2rust 0.1.0] CC_powerpc64le_unknown_linux_musl = Some(powerpc64le-linux-musl-gcc)
[libffi-powerpc64le-musl-c2rust 0.1.0] cargo:rerun-if-env-changed=CC_KNOWN_WRAPPER_CUSTOM
[libffi-powerpc64le-musl-c2rust 0.1.0] CC_KNOWN_WRAPPER_CUSTOM = None
[libffi-powerpc64le-musl-c2rust 0.1.0] cargo:rerun-if-env-changed=CC_ENABLE_DEBUG_OUTPUT
[libffi-powerpc64le-musl-c2rust 0.1.0] cargo:rerun-if-env-changed=CRATE_CC_NO_DEFAULTS
[libffi-powerpc64le-musl-c2rust 0.1.0] CRATE_CC_NO_DEFAULTS = None
[libffi-powerpc64le-musl-c2rust 0.1.0] cargo:rerun-if-env-changed=CFLAGS
[libffi-powerpc64le-musl-c2rust 0.1.0] CFLAGS = None
[libffi-powerpc64le-musl-c2rust 0.1.0] cargo:rerun-if-env-changed=TARGET_CFLAGS
[libffi-powerpc64le-musl-c2rust 0.1.0] TARGET_CFLAGS = None
[libffi-powerpc64le-musl-c2rust 0.1.0] cargo:rerun-if-env-changed=CFLAGS_powerpc64le_unknown_linux_musl
[libffi-powerpc64le-musl-c2rust 0.1.0] CFLAGS_powerpc64le_unknown_linux_musl = None
[libffi-powerpc64le-musl-c2rust 0.1.0] cargo:rerun-if-env-changed=CFLAGS_powerpc64le-unknown-linux-musl
[libffi-powerpc64le-musl-c2rust 0.1.0] CFLAGS_powerpc64le-unknown-linux-musl = None
[libffi-powerpc64le-musl-c2rust 0.1.0] cargo:rerun-if-env-changed=CC_ENABLE_DEBUG_OUTPUT
[libffi-powerpc64le-musl-c2rust 0.1.0] cargo:rerun-if-env-changed=CRATE_CC_NO_DEFAULTS
[libffi-powerpc64le-musl-c2rust 0.1.0] CRATE_CC_NO_DEFAULTS = None
[libffi-powerpc64le-musl-c2rust 0.1.0] cargo:rerun-if-env-changed=CFLAGS
[libffi-powerpc64le-musl-c2rust 0.1.0] CFLAGS = None
[libffi-powerpc64le-musl-c2rust 0.1.0] cargo:rerun-if-env-changed=TARGET_CFLAGS
[libffi-powerpc64le-musl-c2rust 0.1.0] TARGET_CFLAGS = None
[libffi-powerpc64le-musl-c2rust 0.1.0] cargo:rerun-if-env-changed=CFLAGS_powerpc64le_unknown_linux_musl
[libffi-powerpc64le-musl-c2rust 0.1.0] CFLAGS_powerpc64le_unknown_linux_musl = None
[libffi-powerpc64le-musl-c2rust 0.1.0] cargo:rerun-if-env-changed=CFLAGS_powerpc64le-unknown-linux-musl
[libffi-powerpc64le-musl-c2rust 0.1.0] CFLAGS_powerpc64le-unknown-linux-musl = None
[libffi-powerpc64le-musl-c2rust 0.1.0] cargo:rerun-if-env-changed=CC_powerpc64le-unknown-linux-musl
[libffi-powerpc64le-musl-c2rust 0.1.0] CC_powerpc64le-unknown-linux-musl = None
[libffi-powerpc64le-musl-c2rust 0.1.0] cargo:rerun-if-env-changed=CC_powerpc64le_unknown_linux_musl
[libffi-powerpc64le-musl-c2rust 0.1.0] CC_powerpc64le_unknown_linux_musl = Some(powerpc64le-linux-musl-gcc)
[libffi-powerpc64le-musl-c2rust 0.1.0] cargo:rerun-if-env-changed=CC_KNOWN_WRAPPER_CUSTOM
[libffi-powerpc64le-musl-c2rust 0.1.0] CC_KNOWN_WRAPPER_CUSTOM = None
[libffi-powerpc64le-musl-c2rust 0.1.0] cargo:rerun-if-env-changed=CRATE_CC_NO_DEFAULTS
[libffi-powerpc64le-musl-c2rust 0.1.0] CRATE_CC_NO_DEFAULTS = None
[libffi-powerpc64le-musl-c2rust 0.1.0] cargo:rerun-if-env-changed=CFLAGS
[libffi-powerpc64le-musl-c2rust 0.1.0] CFLAGS = None
[libffi-powerpc64le-musl-c2rust 0.1.0] cargo:rerun-if-env-changed=TARGET_CFLAGS
[libffi-powerpc64le-musl-c2rust 0.1.0] TARGET_CFLAGS = None
[libffi-powerpc64le-musl-c2rust 0.1.0] cargo:rerun-if-env-changed=CFLAGS_powerpc64le_unknown_linux_musl
[libffi-powerpc64le-musl-c2rust 0.1.0] CFLAGS_powerpc64le_unknown_linux_musl = None
[libffi-powerpc64le-musl-c2rust 0.1.0] cargo:rerun-if-env-changed=CFLAGS_powerpc64le-unknown-linux-musl
[libffi-powerpc64le-musl-c2rust 0.1.0] CFLAGS_powerpc64le-unknown-linux-musl = None
[libffi-powerpc64le-musl-c2rust 0.1.0] cargo:rerun-if-env-changed=CC_powerpc64le-unknown-linux-musl
[libffi-powerpc64le-musl-c2rust 0.1.0] CC_powerpc64le-unknown-linux-musl = None
[libffi-powerpc64le-musl-c2rust 0.1.0] cargo:rerun-if-env-changed=CC_powerpc64le_unknown_linux_musl
[libffi-powerpc64le-musl-c2rust 0.1.0] CC_powerpc64le_unknown_linux_musl = Some(powerpc64le-linux-musl-gcc)
[libffi-powerpc64le-musl-c2rust 0.1.0] cargo:rerun-if-env-changed=CC_KNOWN_WRAPPER_CUSTOM
[libffi-powerpc64le-musl-c2rust 0.1.0] CC_KNOWN_WRAPPER_CUSTOM = None
[libffi-powerpc64le-musl-c2rust 0.1.0] cargo:rerun-if-env-changed=CRATE_CC_NO_DEFAULTS
[libffi-powerpc64le-musl-c2rust 0.1.0] CRATE_CC_NO_DEFAULTS = None
[libffi-powerpc64le-musl-c2rust 0.1.0] cargo:rerun-if-env-changed=CFLAGS
[libffi-powerpc64le-musl-c2rust 0.1.0] CFLAGS = None
[libffi-powerpc64le-musl-c2rust 0.1.0] cargo:rerun-if-env-changed=TARGET_CFLAGS
[libffi-powerpc64le-musl-c2rust 0.1.0] TARGET_CFLAGS = None
[libffi-powerpc64le-musl-c2rust 0.1.0] cargo:rerun-if-env-changed=CFLAGS_powerpc64le_unknown_linux_musl
[libffi-powerpc64le-musl-c2rust 0.1.0] CFLAGS_powerpc64le_unknown_linux_musl = None
[libffi-powerpc64le-musl-c2rust 0.1.0] cargo:rerun-if-env-changed=CFLAGS_powerpc64le-unknown-linux-musl
[libffi-powerpc64le-musl-c2rust 0.1.0] CFLAGS_powerpc64le-unknown-linux-musl = None
[libffi-powerpc64le-musl-c2rust 0.1.0] cargo:rerun-if-env-changed=CC_powerpc64le-unknown-linux-musl
[libffi-powerpc64le-musl-c2rust 0.1.0] CC_powerpc64le-unknown-linux-musl = None
[libffi-powerpc64le-musl-c2rust 0.1.0] cargo:rerun-if-env-changed=CC_powerpc64le_unknown_linux_musl
[libffi-powerpc64le-musl-c2rust 0.1.0] CC_powerpc64le_unknown_linux_musl = Some(powerpc64le-linux-musl-gcc)
[libffi-powerpc64le-musl-c2rust 0.1.0] cargo:rerun-if-env-changed=CC_KNOWN_WRAPPER_CUSTOM
[libffi-powerpc64le-musl-c2rust 0.1.0] CC_KNOWN_WRAPPER_CUSTOM = None
[libffi-powerpc64le-musl-c2rust 0.1.0] cargo:rerun-if-env-changed=CRATE_CC_NO_DEFAULTS
[libffi-powerpc64le-musl-c2rust 0.1.0] CRATE_CC_NO_DEFAULTS = None
[libffi-powerpc64le-musl-c2rust 0.1.0] cargo:rerun-if-env-changed=CFLAGS
[libffi-powerpc64le-musl-c2rust 0.1.0] CFLAGS = None
[libffi-powerpc64le-musl-c2rust 0.1.0] cargo:rerun-if-env-changed=TARGET_CFLAGS
[libffi-powerpc64le-musl-c2rust 0.1.0] TARGET_CFLAGS = None
[libffi-powerpc64le-musl-c2rust 0.1.0] cargo:rerun-if-env-changed=CFLAGS_powerpc64le_unknown_linux_musl
[libffi-powerpc64le-musl-c2rust 0.1.0] CFLAGS_powerpc64le_unknown_linux_musl = None
[libffi-powerpc64le-musl-c2rust 0.1.0] cargo:rerun-if-env-changed=CFLAGS_powerpc64le-unknown-linux-musl
[libffi-powerpc64le-musl-c2rust 0.1.0] CFLAGS_powerpc64le-unknown-linux-musl = None
[libffi-powerpc64le-musl-c2rust 0.1.0] cargo:rerun-if-env-changed=AR_powerpc64le-unknown-linux-musl
[libffi-powerpc64le-musl-c2rust 0.1.0] AR_powerpc64le-unknown-linux-musl = None
[libffi-powerpc64le-musl-c2rust 0.1.0] cargo:rerun-if-env-changed=AR_powerpc64le_unknown_linux_musl
[libffi-powerpc64le-musl-c2rust 0.1.0] AR_powerpc64le_unknown_linux_musl = Some(powerpc64le-linux-musl-ar)
[libffi-powerpc64le-musl-c2rust 0.1.0] cargo:rerun-if-env-changed=CC_KNOWN_WRAPPER_CUSTOM
[libffi-powerpc64le-musl-c2rust 0.1.0] CC_KNOWN_WRAPPER_CUSTOM = None
[libffi-powerpc64le-musl-c2rust 0.1.0] cargo:rerun-if-env-changed=ARFLAGS
[libffi-powerpc64le-musl-c2rust 0.1.0] ARFLAGS = None
[libffi-powerpc64le-musl-c2rust 0.1.0] cargo:rerun-if-env-changed=TARGET_ARFLAGS
[libffi-powerpc64le-musl-c2rust 0.1.0] TARGET_ARFLAGS = None
[libffi-powerpc64le-musl-c2rust 0.1.0] cargo:rerun-if-env-changed=ARFLAGS_powerpc64le_unknown_linux_musl
[libffi-powerpc64le-musl-c2rust 0.1.0] ARFLAGS_powerpc64le_unknown_linux_musl = None
[libffi-powerpc64le-musl-c2rust 0.1.0] cargo:rerun-if-env-changed=ARFLAGS_powerpc64le-unknown-linux-musl
[libffi-powerpc64le-musl-c2rust 0.1.0] ARFLAGS_powerpc64le-unknown-linux-musl = None
[libffi-powerpc64le-musl-c2rust 0.1.0] cargo:rerun-if-env-changed=AR_powerpc64le-unknown-linux-musl
[libffi-powerpc64le-musl-c2rust 0.1.0] AR_powerpc64le-unknown-linux-musl = None
[libffi-powerpc64le-musl-c2rust 0.1.0] cargo:rerun-if-env-changed=AR_powerpc64le_unknown_linux_musl
[libffi-powerpc64le-musl-c2rust 0.1.0] AR_powerpc64le_unknown_linux_musl = Some(powerpc64le-linux-musl-ar)
[libffi-powerpc64le-musl-c2rust 0.1.0] cargo:rerun-if-env-changed=CC_KNOWN_WRAPPER_CUSTOM
[libffi-powerpc64le-musl-c2rust 0.1.0] CC_KNOWN_WRAPPER_CUSTOM = None
[libffi-powerpc64le-musl-c2rust 0.1.0] cargo:rerun-if-env-changed=ARFLAGS
[libffi-powerpc64le-musl-c2rust 0.1.0] ARFLAGS = None
[libffi-powerpc64le-musl-c2rust 0.1.0] cargo:rerun-if-env-changed=TARGET_ARFLAGS
[libffi-powerpc64le-musl-c2rust 0.1.0] TARGET_ARFLAGS = None
[libffi-powerpc64le-musl-c2rust 0.1.0] cargo:rerun-if-env-changed=ARFLAGS_powerpc64le_unknown_linux_musl
[libffi-powerpc64le-musl-c2rust 0.1.0] ARFLAGS_powerpc64le_unknown_linux_musl = None
[libffi-powerpc64le-musl-c2rust 0.1.0] cargo:rerun-if-env-changed=ARFLAGS_powerpc64le-unknown-linux-musl
[libffi-powerpc64le-musl-c2rust 0.1.0] ARFLAGS_powerpc64le-unknown-linux-musl = None
[libffi-powerpc64le-musl-c2rust 0.1.0] cargo:rustc-link-lib=static=ffi_powerpc64le_asm
[libffi-powerpc64le-musl-c2rust 0.1.0] cargo:rustc-link-search=native=/home/ubuntu/port/target/powerpc64le-unknown-linux-musl/release/build/libffi-powerpc64le-musl-c2rust-06976aca04fb9869/out
[libffi-powerpc64le-musl-c2rust 0.1.0] cargo:rerun-if-changed=asm
     Running `AR_powerpc64le_unknown_linux_musl=powerpc64le-linux-musl-ar CARGO=/home/ubuntu/.rustup/toolchains/stable-x86_64-unknown-linux-gnu/bin/cargo CARGO_CRATE_NAME=libffi_powerpc64le_musl_c2rust CARGO_MANIFEST_DIR=/home/ubuntu/port CARGO_MANIFEST_PATH=/home/ubuntu/port/Cargo.toml CARGO_PKG_AUTHORS='' CARGO_PKG_DESCRIPTION='C2Rust port of bundled libffi for powerpc64le Linux musl' CARGO_PKG_HOMEPAGE='' CARGO_PKG_LICENSE='MIT OR Apache-2.0' CARGO_PKG_LICENSE_FILE='' CARGO_PKG_NAME=libffi-powerpc64le-musl-c2rust CARGO_PKG_README='' CARGO_PKG_REPOSITORY='' CARGO_PKG_RUST_VERSION='' CARGO_PKG_VERSION=0.1.0 CARGO_PKG_VERSION_MAJOR=0 CARGO_PKG_VERSION_MINOR=1 CARGO_PKG_VERSION_PATCH=0 CARGO_PKG_VERSION_PRE='' CARGO_PRIMARY_PACKAGE=1 CC_powerpc64le_unknown_linux_musl=powerpc64le-linux-musl-gcc LD_LIBRARY_PATH='/home/ubuntu/port/target/release/deps:/home/ubuntu/.rustup/toolchains/stable-x86_64-unknown-linux-gnu/lib' OUT_DIR=/home/ubuntu/port/target/powerpc64le-unknown-linux-musl/release/build/libffi-powerpc64le-musl-c2rust-06976aca04fb9869/out /home/ubuntu/.rustup/toolchains/stable-x86_64-unknown-linux-gnu/bin/rustc --crate-name libffi_powerpc64le_musl_c2rust --edition=2021 src/lib.rs --error-format=json --json=diagnostic-rendered-ansi,artifacts,future-incompat --crate-type rlib --crate-type staticlib --emit=dep-info,link -C opt-level=3 -C embed-bitcode=no --check-cfg 'cfg(docsrs,test)' --check-cfg 'cfg(feature, values())' -C metadata=10013d35b44d24ef -C extra-filename=-5fc9142a5da78883 --out-dir /home/ubuntu/port/target/powerpc64le-unknown-linux-musl/release/deps --target powerpc64le-unknown-linux-musl -C linker=powerpc64le-linux-musl-gcc -C strip=debuginfo -L dependency=/home/ubuntu/port/target/powerpc64le-unknown-linux-musl/release/deps -L dependency=/home/ubuntu/port/target/release/deps -L native=/home/ubuntu/port/target/powerpc64le-unknown-linux-musl/release/build/libffi-powerpc64le-musl-c2rust-06976aca04fb9869/out -l static=ffi_powerpc64le_asm`
warning: `ffi_prep_closure_loc` redeclared with a different signature
  --> src/prep_cif.rs:4:5
   |
 4 | /     fn ffi_prep_closure_loc(
 5 | |         _: *mut ffi_closure,
 6 | |         _: *mut ffi_cif,
 7 | |         fun: Option<
...  |
16 | |         codeloc: *mut ::core::ffi::c_void,
17 | |     ) -> ffi_status;
   | |____________________^ this signature doesn't match the previous declaration
   |
  ::: src/java_raw_api.rs:2:5
   |
 2 | /     fn ffi_prep_closure_loc(
 3 | |         _: *mut ffi_closure,
 4 | |         _: *mut ffi_cif,
 5 | |         fun: Option<
...  |
14 | |         codeloc: *mut ::core::ffi::c_void,
15 | |     ) -> ffi_status;
   | |____________________- `ffi_prep_closure_loc` previously declared here
   |
   = note: expected `unsafe extern "C" fn(*mut java_raw_api::ffi_closure, *mut java_raw_api::ffi_cif, Option<unsafe extern "C" fn(*mut java_raw_api::ffi_cif, *mut c_void, *mut *mut c_void, *mut c_void)>, *mut c_void, *mut c_void) -> u32`
              found `unsafe extern "C" fn(*mut prep_cif::ffi_closure, *mut prep_cif::ffi_cif, Option<unsafe extern "C" fn(*mut prep_cif::ffi_cif, *mut c_void, *mut *mut c_void, *mut c_void)>, *mut c_void, *mut c_void) -> u32`
   = note: `#[warn(clashing_extern_declarations)]` on by default

warning: `ffi_prep_closure_loc` redeclared with a different signature
  --> src/raw_api.rs:2:5
   |
 2 | /     fn ffi_prep_closure_loc(
 3 | |         _: *mut ffi_closure,
 4 | |         _: *mut ffi_cif,
 5 | |         fun: Option<
...  |
14 | |         codeloc: *mut ::core::ffi::c_void,
15 | |     ) -> ffi_status;
   | |____________________^ this signature doesn't match the previous declaration
   |
  ::: src/java_raw_api.rs:2:5
   |
 2 | /     fn ffi_prep_closure_loc(
 3 | |         _: *mut ffi_closure,
 4 | |         _: *mut ffi_cif,
 5 | |         fun: Option<
...  |
14 | |         codeloc: *mut ::core::ffi::c_void,
15 | |     ) -> ffi_status;
   | |____________________- `ffi_prep_closure_loc` previously declared here
   |
   = note: expected `unsafe extern "C" fn(*mut java_raw_api::ffi_closure, *mut java_raw_api::ffi_cif, Option<unsafe extern "C" fn(*mut java_raw_api::ffi_cif, *mut c_void, *mut *mut c_void, *mut c_void)>, *mut c_void, *mut c_void) -> u32`
              found `unsafe extern "C" fn(*mut raw_api::ffi_closure, *mut raw_api::ffi_cif, Option<unsafe extern "C" fn(*mut raw_api::ffi_cif, *mut c_void, *mut *mut c_void, *mut c_void)>, *mut c_void, *mut c_void) -> u32`

warning: `libffi-powerpc64le-musl-c2rust` (lib) generated 2 warnings
    Finished `release` profile [optimized] target(s) in 2.21s
