    Checking libffi-powerpc64le-musl-c2rust v0.1.0 (/home/ubuntu/port)
warning: `ffi_prep_closure_loc` redeclared with a different signature
  --> src/raw_api.rs:2:5
   |
 2 | /     fn ffi_prep_closure_loc(
 3 | |         _: *mut ffi_closure,
 4 | |         _: *mut ffi_cif,
 5 | |         fun: Option<
...  |
14 | |         codeloc: *mut ::core::ffi::c_void,
15 | |     ) -> ffi_status;
   | |____________________^ this signature doesn't match the previous declaration
   |
  ::: src/prep_cif.rs:4:5
   |
 4 | /     fn ffi_prep_closure_loc(
 5 | |         _: *mut ffi_closure,
 6 | |         _: *mut ffi_cif,
 7 | |         fun: Option<
...  |
16 | |         codeloc: *mut ::core::ffi::c_void,
17 | |     ) -> ffi_status;
   | |____________________- `ffi_prep_closure_loc` previously declared here
   |
   = note: expected `unsafe extern "C" fn(*mut prep_cif::ffi_closure, *mut prep_cif::ffi_cif, Option<unsafe extern "C" fn(*mut prep_cif::ffi_cif, *mut c_void, *mut *mut c_void, *mut c_void)>, *mut c_void, *mut c_void) -> u32`
              found `unsafe extern "C" fn(*mut raw_api::ffi_closure, *mut raw_api::ffi_cif, Option<unsafe extern "C" fn(*mut raw_api::ffi_cif, *mut c_void, *mut *mut c_void, *mut c_void)>, *mut c_void, *mut c_void) -> u32`
   = note: `#[warn(clashing_extern_declarations)]` on by default

warning: `ffi_prep_closure_loc` redeclared with a different signature
  --> src/java_raw_api.rs:2:5
   |
 2 | /     fn ffi_prep_closure_loc(
 3 | |         _: *mut ffi_closure,
 4 | |         _: *mut ffi_cif,
 5 | |         fun: Option<
...  |
14 | |         codeloc: *mut ::core::ffi::c_void,
15 | |     ) -> ffi_status;
   | |____________________^ this signature doesn't match the previous declaration
   |
  ::: src/prep_cif.rs:4:5
   |
 4 | /     fn ffi_prep_closure_loc(
 5 | |         _: *mut ffi_closure,
 6 | |         _: *mut ffi_cif,
 7 | |         fun: Option<
...  |
16 | |         codeloc: *mut ::core::ffi::c_void,
17 | |     ) -> ffi_status;
   | |____________________- `ffi_prep_closure_loc` previously declared here
   |
   = note: expected `unsafe extern "C" fn(*mut prep_cif::ffi_closure, *mut prep_cif::ffi_cif, Option<unsafe extern "C" fn(*mut prep_cif::ffi_cif, *mut c_void, *mut *mut c_void, *mut c_void)>, *mut c_void, *mut c_void) -> u32`
              found `unsafe extern "C" fn(*mut java_raw_api::ffi_closure, *mut java_raw_api::ffi_cif, Option<unsafe extern "C" fn(*mut java_raw_api::ffi_cif, *mut c_void, *mut *mut c_void, *mut c_void)>, *mut c_void, *mut c_void) -> u32`

warning: `libffi-powerpc64le-musl-c2rust` (lib) generated 2 warnings
    Finished `dev` profile [unoptimized + debuginfo] target(s) in 0.23s
