    Updating crates.io index
     Locking 3 packages to latest compatible versions
 Downloading crates ...
  Downloaded cc v1.4.2
  Downloaded find-msvc-tools v0.1.10
  Downloaded shlex v2.0.1
   Compiling find-msvc-tools v0.1.10
   Compiling shlex v2.0.1
   Compiling cc v1.4.2
   Compiling libffi-powerpc64le-musl-c2rust v0.1.0 (/home/ubuntu/port)
error[E0433]: cannot find `f128` in the crate root
   --> src/types.rs:172:36
    |
172 |     size: ::core::mem::size_of::<::f128::f128>() as size_t,
    |                                    ^^^^ could not find `f128` in the list of imported crates

error[E0433]: cannot find `f128` in the crate root
   --> src/powerpc/ffi_linux64.rs:105:23
    |
105 | pub type float128 = ::f128::f128;
    |                       ^^^^ could not find `f128` in the list of imported crates

error[E0425]: cannot find function `atomic_load_relaxed` in module `::core::intrinsics`
   --> src/closures.rs:715:31
    |
715 |     while ::core::intrinsics::atomic_load_relaxed(sl) != 0 as ::core::ffi::c_int
    |                               ^^^^^^^^^^^^^^^^^^^ not found in `::core::intrinsics`

error[E0425]: cannot find function `atomic_xchg_acquire` in module `::core::intrinsics`
   --> src/closures.rs:716:32
    |
716 |         || ::core::intrinsics::atomic_xchg_acquire(sl, 1 as ::core::ffi::c_int) != 0
    |                                ^^^^^^^^^^^^^^^^^^^ not found in `::core::intrinsics`

error[E0425]: cannot find function `atomic_xchg_acquire` in module `::core::intrinsics`
   --> src/closures.rs:818:28
    |
818 |     if ::core::intrinsics::atomic_xchg_acquire(
    |                            ^^^^^^^^^^^^^^^^^^^ not found in `::core::intrinsics`

error[E0425]: cannot find function `atomic_store_release` in module `::core::intrinsics`
   --> src/closures.rs:860:29
    |
860 |         ::core::intrinsics::atomic_store_release(&raw mut mparams.magic, magic);
    |                             ^^^^^^^^^^^^^^^^^^^^ not found in `::core::intrinsics`

error[E0425]: cannot find function `atomic_store_release` in module `::core::intrinsics`
   --> src/closures.rs:862:25
    |
862 |     ::core::intrinsics::atomic_store_release(&raw mut malloc_global_mutex, 0);
    |                         ^^^^^^^^^^^^^^^^^^^^ not found in `::core::intrinsics`

error[E0425]: cannot find function `atomic_load_acquire` in module `::core::intrinsics`
    --> src/closures.rs:1632:26
     |
1632 |     (::core::intrinsics::atomic_load_acquire(&raw mut mparams.magic) != 0 as size_t
     |                          ^^^^^^^^^^^^^^^^^^^ not found in `::core::intrinsics`

error[E0425]: cannot find function `atomic_xchg_acquire` in module `::core::intrinsics`
    --> src/closures.rs:1719:32
     |
1719 |         if ::core::intrinsics::atomic_xchg_acquire(
     |                                ^^^^^^^^^^^^^^^^^^^ not found in `::core::intrinsics`

error[E0425]: cannot find function `atomic_store_release` in module `::core::intrinsics`
    --> src/closures.rs:1984:29
     |
1984 |         ::core::intrinsics::atomic_store_release(&raw mut malloc_global_mutex, 0);
     |                             ^^^^^^^^^^^^^^^^^^^^ not found in `::core::intrinsics`

error[E0425]: cannot find function `atomic_xchg_acquire` in module `::core::intrinsics`
    --> src/closures.rs:2005:36
     |
2005 |             if ::core::intrinsics::atomic_xchg_acquire(
     |                                    ^^^^^^^^^^^^^^^^^^^ not found in `::core::intrinsics`

error[E0425]: cannot find function `atomic_store_release` in module `::core::intrinsics`
    --> src/closures.rs:2017:33
     |
2017 |             ::core::intrinsics::atomic_store_release(&raw mut malloc_global_mutex, 0);
     |                                 ^^^^^^^^^^^^^^^^^^^^ not found in `::core::intrinsics`

error[E0425]: cannot find function `atomic_load_acquire` in module `::core::intrinsics`
    --> src/closures.rs:2563:26
     |
2563 |     (::core::intrinsics::atomic_load_acquire(&raw mut mparams.magic) != 0 as size_t
     |                          ^^^^^^^^^^^^^^^^^^^ not found in `::core::intrinsics`

error[E0425]: cannot find function `atomic_load_acquire` in module `::core::intrinsics`
    --> src/closures.rs:3723:26
     |
3723 |     (::core::intrinsics::atomic_load_acquire(&raw mut mparams.magic) != 0 as size_t
     |                          ^^^^^^^^^^^^^^^^^^^ not found in `::core::intrinsics`

error[E0425]: cannot find function `atomic_xchg_acquire` in module `::core::intrinsics`
    --> src/closures.rs:3726:32
     |
3726 |         if ::core::intrinsics::atomic_xchg_acquire(&raw mut _gm_.mutex, 1 as ::core::ffi::c_int)
     |                                ^^^^^^^^^^^^^^^^^^^ not found in `::core::intrinsics`

error[E0425]: cannot find function `atomic_store_release` in module `::core::intrinsics`
    --> src/closures.rs:3939:33
     |
3939 |             ::core::intrinsics::atomic_store_release(&raw mut _gm_.mutex, 0);
     |                                 ^^^^^^^^^^^^^^^^^^^^ not found in `::core::intrinsics`

error[E0425]: cannot find function `atomic_xchg_acquire` in module `::core::intrinsics`
    --> src/closures.rs:3953:36
     |
3953 |             if ::core::intrinsics::atomic_xchg_acquire(&raw mut _gm_.mutex, 1 as ::core::ffi::c_int)
     |                                    ^^^^^^^^^^^^^^^^^^^ not found in `::core::intrinsics`

error[E0425]: cannot find function `atomic_store_release` in module `::core::intrinsics`
    --> src/closures.rs:4699:57
     |
4699 | ...                   ::core::intrinsics::atomic_store_release(
     |                                           ^^^^^^^^^^^^^^^^^^^^ not found in `::core::intrinsics`

error[E0425]: cannot find function `atomic_xchg_acquire` in module `::core::intrinsics`
    --> src/closures.rs:5029:40
     |
5029 |                 if ::core::intrinsics::atomic_xchg_acquire(
     |                                        ^^^^^^^^^^^^^^^^^^^ not found in `::core::intrinsics`

error[E0425]: cannot find function `atomic_store_release` in module `::core::intrinsics`
    --> src/closures.rs:5103:37
     |
5103 |                 ::core::intrinsics::atomic_store_release(&raw mut (*m).mutex, 0);
     |                                     ^^^^^^^^^^^^^^^^^^^^ not found in `::core::intrinsics`

error[E0425]: cannot find function `atomic_xchg_acquire` in module `::core::intrinsics`
    --> src/closures.rs:5116:32
     |
5116 |         if ::core::intrinsics::atomic_xchg_acquire(&raw mut (*m).mutex, 1 as ::core::ffi::c_int)
     |                                ^^^^^^^^^^^^^^^^^^^ not found in `::core::intrinsics`

error[E0425]: cannot find function `atomic_store_release` in module `::core::intrinsics`
    --> src/closures.rs:5181:33
     |
5181 |             ::core::intrinsics::atomic_store_release(&raw mut (*m).mutex, 0);
     |                                 ^^^^^^^^^^^^^^^^^^^^ not found in `::core::intrinsics`

error[E0425]: cannot find function `atomic_xchg_acquire` in module `::core::intrinsics`
    --> src/closures.rs:5209:40
     |
5209 |                 if ::core::intrinsics::atomic_xchg_acquire(
     |                                        ^^^^^^^^^^^^^^^^^^^ not found in `::core::intrinsics`

error[E0425]: cannot find function `atomic_store_release` in module `::core::intrinsics`
    --> src/closures.rs:5224:41
     |
5224 |                     ::core::intrinsics::atomic_store_release(&raw mut (*m).mutex, 0);
     |                                         ^^^^^^^^^^^^^^^^^^^^ not found in `::core::intrinsics`

error[E0658]: extern types are experimental
 --> src/closures.rs:2:5
  |
2 |     pub type _IO_wide_data;
  |     ^^^^^^^^^^^^^^^^^^^^^^^
  |
  = note: see issue #43467 <https://github.com/rust-lang/rust/issues/43467> for more information

error[E0658]: extern types are experimental
 --> src/closures.rs:3:5
  |
3 |     pub type _IO_codecvt;
  |     ^^^^^^^^^^^^^^^^^^^^^
  |
  = note: see issue #43467 <https://github.com/rust-lang/rust/issues/43467> for more information

error[E0658]: extern types are experimental
 --> src/closures.rs:4:5
  |
4 |     pub type _IO_marker;
  |     ^^^^^^^^^^^^^^^^^^^^
  |
  = note: see issue #43467 <https://github.com/rust-lang/rust/issues/43467> for more information

error[E0658]: extern types are experimental
 --> src/tramp.rs:2:5
  |
2 |     pub type _IO_wide_data;
  |     ^^^^^^^^^^^^^^^^^^^^^^^
  |
  = note: see issue #43467 <https://github.com/rust-lang/rust/issues/43467> for more information

error[E0658]: extern types are experimental
 --> src/tramp.rs:3:5
  |
3 |     pub type _IO_codecvt;
  |     ^^^^^^^^^^^^^^^^^^^^^
  |
  = note: see issue #43467 <https://github.com/rust-lang/rust/issues/43467> for more information

error[E0658]: extern types are experimental
 --> src/tramp.rs:4:5
  |
4 |     pub type _IO_marker;
  |     ^^^^^^^^^^^^^^^^^^^^
  |
  = note: see issue #43467 <https://github.com/rust-lang/rust/issues/43467> for more information

error: the `att_syntax` option is only supported on x86
    --> src/powerpc/ffi_linux64.rs:1169:9
     |
1169 | /         asm!(
1170 | |             "icbi 0,{0};dcbf 0,{1};\n", inlateout(reg) xaddr.offset(i as isize) => _,
1171 | |             inlateout(reg) wraddr.offset(i as isize) => _, options(preserves_flags,
1172 | |             att_syntax)
1173 | |         );
     | |_________^

error: the `att_syntax` option is only supported on x86
    --> src/powerpc/ffi_linux64.rs:1176:5
     |
1176 | /     asm!(
1177 | |         "icbi 0,{0};dcbf 0,{1};sync;isync;\n", inlateout(reg) xaddr.offset(size as isize)
1178 | |         .offset(- (1 as ::core::ffi::c_int as isize)) => _, inlateout(reg) wraddr
1179 | |         .offset(size as isize).offset(- (1 as ::core::ffi::c_int as isize)) => _,
1180 | |         options(preserves_flags, att_syntax)
1181 | |     );
     | |_____^

error[E0308]: mismatched types
   --> src/closures.rs:693:47
    |
693 | pub const SIZE_T_SIZE: ::core::ffi::c_ulong = ::core::mem::size_of::<size_t>();
    |                        --------------------   ^^^^^^^^^^^^^^^^^^^^^^^^^^^^^^^^ expected `u64`, found `usize`
    |                        |
    |                        expected because of the type of the constant

error[E0308]: mismatched types
   --> src/closures.rs:727:47
    |
727 | pub const MCHUNK_SIZE: ::core::ffi::c_ulong = ::core::mem::size_of::<mchunk>();
    |                        --------------------   ^^^^^^^^^^^^^^^^^^^^^^^^^^^^^^^^ expected `u64`, found `usize`
    |                        |
    |                        expected because of the type of the constant

error[E0308]: mismatched types
   --> src/closures.rs:728:50
    |
728 | pub const CHUNK_OVERHEAD: ::core::ffi::c_ulong = ::core::mem::size_of::<size_t>();
    |                           --------------------   ^^^^^^^^^^^^^^^^^^^^^^^^^^^^^^^^ expected `u64`, found `usize`
    |                           |
    |                           expected because of the type of the constant

error[E0308]: mismatched types
   --> src/powerpc/ffi.rs:173:23
    |
173 |         ecif.rvalue = alloca_allocations.last_mut().unwrap().as_mut_ptr();
    |         -----------   ^^^^^^^^^^^^^^^^^^^^^^^^^^^^^^^^^^^^^^^^^^^^^^^^^^^ expected `*mut c_void`, found `*mut u8`
    |         |
    |         expected due to the type of this binding
    |
    = note: expected raw pointer `*mut c_void`
               found raw pointer `*mut u8`

warning: unnecessary `unsafe` block
    --> src/closures.rs:5443:61
     |
5443 | static mut open_temp_exec_file_opts: [C2RustUnnamed_0; 9] = unsafe {
     |                                                             ^^^^^^ unnecessary `unsafe` block
     |
     = note: `#[warn(unused_unsafe)]` (part of `#[warn(unused)]`) on by default

Some errors have detailed explanations: E0308, E0425, E0433, E0658.
For more information about an error, try `rustc --explain E0308`.
warning: `libffi-powerpc64le-musl-c2rust` (lib) generated 1 warning
error: could not compile `libffi-powerpc64le-musl-c2rust` (lib) due to 36 previous errors; 1 warning emitted
