
prep_cif.o:
0000000000000620 T ffi_get_struct_offsets
0000000000000410 T ffi_prep_cif
00000000000003c0 T ffi_prep_cif_core
0000000000000470 T ffi_prep_cif_var
00000000000005d0 T ffi_prep_closure

types.o:
00000000000000a0 T ffi_get_closure_size
0000000000000070 T ffi_get_default_abi
0000000000000000 T ffi_get_version
0000000000000040 T ffi_get_version_number
0000000000000000 D ffi_type_complex_double
0000000000000018 D ffi_type_complex_float
0000000000000000 D ffi_type_complex_longdouble
0000000000000000 R ffi_type_double
0000000000000018 R ffi_type_float
0000000000000000 D ffi_type_longdouble
0000000000000030 R ffi_type_pointer
00000000000000a8 R ffi_type_sint16
0000000000000078 R ffi_type_sint32
0000000000000048 R ffi_type_sint64
00000000000000d8 R ffi_type_sint8
00000000000000c0 R ffi_type_uint16
0000000000000090 R ffi_type_uint32
0000000000000060 R ffi_type_uint64
00000000000000f0 R ffi_type_uint8
0000000000000108 R ffi_type_void

raw_api.o:
00000000000005b0 T ffi_prep_raw_closure
0000000000000520 T ffi_prep_raw_closure_loc
0000000000000160 T ffi_ptrarray_to_raw
0000000000000470 T ffi_raw_call
0000000000000000 T ffi_raw_size
00000000000000c0 T ffi_raw_to_ptrarray

java_raw_api.o:
0000000000000180 T ffi_java_ptrarray_to_raw
0000000000000410 T ffi_java_raw_call
0000000000000000 T ffi_java_raw_size
00000000000000c0 T ffi_java_raw_to_ptrarray
0000000000000550 T ffi_prep_java_raw_closure
00000000000004c0 T ffi_prep_java_raw_closure_loc

closures.o:
0000000000002930 T dlbulk_free
0000000000002bc0 T dlmalloc_footprint_limit
0000000000002c00 T dlmalloc_set_footprint_limit
0000000000005090 T dlposix_memalign
0000000000002280 T dlrealloc_in_place
0000000000005490 T ffi_closure_alloc
00000000000056f0 T ffi_closure_free
0000000000005600 T ffi_data_to_code_pointer
0000000000005780 T ffi_tramp_is_present
0000000000002c80 T open_temp_exec_file

tramp.o:
00000000000008d0 T ffi_tramp_alloc
0000000000000bd0 T ffi_tramp_free
0000000000000b50 T ffi_tramp_get_addr
00000000000007e0 T ffi_tramp_is_supported
0000000000000ab0 T ffi_tramp_set_parms

ffi.o:
00000000000002e0 T ffi_call
0000000000000310 T ffi_call_go
0000000000000240 T ffi_prep_cif_machdep
0000000000000290 T ffi_prep_cif_machdep_var
0000000000000340 T ffi_prep_closure_loc
0000000000000390 T ffi_prep_go_closure
00000000000001f0 T ffi_prep_types
00000000000003e0 T ffi_tramp_arch

ffi_sysv.o:

ffi_linux64.o:
0000000000001590 T ffi_closure_helper_LINUX64
0000000000000940 T ffi_prep_args64
0000000000000880 T ffi_prep_cif_linux64
00000000000008e0 T ffi_prep_cif_linux64_var
0000000000001400 T ffi_prep_closure_loc_linux64
0000000000000820 T ffi_prep_types_linux64

sysv.o:

ppc_closure.o:

linux64.o:
0000000000000000 T ffi_call_LINUX64

linux64_closure.o:
0000000000000000 T ffi_closure_LINUX64
0000000000000294 T ffi_go_closure_linux64
0000000000010000 T trampoline_code_table
