Transpiling closures.c
../src/java_raw_api.c:328:46: warning: 'ffi_java_raw_size' is deprecated [-Wdeprecated-declarations]
  328 |   ffi_java_raw *raw = (ffi_java_raw*)alloca (ffi_java_raw_size (cif));
      |                                              ^
include/ffi.h:322:56: note: 'ffi_java_raw_size' has been explicitly marked deprecated here
  322 | size_t ffi_java_raw_size (ffi_cif *cif) __attribute__((deprecated));
      |                                                        ^
../src/java_raw_api.c:331:3: warning: 'ffi_java_ptrarray_to_raw' is deprecated [-Wdeprecated-declarations]
  331 |   ffi_java_ptrarray_to_raw (cif, avalue, raw);
      |   ^
include/ffi.h:318:93: note: 'ffi_java_ptrarray_to_raw' has been explicitly marked deprecated here
  318 | void ffi_java_ptrarray_to_raw (ffi_cif *cif, void **args, ffi_java_raw *raw) __attribute__((deprecated));
      |                                                                                             ^
2 warnings generated.
Transpiling java_raw_api.c
Transpiling ffi.c
[31merror:[0m Failed to translate ffi_call_int: Unsupported default initializer: Float128

Transpiling ffi_linux64.c
../src/powerpc/ffi_sysv.c:453:21: warning: cast to smaller integer type 'unsigned int' from 'char *' [-Wpointer-to-int-cast]
  453 |     *gpr_base.u++ = (unsigned) (char *) ecif->rvalue;
      |                     ^~~~~~~~~~~~~~~~~~~~~~~~~~~~~~~~
../src/powerpc/ffi_sysv.c:967:13: error: use of undeclared identifier 'PPC32_LD_R3'
  967 |             return PPC32_SYSV_LD_STRUCT_3;
      |                    ^
../src/powerpc/ffi_powerpc.h:59:32: note: expanded from macro 'PPC32_SYSV_LD_STRUCT_3'
   59 | #define PPC32_SYSV_LD_STRUCT_3  PPC32_LD_R3
      |                                 ^
../src/powerpc/ffi_sysv.c:971:13: error: use of undeclared identifier 'PPC32_LD_R3R4'
  971 |             return PPC32_SYSV_LD_STRUCT_5;
      |                    ^
../src/powerpc/ffi_powerpc.h:60:32: note: expanded from macro 'PPC32_SYSV_LD_STRUCT_5'
   60 | #define PPC32_SYSV_LD_STRUCT_5  PPC32_LD_R3R4
      |                                 ^
../src/powerpc/ffi_sysv.c:973:13: error: use of undeclared identifier 'PPC32_LD_R3R4'
  973 |             return PPC32_SYSV_LD_STRUCT_6;
      |                    ^
../src/powerpc/ffi_powerpc.h:61:32: note: expanded from macro 'PPC32_SYSV_LD_STRUCT_6'
   61 | #define PPC32_SYSV_LD_STRUCT_6  PPC32_LD_R3R4
      |                                 ^
../src/powerpc/ffi_sysv.c:975:13: error: use of undeclared identifier 'PPC32_LD_R3R4'
  975 |             return PPC32_SYSV_LD_STRUCT_7;
      |                    ^
../src/powerpc/ffi_powerpc.h:62:32: note: expanded from macro 'PPC32_SYSV_LD_STRUCT_7'
   62 | #define PPC32_SYSV_LD_STRUCT_7  PPC32_LD_R3R4
      |                                 ^
../src/powerpc/ffi_sysv.c:967:13: warning: c2rust: Encountered unsupported BuiltinType kind 488 for type <dependent type>
  967 |             return PPC32_SYSV_LD_STRUCT_3;
      |                    ^~~~~~~~~~~~~~~~~~~~~~
../src/powerpc/ffi_powerpc.h:59:32: note: expanded from macro 'PPC32_SYSV_LD_STRUCT_3'
   59 | #define PPC32_SYSV_LD_STRUCT_3  PPC32_LD_R3
      |                                 ^
2 warnings and 4 errors generated.
Error while processing /home/ubuntu/libffi-port/configured/src/powerpc/ffi_sysv.c.
Transpiling ffi_sysv.c
[33mwarning:[0m Missing child 95173530414256 of node AstNode { tag: TagReturnStmt, children: [Some(95173530414256)], loc: SrcSpan { fileid: 36, begin_line: 971, begin_column: 6, end_line: 971, end_column: 35 }, type_id: None, rvalue: LValue, macro_expansions: [], macro_expansion_text: None, extras: [] }
Exported Clang AST was invalid. Check warnings above for unimplemented features.
--> /home/ubuntu/libffi-port/configured/src/powerpc/ffi_sysv.c:971:6
 [-Wclang-ast]
[33mwarning:[0m Missing child 95173530414448 of node AstNode { tag: TagReturnStmt, children: [Some(95173530414448)], loc: SrcSpan { fileid: 36, begin_line: 973, begin_column: 6, end_line: 973, end_column: 35 }, type_id: None, rvalue: LValue, macro_expansions: [], macro_expansion_text: None, extras: [] }
Exported Clang AST was invalid. Check warnings above for unimplemented features.
--> /home/ubuntu/libffi-port/configured/src/powerpc/ffi_sysv.c:973:6
 [-Wclang-ast]
[33mwarning:[0m Missing child 95173530413896 of node AstNode { tag: TagReturnStmt, children: [Some(95173530413896)], loc: SrcSpan { fileid: 36, begin_line: 967, begin_column: 6, end_line: 967, end_column: 35 }, type_id: None, rvalue: LValue, macro_expansions: [], macro_expansion_text: None, extras: [] }
Exported Clang AST was invalid. Check warnings above for unimplemented features.
--> /home/ubuntu/libffi-port/configured/src/powerpc/ffi_sysv.c:967:6
 [-Wclang-ast]
[33mwarning:[0m Missing child 95173530414640 of node AstNode { tag: TagReturnStmt, children: [Some(95173530414640)], loc: SrcSpan { fileid: 36, begin_line: 975, begin_column: 6, end_line: 975, end_column: 35 }, type_id: None, rvalue: LValue, macro_expansions: [], macro_expansion_text: None, extras: [] }
Exported Clang AST was invalid. Check warnings above for unimplemented features.
--> /home/ubuntu/libffi-port/configured/src/powerpc/ffi_sysv.c:975:6
 [-Wclang-ast]

thread 'main' (20068) panicked at /home/ubuntu/.cargo/registry/src/index.crates.io-1949cf8c6b5b557f/c2rust-transpile-0.22.1/src/c_ast/iterators.rs:332:84:
no entry found for key
stack backtrace:
   0: __rustc::rust_begin_unwind
   1: core::panicking::panic_fmt
   2: core::option::expect_failed
   3: c2rust_transpile::c_ast::iterators::immediate_children_all_types
   4: <c2rust_transpile::translator::comments::CommentLocator as c2rust_transpile::c_ast::iterators::NodeVisitor>::visit_tree
   5: <c2rust_transpile::translator::Translation>::locate_comments
   6: c2rust_transpile::translator::translate
   7: c2rust_transpile::transpile_single
   8: <core::iter::adapters::map::Map<core::slice::iter::Iter<alloc::rc::Rc<c2rust_transpile::compile_cmds::CompileCmd>>, c2rust_transpile::transpile::{closure#5}> as core::iter::traits::iterator::Iterator>::fold::<(), core::iter::traits::iterator::Iterator::for_each::call<core::result::Result<(std::path::PathBuf, alloc::vec::Vec<(&str, alloc::vec::Vec<&str>)>, indexmap::set::IndexSet<c2rust_transpile::ExternCrate>), ()>, <alloc::vec::Vec<core::result::Result<(std::path::PathBuf, alloc::vec::Vec<(&str, alloc::vec::Vec<&str>)>, indexmap::set::IndexSet<c2rust_transpile::ExternCrate>), ()>>>::extend_trusted<core::iter::adapters::map::Map<core::slice::iter::Iter<alloc::rc::Rc<c2rust_transpile::compile_cmds::CompileCmd>>, c2rust_transpile::transpile::{closure#5}>>::{closure#0}>::{closure#0}>
   9: <alloc::vec::Vec<core::result::Result<(std::path::PathBuf, alloc::vec::Vec<(&str, alloc::vec::Vec<&str>)>, indexmap::set::IndexSet<c2rust_transpile::ExternCrate>), ()>> as alloc::vec::spec_from_iter_nested::SpecFromIterNested<core::result::Result<(std::path::PathBuf, alloc::vec::Vec<(&str, alloc::vec::Vec<&str>)>, indexmap::set::IndexSet<c2rust_transpile::ExternCrate>), ()>, core::iter::adapters::map::Map<core::slice::iter::Iter<alloc::rc::Rc<c2rust_transpile::compile_cmds::CompileCmd>>, c2rust_transpile::transpile::{closure#5}>>>::from_iter
  10: c2rust_transpile::transpile
  11: c2rust_transpile::main
note: Some details are omitted, run with `RUST_BACKTRACE=full` for a verbose backtrace.
