make  all-recursive
make[1]: Entering directory '/home/ubuntu/work/configured'
Making all in include
make[2]: Entering directory '/home/ubuntu/work/configured/include'
make[2]: Nothing to be done for 'all'.
make[2]: Leaving directory '/home/ubuntu/work/configured/include'
Making all in testsuite
make[2]: Entering directory '/home/ubuntu/work/configured/testsuite'
make[2]: Nothing to be done for 'all'.
make[2]: Leaving directory '/home/ubuntu/work/configured/testsuite'
Making all in man
make[2]: Entering directory '/home/ubuntu/work/configured/man'
make[2]: Nothing to be done for 'all'.
make[2]: Leaving directory '/home/ubuntu/work/configured/man'
make[2]: Entering directory '/home/ubuntu/work/configured'
depbase=`echo src/prep_cif.lo | sed 's|[^/]*$|.deps/&|;s|\.lo$||'`;\
/bin/bash ./libtool  --tag=CC   --mode=compile sparc64-linux-gnu-gcc -DHAVE_CONFIG_H -I. -I/home/ubuntu/libffi-rs/libffi-sys-rs/libffi  -I. -I/home/ubuntu/libffi-rs/libffi-sys-rs/libffi/include -Iinclude -I/home/ubuntu/libffi-rs/libffi-sys-rs/libffi/src   -Wall -O2 -g -fPIC -fexceptions -MT src/prep_cif.lo -MD -MP -MF $depbase.Tpo -c -o src/prep_cif.lo /home/ubuntu/libffi-rs/libffi-sys-rs/libffi/src/prep_cif.c &&\
mv -f $depbase.Tpo $depbase.Plo
depbase=`echo src/types.lo | sed 's|[^/]*$|.deps/&|;s|\.lo$||'`;\
/bin/bash ./libtool  --tag=CC   --mode=compile sparc64-linux-gnu-gcc -DHAVE_CONFIG_H -I. -I/home/ubuntu/libffi-rs/libffi-sys-rs/libffi  -I. -I/home/ubuntu/libffi-rs/libffi-sys-rs/libffi/include -Iinclude -I/home/ubuntu/libffi-rs/libffi-sys-rs/libffi/src   -Wall -O2 -g -fPIC -fexceptions -MT src/types.lo -MD -MP -MF $depbase.Tpo -c -o src/types.lo /home/ubuntu/libffi-rs/libffi-sys-rs/libffi/src/types.c &&\
mv -f $depbase.Tpo $depbase.Plo
libtool: compile:  sparc64-linux-gnu-gcc -DHAVE_CONFIG_H -I. -I/home/ubuntu/libffi-rs/libffi-sys-rs/libffi -I. -I/home/ubuntu/libffi-rs/libffi-sys-rs/libffi/include -Iinclude -I/home/ubuntu/libffi-rs/libffi-sys-rs/libffi/src -Wall -O2 -g -fPIC -fexceptions -MT src/prep_cif.lo -MD -MP -MF src/.deps/prep_cif.Tpo -c /home/ubuntu/libffi-rs/libffi-sys-rs/libffi/src/prep_cif.c  -fPIC -DPIC -o src/prep_cif.o
libtool: compile:  sparc64-linux-gnu-gcc -DHAVE_CONFIG_H -I. -I/home/ubuntu/libffi-rs/libffi-sys-rs/libffi -I. -I/home/ubuntu/libffi-rs/libffi-sys-rs/libffi/include -Iinclude -I/home/ubuntu/libffi-rs/libffi-sys-rs/libffi/src -Wall -O2 -g -fPIC -fexceptions -MT src/types.lo -MD -MP -MF src/.deps/types.Tpo -c /home/ubuntu/libffi-rs/libffi-sys-rs/libffi/src/types.c  -fPIC -DPIC -o src/types.o
depbase=`echo src/raw_api.lo | sed 's|[^/]*$|.deps/&|;s|\.lo$||'`;\
/bin/bash ./libtool  --tag=CC   --mode=compile sparc64-linux-gnu-gcc -DHAVE_CONFIG_H -I. -I/home/ubuntu/libffi-rs/libffi-sys-rs/libffi  -I. -I/home/ubuntu/libffi-rs/libffi-sys-rs/libffi/include -Iinclude -I/home/ubuntu/libffi-rs/libffi-sys-rs/libffi/src   -Wall -O2 -g -fPIC -fexceptions -MT src/raw_api.lo -MD -MP -MF $depbase.Tpo -c -o src/raw_api.lo /home/ubuntu/libffi-rs/libffi-sys-rs/libffi/src/raw_api.c &&\
mv -f $depbase.Tpo $depbase.Plo
depbase=`echo src/java_raw_api.lo | sed 's|[^/]*$|.deps/&|;s|\.lo$||'`;\
/bin/bash ./libtool  --tag=CC   --mode=compile sparc64-linux-gnu-gcc -DHAVE_CONFIG_H -I. -I/home/ubuntu/libffi-rs/libffi-sys-rs/libffi  -I. -I/home/ubuntu/libffi-rs/libffi-sys-rs/libffi/include -Iinclude -I/home/ubuntu/libffi-rs/libffi-sys-rs/libffi/src   -Wall -O2 -g -fPIC -fexceptions -MT src/java_raw_api.lo -MD -MP -MF $depbase.Tpo -c -o src/java_raw_api.lo /home/ubuntu/libffi-rs/libffi-sys-rs/libffi/src/java_raw_api.c &&\
mv -f $depbase.Tpo $depbase.Plo
libtool: compile:  sparc64-linux-gnu-gcc -DHAVE_CONFIG_H -I. -I/home/ubuntu/libffi-rs/libffi-sys-rs/libffi -I. -I/home/ubuntu/libffi-rs/libffi-sys-rs/libffi/include -Iinclude -I/home/ubuntu/libffi-rs/libffi-sys-rs/libffi/src -Wall -O2 -g -fPIC -fexceptions -MT src/raw_api.lo -MD -MP -MF src/.deps/raw_api.Tpo -c /home/ubuntu/libffi-rs/libffi-sys-rs/libffi/src/raw_api.c  -fPIC -DPIC -o src/raw_api.o
libtool: compile:  sparc64-linux-gnu-gcc -DHAVE_CONFIG_H -I. -I/home/ubuntu/libffi-rs/libffi-sys-rs/libffi -I. -I/home/ubuntu/libffi-rs/libffi-sys-rs/libffi/include -Iinclude -I/home/ubuntu/libffi-rs/libffi-sys-rs/libffi/src -Wall -O2 -g -fPIC -fexceptions -MT src/java_raw_api.lo -MD -MP -MF src/.deps/java_raw_api.Tpo -c /home/ubuntu/libffi-rs/libffi-sys-rs/libffi/src/java_raw_api.c  -fPIC -DPIC -o src/java_raw_api.o
/home/ubuntu/libffi-rs/libffi-sys-rs/libffi/src/java_raw_api.c: In function 'ffi_java_raw_call':
/home/ubuntu/libffi-rs/libffi-sys-rs/libffi/src/java_raw_api.c:317:3: warning: 'ffi_java_raw_to_ptrarray' is deprecated [-Wdeprecated-declarations]
  317 |   ffi_java_raw_to_ptrarray (cif, raw, avalue);
      |   ^~~~~~~~~~~~~~~~~~~~~~~~
/home/ubuntu/libffi-rs/libffi-sys-rs/libffi/src/java_raw_api.c:76:1: note: declared here
   76 | ffi_java_raw_to_ptrarray (ffi_cif *cif, ffi_java_raw *raw, void **args)
      | ^~~~~~~~~~~~~~~~~~~~~~~~
/home/ubuntu/libffi-rs/libffi-sys-rs/libffi/src/java_raw_api.c: In function 'ffi_java_translate_args':
/home/ubuntu/libffi-rs/libffi-sys-rs/libffi/src/java_raw_api.c:328:3: warning: 'ffi_java_raw_size' is deprecated [-Wdeprecated-declarations]
  328 |   ffi_java_raw *raw = (ffi_java_raw*)alloca (ffi_java_raw_size (cif));
      |   ^~~~~~~~~~~~
/home/ubuntu/libffi-rs/libffi-sys-rs/libffi/src/java_raw_api.c:45:1: note: declared here
   45 | ffi_java_raw_size (ffi_cif *cif)
      | ^~~~~~~~~~~~~~~~~
/home/ubuntu/libffi-rs/libffi-sys-rs/libffi/src/java_raw_api.c:331:3: warning: 'ffi_java_ptrarray_to_raw' is deprecated [-Wdeprecated-declarations]
  331 |   ffi_java_ptrarray_to_raw (cif, avalue, raw);
      |   ^~~~~~~~~~~~~~~~~~~~~~~~
/home/ubuntu/libffi-rs/libffi-sys-rs/libffi/src/java_raw_api.c:157:1: note: declared here
  157 | ffi_java_ptrarray_to_raw (ffi_cif *cif, void **args, ffi_java_raw *raw)
      | ^~~~~~~~~~~~~~~~~~~~~~~~
/home/ubuntu/libffi-rs/libffi-sys-rs/libffi/src/java_raw_api.c: In function 'ffi_prep_java_raw_closure':
/home/ubuntu/libffi-rs/libffi-sys-rs/libffi/src/java_raw_api.c:369:3: warning: 'ffi_prep_java_raw_closure_loc' is deprecated [-Wdeprecated-declarations]
  369 |   return ffi_prep_java_raw_closure_loc (cl, cif, fun, user_data, cl);
      |   ^~~~~~
/home/ubuntu/libffi-rs/libffi-sys-rs/libffi/src/java_raw_api.c:337:1: note: declared here
  337 | ffi_prep_java_raw_closure_loc (ffi_java_raw_closure* cl,
      | ^~~~~~~~~~~~~~~~~~~~~~~~~~~~~
depbase=`echo src/closures.lo | sed 's|[^/]*$|.deps/&|;s|\.lo$||'`;\
/bin/bash ./libtool  --tag=CC   --mode=compile sparc64-linux-gnu-gcc -DHAVE_CONFIG_H -I. -I/home/ubuntu/libffi-rs/libffi-sys-rs/libffi  -I. -I/home/ubuntu/libffi-rs/libffi-sys-rs/libffi/include -Iinclude -I/home/ubuntu/libffi-rs/libffi-sys-rs/libffi/src   -Wall -O2 -g -fPIC -fexceptions -MT src/closures.lo -MD -MP -MF $depbase.Tpo -c -o src/closures.lo /home/ubuntu/libffi-rs/libffi-sys-rs/libffi/src/closures.c &&\
mv -f $depbase.Tpo $depbase.Plo
depbase=`echo src/tramp.lo | sed 's|[^/]*$|.deps/&|;s|\.lo$||'`;\
/bin/bash ./libtool  --tag=CC   --mode=compile sparc64-linux-gnu-gcc -DHAVE_CONFIG_H -I. -I/home/ubuntu/libffi-rs/libffi-sys-rs/libffi  -I. -I/home/ubuntu/libffi-rs/libffi-sys-rs/libffi/include -Iinclude -I/home/ubuntu/libffi-rs/libffi-sys-rs/libffi/src   -Wall -O2 -g -fPIC -fexceptions -MT src/tramp.lo -MD -MP -MF $depbase.Tpo -c -o src/tramp.lo /home/ubuntu/libffi-rs/libffi-sys-rs/libffi/src/tramp.c &&\
mv -f $depbase.Tpo $depbase.Plo
libtool: compile:  sparc64-linux-gnu-gcc -DHAVE_CONFIG_H -I. -I/home/ubuntu/libffi-rs/libffi-sys-rs/libffi -I. -I/home/ubuntu/libffi-rs/libffi-sys-rs/libffi/include -Iinclude -I/home/ubuntu/libffi-rs/libffi-sys-rs/libffi/src -Wall -O2 -g -fPIC -fexceptions -MT src/closures.lo -MD -MP -MF src/.deps/closures.Tpo -c /home/ubuntu/libffi-rs/libffi-sys-rs/libffi/src/closures.c  -fPIC -DPIC -o src/closures.o
libtool: compile:  sparc64-linux-gnu-gcc -DHAVE_CONFIG_H -I. -I/home/ubuntu/libffi-rs/libffi-sys-rs/libffi -I. -I/home/ubuntu/libffi-rs/libffi-sys-rs/libffi/include -Iinclude -I/home/ubuntu/libffi-rs/libffi-sys-rs/libffi/src -Wall -O2 -g -fPIC -fexceptions -MT src/tramp.lo -MD -MP -MF src/.deps/tramp.Tpo -c /home/ubuntu/libffi-rs/libffi-sys-rs/libffi/src/tramp.c  -fPIC -DPIC -o src/tramp.o
depbase=`echo src/sparc/ffi.lo | sed 's|[^/]*$|.deps/&|;s|\.lo$||'`;\
/bin/bash ./libtool  --tag=CC   --mode=compile sparc64-linux-gnu-gcc -DHAVE_CONFIG_H -I. -I/home/ubuntu/libffi-rs/libffi-sys-rs/libffi  -I. -I/home/ubuntu/libffi-rs/libffi-sys-rs/libffi/include -Iinclude -I/home/ubuntu/libffi-rs/libffi-sys-rs/libffi/src   -Wall -O2 -g -fPIC -fexceptions -MT src/sparc/ffi.lo -MD -MP -MF $depbase.Tpo -c -o src/sparc/ffi.lo /home/ubuntu/libffi-rs/libffi-sys-rs/libffi/src/sparc/ffi.c &&\
mv -f $depbase.Tpo $depbase.Plo
libtool: compile:  sparc64-linux-gnu-gcc -DHAVE_CONFIG_H -I. -I/home/ubuntu/libffi-rs/libffi-sys-rs/libffi -I. -I/home/ubuntu/libffi-rs/libffi-sys-rs/libffi/include -Iinclude -I/home/ubuntu/libffi-rs/libffi-sys-rs/libffi/src -Wall -O2 -g -fPIC -fexceptions -MT src/sparc/ffi.lo -MD -MP -MF src/sparc/.deps/ffi.Tpo -c /home/ubuntu/libffi-rs/libffi-sys-rs/libffi/src/sparc/ffi.c  -fPIC -DPIC -o src/sparc/ffi.o
depbase=`echo src/sparc/ffi64.lo | sed 's|[^/]*$|.deps/&|;s|\.lo$||'`;\
/bin/bash ./libtool  --tag=CC   --mode=compile sparc64-linux-gnu-gcc -DHAVE_CONFIG_H -I. -I/home/ubuntu/libffi-rs/libffi-sys-rs/libffi  -I. -I/home/ubuntu/libffi-rs/libffi-sys-rs/libffi/include -Iinclude -I/home/ubuntu/libffi-rs/libffi-sys-rs/libffi/src   -Wall -O2 -g -fPIC -fexceptions -MT src/sparc/ffi64.lo -MD -MP -MF $depbase.Tpo -c -o src/sparc/ffi64.lo /home/ubuntu/libffi-rs/libffi-sys-rs/libffi/src/sparc/ffi64.c &&\
mv -f $depbase.Tpo $depbase.Plo
libtool: compile:  sparc64-linux-gnu-gcc -DHAVE_CONFIG_H -I. -I/home/ubuntu/libffi-rs/libffi-sys-rs/libffi -I. -I/home/ubuntu/libffi-rs/libffi-sys-rs/libffi/include -Iinclude -I/home/ubuntu/libffi-rs/libffi-sys-rs/libffi/src -Wall -O2 -g -fPIC -fexceptions -MT src/sparc/ffi64.lo -MD -MP -MF src/sparc/.deps/ffi64.Tpo -c /home/ubuntu/libffi-rs/libffi-sys-rs/libffi/src/sparc/ffi64.c  -fPIC -DPIC -o src/sparc/ffi64.o
depbase=`echo src/sparc/v8.lo | sed 's|[^/]*$|.deps/&|;s|\.lo$||'`;\
/bin/bash ./libtool  --tag=CC   --mode=compile sparc64-linux-gnu-gcc -DHAVE_CONFIG_H -I. -I/home/ubuntu/libffi-rs/libffi-sys-rs/libffi  -I. -I/home/ubuntu/libffi-rs/libffi-sys-rs/libffi/include -Iinclude -I/home/ubuntu/libffi-rs/libffi-sys-rs/libffi/src  '-I. -I/home/ubuntu/libffi-rs/libffi-sys-rs/libffi/include -Iinclude -I/home/ubuntu/libffi-rs/libffi-sys-rs/libffi/src' -O2 -g -fPIC -MT src/sparc/v8.lo -MD -MP -MF $depbase.Tpo -c -o src/sparc/v8.lo /home/ubuntu/libffi-rs/libffi-sys-rs/libffi/src/sparc/v8.S &&\
mv -f $depbase.Tpo $depbase.Plo
depbase=`echo src/sparc/v9.lo | sed 's|[^/]*$|.deps/&|;s|\.lo$||'`;\
/bin/bash ./libtool  --tag=CC   --mode=compile sparc64-linux-gnu-gcc -DHAVE_CONFIG_H -I. -I/home/ubuntu/libffi-rs/libffi-sys-rs/libffi  -I. -I/home/ubuntu/libffi-rs/libffi-sys-rs/libffi/include -Iinclude -I/home/ubuntu/libffi-rs/libffi-sys-rs/libffi/src  '-I. -I/home/ubuntu/libffi-rs/libffi-sys-rs/libffi/include -Iinclude -I/home/ubuntu/libffi-rs/libffi-sys-rs/libffi/src' -O2 -g -fPIC -MT src/sparc/v9.lo -MD -MP -MF $depbase.Tpo -c -o src/sparc/v9.lo /home/ubuntu/libffi-rs/libffi-sys-rs/libffi/src/sparc/v9.S &&\
mv -f $depbase.Tpo $depbase.Plo
libtool: compile:  sparc64-linux-gnu-gcc -DHAVE_CONFIG_H -I. -I/home/ubuntu/libffi-rs/libffi-sys-rs/libffi -I. -I/home/ubuntu/libffi-rs/libffi-sys-rs/libffi/include -Iinclude -I/home/ubuntu/libffi-rs/libffi-sys-rs/libffi/src "-I. -I/home/ubuntu/libffi-rs/libffi-sys-rs/libffi/include -Iinclude -I/home/ubuntu/libffi-rs/libffi-sys-rs/libffi/src" -O2 -g -fPIC -MT src/sparc/v8.lo -MD -MP -MF src/sparc/.deps/v8.Tpo -c /home/ubuntu/libffi-rs/libffi-sys-rs/libffi/src/sparc/v8.S  -fPIC -DPIC -o src/sparc/v8.o
libtool: compile:  sparc64-linux-gnu-gcc -DHAVE_CONFIG_H -I. -I/home/ubuntu/libffi-rs/libffi-sys-rs/libffi -I. -I/home/ubuntu/libffi-rs/libffi-sys-rs/libffi/include -Iinclude -I/home/ubuntu/libffi-rs/libffi-sys-rs/libffi/src "-I. -I/home/ubuntu/libffi-rs/libffi-sys-rs/libffi/include -Iinclude -I/home/ubuntu/libffi-rs/libffi-sys-rs/libffi/src" -O2 -g -fPIC -MT src/sparc/v9.lo -MD -MP -MF src/sparc/.deps/v9.Tpo -c /home/ubuntu/libffi-rs/libffi-sys-rs/libffi/src/sparc/v9.S  -fPIC -DPIC -o src/sparc/v9.o
/bin/bash ./libtool  --tag=CC   --mode=link sparc64-linux-gnu-gcc  -Wall -O2 -g -fPIC -fexceptions   -o libffi_convenience.la  src/prep_cif.lo src/types.lo src/raw_api.lo src/java_raw_api.lo src/closures.lo src/tramp.lo   src/sparc/ffi.lo src/sparc/ffi64.lo src/sparc/v8.lo src/sparc/v9.lo 
/bin/bash ./libtool  --tag=CC   --mode=link sparc64-linux-gnu-gcc  -Wall -O2 -g -fPIC -fexceptions -no-undefined -version-info `grep -v '^#' /home/ubuntu/libffi-rs/libffi-sys-rs/libffi/libtool-version`     -o libffi.la -rpath /usr/local/lib/../lib src/prep_cif.lo src/types.lo src/raw_api.lo src/java_raw_api.lo src/closures.lo src/tramp.lo  src/sparc/ffi.lo src/sparc/ffi64.lo src/sparc/v8.lo src/sparc/v9.lo 
libtool: link: ar cr .libs/libffi_convenience.a  src/prep_cif.o src/types.o src/raw_api.o src/java_raw_api.o src/closures.o src/tramp.o src/sparc/ffi.o src/sparc/ffi64.o src/sparc/v8.o src/sparc/v9.o
libtool: link: ar cr .libs/libffi.a  src/prep_cif.o src/types.o src/raw_api.o src/java_raw_api.o src/closures.o src/tramp.o src/sparc/ffi.o src/sparc/ffi64.o src/sparc/v8.o src/sparc/v9.o
libtool: link: ranlib .libs/libffi_convenience.a
libtool: link: ranlib .libs/libffi.a
libtool: link: ( cd ".libs" && rm -f "libffi_convenience.la" && ln -s "../libffi_convenience.la" "libffi_convenience.la" )
libtool: link: ( cd ".libs" && rm -f "libffi.la" && ln -s "../libffi.la" "libffi.la" )
make[2]: Leaving directory '/home/ubuntu/work/configured'
make[1]: Leaving directory '/home/ubuntu/work/configured'
