Transpiling prep_cif.c
[37minfo:[0m Could not expand macro ffi_type_sint: Cannot yet refer to declarations in a const expr
--> /home/ubuntu/libffi-rs/libffi-sys-rs/libffi/src/prep_cif.c:233:21


[37minfo:[0m Could not expand macro ffi_type_sint: Cannot yet refer to declarations in a const expr
--> /home/ubuntu/libffi-rs/libffi-sys-rs/libffi/src/prep_cif.c:233:21


error: 'rustfmt' is not installed for the toolchain 'stable-x86_64-unknown-linux-gnu'.
help: run `rustup component add rustfmt` to install it

Stack backtrace:
   0: anyhow::kind::Adhoc::new
   1: anyhow::__private::format_err.3718
   2: rustup::toolchain::distributable::DistributableToolchain::recursion_error
   3: rustup::toolchain::Toolchain::create_command
   4: rustup::toolchain::Toolchain::command
   5: rustup::cli::proxy_mode::main::{{closure}}::{{closure}}
   6: rustup_init::run_rustup_inner::{{closure}}::{{closure}}
   7: rustup_init::run_rustup::{{closure}}::{{closure}}
   8: rustup_init::main::{{closure}}
   9: tokio::runtime::runtime::Runtime::block_on
  10: rustup_init::main
  11: std::sys::backtrace::__rust_begin_short_backtrace
  12: main
  13: <unknown>
  14: __libc_start_main
  15: <unknown>
[33mwarning:[0m rustfmt failed, code may not be well-formatted
Transpiling types.c
[31merror:[0m Failed to translate ffi_type_complex_float: Unsupported type Complex(CTypeId(113))

[31merror:[0m Translation failed, exiting
