    Updating crates.io index
     Locking 3 packages to latest compatible versions
 Downloading crates ...
  Downloaded shlex v2.0.1
  Downloaded cc v1.4.2
  Downloaded find-msvc-tools v0.1.10
   Compiling find-msvc-tools v0.1.10
   Compiling shlex v2.0.1
   Compiling cc v1.4.2
   Compiling libffi-sparc64-c2rust v0.1.0 (/home/ubuntu/port)
error[E0433]: cannot find `std` in the crate root
    --> src/closures.rs:5341:31
     |
5341 |     alloca_allocations.push(::std::vec::from_elem(
     |                               ^^^ could not find `std` in the list of imported crates

error[E0433]: cannot find `std` in the crate root
    --> src/closures.rs:5555:48
     |
5555 |     let mut buf: Vec<::core::ffi::c_uchar> = ::std::vec::from_elem(0, vla);
     |                                                ^^^ could not find `std` in the list of imported crates

error[E0433]: cannot find `std` in the crate root
   --> src/java_raw_api.rs:346:31
    |
346 |     alloca_allocations.push(::std::vec::from_elem(
    |                               ^^^ could not find `std` in the list of imported crates

error[E0433]: cannot find `std` in the crate root
   --> src/java_raw_api.rs:365:31
    |
365 |     alloca_allocations.push(::std::vec::from_elem(0, ffi_java_raw_size(cif) as usize));
    |                               ^^^ could not find `std` in the list of imported crates

error[E0433]: cannot find `std` in the crate root
   --> src/raw_api.rs:304:31
    |
304 |     alloca_allocations.push(::std::vec::from_elem(
    |                               ^^^ could not find `std` in the list of imported crates

error[E0433]: cannot find `std` in the crate root
   --> src/raw_api.rs:322:31
    |
322 |     alloca_allocations.push(::std::vec::from_elem(0, ffi_raw_size(cif) as usize));
    |                               ^^^ could not find `std` in the list of imported crates

error[E0433]: cannot find `f128` in the crate root
   --> src/types.rs:164:36
    |
164 |     size: ::core::mem::size_of::<::f128::f128>() as size_t,
    |                                    ^^^^ could not find `f128` in the list of imported crates

error[E0433]: cannot find `std` in the crate root
   --> src/sparc/ffi64.rs:567:39
    |
567 |             alloca_allocations.push(::std::vec::from_elem(
    |                                       ^^^ could not find `std` in the list of imported crates

error[E0433]: cannot find `std` in the crate root
   --> src/sparc/ffi64.rs:697:31
    |
697 |     alloca_allocations.push(::std::vec::from_elem(
    |                               ^^^ could not find `std` in the list of imported crates

error[E0425]: cannot find function `atomic_load_relaxed` in module `::core::intrinsics`
   --> src/closures.rs:704:31
    |
704 |     while ::core::intrinsics::atomic_load_relaxed(sl) != 0 as ::core::ffi::c_int
    |                               ^^^^^^^^^^^^^^^^^^^ not found in `::core::intrinsics`

error[E0425]: cannot find function `atomic_xchg_acquire` in module `::core::intrinsics`
   --> src/closures.rs:705:32
    |
705 |         || ::core::intrinsics::atomic_xchg_acquire(sl, 1 as ::core::ffi::c_int) != 0
    |                                ^^^^^^^^^^^^^^^^^^^ not found in `::core::intrinsics`

error[E0425]: cannot find function `atomic_xchg_acquire` in module `::core::intrinsics`
   --> src/closures.rs:807:28
    |
807 |     if ::core::intrinsics::atomic_xchg_acquire(
    |                            ^^^^^^^^^^^^^^^^^^^ not found in `::core::intrinsics`

error[E0425]: cannot find function `atomic_store_release` in module `::core::intrinsics`
   --> src/closures.rs:849:29
    |
849 |         ::core::intrinsics::atomic_store_release(&raw mut mparams.magic, magic);
    |                             ^^^^^^^^^^^^^^^^^^^^ not found in `::core::intrinsics`

error[E0425]: cannot find function `atomic_store_release` in module `::core::intrinsics`
   --> src/closures.rs:851:25
    |
851 |     ::core::intrinsics::atomic_store_release(&raw mut malloc_global_mutex, 0);
    |                         ^^^^^^^^^^^^^^^^^^^^ not found in `::core::intrinsics`

error[E0425]: cannot find function `atomic_load_acquire` in module `::core::intrinsics`
    --> src/closures.rs:1621:26
     |
1621 |     (::core::intrinsics::atomic_load_acquire(&raw mut mparams.magic) != 0 as size_t
     |                          ^^^^^^^^^^^^^^^^^^^ not found in `::core::intrinsics`

error[E0425]: cannot find function `atomic_xchg_acquire` in module `::core::intrinsics`
    --> src/closures.rs:1708:32
     |
1708 |         if ::core::intrinsics::atomic_xchg_acquire(
     |                                ^^^^^^^^^^^^^^^^^^^ not found in `::core::intrinsics`

error[E0425]: cannot find function `atomic_store_release` in module `::core::intrinsics`
    --> src/closures.rs:1973:29
     |
1973 |         ::core::intrinsics::atomic_store_release(&raw mut malloc_global_mutex, 0);
     |                             ^^^^^^^^^^^^^^^^^^^^ not found in `::core::intrinsics`

error[E0425]: cannot find function `atomic_xchg_acquire` in module `::core::intrinsics`
    --> src/closures.rs:1994:36
     |
1994 |             if ::core::intrinsics::atomic_xchg_acquire(
     |                                    ^^^^^^^^^^^^^^^^^^^ not found in `::core::intrinsics`

error[E0425]: cannot find function `atomic_store_release` in module `::core::intrinsics`
    --> src/closures.rs:2006:33
     |
2006 |             ::core::intrinsics::atomic_store_release(&raw mut malloc_global_mutex, 0);
     |                                 ^^^^^^^^^^^^^^^^^^^^ not found in `::core::intrinsics`

error[E0425]: cannot find function `atomic_load_acquire` in module `::core::intrinsics`
    --> src/closures.rs:2552:26
     |
2552 |     (::core::intrinsics::atomic_load_acquire(&raw mut mparams.magic) != 0 as size_t
     |                          ^^^^^^^^^^^^^^^^^^^ not found in `::core::intrinsics`

error[E0425]: cannot find function `atomic_load_acquire` in module `::core::intrinsics`
    --> src/closures.rs:3712:26
     |
3712 |     (::core::intrinsics::atomic_load_acquire(&raw mut mparams.magic) != 0 as size_t
     |                          ^^^^^^^^^^^^^^^^^^^ not found in `::core::intrinsics`

error[E0425]: cannot find function `atomic_xchg_acquire` in module `::core::intrinsics`
    --> src/closures.rs:3715:32
     |
3715 |         if ::core::intrinsics::atomic_xchg_acquire(&raw mut _gm_.mutex, 1 as ::core::ffi::c_int)
     |                                ^^^^^^^^^^^^^^^^^^^ not found in `::core::intrinsics`

error[E0425]: cannot find function `atomic_store_release` in module `::core::intrinsics`
    --> src/closures.rs:3928:33
     |
3928 |             ::core::intrinsics::atomic_store_release(&raw mut _gm_.mutex, 0);
     |                                 ^^^^^^^^^^^^^^^^^^^^ not found in `::core::intrinsics`

error[E0425]: cannot find function `atomic_xchg_acquire` in module `::core::intrinsics`
    --> src/closures.rs:3942:36
     |
3942 |             if ::core::intrinsics::atomic_xchg_acquire(&raw mut _gm_.mutex, 1 as ::core::ffi::c_int)
     |                                    ^^^^^^^^^^^^^^^^^^^ not found in `::core::intrinsics`

error[E0425]: cannot find function `atomic_store_release` in module `::core::intrinsics`
    --> src/closures.rs:4688:57
     |
4688 | ...                   ::core::intrinsics::atomic_store_release(
     |                                           ^^^^^^^^^^^^^^^^^^^^ not found in `::core::intrinsics`

error[E0425]: cannot find function `atomic_xchg_acquire` in module `::core::intrinsics`
    --> src/closures.rs:5018:40
     |
5018 |                 if ::core::intrinsics::atomic_xchg_acquire(
     |                                        ^^^^^^^^^^^^^^^^^^^ not found in `::core::intrinsics`

error[E0425]: cannot find function `atomic_store_release` in module `::core::intrinsics`
    --> src/closures.rs:5092:37
     |
5092 |                 ::core::intrinsics::atomic_store_release(&raw mut (*m).mutex, 0);
     |                                     ^^^^^^^^^^^^^^^^^^^^ not found in `::core::intrinsics`

error[E0425]: cannot find function `atomic_xchg_acquire` in module `::core::intrinsics`
    --> src/closures.rs:5105:32
     |
5105 |         if ::core::intrinsics::atomic_xchg_acquire(&raw mut (*m).mutex, 1 as ::core::ffi::c_int)
     |                                ^^^^^^^^^^^^^^^^^^^ not found in `::core::intrinsics`

error[E0425]: cannot find function `atomic_store_release` in module `::core::intrinsics`
    --> src/closures.rs:5170:33
     |
5170 |             ::core::intrinsics::atomic_store_release(&raw mut (*m).mutex, 0);
     |                                 ^^^^^^^^^^^^^^^^^^^^ not found in `::core::intrinsics`

error[E0425]: cannot find function `atomic_xchg_acquire` in module `::core::intrinsics`
    --> src/closures.rs:5198:40
     |
5198 |                 if ::core::intrinsics::atomic_xchg_acquire(
     |                                        ^^^^^^^^^^^^^^^^^^^ not found in `::core::intrinsics`

error[E0425]: cannot find function `atomic_store_release` in module `::core::intrinsics`
    --> src/closures.rs:5213:41
     |
5213 |                     ::core::intrinsics::atomic_store_release(&raw mut (*m).mutex, 0);
     |                                         ^^^^^^^^^^^^^^^^^^^^ not found in `::core::intrinsics`

error[E0425]: cannot find type `Vec` in this scope
    --> src/closures.rs:5318:33
     |
5318 |     let mut alloca_allocations: Vec<Vec<u8>> = Vec::new();
     |                                 ^^^ not found in this scope

error[E0425]: cannot find type `Vec` in this scope
    --> src/closures.rs:5318:37
     |
5318 |     let mut alloca_allocations: Vec<Vec<u8>> = Vec::new();
     |                                     ^^^ not found in this scope

error[E0425]: cannot find type `Vec` in this scope
    --> src/closures.rs:5555:18
     |
5555 |     let mut buf: Vec<::core::ffi::c_uchar> = ::std::vec::from_elem(0, vla);
     |                  ^^^ not found in this scope

error[E0425]: cannot find type `Vec` in this scope
   --> src/java_raw_api.rs:345:33
    |
345 |     let mut alloca_allocations: Vec<Vec<u8>> = Vec::new();
    |                                 ^^^ not found in this scope

error[E0425]: cannot find type `Vec` in this scope
   --> src/java_raw_api.rs:345:37
    |
345 |     let mut alloca_allocations: Vec<Vec<u8>> = Vec::new();
    |                                     ^^^ not found in this scope

error[E0425]: cannot find type `Vec` in this scope
   --> src/java_raw_api.rs:364:33
    |
364 |     let mut alloca_allocations: Vec<Vec<u8>> = Vec::new();
    |                                 ^^^ not found in this scope

error[E0425]: cannot find type `Vec` in this scope
   --> src/java_raw_api.rs:364:37
    |
364 |     let mut alloca_allocations: Vec<Vec<u8>> = Vec::new();
    |                                     ^^^ not found in this scope

error[E0425]: cannot find type `Vec` in this scope
   --> src/raw_api.rs:303:33
    |
303 |     let mut alloca_allocations: Vec<Vec<u8>> = Vec::new();
    |                                 ^^^ not found in this scope

error[E0425]: cannot find type `Vec` in this scope
   --> src/raw_api.rs:303:37
    |
303 |     let mut alloca_allocations: Vec<Vec<u8>> = Vec::new();
    |                                     ^^^ not found in this scope

error[E0425]: cannot find type `Vec` in this scope
   --> src/raw_api.rs:321:33
    |
321 |     let mut alloca_allocations: Vec<Vec<u8>> = Vec::new();
    |                                 ^^^ not found in this scope

error[E0425]: cannot find type `Vec` in this scope
   --> src/raw_api.rs:321:37
    |
321 |     let mut alloca_allocations: Vec<Vec<u8>> = Vec::new();
    |                                     ^^^ not found in this scope

error[E0425]: cannot find type `Vec` in this scope
   --> src/sparc/ffi64.rs:550:33
    |
550 |     let mut alloca_allocations: Vec<Vec<u8>> = Vec::new();
    |                                 ^^^ not found in this scope

error[E0425]: cannot find type `Vec` in this scope
   --> src/sparc/ffi64.rs:550:37
    |
550 |     let mut alloca_allocations: Vec<Vec<u8>> = Vec::new();
    |                                     ^^^ not found in this scope

error[E0425]: cannot find type `Vec` in this scope
   --> src/sparc/ffi64.rs:683:33
    |
683 |     let mut alloca_allocations: Vec<Vec<u8>> = Vec::new();
    |                                 ^^^ not found in this scope

error[E0425]: cannot find type `Vec` in this scope
   --> src/sparc/ffi64.rs:683:37
    |
683 |     let mut alloca_allocations: Vec<Vec<u8>> = Vec::new();
    |                                     ^^^ not found in this scope

error[E0658]: extern types are experimental
 --> src/closures.rs:2:5
  |
2 |     pub type _IO_wide_data;
  |     ^^^^^^^^^^^^^^^^^^^^^^^
  |
  = note: see issue #43467 <https://github.com/rust-lang/rust/issues/43467> for more information

error[E0658]: extern types are experimental
 --> src/closures.rs:3:5
  |
3 |     pub type _IO_codecvt;
  |     ^^^^^^^^^^^^^^^^^^^^^
  |
  = note: see issue #43467 <https://github.com/rust-lang/rust/issues/43467> for more information

error[E0658]: extern types are experimental
 --> src/closures.rs:4:5
  |
4 |     pub type _IO_marker;
  |     ^^^^^^^^^^^^^^^^^^^^
  |
  = note: see issue #43467 <https://github.com/rust-lang/rust/issues/43467> for more information

error: `#[panic_handler]` function required, but not found

error: unwinding panics are not supported without std
  |
  = help: using nightly cargo, use -Zbuild-std with panic="abort" to avoid unwinding
  = note: since the core library is usually precompiled with panic="unwind", rebuilding your crate with panic="abort" may not be enough to fix the problem

error[E0308]: mismatched types
   --> src/closures.rs:682:47
    |
682 | pub const SIZE_T_SIZE: ::core::ffi::c_ulong = ::core::mem::size_of::<size_t>();
    |                        --------------------   ^^^^^^^^^^^^^^^^^^^^^^^^^^^^^^^^ expected `u64`, found `usize`
    |                        |
    |                        expected because of the type of the constant

error[E0308]: mismatched types
   --> src/closures.rs:716:47
    |
716 | pub const MCHUNK_SIZE: ::core::ffi::c_ulong = ::core::mem::size_of::<mchunk>();
    |                        --------------------   ^^^^^^^^^^^^^^^^^^^^^^^^^^^^^^^^ expected `u64`, found `usize`
    |                        |
    |                        expected because of the type of the constant

error[E0308]: mismatched types
   --> src/closures.rs:717:50
    |
717 | pub const CHUNK_OVERHEAD: ::core::ffi::c_ulong = ::core::mem::size_of::<size_t>();
    |                           --------------------   ^^^^^^^^^^^^^^^^^^^^^^^^^^^^^^^^ expected `u64`, found `usize`
    |                           |
    |                           expected because of the type of the constant

error[E0433]: cannot find type `Vec` in this scope
    --> src/closures.rs:5318:48
     |
5318 |     let mut alloca_allocations: Vec<Vec<u8>> = Vec::new();
     |                                                ^^^ use of undeclared type `Vec`

error[E0433]: cannot find type `Vec` in this scope
   --> src/java_raw_api.rs:345:48
    |
345 |     let mut alloca_allocations: Vec<Vec<u8>> = Vec::new();
    |                                                ^^^ use of undeclared type `Vec`

error[E0433]: cannot find type `Vec` in this scope
   --> src/java_raw_api.rs:364:48
    |
364 |     let mut alloca_allocations: Vec<Vec<u8>> = Vec::new();
    |                                                ^^^ use of undeclared type `Vec`

error[E0433]: cannot find type `Vec` in this scope
   --> src/raw_api.rs:303:48
    |
303 |     let mut alloca_allocations: Vec<Vec<u8>> = Vec::new();
    |                                                ^^^ use of undeclared type `Vec`

error[E0433]: cannot find type `Vec` in this scope
   --> src/raw_api.rs:321:48
    |
321 |     let mut alloca_allocations: Vec<Vec<u8>> = Vec::new();
    |                                                ^^^ use of undeclared type `Vec`

error[E0433]: cannot find type `Vec` in this scope
   --> src/sparc/ffi64.rs:550:48
    |
550 |     let mut alloca_allocations: Vec<Vec<u8>> = Vec::new();
    |                                                ^^^ use of undeclared type `Vec`

error[E0433]: cannot find type `Vec` in this scope
   --> src/sparc/ffi64.rs:683:48
    |
683 |     let mut alloca_allocations: Vec<Vec<u8>> = Vec::new();
    |                                                ^^^ use of undeclared type `Vec`

warning: unused variable: `flags`
   --> src/closures.rs:927:5
    |
927 |     mut flags: ::core::ffi::c_int,
    |     ^^^^^^^^^ help: if this is intentional, prefix it with an underscore: `_flags`
    |
    = note: `#[warn(unused_variables)]` (part of `#[warn(unused)]`) on by default

warning: variable `nfences` is assigned to, but never used
    --> src/closures.rs:1424:9
     |
1424 |     let mut nfences: ::core::ffi::c_int = 0 as ::core::ffi::c_int;
     |         ^^^^^^^^^^^
     |
     = note: consider using `_nfences` instead

warning: unused variable: `flags`
    --> src/closures.rs:5306:5
     |
5306 |     mut flags: ::core::ffi::c_int,
     |     ^^^^^^^^^ help: if this is intentional, prefix it with an underscore: `_flags`

warning: unused variable: `flags`
 --> src/tramp.rs:8:5
  |
8 |     mut flags: ::core::ffi::c_int,
  |     ^^^^^^^^^ help: if this is intentional, prefix it with an underscore: `_flags`

warning: unused variable: `arg`
  --> src/tramp.rs:14:5
   |
14 |     mut arg: *mut ::core::ffi::c_void,
   |     ^^^^^^^ help: if this is intentional, prefix it with an underscore: `_arg`

warning: unused variable: `target`
  --> src/tramp.rs:15:5
   |
15 |     mut target: *mut ::core::ffi::c_void,
   |     ^^^^^^^^^^ help: if this is intentional, prefix it with an underscore: `_target`

warning: unused variable: `data`
  --> src/tramp.rs:16:5
   |
16 |     mut data: *mut ::core::ffi::c_void,
   |     ^^^^^^^^ help: if this is intentional, prefix it with an underscore: `_data`

warning: unused variable: `arg`
  --> src/tramp.rs:21:5
   |
21 |     mut arg: *mut ::core::ffi::c_void,
   |     ^^^^^^^ help: if this is intentional, prefix it with an underscore: `_arg`

warning: unused variable: `arg`
  --> src/tramp.rs:26:41
   |
26 | pub unsafe extern "C" fn ffi_tramp_free(mut arg: *mut ::core::ffi::c_void) {}
   |                                         ^^^^^^^ help: if this is intentional, prefix it with an underscore: `_arg`

warning: unused variable: `ntotalargs`
   --> src/sparc/ffi64.rs:430:5
    |
430 |     mut ntotalargs: ::core::ffi::c_uint,
    |     ^^^^^^^^^^^^^^ help: if this is intentional, prefix it with an underscore: `_ntotalargs`

warning: unused variable: `codeloc`
   --> src/sparc/ffi64.rs:617:5
    |
617 |     mut codeloc: *mut ::core::ffi::c_void,
    |     ^^^^^^^^^^^ help: if this is intentional, prefix it with an underscore: `_codeloc`

Some errors have detailed explanations: E0308, E0425, E0433, E0658.
For more information about an error, try `rustc --explain E0308`.
warning: `libffi-sparc64-c2rust` (lib) generated 11 warnings
error: could not compile `libffi-sparc64-c2rust` (lib) due to 61 previous errors; 11 warnings emitted
