    Checking libffi-sparc64-c2rust v0.1.0 (/home/ubuntu/port)
error[E0277]: the trait bound `usize: AtomicValue` is not satisfied
   --> src/closures.rs:861:9
    |
861 |         crate::atomic_compat::atomic_store_release(&raw mut mparams.magic, magic);
    |         ^^^^^^^^^^^^^^^^^^^^^^^^^^^^^^^^^^^^^^^^^^ the trait `AtomicValue` is not implemented for `usize`
    |
help: the following other types implement trait `AtomicValue`
   --> src/lib.rs:31:5
    |
 31 |     unsafe impl AtomicValue for i32 {
    |     ^^^^^^^^^^^^^^^^^^^^^^^^^^^^^^^ `i32`
...
 45 |     unsafe impl AtomicValue for u64 {
    |     ^^^^^^^^^^^^^^^^^^^^^^^^^^^^^^^ `u64`
note: required by a bound in `atomic_store_release`
   --> src/lib.rs:69:43
    |
 69 |     pub unsafe fn atomic_store_release<T: AtomicValue>(p: *mut T, value: T) {
    |                                           ^^^^^^^^^^^ required by this bound in `atomic_store_release`

error[E0277]: the trait bound `usize: AtomicValue` is not satisfied
    --> src/closures.rs:1633:48
     |
1633 |     (crate::atomic_compat::atomic_load_acquire(&raw mut mparams.magic) != 0 as size_t
     |      ----------------------------------------- ^^^^^^^^^^^^^^^^^^^^^^ the trait `AtomicValue` is not implemented for `usize`
     |      |
     |      required by a bound introduced by this call
     |
help: the following other types implement trait `AtomicValue`
    --> src/lib.rs:31:5
     |
  31 |     unsafe impl AtomicValue for i32 {
     |     ^^^^^^^^^^^^^^^^^^^^^^^^^^^^^^^ `i32`
...
  45 |     unsafe impl AtomicValue for u64 {
     |     ^^^^^^^^^^^^^^^^^^^^^^^^^^^^^^^ `u64`
note: required by a bound in `atomic_load_acquire`
    --> src/lib.rs:63:42
     |
  63 |     pub unsafe fn atomic_load_acquire<T: AtomicValue>(p: *const T) -> T {
     |                                          ^^^^^^^^^^^ required by this bound in `atomic_load_acquire`

error[E0277]: the trait bound `usize: AtomicValue` is not satisfied
    --> src/closures.rs:2564:48
     |
2564 |     (crate::atomic_compat::atomic_load_acquire(&raw mut mparams.magic) != 0 as size_t
     |      ----------------------------------------- ^^^^^^^^^^^^^^^^^^^^^^ the trait `AtomicValue` is not implemented for `usize`
     |      |
     |      required by a bound introduced by this call
     |
help: the following other types implement trait `AtomicValue`
    --> src/lib.rs:31:5
     |
  31 |     unsafe impl AtomicValue for i32 {
     |     ^^^^^^^^^^^^^^^^^^^^^^^^^^^^^^^ `i32`
...
  45 |     unsafe impl AtomicValue for u64 {
     |     ^^^^^^^^^^^^^^^^^^^^^^^^^^^^^^^ `u64`
note: required by a bound in `atomic_load_acquire`
    --> src/lib.rs:63:42
     |
  63 |     pub unsafe fn atomic_load_acquire<T: AtomicValue>(p: *const T) -> T {
     |                                          ^^^^^^^^^^^ required by this bound in `atomic_load_acquire`

error[E0277]: the trait bound `usize: AtomicValue` is not satisfied
    --> src/closures.rs:3724:48
     |
3724 |     (crate::atomic_compat::atomic_load_acquire(&raw mut mparams.magic) != 0 as size_t
     |      ----------------------------------------- ^^^^^^^^^^^^^^^^^^^^^^ the trait `AtomicValue` is not implemented for `usize`
     |      |
     |      required by a bound introduced by this call
     |
help: the following other types implement trait `AtomicValue`
    --> src/lib.rs:31:5
     |
  31 |     unsafe impl AtomicValue for i32 {
     |     ^^^^^^^^^^^^^^^^^^^^^^^^^^^^^^^ `i32`
...
  45 |     unsafe impl AtomicValue for u64 {
     |     ^^^^^^^^^^^^^^^^^^^^^^^^^^^^^^^ `u64`
note: required by a bound in `atomic_load_acquire`
    --> src/lib.rs:63:42
     |
  63 |     pub unsafe fn atomic_load_acquire<T: AtomicValue>(p: *const T) -> T {
     |                                          ^^^^^^^^^^^ required by this bound in `atomic_load_acquire`

warning: unused variable: `flags`
   --> src/closures.rs:939:5
    |
939 |     mut flags: ::core::ffi::c_int,
    |     ^^^^^^^^^ help: if this is intentional, prefix it with an underscore: `_flags`
    |
    = note: `#[warn(unused_variables)]` (part of `#[warn(unused)]`) on by default

warning: variable `nfences` is assigned to, but never used
    --> src/closures.rs:1436:9
     |
1436 |     let mut nfences: ::core::ffi::c_int = 0 as ::core::ffi::c_int;
     |         ^^^^^^^^^^^
     |
     = note: consider using `_nfences` instead

warning: unused variable: `flags`
    --> src/closures.rs:5320:5
     |
5320 |     mut flags: ::core::ffi::c_int,
     |     ^^^^^^^^^ help: if this is intentional, prefix it with an underscore: `_flags`

warning: unused variable: `flags`
 --> src/tramp.rs:8:5
  |
8 |     mut flags: ::core::ffi::c_int,
  |     ^^^^^^^^^ help: if this is intentional, prefix it with an underscore: `_flags`

warning: unused variable: `arg`
  --> src/tramp.rs:14:5
   |
14 |     mut arg: *mut ::core::ffi::c_void,
   |     ^^^^^^^ help: if this is intentional, prefix it with an underscore: `_arg`

warning: unused variable: `target`
  --> src/tramp.rs:15:5
   |
15 |     mut target: *mut ::core::ffi::c_void,
   |     ^^^^^^^^^^ help: if this is intentional, prefix it with an underscore: `_target`

warning: unused variable: `data`
  --> src/tramp.rs:16:5
   |
16 |     mut data: *mut ::core::ffi::c_void,
   |     ^^^^^^^^ help: if this is intentional, prefix it with an underscore: `_data`

warning: unused variable: `arg`
  --> src/tramp.rs:21:5
   |
21 |     mut arg: *mut ::core::ffi::c_void,
   |     ^^^^^^^ help: if this is intentional, prefix it with an underscore: `_arg`

warning: unused variable: `arg`
  --> src/tramp.rs:26:41
   |
26 | pub unsafe extern "C" fn ffi_tramp_free(mut arg: *mut ::core::ffi::c_void) {}
   |                                         ^^^^^^^ help: if this is intentional, prefix it with an underscore: `_arg`

warning: unused variable: `ntotalargs`
   --> src/sparc/ffi64.rs:430:5
    |
430 |     mut ntotalargs: ::core::ffi::c_uint,
    |     ^^^^^^^^^^^^^^ help: if this is intentional, prefix it with an underscore: `_ntotalargs`

warning: unused variable: `codeloc`
   --> src/sparc/ffi64.rs:617:5
    |
617 |     mut codeloc: *mut ::core::ffi::c_void,
    |     ^^^^^^^^^^^ help: if this is intentional, prefix it with an underscore: `_codeloc`

For more information about this error, try `rustc --explain E0277`.
warning: `libffi-sparc64-c2rust` (lib) generated 11 warnings
error: could not compile `libffi-sparc64-c2rust` (lib) due to 4 previous errors; 11 warnings emitted
