--- /dev/fd/63	2026-08-12 06:43:45.397975770 +0000
+++ /dev/fd/62	2026-08-12 06:43:45.397975770 +0000
@@ -1,12 +1,13 @@
 [
   {
     "arguments": [
-      "sparc64-linux-gnu-gcc",
+      "/usr/bin/sparc64-linux-gnu-gcc",
       "-DHAVE_CONFIG_H",
-      "-I/home/ubuntu/work/configured",
+      "-I.",
       "-I/home/ubuntu/libffi-rs/libffi-sys-rs/libffi",
+      "-I.",
       "-I/home/ubuntu/libffi-rs/libffi-sys-rs/libffi/include",
-      "-I/home/ubuntu/work/configured/include",
+      "-Iinclude",
       "-I/home/ubuntu/libffi-rs/libffi-sys-rs/libffi/src",
       "-Wall",
       "-O2",
@@ -14,21 +15,24 @@
       "-fPIC",
       "-fexceptions",
       "-c",
-      "/home/ubuntu/libffi-rs/libffi-sys-rs/libffi/src/prep_cif.c",
+      "-fPIC",
+      "-DPIC",
       "-o",
-      "/home/ubuntu/work/configured/src/prep_cif.o"
+      "src/types.o",
+      "/home/ubuntu/libffi-rs/libffi-sys-rs/libffi/src/types.c"
     ],
     "directory": "/home/ubuntu/work/configured",
-    "file": "/home/ubuntu/libffi-rs/libffi-sys-rs/libffi/src/prep_cif.c"
+    "file": "/home/ubuntu/libffi-rs/libffi-sys-rs/libffi/src/types.c"
   },
   {
     "arguments": [
-      "sparc64-linux-gnu-gcc",
+      "/usr/bin/sparc64-linux-gnu-gcc",
       "-DHAVE_CONFIG_H",
-      "-I/home/ubuntu/work/configured",
+      "-I.",
       "-I/home/ubuntu/libffi-rs/libffi-sys-rs/libffi",
+      "-I.",
       "-I/home/ubuntu/libffi-rs/libffi-sys-rs/libffi/include",
-      "-I/home/ubuntu/work/configured/include",
+      "-Iinclude",
       "-I/home/ubuntu/libffi-rs/libffi-sys-rs/libffi/src",
       "-Wall",
       "-O2",
@@ -36,21 +40,24 @@
       "-fPIC",
       "-fexceptions",
       "-c",
-      "/home/ubuntu/libffi-rs/libffi-sys-rs/libffi/src/types.c",
+      "-fPIC",
+      "-DPIC",
       "-o",
-      "/home/ubuntu/work/configured/src/types.o"
+      "src/prep_cif.o",
+      "/home/ubuntu/libffi-rs/libffi-sys-rs/libffi/src/prep_cif.c"
     ],
     "directory": "/home/ubuntu/work/configured",
-    "file": "/home/ubuntu/libffi-rs/libffi-sys-rs/libffi/src/types.c"
+    "file": "/home/ubuntu/libffi-rs/libffi-sys-rs/libffi/src/prep_cif.c"
   },
   {
     "arguments": [
-      "sparc64-linux-gnu-gcc",
+      "/usr/bin/sparc64-linux-gnu-gcc",
       "-DHAVE_CONFIG_H",
-      "-I/home/ubuntu/work/configured",
+      "-I.",
       "-I/home/ubuntu/libffi-rs/libffi-sys-rs/libffi",
+      "-I.",
       "-I/home/ubuntu/libffi-rs/libffi-sys-rs/libffi/include",
-      "-I/home/ubuntu/work/configured/include",
+      "-Iinclude",
       "-I/home/ubuntu/libffi-rs/libffi-sys-rs/libffi/src",
       "-Wall",
       "-O2",
@@ -58,21 +65,24 @@
       "-fPIC",
       "-fexceptions",
       "-c",
-      "/home/ubuntu/libffi-rs/libffi-sys-rs/libffi/src/raw_api.c",
+      "-fPIC",
+      "-DPIC",
       "-o",
-      "/home/ubuntu/work/configured/src/raw_api.o"
+      "src/raw_api.o",
+      "/home/ubuntu/libffi-rs/libffi-sys-rs/libffi/src/raw_api.c"
     ],
     "directory": "/home/ubuntu/work/configured",
     "file": "/home/ubuntu/libffi-rs/libffi-sys-rs/libffi/src/raw_api.c"
   },
   {
     "arguments": [
-      "sparc64-linux-gnu-gcc",
+      "/usr/bin/sparc64-linux-gnu-gcc",
       "-DHAVE_CONFIG_H",
-      "-I/home/ubuntu/work/configured",
+      "-I.",
       "-I/home/ubuntu/libffi-rs/libffi-sys-rs/libffi",
+      "-I.",
       "-I/home/ubuntu/libffi-rs/libffi-sys-rs/libffi/include",
-      "-I/home/ubuntu/work/configured/include",
+      "-Iinclude",
       "-I/home/ubuntu/libffi-rs/libffi-sys-rs/libffi/src",
       "-Wall",
       "-O2",
@@ -80,21 +90,24 @@
       "-fPIC",
       "-fexceptions",
       "-c",
-      "/home/ubuntu/libffi-rs/libffi-sys-rs/libffi/src/java_raw_api.c",
+      "-fPIC",
+      "-DPIC",
       "-o",
-      "/home/ubuntu/work/configured/src/java_raw_api.o"
+      "src/java_raw_api.o",
+      "/home/ubuntu/libffi-rs/libffi-sys-rs/libffi/src/java_raw_api.c"
     ],
     "directory": "/home/ubuntu/work/configured",
     "file": "/home/ubuntu/libffi-rs/libffi-sys-rs/libffi/src/java_raw_api.c"
   },
   {
     "arguments": [
-      "sparc64-linux-gnu-gcc",
+      "/usr/bin/sparc64-linux-gnu-gcc",
       "-DHAVE_CONFIG_H",
-      "-I/home/ubuntu/work/configured",
+      "-I.",
       "-I/home/ubuntu/libffi-rs/libffi-sys-rs/libffi",
+      "-I.",
       "-I/home/ubuntu/libffi-rs/libffi-sys-rs/libffi/include",
-      "-I/home/ubuntu/work/configured/include",
+      "-Iinclude",
       "-I/home/ubuntu/libffi-rs/libffi-sys-rs/libffi/src",
       "-Wall",
       "-O2",
@@ -102,21 +115,24 @@
       "-fPIC",
       "-fexceptions",
       "-c",
-      "/home/ubuntu/libffi-rs/libffi-sys-rs/libffi/src/closures.c",
+      "-fPIC",
+      "-DPIC",
       "-o",
-      "/home/ubuntu/work/configured/src/closures.o"
+      "src/closures.o",
+      "/home/ubuntu/libffi-rs/libffi-sys-rs/libffi/src/closures.c"
     ],
     "directory": "/home/ubuntu/work/configured",
     "file": "/home/ubuntu/libffi-rs/libffi-sys-rs/libffi/src/closures.c"
   },
   {
     "arguments": [
-      "sparc64-linux-gnu-gcc",
+      "/usr/bin/sparc64-linux-gnu-gcc",
       "-DHAVE_CONFIG_H",
-      "-I/home/ubuntu/work/configured",
+      "-I.",
       "-I/home/ubuntu/libffi-rs/libffi-sys-rs/libffi",
+      "-I.",
       "-I/home/ubuntu/libffi-rs/libffi-sys-rs/libffi/include",
-      "-I/home/ubuntu/work/configured/include",
+      "-Iinclude",
       "-I/home/ubuntu/libffi-rs/libffi-sys-rs/libffi/src",
       "-Wall",
       "-O2",
@@ -124,21 +140,24 @@
       "-fPIC",
       "-fexceptions",
       "-c",
-      "/home/ubuntu/libffi-rs/libffi-sys-rs/libffi/src/tramp.c",
+      "-fPIC",
+      "-DPIC",
       "-o",
-      "/home/ubuntu/work/configured/src/tramp.o"
+      "src/tramp.o",
+      "/home/ubuntu/libffi-rs/libffi-sys-rs/libffi/src/tramp.c"
     ],
     "directory": "/home/ubuntu/work/configured",
     "file": "/home/ubuntu/libffi-rs/libffi-sys-rs/libffi/src/tramp.c"
   },
   {
     "arguments": [
-      "sparc64-linux-gnu-gcc",
+      "/usr/bin/sparc64-linux-gnu-gcc",
       "-DHAVE_CONFIG_H",
-      "-I/home/ubuntu/work/configured",
+      "-I.",
       "-I/home/ubuntu/libffi-rs/libffi-sys-rs/libffi",
+      "-I.",
       "-I/home/ubuntu/libffi-rs/libffi-sys-rs/libffi/include",
-      "-I/home/ubuntu/work/configured/include",
+      "-Iinclude",
       "-I/home/ubuntu/libffi-rs/libffi-sys-rs/libffi/src",
       "-Wall",
       "-O2",
@@ -146,21 +165,24 @@
       "-fPIC",
       "-fexceptions",
       "-c",
-      "/home/ubuntu/libffi-rs/libffi-sys-rs/libffi/src/sparc/ffi.c",
+      "-fPIC",
+      "-DPIC",
       "-o",
-      "/home/ubuntu/work/configured/src/sparc/ffi.o"
+      "src/sparc/ffi.o",
+      "/home/ubuntu/libffi-rs/libffi-sys-rs/libffi/src/sparc/ffi.c"
     ],
     "directory": "/home/ubuntu/work/configured",
     "file": "/home/ubuntu/libffi-rs/libffi-sys-rs/libffi/src/sparc/ffi.c"
   },
   {
     "arguments": [
-      "sparc64-linux-gnu-gcc",
+      "/usr/bin/sparc64-linux-gnu-gcc",
       "-DHAVE_CONFIG_H",
-      "-I/home/ubuntu/work/configured",
+      "-I.",
       "-I/home/ubuntu/libffi-rs/libffi-sys-rs/libffi",
+      "-I.",
       "-I/home/ubuntu/libffi-rs/libffi-sys-rs/libffi/include",
-      "-I/home/ubuntu/work/configured/include",
+      "-Iinclude",
       "-I/home/ubuntu/libffi-rs/libffi-sys-rs/libffi/src",
       "-Wall",
       "-O2",
@@ -168,9 +190,11 @@
       "-fPIC",
       "-fexceptions",
       "-c",
-      "/home/ubuntu/libffi-rs/libffi-sys-rs/libffi/src/sparc/ffi64.c",
+      "-fPIC",
+      "-DPIC",
       "-o",
-      "/home/ubuntu/work/configured/src/sparc/ffi64.o"
+      "src/sparc/ffi64.o",
+      "/home/ubuntu/libffi-rs/libffi-sys-rs/libffi/src/sparc/ffi64.c"
     ],
     "directory": "/home/ubuntu/work/configured",
     "file": "/home/ubuntu/libffi-rs/libffi-sys-rs/libffi/src/sparc/ffi64.c"
