checking build system type... x86_64-pc-linux-gnu
checking host system type... sparc64-unknown-linux-gnu
checking target system type... sparc64-unknown-linux-gnu
checking for gsed... sed
checking for a BSD-compatible install... /usr/bin/install -c
checking whether build environment is sane... yes
checking for sparc64-unknown-linux-gnu-strip... no
checking for strip... strip
configure: WARNING: using cross tools not prefixed with host triplet
checking for a race-free mkdir -p... /usr/bin/mkdir -p
checking for gawk... gawk
checking whether make sets $(MAKE)... yes
checking whether make supports nested variables... yes
checking for sparc64-unknown-linux-gnu-gcc... sparc64-linux-gnu-gcc
checking whether the C compiler works... yes
checking for C compiler default output file name... a.out
checking for suffix of executables... 
checking whether we are cross compiling... yes
checking for suffix of object files... o
checking whether the compiler supports GNU C... yes
checking whether sparc64-linux-gnu-gcc accepts -g... yes
checking for sparc64-linux-gnu-gcc option to enable C11 features... none needed
checking whether sparc64-linux-gnu-gcc understands -c and -o together... yes
checking whether make supports the include directive... yes (GNU style)
checking dependency style of sparc64-linux-gnu-gcc... gcc3
checking for sparc64-unknown-linux-gnu-g++... no
checking for sparc64-unknown-linux-gnu-c++... no
checking for sparc64-unknown-linux-gnu-gpp... no
checking for sparc64-unknown-linux-gnu-aCC... no
checking for sparc64-unknown-linux-gnu-CC... no
checking for sparc64-unknown-linux-gnu-cxx... no
checking for sparc64-unknown-linux-gnu-cc++... no
checking for sparc64-unknown-linux-gnu-cl.exe... no
checking for sparc64-unknown-linux-gnu-FCC... no
checking for sparc64-unknown-linux-gnu-KCC... no
checking for sparc64-unknown-linux-gnu-RCC... no
checking for sparc64-unknown-linux-gnu-xlC_r... no
checking for sparc64-unknown-linux-gnu-xlC... no
checking for sparc64-unknown-linux-gnu-clang++... no
checking for g++... g++
checking whether the compiler supports GNU C++... yes
checking whether g++ accepts -g... yes
checking for g++ option to enable C++11 features... none needed
checking dependency style of g++... gcc3
checking dependency style of sparc64-linux-gnu-gcc... gcc3
checking for grep that handles long lines and -e... /usr/bin/grep
checking for egrep... /usr/bin/grep -E
checking how to print strings... printf
checking for a sed that does not truncate output... /usr/bin/sed
checking for fgrep... /usr/bin/grep -F
checking for ld used by sparc64-linux-gnu-gcc... /usr/sparc64-linux-gnu/bin/ld
checking if the linker (/usr/sparc64-linux-gnu/bin/ld) is GNU ld... yes
checking for BSD- or MS-compatible name lister (nm)... no
checking for sparc64-unknown-linux-gnu-dumpbin... no
checking for sparc64-unknown-linux-gnu-link... no
checking for dumpbin... no
checking for link... link -dump
checking the name lister (nm) interface... BSD nm
checking whether ln -s works... yes
checking the maximum length of command line arguments... 1572864
checking how to convert x86_64-pc-linux-gnu file names to sparc64-unknown-linux-gnu format... func_convert_file_noop
checking how to convert x86_64-pc-linux-gnu file names to toolchain format... func_convert_file_noop
checking for /usr/sparc64-linux-gnu/bin/ld option to reload object files... -r
checking for sparc64-unknown-linux-gnu-file... no
checking for file... file
checking for sparc64-unknown-linux-gnu-objdump... no
checking for objdump... objdump
checking how to recognize dependent libraries... pass_all
checking for sparc64-unknown-linux-gnu-dlltool... no
checking for dlltool... no
checking how to associate runtime and link libraries... printf %s\n
checking for sparc64-unknown-linux-gnu-ar... no
checking for ar... ar
checking for archiver @FILE support... @
checking for sparc64-unknown-linux-gnu-strip... strip
checking for sparc64-unknown-linux-gnu-ranlib... no
checking for ranlib... ranlib
checking command to parse nm output from sparc64-linux-gnu-gcc object... ok
checking for sysroot... no
checking for a working dd... /usr/bin/dd
checking how to truncate binary pipes... /usr/bin/dd bs=4096 count=1
checking for sparc64-unknown-linux-gnu-mt... no
checking for mt... mt
checking if mt is a manifest tool... no
checking for stdio.h... yes
checking for stdlib.h... yes
checking for string.h... yes
checking for inttypes.h... yes
checking for stdint.h... yes
checking for strings.h... yes
checking for sys/stat.h... yes
checking for sys/types.h... yes
checking for unistd.h... yes
checking for dlfcn.h... yes
checking for objdir... .libs
checking if sparc64-linux-gnu-gcc supports -fno-rtti -fno-exceptions... no
checking for sparc64-linux-gnu-gcc option to produce PIC... -fPIC -DPIC
checking if sparc64-linux-gnu-gcc PIC flag -fPIC -DPIC works... yes
checking if sparc64-linux-gnu-gcc static flag -static works... yes
checking if sparc64-linux-gnu-gcc supports -c -o file.o... yes
checking if sparc64-linux-gnu-gcc supports -c -o file.o... (cached) yes
checking whether the sparc64-linux-gnu-gcc linker (/usr/sparc64-linux-gnu/bin/ld -m elf64_sparc) supports shared libraries... yes
checking dynamic linker characteristics... GNU/Linux ld.so
checking how to hardcode library paths into programs... immediate
checking whether stripping libraries is possible... yes
checking if libtool supports shared libraries... yes
checking whether to build shared libraries... no
checking whether to build static libraries... yes
checking how to run the C++ preprocessor... g++ -E
checking for ld used by g++... /usr/sparc64-linux-gnu/bin/ld -m elf64_sparc
checking if the linker (/usr/sparc64-linux-gnu/bin/ld -m elf64_sparc) is GNU ld... yes
checking whether the g++ linker (/usr/sparc64-linux-gnu/bin/ld -m elf64_sparc) supports shared libraries... yes
checking for g++ option to produce PIC... -fPIC -DPIC
checking if g++ PIC flag -fPIC -DPIC works... yes
checking if g++ static flag -static works... yes
checking if g++ supports -c -o file.o... yes
checking if g++ supports -c -o file.o... (cached) yes
checking whether the g++ linker (/usr/sparc64-linux-gnu/bin/ld -m elf64_sparc) supports shared libraries... yes
checking dynamic linker characteristics... (cached) GNU/Linux ld.so
checking how to hardcode library paths into programs... immediate
checking for sparc64-unknown-linux-gnu-readelf... no
checking for sparc64-unknown-linux-gnu-greadelf... no
checking for readelf... readelf
checking size of size_t... 8
checking for C compiler vendor... gnu
checking CFLAGS for most reasonable warnings... -Wall
checking whether to enable maintainer-specific portions of Makefiles... no
checking for sys/memfd.h... no
checking for memfd_create... yes
checking for memcpy... yes
checking for alloca.h... yes
checking size of double... 8
checking size of long double... 16
checking for __int128_t... yes
checking whether byte ordering is bigendian... yes
checking assembler .cfi pseudo-op support... yes
checking assembler and linker support unaligned pc related relocs... yes
checking assembler .register pseudo-op support... yes
checking whether compiler supports pointer authentication... no
checking for _ prefix in compiled symbols... no
checking whether the C compiler accepts -fno-lto... yes
checking whether .eh_frame section should be read-only... yes
checking for __attribute__((visibility("hidden")))... yes
configure: versioning on shared library symbols is no
checking that generated files are newer than configure... done
configure: creating ./config.status
config.status: creating include/Makefile
config.status: creating include/ffi.h
config.status: creating Makefile
config.status: creating testsuite/Makefile
config.status: creating man/Makefile
config.status: creating doc/Makefile
config.status: creating libffi.pc
config.status: creating fficonfig.h
config.status: executing buildir commands
config.status: skipping top_srcdir/Makefile - not created
config.status: executing depfiles commands
config.status: executing libtool commands
config.status: executing include commands
config.status: executing src commands
