./.cargo/config.toml
./.gitignore
./Cargo.lock
./Cargo.toml
./LICENSE
./PORTING.md
./artifacts/compile_commands.c2rust-used.json
./artifacts/compile_commands.c2rust.json
./artifacts/compile_commands.json
./artifacts/config.log
./artifacts/fficonfig.h
./asm/sparc/flush.S
./asm/sparc/internal.h
./asm/sparc/v8.S
./asm/sparc/v9.S
./build.rs
./include/ffi.h
./include/ffi_cfi.h
./include/ffitarget.h
./logs/bear-make.log
./logs/c2rust-transpile-all.log
./logs/c2rust-transpile-bear.log
./logs/c2rust-transpile-sparc64.log
./logs/c2rust-transpile.log
./logs/cargo-build-release-final.log
./logs/cargo-build-release.log
./logs/cargo-check-1.log
./logs/cargo-check-2.log
./logs/cargo-check-final.log
./logs/cargo-check.log
./logs/cargo-fmt-check-initial.log
./logs/cargo-fmt-check.log
./logs/cargo-install-c2rust.log
./logs/cargo-test-no-run-2.log
./logs/cargo-test-no-run.log
./logs/cargo-test-qemu.log
./logs/compile-database-diff.log
./logs/compile-database-summary.log
./logs/configure.log
./logs/configured-layout-qemu.log
./logs/generated-files-sparc64.log
./logs/generated-files.log
./logs/make-dry-run.log
./logs/make.log
./logs/manifest.log
./logs/nm-required-symbols.log
./logs/no-system-libffi.log
./logs/toolchain-and-source.log
./rust-toolchain.toml
./src/closures.rs
./src/java_raw_api.rs
./src/lib.rs
./src/prep_cif.rs
./src/raw_api.rs
./src/sparc/ffi64.rs
./src/tramp.rs
./src/types.rs
./tests/e2e.rs
