Transpiling prep_cif.c
Error: file `generated/src/prep_cif.rs` does not exist
[33mwarning:[0m rustfmt failed, code may not be well-formatted
Transpiling types.c
[31merror:[0m Failed to translate ffi_type_complex_float: Unsupported type Complex(CTypeId(116))

[31merror:[0m Failed to translate ffi_type_complex_double: Unsupported type Complex(CTypeId(902))

[31merror:[0m Failed to translate ffi_type_complex_longdouble: Unsupported type Complex(CTypeId(64))

Error: file `generated/src/types.rs` does not exist
[33mwarning:[0m rustfmt failed, code may not be well-formatted
Transpiling raw_api.c
Error: file `generated/src/raw_api.rs` does not exist
[33mwarning:[0m rustfmt failed, code may not be well-formatted
/Users/anaren/Documents/oss/ports/x86_64-unknown-linux-musl/_work/upstream/src/java_raw_api.c:328:46: warning: 'ffi_java_raw_size' is deprecated [-Wdeprecated-declarations]
  328 |   ffi_java_raw *raw = (ffi_java_raw*)alloca (ffi_java_raw_size (cif));
      |                                              ^
/Users/anaren/Documents/oss/ports/x86_64-unknown-linux-musl/_work/build/include/ffi.h:322:56: note: 'ffi_java_raw_size' has been explicitly marked deprecated here
  322 | size_t ffi_java_raw_size (ffi_cif *cif) __attribute__((deprecated));
      |                                                        ^
/Users/anaren/Documents/oss/ports/x86_64-unknown-linux-musl/_work/upstream/src/java_raw_api.c:331:3: warning: 'ffi_java_ptrarray_to_raw' is deprecated [-Wdeprecated-declarations]
  331 |   ffi_java_ptrarray_to_raw (cif, avalue, raw);
      |   ^
/Users/anaren/Documents/oss/ports/x86_64-unknown-linux-musl/_work/build/include/ffi.h:318:93: note: 'ffi_java_ptrarray_to_raw' has been explicitly marked deprecated here
  318 | void ffi_java_ptrarray_to_raw (ffi_cif *cif, void **args, ffi_java_raw *raw) __attribute__((deprecated));
      |                                                                                             ^
2 warnings generated.
Transpiling java_raw_api.c
Error: file `generated/src/java_raw_api.rs` does not exist
[33mwarning:[0m rustfmt failed, code may not be well-formatted
Transpiling closures.c
Error: file `generated/src/closures.rs` does not exist
[33mwarning:[0m rustfmt failed, code may not be well-formatted
Transpiling tramp.c
Error: file `generated/src/tramp.rs` does not exist
[33mwarning:[0m rustfmt failed, code may not be well-formatted
Transpiling ffi64.c
Error: file `generated/src/x86/ffi64.rs` does not exist
[33mwarning:[0m rustfmt failed, code may not be well-formatted
Transpiling ffiw64.c
Error: file `generated/src/x86/ffiw64.rs` does not exist
[33mwarning:[0m rustfmt failed, code may not be well-formatted
