info: syncing channel updates for 1.97.1-aarch64-unknown-linux-gnu
info: latest update on 2026-07-16 for version 1.97.1 (8bab26f4f 2026-07-14)
info: downloading 4 components
    Updating crates.io index
     Locking 3 packages to latest compatible versions
 Downloading crates ...
  Downloaded find-msvc-tools v0.1.10
  Downloaded shlex v2.0.1
  Downloaded cc v1.4.2
   Compiling shlex v2.0.1
   Compiling find-msvc-tools v0.1.10
   Compiling cc v1.4.2
   Compiling libffi-c2rust-aarch64-unknown-linux-gnu v0.0.0 (/home/ubuntu/port)
error: invalid asm template string: expected `}`, found `v`
   --> src/aarch64/ffi.rs:479:51
    |
479 |                 "ldp q16, q17, [{1}]\n", "\tst2 { v16.s, v17.s }[0], [{0}]\n",
    |                                                 - ^ expected `}` in asm template string
    |                                                 |
    |                                                 because of this opening brace
    |
    = note: if you intended to print `{`, you can escape it using `{{`

error: invalid asm template string: expected `}`, found `v`
   --> src/aarch64/ffi.rs:487:26
    |
487 |                 "\tst3 { v16.s, v17.s, v18.s }[0], [{0}]\n", inlateout(reg) dest => _,
    |                        - ^ expected `}` in asm template string
    |                        |
    |                        because of this opening brace
    |
    = note: if you intended to print `{`, you can escape it using `{{`

error: invalid asm template string: expected `}`, found `v`
   --> src/aarch64/ffi.rs:495:26
    |
495 |                 "\tst4 { v16.s, v17.s, v18.s, v19.s }[0], [{0}]\n", inlateout(reg) dest
    |                        - ^ expected `}` in asm template string
    |                        |
    |                        because of this opening brace
    |
    = note: if you intended to print `{`, you can escape it using `{{`

error: invalid asm template string: expected `}`, found `v`
   --> src/aarch64/ffi.rs:507:51
    |
507 |                 "ldp q16, q17, [{1}]\n", "\tst2 { v16.d, v17.d }[0], [{0}]\n",
    |                                                 - ^ expected `}` in asm template string
    |                                                 |
    |                                                 because of this opening brace
    |
    = note: if you intended to print `{`, you can escape it using `{{`

error: invalid asm template string: expected `}`, found `v`
   --> src/aarch64/ffi.rs:515:26
    |
515 |                 "\tst3 { v16.d, v17.d, v18.d }[0], [{0}]\n", inlateout(reg) dest => _,
    |                        - ^ expected `}` in asm template string
    |                        |
    |                        because of this opening brace
    |
    = note: if you intended to print `{`, you can escape it using `{{`

error: invalid asm template string: expected `}`, found `v`
   --> src/aarch64/ffi.rs:523:26
    |
523 |                 "\tst4 { v16.d, v17.d, v18.d, v19.d }[0], [{0}]\n", inlateout(reg) dest
    |                        - ^ expected `}` in asm template string
    |                        |
    |                        because of this opening brace
    |
    = note: if you intended to print `{`, you can escape it using `{{`

error[E0433]: cannot find `f128` in the crate root
   --> src/aarch64/ffi.rs:289:76
    |
289 |                     ele_count = size.wrapping_div(::core::mem::size_of::<::f128::f128>() as size_t);
    |                                                                            ^^^^ could not find `f128` in the list of imported crates

error[E0433]: cannot find `f128` in the crate root
   --> src/aarch64/ffi.rs:291:76
    |
291 |                         != ele_count.wrapping_mul(::core::mem::size_of::<::f128::f128>() as size_t)
    |                                                                            ^^^^ could not find `f128` in the list of imported crates

error[E0433]: cannot find `f128` in the crate root
   --> src/types.rs:166:36
    |
166 |     size: ::core::mem::size_of::<::f128::f128>() as size_t,
    |                                    ^^^^ could not find `f128` in the list of imported crates

error[E0425]: cannot find function `atomic_load_relaxed` in module `::core::intrinsics`
   --> src/closures.rs:696:31
    |
696 |     while ::core::intrinsics::atomic_load_relaxed(sl) != 0 as ::core::ffi::c_int
    |                               ^^^^^^^^^^^^^^^^^^^ not found in `::core::intrinsics`

error[E0425]: cannot find function `atomic_xchg_acquire` in module `::core::intrinsics`
   --> src/closures.rs:697:32
    |
697 |         || ::core::intrinsics::atomic_xchg_acquire(sl, 1 as ::core::ffi::c_int) != 0
    |                                ^^^^^^^^^^^^^^^^^^^ not found in `::core::intrinsics`

error[E0425]: cannot find function `atomic_xchg_acquire` in module `::core::intrinsics`
   --> src/closures.rs:799:28
    |
799 |     if ::core::intrinsics::atomic_xchg_acquire(
    |                            ^^^^^^^^^^^^^^^^^^^ not found in `::core::intrinsics`

error[E0425]: cannot find function `atomic_store_release` in module `::core::intrinsics`
   --> src/closures.rs:841:29
    |
841 |         ::core::intrinsics::atomic_store_release(&raw mut mparams.magic, magic);
    |                             ^^^^^^^^^^^^^^^^^^^^ not found in `::core::intrinsics`

error[E0425]: cannot find function `atomic_store_release` in module `::core::intrinsics`
   --> src/closures.rs:843:25
    |
843 |     ::core::intrinsics::atomic_store_release(&raw mut malloc_global_mutex, 0);
    |                         ^^^^^^^^^^^^^^^^^^^^ not found in `::core::intrinsics`

error[E0425]: cannot find function `atomic_load_acquire` in module `::core::intrinsics`
    --> src/closures.rs:1613:26
     |
1613 |     (::core::intrinsics::atomic_load_acquire(&raw mut mparams.magic) != 0 as size_t
     |                          ^^^^^^^^^^^^^^^^^^^ not found in `::core::intrinsics`

error[E0425]: cannot find function `atomic_xchg_acquire` in module `::core::intrinsics`
    --> src/closures.rs:1700:32
     |
1700 |         if ::core::intrinsics::atomic_xchg_acquire(
     |                                ^^^^^^^^^^^^^^^^^^^ not found in `::core::intrinsics`

error[E0425]: cannot find function `atomic_store_release` in module `::core::intrinsics`
    --> src/closures.rs:1965:29
     |
1965 |         ::core::intrinsics::atomic_store_release(&raw mut malloc_global_mutex, 0);
     |                             ^^^^^^^^^^^^^^^^^^^^ not found in `::core::intrinsics`

error[E0425]: cannot find function `atomic_xchg_acquire` in module `::core::intrinsics`
    --> src/closures.rs:1986:36
     |
1986 |             if ::core::intrinsics::atomic_xchg_acquire(
     |                                    ^^^^^^^^^^^^^^^^^^^ not found in `::core::intrinsics`

error[E0425]: cannot find function `atomic_store_release` in module `::core::intrinsics`
    --> src/closures.rs:1998:33
     |
1998 |             ::core::intrinsics::atomic_store_release(&raw mut malloc_global_mutex, 0);
     |                                 ^^^^^^^^^^^^^^^^^^^^ not found in `::core::intrinsics`

error[E0425]: cannot find function `atomic_load_acquire` in module `::core::intrinsics`
    --> src/closures.rs:2544:26
     |
2544 |     (::core::intrinsics::atomic_load_acquire(&raw mut mparams.magic) != 0 as size_t
     |                          ^^^^^^^^^^^^^^^^^^^ not found in `::core::intrinsics`

error[E0425]: cannot find function `atomic_load_acquire` in module `::core::intrinsics`
    --> src/closures.rs:3704:26
     |
3704 |     (::core::intrinsics::atomic_load_acquire(&raw mut mparams.magic) != 0 as size_t
     |                          ^^^^^^^^^^^^^^^^^^^ not found in `::core::intrinsics`

error[E0425]: cannot find function `atomic_xchg_acquire` in module `::core::intrinsics`
    --> src/closures.rs:3707:32
     |
3707 |         if ::core::intrinsics::atomic_xchg_acquire(&raw mut _gm_.mutex, 1 as ::core::ffi::c_int)
     |                                ^^^^^^^^^^^^^^^^^^^ not found in `::core::intrinsics`

error[E0425]: cannot find function `atomic_store_release` in module `::core::intrinsics`
    --> src/closures.rs:3920:33
     |
3920 |             ::core::intrinsics::atomic_store_release(&raw mut _gm_.mutex, 0);
     |                                 ^^^^^^^^^^^^^^^^^^^^ not found in `::core::intrinsics`

error[E0425]: cannot find function `atomic_xchg_acquire` in module `::core::intrinsics`
    --> src/closures.rs:3934:36
     |
3934 |             if ::core::intrinsics::atomic_xchg_acquire(&raw mut _gm_.mutex, 1 as ::core::ffi::c_int)
     |                                    ^^^^^^^^^^^^^^^^^^^ not found in `::core::intrinsics`

error[E0425]: cannot find function `atomic_store_release` in module `::core::intrinsics`
    --> src/closures.rs:4680:57
     |
4680 | ...                   ::core::intrinsics::atomic_store_release(
     |                                           ^^^^^^^^^^^^^^^^^^^^ not found in `::core::intrinsics`

error[E0425]: cannot find function `atomic_xchg_acquire` in module `::core::intrinsics`
    --> src/closures.rs:5010:40
     |
5010 |                 if ::core::intrinsics::atomic_xchg_acquire(
     |                                        ^^^^^^^^^^^^^^^^^^^ not found in `::core::intrinsics`

error[E0425]: cannot find function `atomic_store_release` in module `::core::intrinsics`
    --> src/closures.rs:5084:37
     |
5084 |                 ::core::intrinsics::atomic_store_release(&raw mut (*m).mutex, 0);
     |                                     ^^^^^^^^^^^^^^^^^^^^ not found in `::core::intrinsics`

error[E0425]: cannot find function `atomic_xchg_acquire` in module `::core::intrinsics`
    --> src/closures.rs:5097:32
     |
5097 |         if ::core::intrinsics::atomic_xchg_acquire(&raw mut (*m).mutex, 1 as ::core::ffi::c_int)
     |                                ^^^^^^^^^^^^^^^^^^^ not found in `::core::intrinsics`

error[E0425]: cannot find function `atomic_store_release` in module `::core::intrinsics`
    --> src/closures.rs:5162:33
     |
5162 |             ::core::intrinsics::atomic_store_release(&raw mut (*m).mutex, 0);
     |                                 ^^^^^^^^^^^^^^^^^^^^ not found in `::core::intrinsics`

error[E0425]: cannot find function `atomic_xchg_acquire` in module `::core::intrinsics`
    --> src/closures.rs:5190:40
     |
5190 |                 if ::core::intrinsics::atomic_xchg_acquire(
     |                                        ^^^^^^^^^^^^^^^^^^^ not found in `::core::intrinsics`

error[E0425]: cannot find function `atomic_store_release` in module `::core::intrinsics`
    --> src/closures.rs:5205:41
     |
5205 |                     ::core::intrinsics::atomic_store_release(&raw mut (*m).mutex, 0);
     |                                         ^^^^^^^^^^^^^^^^^^^^ not found in `::core::intrinsics`

error[E0658]: extern types are experimental
 --> src/closures.rs:2:5
  |
2 |     pub type _IO_wide_data;
  |     ^^^^^^^^^^^^^^^^^^^^^^^
  |
  = note: see issue #43467 <https://github.com/rust-lang/rust/issues/43467> for more information

error[E0658]: extern types are experimental
 --> src/closures.rs:3:5
  |
3 |     pub type _IO_codecvt;
  |     ^^^^^^^^^^^^^^^^^^^^^
  |
  = note: see issue #43467 <https://github.com/rust-lang/rust/issues/43467> for more information

error[E0658]: extern types are experimental
 --> src/closures.rs:4:5
  |
4 |     pub type _IO_marker;
  |     ^^^^^^^^^^^^^^^^^^^^
  |
  = note: see issue #43467 <https://github.com/rust-lang/rust/issues/43467> for more information

error[E0658]: extern types are experimental
 --> src/tramp.rs:2:5
  |
2 |     pub type _IO_wide_data;
  |     ^^^^^^^^^^^^^^^^^^^^^^^
  |
  = note: see issue #43467 <https://github.com/rust-lang/rust/issues/43467> for more information

error[E0658]: extern types are experimental
 --> src/tramp.rs:3:5
  |
3 |     pub type _IO_codecvt;
  |     ^^^^^^^^^^^^^^^^^^^^^
  |
  = note: see issue #43467 <https://github.com/rust-lang/rust/issues/43467> for more information

error[E0658]: extern types are experimental
 --> src/tramp.rs:4:5
  |
4 |     pub type _IO_marker;
  |     ^^^^^^^^^^^^^^^^^^^^
  |
  = note: see issue #43467 <https://github.com/rust-lang/rust/issues/43467> for more information

error[E0425]: cannot find function `ffi_clear_cache` in this scope
   --> src/aarch64/ffi.rs:950:9
    |
950 |         ffi_clear_cache(
    |         ^^^^^^^^^^^^^^^ not found in this scope

error[E0425]: cannot find function `ffi_clear_cache` in this scope
   --> src/aarch64/ffi.rs:956:9
    |
956 |         ffi_clear_cache(
    |         ^^^^^^^^^^^^^^^ not found in this scope

error[E0308]: mismatched types
   --> src/closures.rs:674:47
    |
674 | pub const SIZE_T_SIZE: ::core::ffi::c_ulong = ::core::mem::size_of::<size_t>();
    |                        --------------------   ^^^^^^^^^^^^^^^^^^^^^^^^^^^^^^^^ expected `u64`, found `usize`
    |                        |
    |                        expected because of the type of the constant

error[E0308]: mismatched types
   --> src/closures.rs:708:47
    |
708 | pub const MCHUNK_SIZE: ::core::ffi::c_ulong = ::core::mem::size_of::<mchunk>();
    |                        --------------------   ^^^^^^^^^^^^^^^^^^^^^^^^^^^^^^^^ expected `u64`, found `usize`
    |                        |
    |                        expected because of the type of the constant

error[E0308]: mismatched types
   --> src/closures.rs:709:50
    |
709 | pub const CHUNK_OVERHEAD: ::core::ffi::c_ulong = ::core::mem::size_of::<size_t>();
    |                           --------------------   ^^^^^^^^^^^^^^^^^^^^^^^^^^^^^^^^ expected `u64`, found `usize`
    |                           |
    |                           expected because of the type of the constant

warning: variable `x0` is assigned to, but never used
   --> src/aarch64/ffi.rs:445:9
    |
445 |     let mut x0: *mut ::core::ffi::c_void = ::core::ptr::null_mut::<::core::ffi::c_void>();
    |         ^^^^^^
    |
    = note: consider using `_x0` instead
    = note: `#[warn(unused_variables)]` (part of `#[warn(unused)]`) on by default

warning: unused variable: `nfixedargs`
   --> src/aarch64/ffi.rs:658:5
    |
658 |     mut nfixedargs: ::core::ffi::c_uint,
    |     ^^^^^^^^^^^^^^ help: if this is intentional, prefix it with an underscore: `_nfixedargs`

warning: unused variable: `ntotalargs`
   --> src/aarch64/ffi.rs:659:5
    |
659 |     mut ntotalargs: ::core::ffi::c_uint,
    |     ^^^^^^^^^^^^^^ help: if this is intentional, prefix it with an underscore: `_ntotalargs`

warning: unused variable: `flags`
   --> src/closures.rs:919:5
    |
919 |     mut flags: ::core::ffi::c_int,
    |     ^^^^^^^^^ help: if this is intentional, prefix it with an underscore: `_flags`

warning: variable `nfences` is assigned to, but never used
    --> src/closures.rs:1416:9
     |
1416 |     let mut nfences: ::core::ffi::c_int = 0 as ::core::ffi::c_int;
     |         ^^^^^^^^^^^
     |
     = note: consider using `_nfences` instead

warning: unused variable: `flags`
    --> src/closures.rs:5298:5
     |
5298 |     mut flags: ::core::ffi::c_int,
     |     ^^^^^^^^^ help: if this is intentional, prefix it with an underscore: `_flags`

warning: unused variable: `cif`
   --> src/java_raw_api.rs:278:5
    |
278 |     mut cif: *mut ffi_cif,
    |     ^^^^^^^ help: if this is intentional, prefix it with an underscore: `_cif`

warning: unused variable: `rvalue`
   --> src/java_raw_api.rs:279:5
    |
279 |     mut rvalue: *mut ::core::ffi::c_void,
    |     ^^^^^^^^^^ help: if this is intentional, prefix it with an underscore: `_rvalue`

warning: unused variable: `cif`
   --> src/java_raw_api.rs:283:5
    |
283 |     mut cif: *mut ffi_cif,
    |     ^^^^^^^ help: if this is intentional, prefix it with an underscore: `_cif`

warning: unused variable: `rvalue`
   --> src/java_raw_api.rs:284:5
    |
284 |     mut rvalue: *mut ::core::ffi::c_void,
    |     ^^^^^^^^^^ help: if this is intentional, prefix it with an underscore: `_rvalue`

Some errors have detailed explanations: E0308, E0425, E0433, E0658.
For more information about an error, try `rustc --explain E0308`.
warning: `libffi-c2rust-aarch64-unknown-linux-gnu` (lib) generated 10 warnings
error: could not compile `libffi-c2rust-aarch64-unknown-linux-gnu` (lib) due to 42 previous errors; 10 warnings emitted
