==== libffi/Cargo.toml
20 libffi/Cargo.toml
bfd0cb238be5f859dcd776281163033529073185260493b35a30ddf7608fd4d4  libffi/Cargo.toml
==== libffi/build.rs
18 libffi/build.rs
86857797088fc2ee906ec858c74cf144050ed115d089d9501e3302c442c8903c  libffi/build.rs
==== libffi/lib.rs
18 libffi/lib.rs
261b86b981b8bb2044a1c14b395e5695b31b158f71ec2859af765763ce6f0c22  libffi/lib.rs
==== libffi/rust-toolchain.toml
2 libffi/rust-toolchain.toml
e5cc0545f232bde807bd9394c2433322d1cd2cf42b060ceab2ac7329bc9cdaa2  libffi/rust-toolchain.toml
==== libffi/tests/e2e.rs
312 libffi/tests/e2e.rs
d514b90a5c471a254c7517b39508c2b048e0f38be42d373f26896886ff24909f  libffi/tests/e2e.rs
==== libffi/src/closures.rs
370 libffi/src/closures.rs
85a7665d950cc176ddb1488f4588efe6d317770a5080efd3a76b0fd9b3619d93  libffi/src/closures.rs
==== libffi/src/java_raw_api.rs
378 libffi/src/java_raw_api.rs
fa6af191cd29e1bcbf1d8f22ae29c92745c5e63e775d7466f48bc0904d127a6c  libffi/src/java_raw_api.rs
==== libffi/src/prep_cif.rs
295 libffi/src/prep_cif.rs
c905fdb890a206ae73b305c3b02cf5b12af2e43e8ca41c07f26e3198658f126d  libffi/src/prep_cif.rs
==== libffi/src/raw_api.rs
352 libffi/src/raw_api.rs
a68ee4935eee172e1ae6fafe73ed7efaadc578d0effe2a4cd745030c1377a0a7  libffi/src/raw_api.rs
==== libffi/src/tramp.rs
27 libffi/src/tramp.rs
9d38479211a14bde15c9eb14db48c47e4b2492ad9be017eccf7823e2852c9f34  libffi/src/tramp.rs
==== libffi/src/types.rs
231 libffi/src/types.rs
0787d0d5e8f95b98939252370aab737c72f9f916bf96c093ba557937fe4470fc  libffi/src/types.rs
==== libffi/src/aarch64/ffi.rs
1038 libffi/src/aarch64/ffi.rs
16726d27c7217aef5f53205c982801712b08425cd3b57ac7be94e028350c423c  libffi/src/aarch64/ffi.rs
==== libffi-sys-rs/build/build.rs
22 libffi-sys-rs/build/build.rs
2c67f8576780f5aec42f530ae732f91607c6bab26ec07f5ca035852ada97dfce  libffi-sys-rs/build/build.rs
==== libffi-sys-rs/build/common.rs
16 libffi-sys-rs/build/common.rs
3169bee593e6b785327d119b7c7e9aa2b3fe7fdb4f4bcd7570aa55df73ac5abd  libffi-sys-rs/build/common.rs
==== libffi-sys-rs/build/msvc.rs
121 libffi-sys-rs/build/msvc.rs
b7ae23acf01ec1398bc8eb88f2a9f743e3d1b8462cd2a70ec7a876781d234328  libffi-sys-rs/build/msvc.rs
==== libffi-sys-rs/build/not_msvc.rs
156 libffi-sys-rs/build/not_msvc.rs
86d31e750676ce779edb44f7e51c253dff1b7ee33fa4dc305576f5cf1b5feeb1  libffi-sys-rs/build/not_msvc.rs
