commit 893bd63954735468305c83ddd56718e3863fdacd
Author:     Ashwin Naren <arihant2math@gmail.com>
AuthorDate: Tue Aug 11 22:25:09 2026 -0700
Commit:     Ashwin Naren <arihant2math@gmail.com>
CommitDate: Tue Aug 11 22:25:09 2026 -0700

    minor fixes

 libffi/lib.rs              |   1 -
 libffi/rust-toolchain.toml |   3 +-
 libffi/tests/e2e.rs        | 286 +++++++++++++++++++++++++++++++++++++++++----
 3 files changed, 265 insertions(+), 25 deletions(-)

commit 1f3108f20b65d4b2a35cc5fd618aa06c5ff40c1c
Author:     Ashwin Naren <arihant2math@gmail.com>
AuthorDate: Tue Aug 11 22:00:44 2026 -0700
Commit:     Ashwin Naren <arihant2math@gmail.com>
CommitDate: Tue Aug 11 22:00:44 2026 -0700

    test

 libffi/tests/e2e.rs | 70 +++++++++++++++++++++++++++++++++++++++++++++++++++++
 1 file changed, 70 insertions(+)

commit 8e43bdfe7221e8af44e224683c5010e52cb3c61d
Author:     Ashwin Naren <arihant2math@gmail.com>
AuthorDate: Tue Aug 11 21:59:25 2026 -0700
Commit:     Ashwin Naren <arihant2math@gmail.com>
CommitDate: Tue Aug 11 21:59:25 2026 -0700

    start on cleanup

 libffi/src/aarch64/ffi.rs | 618 +++++++++++++++++++++++-----------------------
 1 file changed, 310 insertions(+), 308 deletions(-)

commit 25ac1998f65299682b3f67f678c604ffd3d4b400
Author:     Ashwin Naren <arihant2math@gmail.com>
AuthorDate: Tue Aug 11 21:57:15 2026 -0700
Commit:     Ashwin Naren <arihant2math@gmail.com>
CommitDate: Tue Aug 11 21:57:15 2026 -0700

    fix compile

 libffi/Cargo.toml              |   4 +-
 libffi/asm/aarch64/internal.h  | 146 +++++++++
 libffi/asm/aarch64/sysv.S      | 730 +++++++++++++++++++++++++++++++++++++++++
 libffi/asm/include/ffi.h       | 548 +++++++++++++++++++++++++++++++
 libffi/asm/include/ffi_cfi.h   |  78 +++++
 libffi/asm/include/fficonfig.h | 192 +++++++++++
 libffi/asm/include/ffitarget.h |  99 ++++++
 libffi/build.rs                |  23 +-
 libffi/lib.rs                  |   3 -
 libffi/src/aarch64/ffi.rs      |  18 +-
 libffi/src/types.rs            |  43 ++-
 11 files changed, 1858 insertions(+), 26 deletions(-)

commit 23efc98b537fedc2d0a8c313747283aeecc33587
Author:     Ashwin Naren <arihant2math@gmail.com>
AuthorDate: Tue Aug 11 21:50:25 2026 -0700
Commit:     Ashwin Naren <arihant2math@gmail.com>
CommitDate: Tue Aug 11 21:50:25 2026 -0700

    initial c2rust

 libffi/Cargo.toml          |   18 +
 libffi/build.rs            |   11 +
 libffi/lib.rs              |   22 +
 libffi/rust-toolchain.toml |    3 +
 libffi/src/aarch64/ffi.rs  | 1034 ++++++++++++++++++++++++++++++++++++++++++++
 libffi/src/closures.rs     |  370 ++++++++++++++++
 libffi/src/java_raw_api.rs |  378 ++++++++++++++++
 libffi/src/prep_cif.rs     |  295 +++++++++++++
 libffi/src/raw_api.rs      |  352 +++++++++++++++
 libffi/src/tramp.rs        |   27 ++
 libffi/src/types.rs        |  200 +++++++++
 11 files changed, 2710 insertions(+)

commit a647fd7eff70593cc6dfd18e3f0a3822427452c8
Author:     Ashwin Naren <arihant2math@gmail.com>
AuthorDate: Tue Aug 11 21:43:00 2026 -0700
Commit:     Ashwin Naren <arihant2math@gmail.com>
CommitDate: Tue Aug 11 21:43:00 2026 -0700

    setup some miri testing

 .github/workflows/test.yml  | 16 +++++++++++++++-
 libffi-rs/src/high/mod.rs   |  4 ++++
 libffi-rs/src/low.rs        | 13 +++++++++++++
 libffi-rs/src/middle/mod.rs | 14 ++++++++++++++
 libffi-sys-rs/src/lib.rs    |  2 ++
 scripts/README.md           | 19 +++++++++++++++++++
 scripts/miri.sh             | 23 +++++++++++++++++++++++
 7 files changed, 90 insertions(+), 1 deletion(-)

commit 533274e46d0ebad21934efc40aae49c273363771
Author:     Ashwin Naren <arihant2math@gmail.com>
AuthorDate: Tue Aug 11 10:20:43 2026 -0700
Commit:     Ashwin Naren <arihant2math@gmail.com>
CommitDate: Tue Aug 11 15:04:31 2026 -0700

    support struct offset retrieval

 libffi-rs/CHANGELOG.md        |   4 ++
 libffi-rs/src/low.rs          | 103 ++++++++++++++++++++++++++++++++++++++++++
 libffi-rs/src/middle/types.rs |  66 +++++++++++++++++++++++++++
 3 files changed, 173 insertions(+)

commit 078cd6892bc94ba9d70e2d84d4a101e5dd0f1c59
Author:     Ashwin Naren <arihant2math@gmail.com>
AuthorDate: Tue Aug 11 10:24:33 2026 -0700
Commit:     Ashwin Naren <arihant2math@gmail.com>
CommitDate: Tue Aug 11 10:24:33 2026 -0700

    fix complex feature

 libffi-rs/Cargo.toml          | 2 +-
 libffi-rs/src/high/types.rs   | 4 ++--
 libffi-rs/src/middle/types.rs | 7 +------
 3 files changed, 4 insertions(+), 9 deletions(-)
