make  all-recursive
make[1]: Entering directory '/home/ubuntu/work/libffi-i686-musl-build'
Making all in include
make[2]: Entering directory '/home/ubuntu/work/libffi-i686-musl-build/include'
make[2]: Nothing to be done for 'all'.
make[2]: Leaving directory '/home/ubuntu/work/libffi-i686-musl-build/include'
Making all in testsuite
make[2]: Entering directory '/home/ubuntu/work/libffi-i686-musl-build/testsuite'
make[2]: Nothing to be done for 'all'.
make[2]: Leaving directory '/home/ubuntu/work/libffi-i686-musl-build/testsuite'
Making all in man
make[2]: Entering directory '/home/ubuntu/work/libffi-i686-musl-build/man'
make[2]: Nothing to be done for 'all'.
make[2]: Leaving directory '/home/ubuntu/work/libffi-i686-musl-build/man'
make[2]: Entering directory '/home/ubuntu/work/libffi-i686-musl-build'
depbase=`echo src/prep_cif.lo | sed 's|[^/]*$|.deps/&|;s|\.lo$||'`;\
/bin/bash ./libtool  --tag=CC   --mode=compile i486-linux-musl-gcc -DHAVE_CONFIG_H -I. -I/home/ubuntu/libffi-rs/libffi-sys-rs/libffi  -I. -I/home/ubuntu/libffi-rs/libffi-sys-rs/libffi/include -Iinclude -I/home/ubuntu/libffi-rs/libffi-sys-rs/libffi/src   -Wall -march=i686 -O2 -fPIC -fexceptions -MT src/prep_cif.lo -MD -MP -MF $depbase.Tpo -c -o src/prep_cif.lo /home/ubuntu/libffi-rs/libffi-sys-rs/libffi/src/prep_cif.c &&\
mv -f $depbase.Tpo $depbase.Plo
depbase=`echo src/types.lo | sed 's|[^/]*$|.deps/&|;s|\.lo$||'`;\
/bin/bash ./libtool  --tag=CC   --mode=compile i486-linux-musl-gcc -DHAVE_CONFIG_H -I. -I/home/ubuntu/libffi-rs/libffi-sys-rs/libffi  -I. -I/home/ubuntu/libffi-rs/libffi-sys-rs/libffi/include -Iinclude -I/home/ubuntu/libffi-rs/libffi-sys-rs/libffi/src   -Wall -march=i686 -O2 -fPIC -fexceptions -MT src/types.lo -MD -MP -MF $depbase.Tpo -c -o src/types.lo /home/ubuntu/libffi-rs/libffi-sys-rs/libffi/src/types.c &&\
mv -f $depbase.Tpo $depbase.Plo
libtool: compile:  i486-linux-musl-gcc -DHAVE_CONFIG_H -I. -I/home/ubuntu/libffi-rs/libffi-sys-rs/libffi -I. -I/home/ubuntu/libffi-rs/libffi-sys-rs/libffi/include -Iinclude -I/home/ubuntu/libffi-rs/libffi-sys-rs/libffi/src -Wall -march=i686 -O2 -fPIC -fexceptions -MT src/prep_cif.lo -MD -MP -MF src/.deps/prep_cif.Tpo -c /home/ubuntu/libffi-rs/libffi-sys-rs/libffi/src/prep_cif.c  -fPIC -DPIC -o src/prep_cif.o
libtool: compile:  i486-linux-musl-gcc -DHAVE_CONFIG_H -I. -I/home/ubuntu/libffi-rs/libffi-sys-rs/libffi -I. -I/home/ubuntu/libffi-rs/libffi-sys-rs/libffi/include -Iinclude -I/home/ubuntu/libffi-rs/libffi-sys-rs/libffi/src -Wall -march=i686 -O2 -fPIC -fexceptions -MT src/types.lo -MD -MP -MF src/.deps/types.Tpo -c /home/ubuntu/libffi-rs/libffi-sys-rs/libffi/src/types.c  -fPIC -DPIC -o src/types.o
depbase=`echo src/raw_api.lo | sed 's|[^/]*$|.deps/&|;s|\.lo$||'`;\
/bin/bash ./libtool  --tag=CC   --mode=compile i486-linux-musl-gcc -DHAVE_CONFIG_H -I. -I/home/ubuntu/libffi-rs/libffi-sys-rs/libffi  -I. -I/home/ubuntu/libffi-rs/libffi-sys-rs/libffi/include -Iinclude -I/home/ubuntu/libffi-rs/libffi-sys-rs/libffi/src   -Wall -march=i686 -O2 -fPIC -fexceptions -MT src/raw_api.lo -MD -MP -MF $depbase.Tpo -c -o src/raw_api.lo /home/ubuntu/libffi-rs/libffi-sys-rs/libffi/src/raw_api.c &&\
mv -f $depbase.Tpo $depbase.Plo
depbase=`echo src/java_raw_api.lo | sed 's|[^/]*$|.deps/&|;s|\.lo$||'`;\
/bin/bash ./libtool  --tag=CC   --mode=compile i486-linux-musl-gcc -DHAVE_CONFIG_H -I. -I/home/ubuntu/libffi-rs/libffi-sys-rs/libffi  -I. -I/home/ubuntu/libffi-rs/libffi-sys-rs/libffi/include -Iinclude -I/home/ubuntu/libffi-rs/libffi-sys-rs/libffi/src   -Wall -march=i686 -O2 -fPIC -fexceptions -MT src/java_raw_api.lo -MD -MP -MF $depbase.Tpo -c -o src/java_raw_api.lo /home/ubuntu/libffi-rs/libffi-sys-rs/libffi/src/java_raw_api.c &&\
mv -f $depbase.Tpo $depbase.Plo
libtool: compile:  i486-linux-musl-gcc -DHAVE_CONFIG_H -I. -I/home/ubuntu/libffi-rs/libffi-sys-rs/libffi -I. -I/home/ubuntu/libffi-rs/libffi-sys-rs/libffi/include -Iinclude -I/home/ubuntu/libffi-rs/libffi-sys-rs/libffi/src -Wall -march=i686 -O2 -fPIC -fexceptions -MT src/raw_api.lo -MD -MP -MF src/.deps/raw_api.Tpo -c /home/ubuntu/libffi-rs/libffi-sys-rs/libffi/src/raw_api.c  -fPIC -DPIC -o src/raw_api.o
libtool: compile:  i486-linux-musl-gcc -DHAVE_CONFIG_H -I. -I/home/ubuntu/libffi-rs/libffi-sys-rs/libffi -I. -I/home/ubuntu/libffi-rs/libffi-sys-rs/libffi/include -Iinclude -I/home/ubuntu/libffi-rs/libffi-sys-rs/libffi/src -Wall -march=i686 -O2 -fPIC -fexceptions -MT src/java_raw_api.lo -MD -MP -MF src/.deps/java_raw_api.Tpo -c /home/ubuntu/libffi-rs/libffi-sys-rs/libffi/src/java_raw_api.c  -fPIC -DPIC -o src/java_raw_api.o
depbase=`echo src/closures.lo | sed 's|[^/]*$|.deps/&|;s|\.lo$||'`;\
/bin/bash ./libtool  --tag=CC   --mode=compile i486-linux-musl-gcc -DHAVE_CONFIG_H -I. -I/home/ubuntu/libffi-rs/libffi-sys-rs/libffi  -I. -I/home/ubuntu/libffi-rs/libffi-sys-rs/libffi/include -Iinclude -I/home/ubuntu/libffi-rs/libffi-sys-rs/libffi/src   -Wall -march=i686 -O2 -fPIC -fexceptions -MT src/closures.lo -MD -MP -MF $depbase.Tpo -c -o src/closures.lo /home/ubuntu/libffi-rs/libffi-sys-rs/libffi/src/closures.c &&\
mv -f $depbase.Tpo $depbase.Plo
depbase=`echo src/tramp.lo | sed 's|[^/]*$|.deps/&|;s|\.lo$||'`;\
/bin/bash ./libtool  --tag=CC   --mode=compile i486-linux-musl-gcc -DHAVE_CONFIG_H -I. -I/home/ubuntu/libffi-rs/libffi-sys-rs/libffi  -I. -I/home/ubuntu/libffi-rs/libffi-sys-rs/libffi/include -Iinclude -I/home/ubuntu/libffi-rs/libffi-sys-rs/libffi/src   -Wall -march=i686 -O2 -fPIC -fexceptions -MT src/tramp.lo -MD -MP -MF $depbase.Tpo -c -o src/tramp.lo /home/ubuntu/libffi-rs/libffi-sys-rs/libffi/src/tramp.c &&\
mv -f $depbase.Tpo $depbase.Plo
libtool: compile:  i486-linux-musl-gcc -DHAVE_CONFIG_H -I. -I/home/ubuntu/libffi-rs/libffi-sys-rs/libffi -I. -I/home/ubuntu/libffi-rs/libffi-sys-rs/libffi/include -Iinclude -I/home/ubuntu/libffi-rs/libffi-sys-rs/libffi/src -Wall -march=i686 -O2 -fPIC -fexceptions -MT src/closures.lo -MD -MP -MF src/.deps/closures.Tpo -c /home/ubuntu/libffi-rs/libffi-sys-rs/libffi/src/closures.c  -fPIC -DPIC -o src/closures.o
libtool: compile:  i486-linux-musl-gcc -DHAVE_CONFIG_H -I. -I/home/ubuntu/libffi-rs/libffi-sys-rs/libffi -I. -I/home/ubuntu/libffi-rs/libffi-sys-rs/libffi/include -Iinclude -I/home/ubuntu/libffi-rs/libffi-sys-rs/libffi/src -Wall -march=i686 -O2 -fPIC -fexceptions -MT src/tramp.lo -MD -MP -MF src/.deps/tramp.Tpo -c /home/ubuntu/libffi-rs/libffi-sys-rs/libffi/src/tramp.c  -fPIC -DPIC -o src/tramp.o
depbase=`echo src/x86/ffi.lo | sed 's|[^/]*$|.deps/&|;s|\.lo$||'`;\
/bin/bash ./libtool  --tag=CC   --mode=compile i486-linux-musl-gcc -DHAVE_CONFIG_H -I. -I/home/ubuntu/libffi-rs/libffi-sys-rs/libffi  -I. -I/home/ubuntu/libffi-rs/libffi-sys-rs/libffi/include -Iinclude -I/home/ubuntu/libffi-rs/libffi-sys-rs/libffi/src   -Wall -march=i686 -O2 -fPIC -fexceptions -MT src/x86/ffi.lo -MD -MP -MF $depbase.Tpo -c -o src/x86/ffi.lo /home/ubuntu/libffi-rs/libffi-sys-rs/libffi/src/x86/ffi.c &&\
mv -f $depbase.Tpo $depbase.Plo
libtool: compile:  i486-linux-musl-gcc -DHAVE_CONFIG_H -I. -I/home/ubuntu/libffi-rs/libffi-sys-rs/libffi -I. -I/home/ubuntu/libffi-rs/libffi-sys-rs/libffi/include -Iinclude -I/home/ubuntu/libffi-rs/libffi-sys-rs/libffi/src -Wall -march=i686 -O2 -fPIC -fexceptions -MT src/x86/ffi.lo -MD -MP -MF src/x86/.deps/ffi.Tpo -c /home/ubuntu/libffi-rs/libffi-sys-rs/libffi/src/x86/ffi.c  -fPIC -DPIC -o src/x86/ffi.o
depbase=`echo src/x86/sysv.lo | sed 's|[^/]*$|.deps/&|;s|\.lo$||'`;\
/bin/bash ./libtool  --tag=CC   --mode=compile i486-linux-musl-gcc -DHAVE_CONFIG_H -I. -I/home/ubuntu/libffi-rs/libffi-sys-rs/libffi  -I. -I/home/ubuntu/libffi-rs/libffi-sys-rs/libffi/include -Iinclude -I/home/ubuntu/libffi-rs/libffi-sys-rs/libffi/src  '-I. -I/home/ubuntu/libffi-rs/libffi-sys-rs/libffi/include -Iinclude -I/home/ubuntu/libffi-rs/libffi-sys-rs/libffi/src' -march=i686 -O2 -fPIC -MT src/x86/sysv.lo -MD -MP -MF $depbase.Tpo -c -o src/x86/sysv.lo /home/ubuntu/libffi-rs/libffi-sys-rs/libffi/src/x86/sysv.S &&\
mv -f $depbase.Tpo $depbase.Plo
libtool: compile:  i486-linux-musl-gcc -DHAVE_CONFIG_H -I. -I/home/ubuntu/libffi-rs/libffi-sys-rs/libffi -I. -I/home/ubuntu/libffi-rs/libffi-sys-rs/libffi/include -Iinclude -I/home/ubuntu/libffi-rs/libffi-sys-rs/libffi/src "-I. -I/home/ubuntu/libffi-rs/libffi-sys-rs/libffi/include -Iinclude -I/home/ubuntu/libffi-rs/libffi-sys-rs/libffi/src" -march=i686 -O2 -fPIC -MT src/x86/sysv.lo -MD -MP -MF src/x86/.deps/sysv.Tpo -c /home/ubuntu/libffi-rs/libffi-sys-rs/libffi/src/x86/sysv.S  -fPIC -DPIC -o src/x86/sysv.o
/bin/bash ./libtool  --tag=CC   --mode=link i486-linux-musl-gcc  -Wall -march=i686 -O2 -fPIC -fexceptions   -o libffi_convenience.la  src/prep_cif.lo src/types.lo src/raw_api.lo src/java_raw_api.lo src/closures.lo src/tramp.lo   src/x86/ffi.lo src/x86/sysv.lo 
/bin/bash ./libtool  --tag=CC   --mode=link i486-linux-musl-gcc  -Wall -march=i686 -O2 -fPIC -fexceptions -no-undefined -version-info `grep -v '^#' /home/ubuntu/libffi-rs/libffi-sys-rs/libffi/libtool-version`     -o libffi.la -rpath /home/ubuntu/work/libffi-install/lib src/prep_cif.lo src/types.lo src/raw_api.lo src/java_raw_api.lo src/closures.lo src/tramp.lo  src/x86/ffi.lo src/x86/sysv.lo 
libtool: link: ar cr .libs/libffi_convenience.a  src/prep_cif.o src/types.o src/raw_api.o src/java_raw_api.o src/closures.o src/tramp.o src/x86/ffi.o src/x86/sysv.o
libtool: link: ar cr .libs/libffi.a  src/prep_cif.o src/types.o src/raw_api.o src/java_raw_api.o src/closures.o src/tramp.o src/x86/ffi.o src/x86/sysv.o
libtool: link: ranlib .libs/libffi_convenience.a
libtool: link: ranlib .libs/libffi.a
libtool: link: ( cd ".libs" && rm -f "libffi_convenience.la" && ln -s "../libffi_convenience.la" "libffi_convenience.la" )
libtool: link: ( cd ".libs" && rm -f "libffi.la" && ln -s "../libffi.la" "libffi.la" )
make[2]: Leaving directory '/home/ubuntu/work/libffi-i686-musl-build'
make[1]: Leaving directory '/home/ubuntu/work/libffi-i686-musl-build'
