Transpiling prep_cif.c
[37minfo:[0m Could not expand macro ffi_type_sint: Cannot yet refer to declarations in a const expr
--> /home/ubuntu/libffi-rs/libffi-sys-rs/libffi/src/prep_cif.c:233:21


[37minfo:[0m Could not expand macro ffi_type_sint: Cannot yet refer to declarations in a const expr
--> /home/ubuntu/libffi-rs/libffi-sys-rs/libffi/src/prep_cif.c:233:21


error: 'rustfmt' is not installed for the toolchain 'stable-x86_64-unknown-linux-gnu'.
help: run `rustup component add rustfmt` to install it
[33mwarning:[0m rustfmt failed, code may not be well-formatted
Transpiling types.c
[31merror:[0m Failed to translate ffi_type_complex_float: Unsupported type Complex(CTypeId(104))

[31merror:[0m Failed to translate ffi_type_complex_double: Unsupported type Complex(CTypeId(836))

[31merror:[0m Failed to translate ffi_type_complex_longdouble: Unsupported type Complex(CTypeId(53))

error: 'rustfmt' is not installed for the toolchain 'stable-x86_64-unknown-linux-gnu'.
help: run `rustup component add rustfmt` to install it
[33mwarning:[0m rustfmt failed, code may not be well-formatted
Transpiling raw_api.c
error: 'rustfmt' is not installed for the toolchain 'stable-x86_64-unknown-linux-gnu'.
help: run `rustup component add rustfmt` to install it
[33mwarning:[0m rustfmt failed, code may not be well-formatted
Transpiling java_raw_api.c
error: 'rustfmt' is not installed for the toolchain 'stable-x86_64-unknown-linux-gnu'.
help: run `rustup component add rustfmt` to install it
[33mwarning:[0m rustfmt failed, code may not be well-formatted
Transpiling closures.c
[37minfo:[0m Could not expand macro gm: Cannot yet refer to declarations in a const expr
--> /home/ubuntu/libffi-rs/libffi-sys-rs/libffi/src/dlmalloc.c:4933:39


[37minfo:[0m Could not expand macro munmap_0: Cannot yet refer to declarations in a const expr
--> /home/ubuntu/libffi-rs/libffi-sys-rs/libffi/src/dlmalloc.c:4428:13


[37minfo:[0m Could not expand macro fm: Cannot yet refer to declarations in a const expr
--> /home/ubuntu/libffi-rs/libffi-sys-rs/libffi/src/dlmalloc.c:4933:39


[37minfo:[0m Could not expand macro gm: Cannot yet refer to declarations in a const expr
--> /home/ubuntu/libffi-rs/libffi-sys-rs/libffi/src/dlmalloc.c:4933:39


[37minfo:[0m Could not expand macro fm: Cannot yet refer to declarations in a const expr
--> /home/ubuntu/libffi-rs/libffi-sys-rs/libffi/src/dlmalloc.c:4933:39


[37minfo:[0m Could not expand macro TOP_FOOT_SIZE: Constants cannot contain ternary expressions in Rust
--> /home/ubuntu/libffi-rs/libffi-sys-rs/libffi/src/dlmalloc.c:4418:61
--> /home/ubuntu/libffi-rs/libffi-sys-rs/libffi/src/dlmalloc.c:4418:61
--> /home/ubuntu/libffi-rs/libffi-sys-rs/libffi/src/dlmalloc.c:4418:61


[37minfo:[0m Could not expand macro munmap_0: Cannot yet refer to declarations in a const expr
--> /home/ubuntu/libffi-rs/libffi-sys-rs/libffi/src/dlmalloc.c:4428:13


[37minfo:[0m Could not expand macro TOP_FOOT_SIZE: Constants cannot contain ternary expressions in Rust
--> /home/ubuntu/libffi-rs/libffi-sys-rs/libffi/src/dlmalloc.c:4418:61
--> /home/ubuntu/libffi-rs/libffi-sys-rs/libffi/src/dlmalloc.c:4418:61
--> /home/ubuntu/libffi-rs/libffi-sys-rs/libffi/src/dlmalloc.c:4418:61


[37minfo:[0m Could not expand macro malloc_getpagesize: non-const expr CExprId(4928)


[37minfo:[0m Could not expand macro DEFAULT_GRANULARITY: non-const expr CExprId(4923)


[37minfo:[0m Could not expand macro malloc_getpagesize: non-const expr CExprId(4928)


[37minfo:[0m Could not expand macro DEFAULT_GRANULARITY: non-const expr CExprId(4923)


[37minfo:[0m Could not expand macro SYS_ALLOC_PADDING: Constants cannot contain ternary expressions in Rust
--> /home/ubuntu/libffi-rs/libffi-sys-rs/libffi/src/dlmalloc.c:4274:26
--> /home/ubuntu/libffi-rs/libffi-sys-rs/libffi/src/dlmalloc.c:4274:26
--> /home/ubuntu/libffi-rs/libffi-sys-rs/libffi/src/dlmalloc.c:4274:26
--> /home/ubuntu/libffi-rs/libffi-sys-rs/libffi/src/dlmalloc.c:4274:26


[37minfo:[0m Could not expand macro mmap_0: Cannot yet refer to declarations in a const expr
--> /home/ubuntu/libffi-rs/libffi-sys-rs/libffi/src/dlmalloc.c:4299:24


[37minfo:[0m Could not expand macro ABORT: non-const expr CExprId(7445)


[37minfo:[0m Could not expand macro errno: non-const expr CExprId(6222)


[37minfo:[0m Could not expand macro errno: non-const expr CExprId(6222)


[37minfo:[0m Could not expand macro ABORT: non-const expr CExprId(7445)


[37minfo:[0m Could not expand macro mmap_0: Cannot yet refer to declarations in a const expr
--> /home/ubuntu/libffi-rs/libffi-sys-rs/libffi/src/dlmalloc.c:4299:24


[37minfo:[0m Could not expand macro SYS_ALLOC_PADDING: Constants cannot contain ternary expressions in Rust
--> /home/ubuntu/libffi-rs/libffi-sys-rs/libffi/src/dlmalloc.c:4274:26
--> /home/ubuntu/libffi-rs/libffi-sys-rs/libffi/src/dlmalloc.c:4274:26
--> /home/ubuntu/libffi-rs/libffi-sys-rs/libffi/src/dlmalloc.c:4274:26
--> /home/ubuntu/libffi-rs/libffi-sys-rs/libffi/src/dlmalloc.c:4274:26


[37minfo:[0m Could not expand macro stderr_0: Cannot yet refer to declarations in a const expr
--> /home/ubuntu/libffi-rs/libffi-sys-rs/libffi/src/dlmalloc.c:3708:13


[37minfo:[0m Could not expand macro stderr_0: Cannot yet refer to declarations in a const expr
--> /home/ubuntu/libffi-rs/libffi-sys-rs/libffi/src/dlmalloc.c:3708:13


error: 'rustfmt' is not installed for the toolchain 'stable-x86_64-unknown-linux-gnu'.
help: run `rustup component add rustfmt` to install it
[33mwarning:[0m rustfmt failed, code may not be well-formatted
Transpiling tramp.c
error: 'rustfmt' is not installed for the toolchain 'stable-x86_64-unknown-linux-gnu'.
help: run `rustup component add rustfmt` to install it
[33mwarning:[0m rustfmt failed, code may not be well-formatted
Transpiling ffi.c
[33mwarning:[0m Missing type 106311879059104 for node: AstNode { tag: TagFunctionDecl, children: [Some(106311879058656), Some(106311879058784), Some(106311887848832)], loc: SrcSpan { fileid: 4, begin_line: 450, begin_column: 1, end_line: 562, end_column: 2 }, type_id: Some(106311879059104), rvalue: LValue, macro_expansions: [], macro_expansion_text: None, extras: [Text("ffi_closure_inner"), Bool(true), Bool(false), Bool(false), Bool(false), Bool(false), Bool(false), Array([Text("visibility"), Text("hidden")])] }
Exported Clang AST was invalid. Check warnings above for unimplemented features.
--> /home/ubuntu/libffi-rs/libffi-sys-rs/libffi/src/x86/ffi.c:450:1
 [-Wclang-ast]
[33mwarning:[0m Missing type 106311871632048 for node: AstNode { tag: TagDeclRefExpr, children: [Some(106311871632152)], loc: SrcSpan { fileid: 4, begin_line: 819, begin_column: 3, end_line: 819, end_column: 16 }, type_id: Some(106311871632048), rvalue: RValue, macro_expansions: [], macro_expansion_text: None, extras: [] }
Exported Clang AST was invalid. Check warnings above for unimplemented features.
--> /home/ubuntu/libffi-rs/libffi-sys-rs/libffi/src/x86/ffi.c:819:3
 [-Wclang-ast]
[33mwarning:[0m Missing type 106311871632048 for node: AstNode { tag: TagDeclRefExpr, children: [Some(106311871632152)], loc: SrcSpan { fileid: 4, begin_line: 409, begin_column: 3, end_line: 409, end_column: 16 }, type_id: Some(106311871632048), rvalue: RValue, macro_expansions: [], macro_expansion_text: None, extras: [] }
Exported Clang AST was invalid. Check warnings above for unimplemented features.
--> /home/ubuntu/libffi-rs/libffi-sys-rs/libffi/src/x86/ffi.c:409:3
 [-Wclang-ast]
[33mwarning:[0m Missing type 106311871632048 for node: AstNode { tag: TagFunctionDecl, children: [Some(106311871631568), Some(106311871631696), None], loc: SrcSpan { fileid: 4, begin_line: 264, begin_column: 1, end_line: 264, end_column: 87 }, type_id: Some(106311871632048), rvalue: LValue, macro_expansions: [], macro_expansion_text: None, extras: [Text("ffi_call_i386"), Bool(true), Bool(false), Bool(false), Bool(false), Bool(true), Bool(false), Array([Text("visibility"), Text("hidden")])] }
Exported Clang AST was invalid. Check warnings above for unimplemented features.
--> /home/ubuntu/libffi-rs/libffi-sys-rs/libffi/src/x86/ffi.c:264:1
 [-Wclang-ast]

thread 'main' (13201) panicked at /home/ubuntu/.cargo/registry/src/index.crates.io-1949cf8c6b5b557f/c2rust-transpile-0.22.1/src/c_ast/mod.rs:682:29:
Could not find CTypeId(187) in TypedAstContext
note: run with `RUST_BACKTRACE=1` environment variable to display a backtrace
