   Compiling shlex v2.0.1
     Running `CARGO=/home/ubuntu/.rustup/toolchains/stable-x86_64-unknown-linux-gnu/bin/cargo CARGO_CRATE_NAME=shlex CARGO_MANIFEST_DIR=/home/ubuntu/.cargo/registry/src/index.crates.io-1949cf8c6b5b557f/shlex-2.0.1 CARGO_MANIFEST_PATH=/home/ubuntu/.cargo/registry/src/index.crates.io-1949cf8c6b5b557f/shlex-2.0.1/Cargo.toml CARGO_PKG_AUTHORS='comex <comexk@gmail.com>:Fenhl <fenhl@fenhl.net>:Adrian Taylor <adetaylor@chromium.org>:Alex Touchet <alextouchet@outlook.com>:Daniel Parks <dp+git@oxidized.org>:Garrett Berg <googberg@gmail.com>' CARGO_PKG_DESCRIPTION='Split a string into shell words, like Python'\''s shlex.' CARGO_PKG_HOMEPAGE='' CARGO_PKG_LICENSE='MIT OR Apache-2.0' CARGO_PKG_LICENSE_FILE='' CARGO_PKG_NAME=shlex CARGO_PKG_README=README.md CARGO_PKG_REPOSITORY='https://github.com/comex/rust-shlex' CARGO_PKG_RUST_VERSION=1.46.0 CARGO_PKG_VERSION=2.0.1 CARGO_PKG_VERSION_MAJOR=2 CARGO_PKG_VERSION_MINOR=0 CARGO_PKG_VERSION_PATCH=1 CARGO_PKG_VERSION_PRE='' LD_LIBRARY_PATH='/home/ubuntu/port-i686-musl/target/release/deps:/home/ubuntu/.rustup/toolchains/stable-x86_64-unknown-linux-gnu/lib' /home/ubuntu/.rustup/toolchains/stable-x86_64-unknown-linux-gnu/bin/rustc --crate-name shlex --edition=2018 /home/ubuntu/.cargo/registry/src/index.crates.io-1949cf8c6b5b557f/shlex-2.0.1/src/lib.rs --error-format=json --json=diagnostic-rendered-ansi,artifacts,future-incompat --crate-type lib --emit=dep-info,metadata,link -C embed-bitcode=no --warn=unexpected_cfgs --check-cfg 'cfg(manual_codegen_check)' -C debug-assertions=off --cfg 'feature="default"' --cfg 'feature="std"' --check-cfg 'cfg(docsrs,test)' --check-cfg 'cfg(feature, values("default", "std"))' -C metadata=fed3122d7b1d936c -C extra-filename=-1619208bf445e570 --out-dir /home/ubuntu/port-i686-musl/target/release/deps -C strip=debuginfo -L dependency=/home/ubuntu/port-i686-musl/target/release/deps --cap-lints warn`
   Compiling find-msvc-tools v0.1.10
     Running `CARGO=/home/ubuntu/.rustup/toolchains/stable-x86_64-unknown-linux-gnu/bin/cargo CARGO_CRATE_NAME=find_msvc_tools CARGO_MANIFEST_DIR=/home/ubuntu/.cargo/registry/src/index.crates.io-1949cf8c6b5b557f/find-msvc-tools-0.1.10 CARGO_MANIFEST_PATH=/home/ubuntu/.cargo/registry/src/index.crates.io-1949cf8c6b5b557f/find-msvc-tools-0.1.10/Cargo.toml CARGO_PKG_AUTHORS='' CARGO_PKG_DESCRIPTION='Find windows-specific tools, read MSVC versions from the registry and from COM interfaces' CARGO_PKG_HOMEPAGE='' CARGO_PKG_LICENSE='MIT OR Apache-2.0' CARGO_PKG_LICENSE_FILE='' CARGO_PKG_NAME=find-msvc-tools CARGO_PKG_README=README.md CARGO_PKG_REPOSITORY='https://github.com/rust-lang/cc-rs' CARGO_PKG_RUST_VERSION=1.64.0 CARGO_PKG_VERSION=0.1.10 CARGO_PKG_VERSION_MAJOR=0 CARGO_PKG_VERSION_MINOR=1 CARGO_PKG_VERSION_PATCH=10 CARGO_PKG_VERSION_PRE='' LD_LIBRARY_PATH='/home/ubuntu/port-i686-musl/target/release/deps:/home/ubuntu/.rustup/toolchains/stable-x86_64-unknown-linux-gnu/lib' /home/ubuntu/.rustup/toolchains/stable-x86_64-unknown-linux-gnu/bin/rustc --crate-name find_msvc_tools --edition=2021 /home/ubuntu/.cargo/registry/src/index.crates.io-1949cf8c6b5b557f/find-msvc-tools-0.1.10/src/lib.rs --error-format=json --json=diagnostic-rendered-ansi,artifacts,future-incompat --crate-type lib --emit=dep-info,metadata,link -C embed-bitcode=no --allow=unexpected_cfgs --check-cfg 'cfg(disable_clang_cl_tests)' -C debug-assertions=off --check-cfg 'cfg(docsrs,test)' --check-cfg 'cfg(feature, values())' -C metadata=ad611dad52390749 -C extra-filename=-3b0499b7ae7a6b18 --out-dir /home/ubuntu/port-i686-musl/target/release/deps -C strip=debuginfo -L dependency=/home/ubuntu/port-i686-musl/target/release/deps --cap-lints warn`
   Compiling cc v1.4.2
     Running `CARGO=/home/ubuntu/.rustup/toolchains/stable-x86_64-unknown-linux-gnu/bin/cargo CARGO_CRATE_NAME=cc CARGO_MANIFEST_DIR=/home/ubuntu/.cargo/registry/src/index.crates.io-1949cf8c6b5b557f/cc-1.4.2 CARGO_MANIFEST_PATH=/home/ubuntu/.cargo/registry/src/index.crates.io-1949cf8c6b5b557f/cc-1.4.2/Cargo.toml CARGO_PKG_AUTHORS='' CARGO_PKG_DESCRIPTION='A build-time dependency for Cargo build scripts to assist in invoking the native
C compiler to compile native C code into a static archive to be linked into Rust
code.
' CARGO_PKG_HOMEPAGE='https://github.com/rust-lang/cc-rs' CARGO_PKG_LICENSE='MIT OR Apache-2.0' CARGO_PKG_LICENSE_FILE='' CARGO_PKG_NAME=cc CARGO_PKG_README=README.md CARGO_PKG_REPOSITORY='https://github.com/rust-lang/cc-rs' CARGO_PKG_RUST_VERSION=1.64.0 CARGO_PKG_VERSION=1.4.2 CARGO_PKG_VERSION_MAJOR=1 CARGO_PKG_VERSION_MINOR=4 CARGO_PKG_VERSION_PATCH=2 CARGO_PKG_VERSION_PRE='' LD_LIBRARY_PATH='/home/ubuntu/port-i686-musl/target/release/deps:/home/ubuntu/.rustup/toolchains/stable-x86_64-unknown-linux-gnu/lib' /home/ubuntu/.rustup/toolchains/stable-x86_64-unknown-linux-gnu/bin/rustc --crate-name cc --edition=2021 /home/ubuntu/.cargo/registry/src/index.crates.io-1949cf8c6b5b557f/cc-1.4.2/src/lib.rs --error-format=json --json=diagnostic-rendered-ansi,artifacts,future-incompat --crate-type lib --emit=dep-info,metadata,link -C embed-bitcode=no --allow=unexpected_cfgs --check-cfg 'cfg(disable_clang_cl_tests)' -C debug-assertions=off --check-cfg 'cfg(docsrs,test)' --check-cfg 'cfg(feature, values("jobserver", "parallel"))' -C metadata=d6acc537915fc944 -C extra-filename=-13610d3d47b1e1e6 --out-dir /home/ubuntu/port-i686-musl/target/release/deps -C strip=debuginfo -L dependency=/home/ubuntu/port-i686-musl/target/release/deps --extern find_msvc_tools=/home/ubuntu/port-i686-musl/target/release/deps/libfind_msvc_tools-3b0499b7ae7a6b18.rmeta --extern shlex=/home/ubuntu/port-i686-musl/target/release/deps/libshlex-1619208bf445e570.rmeta --cap-lints warn`
   Compiling libffi-c2rust-i686-musl v0.0.0 (/home/ubuntu/port-i686-musl)
     Running `CARGO=/home/ubuntu/.rustup/toolchains/stable-x86_64-unknown-linux-gnu/bin/cargo CARGO_CRATE_NAME=build_script_build CARGO_MANIFEST_DIR=/home/ubuntu/port-i686-musl CARGO_MANIFEST_PATH=/home/ubuntu/port-i686-musl/Cargo.toml CARGO_PKG_AUTHORS='' CARGO_PKG_DESCRIPTION='' CARGO_PKG_HOMEPAGE='' CARGO_PKG_LICENSE='' CARGO_PKG_LICENSE_FILE='' CARGO_PKG_NAME=libffi-c2rust-i686-musl CARGO_PKG_README='' CARGO_PKG_REPOSITORY='' CARGO_PKG_RUST_VERSION='' CARGO_PKG_VERSION=0.0.0 CARGO_PKG_VERSION_MAJOR=0 CARGO_PKG_VERSION_MINOR=0 CARGO_PKG_VERSION_PATCH=0 CARGO_PKG_VERSION_PRE='' CARGO_PRIMARY_PACKAGE=1 LD_LIBRARY_PATH='/home/ubuntu/port-i686-musl/target/release/deps:/home/ubuntu/.rustup/toolchains/stable-x86_64-unknown-linux-gnu/lib' /home/ubuntu/.rustup/toolchains/stable-x86_64-unknown-linux-gnu/bin/rustc --crate-name build_script_build --edition=2021 build.rs --error-format=json --json=diagnostic-rendered-ansi,artifacts,future-incompat --crate-type bin --emit=dep-info,link -C embed-bitcode=no -C debug-assertions=off --check-cfg 'cfg(docsrs,test)' --check-cfg 'cfg(feature, values())' -C metadata=a4853a19ecdee265 -C extra-filename=-f36b0d871f24ecb6 --out-dir /home/ubuntu/port-i686-musl/target/release/build/libffi-c2rust-i686-musl-f36b0d871f24ecb6 -C strip=debuginfo -L dependency=/home/ubuntu/port-i686-musl/target/release/deps --extern cc=/home/ubuntu/port-i686-musl/target/release/deps/libcc-13610d3d47b1e1e6.rlib`
     Running `CARGO=/home/ubuntu/.rustup/toolchains/stable-x86_64-unknown-linux-gnu/bin/cargo CARGO_CFG_FEATURE='' CARGO_CFG_PANIC=unwind CARGO_CFG_TARGET_ABI='' CARGO_CFG_TARGET_ARCH=x86 CARGO_CFG_TARGET_ENDIAN=little CARGO_CFG_TARGET_ENV=musl CARGO_CFG_TARGET_FAMILY=unix CARGO_CFG_TARGET_FEATURE=fxsr,sse,sse2 CARGO_CFG_TARGET_HAS_ATOMIC=16,32,64,8,ptr CARGO_CFG_TARGET_HAS_ATOMIC_PRIMITIVE_ALIGNMENT=16,32,8,ptr CARGO_CFG_TARGET_OS=linux CARGO_CFG_TARGET_POINTER_WIDTH=32 CARGO_CFG_TARGET_VENDOR=unknown CARGO_CFG_UNIX='' CARGO_ENCODED_RUSTFLAGS='' CARGO_MANIFEST_DIR=/home/ubuntu/port-i686-musl CARGO_MANIFEST_PATH=/home/ubuntu/port-i686-musl/Cargo.toml CARGO_PKG_AUTHORS='' CARGO_PKG_DESCRIPTION='' CARGO_PKG_HOMEPAGE='' CARGO_PKG_LICENSE='' CARGO_PKG_LICENSE_FILE='' CARGO_PKG_NAME=libffi-c2rust-i686-musl CARGO_PKG_README='' CARGO_PKG_REPOSITORY='' CARGO_PKG_RUST_VERSION='' CARGO_PKG_VERSION=0.0.0 CARGO_PKG_VERSION_MAJOR=0 CARGO_PKG_VERSION_MINOR=0 CARGO_PKG_VERSION_PATCH=0 CARGO_PKG_VERSION_PRE='' DEBUG=false HOST=x86_64-unknown-linux-gnu LD_LIBRARY_PATH='/home/ubuntu/port-i686-musl/target/release:/home/ubuntu/port-i686-musl/target/release/deps:/home/ubuntu/.rustup/toolchains/stable-x86_64-unknown-linux-gnu/lib/rustlib/x86_64-unknown-linux-gnu/lib:/home/ubuntu/.rustup/toolchains/stable-x86_64-unknown-linux-gnu/lib' NUM_JOBS=2 OPT_LEVEL=3 OUT_DIR=/home/ubuntu/port-i686-musl/target/i686-unknown-linux-musl/release/build/libffi-c2rust-i686-musl-27a56a93045e2944/out PROFILE=release RUSTC=/home/ubuntu/.rustup/toolchains/stable-x86_64-unknown-linux-gnu/bin/rustc RUSTC_LINKER=i486-linux-musl-gcc RUSTDOC=/home/ubuntu/.rustup/toolchains/stable-x86_64-unknown-linux-gnu/bin/rustdoc TARGET=i686-unknown-linux-musl /home/ubuntu/port-i686-musl/target/release/build/libffi-c2rust-i686-musl-f36b0d871f24ecb6/build-script-build`
[libffi-c2rust-i686-musl 0.0.0] cargo:rerun-if-changed=vendor/x86/sysv.S
[libffi-c2rust-i686-musl 0.0.0] cargo:rerun-if-changed=vendor/x86/internal.h
[libffi-c2rust-i686-musl 0.0.0] cargo:rerun-if-changed=vendor/include/ffi.h
[libffi-c2rust-i686-musl 0.0.0] cargo:rerun-if-changed=vendor/include/ffi_cfi.h
[libffi-c2rust-i686-musl 0.0.0] cargo:rerun-if-changed=vendor/include/fficonfig.h
[libffi-c2rust-i686-musl 0.0.0] cargo:rerun-if-changed=vendor/include/ffitarget.h
[libffi-c2rust-i686-musl 0.0.0] cargo:rerun-if-env-changed=CC_FORCE_DISABLE
[libffi-c2rust-i686-musl 0.0.0] CC_FORCE_DISABLE = None
[libffi-c2rust-i686-musl 0.0.0] cargo:rerun-if-env-changed=CC_i686-unknown-linux-musl
[libffi-c2rust-i686-musl 0.0.0] CC_i686-unknown-linux-musl = None
[libffi-c2rust-i686-musl 0.0.0] cargo:rerun-if-env-changed=CC_i686_unknown_linux_musl
[libffi-c2rust-i686-musl 0.0.0] CC_i686_unknown_linux_musl = Some(i486-linux-musl-gcc)
[libffi-c2rust-i686-musl 0.0.0] cargo:rerun-if-env-changed=CC_KNOWN_WRAPPER_CUSTOM
[libffi-c2rust-i686-musl 0.0.0] CC_KNOWN_WRAPPER_CUSTOM = None
[libffi-c2rust-i686-musl 0.0.0] cargo:rerun-if-env-changed=CC_ENABLE_DEBUG_OUTPUT
[libffi-c2rust-i686-musl 0.0.0] cargo:rerun-if-env-changed=CRATE_CC_NO_DEFAULTS
[libffi-c2rust-i686-musl 0.0.0] CRATE_CC_NO_DEFAULTS = None
[libffi-c2rust-i686-musl 0.0.0] cargo:rerun-if-env-changed=CFLAGS
[libffi-c2rust-i686-musl 0.0.0] CFLAGS = None
[libffi-c2rust-i686-musl 0.0.0] cargo:rerun-if-env-changed=TARGET_CFLAGS
[libffi-c2rust-i686-musl 0.0.0] TARGET_CFLAGS = None
[libffi-c2rust-i686-musl 0.0.0] cargo:rerun-if-env-changed=CFLAGS_i686_unknown_linux_musl
[libffi-c2rust-i686-musl 0.0.0] CFLAGS_i686_unknown_linux_musl = None
[libffi-c2rust-i686-musl 0.0.0] cargo:rerun-if-env-changed=CFLAGS_i686-unknown-linux-musl
[libffi-c2rust-i686-musl 0.0.0] CFLAGS_i686-unknown-linux-musl = None
[libffi-c2rust-i686-musl 0.0.0] cargo:rerun-if-env-changed=AR_i686-unknown-linux-musl
[libffi-c2rust-i686-musl 0.0.0] AR_i686-unknown-linux-musl = None
[libffi-c2rust-i686-musl 0.0.0] cargo:rerun-if-env-changed=AR_i686_unknown_linux_musl
[libffi-c2rust-i686-musl 0.0.0] AR_i686_unknown_linux_musl = None
[libffi-c2rust-i686-musl 0.0.0] cargo:rerun-if-env-changed=TARGET_AR
[libffi-c2rust-i686-musl 0.0.0] TARGET_AR = None
[libffi-c2rust-i686-musl 0.0.0] cargo:rerun-if-env-changed=AR
[libffi-c2rust-i686-musl 0.0.0] AR = None
[libffi-c2rust-i686-musl 0.0.0] cargo:rerun-if-env-changed=CROSS_COMPILE
[libffi-c2rust-i686-musl 0.0.0] CROSS_COMPILE = None
[libffi-c2rust-i686-musl 0.0.0] cargo:rerun-if-env-changed=ARFLAGS
[libffi-c2rust-i686-musl 0.0.0] ARFLAGS = None
[libffi-c2rust-i686-musl 0.0.0] cargo:rerun-if-env-changed=TARGET_ARFLAGS
[libffi-c2rust-i686-musl 0.0.0] TARGET_ARFLAGS = None
[libffi-c2rust-i686-musl 0.0.0] cargo:rerun-if-env-changed=ARFLAGS_i686_unknown_linux_musl
[libffi-c2rust-i686-musl 0.0.0] ARFLAGS_i686_unknown_linux_musl = None
[libffi-c2rust-i686-musl 0.0.0] cargo:rerun-if-env-changed=ARFLAGS_i686-unknown-linux-musl
[libffi-c2rust-i686-musl 0.0.0] ARFLAGS_i686-unknown-linux-musl = None
[libffi-c2rust-i686-musl 0.0.0] cargo:rerun-if-env-changed=AR_i686-unknown-linux-musl
[libffi-c2rust-i686-musl 0.0.0] AR_i686-unknown-linux-musl = None
[libffi-c2rust-i686-musl 0.0.0] cargo:rerun-if-env-changed=AR_i686_unknown_linux_musl
[libffi-c2rust-i686-musl 0.0.0] AR_i686_unknown_linux_musl = None
[libffi-c2rust-i686-musl 0.0.0] cargo:rerun-if-env-changed=TARGET_AR
[libffi-c2rust-i686-musl 0.0.0] TARGET_AR = None
[libffi-c2rust-i686-musl 0.0.0] cargo:rerun-if-env-changed=AR
[libffi-c2rust-i686-musl 0.0.0] AR = None
[libffi-c2rust-i686-musl 0.0.0] cargo:rerun-if-env-changed=CROSS_COMPILE
[libffi-c2rust-i686-musl 0.0.0] CROSS_COMPILE = None
[libffi-c2rust-i686-musl 0.0.0] cargo:rerun-if-env-changed=ARFLAGS
[libffi-c2rust-i686-musl 0.0.0] ARFLAGS = None
[libffi-c2rust-i686-musl 0.0.0] cargo:rerun-if-env-changed=TARGET_ARFLAGS
[libffi-c2rust-i686-musl 0.0.0] TARGET_ARFLAGS = None
[libffi-c2rust-i686-musl 0.0.0] cargo:rerun-if-env-changed=ARFLAGS_i686_unknown_linux_musl
[libffi-c2rust-i686-musl 0.0.0] ARFLAGS_i686_unknown_linux_musl = None
[libffi-c2rust-i686-musl 0.0.0] cargo:rerun-if-env-changed=ARFLAGS_i686-unknown-linux-musl
[libffi-c2rust-i686-musl 0.0.0] ARFLAGS_i686-unknown-linux-musl = None
[libffi-c2rust-i686-musl 0.0.0] cargo:rustc-link-lib=static=ffi_i686_sysv
[libffi-c2rust-i686-musl 0.0.0] cargo:rustc-link-search=native=/home/ubuntu/port-i686-musl/target/i686-unknown-linux-musl/release/build/libffi-c2rust-i686-musl-27a56a93045e2944/out
     Running `CARGO=/home/ubuntu/.rustup/toolchains/stable-x86_64-unknown-linux-gnu/bin/cargo CARGO_CRATE_NAME=libffi_c2rust_i686_musl CARGO_MANIFEST_DIR=/home/ubuntu/port-i686-musl CARGO_MANIFEST_PATH=/home/ubuntu/port-i686-musl/Cargo.toml CARGO_PKG_AUTHORS='' CARGO_PKG_DESCRIPTION='' CARGO_PKG_HOMEPAGE='' CARGO_PKG_LICENSE='' CARGO_PKG_LICENSE_FILE='' CARGO_PKG_NAME=libffi-c2rust-i686-musl CARGO_PKG_README='' CARGO_PKG_REPOSITORY='' CARGO_PKG_RUST_VERSION='' CARGO_PKG_VERSION=0.0.0 CARGO_PKG_VERSION_MAJOR=0 CARGO_PKG_VERSION_MINOR=0 CARGO_PKG_VERSION_PATCH=0 CARGO_PKG_VERSION_PRE='' CARGO_PRIMARY_PACKAGE=1 LD_LIBRARY_PATH='/home/ubuntu/port-i686-musl/target/release/deps:/home/ubuntu/.rustup/toolchains/stable-x86_64-unknown-linux-gnu/lib' OUT_DIR=/home/ubuntu/port-i686-musl/target/i686-unknown-linux-musl/release/build/libffi-c2rust-i686-musl-27a56a93045e2944/out /home/ubuntu/.rustup/toolchains/stable-x86_64-unknown-linux-gnu/bin/rustc --crate-name libffi_c2rust_i686_musl --edition=2021 src/lib.rs --error-format=json --json=diagnostic-rendered-ansi,artifacts,future-incompat --crate-type rlib --crate-type staticlib --emit=dep-info,link -C opt-level=3 -C embed-bitcode=no --check-cfg 'cfg(docsrs,test)' --check-cfg 'cfg(feature, values())' -C metadata=dcf71728dea4e185 -C extra-filename=-09bf7e7780ea77b2 --out-dir /home/ubuntu/port-i686-musl/target/i686-unknown-linux-musl/release/deps --target i686-unknown-linux-musl -C linker=i486-linux-musl-gcc -C strip=debuginfo -L dependency=/home/ubuntu/port-i686-musl/target/i686-unknown-linux-musl/release/deps -L dependency=/home/ubuntu/port-i686-musl/target/release/deps -L native=/home/ubuntu/port-i686-musl/target/i686-unknown-linux-musl/release/build/libffi-c2rust-i686-musl-27a56a93045e2944/out -l static=ffi_i686_sysv`
    Finished `release` profile [optimized] target(s) in 4.21s
