Transpiling prep_cif.c
error: 'rustfmt' is not installed for the toolchain 'stable-aarch64-unknown-linux-gnu'.
help: run `rustup component add rustfmt` to install it
[33mwarning:[0m rustfmt failed, code may not be well-formatted
Transpiling types.c
[31merror:[0m Failed to translate ffi_type_complex_float: Unsupported type Complex(CTypeId(60))

[31merror:[0m Failed to translate ffi_type_complex_double: Unsupported type Complex(CTypeId(63))

[31merror:[0m Failed to translate ffi_type_complex_longdouble: Unsupported type Complex(CTypeId(177))

error: 'rustfmt' is not installed for the toolchain 'stable-aarch64-unknown-linux-gnu'.
help: run `rustup component add rustfmt` to install it
[33mwarning:[0m rustfmt failed, code may not be well-formatted
Transpiling raw_api.c
error: 'rustfmt' is not installed for the toolchain 'stable-aarch64-unknown-linux-gnu'.
help: run `rustup component add rustfmt` to install it
[33mwarning:[0m rustfmt failed, code may not be well-formatted
/home/ubuntu/libffi-rs/libffi-sys-rs/libffi/src/java_raw_api.c:328:46: warning: 'ffi_java_raw_size' is deprecated [-Wdeprecated-declarations]
  328 |   ffi_java_raw *raw = (ffi_java_raw*)alloca (ffi_java_raw_size (cif));
      |                                              ^
/home/ubuntu/libffi-rs/work/include/ffi.h:322:56: note: 'ffi_java_raw_size' has been explicitly marked deprecated here
  322 | size_t ffi_java_raw_size (ffi_cif *cif) __attribute__((deprecated));
      |                                                        ^
/home/ubuntu/libffi-rs/libffi-sys-rs/libffi/src/java_raw_api.c:331:3: warning: 'ffi_java_ptrarray_to_raw' is deprecated [-Wdeprecated-declarations]
  331 |   ffi_java_ptrarray_to_raw (cif, avalue, raw);
      |   ^
/home/ubuntu/libffi-rs/work/include/ffi.h:318:93: note: 'ffi_java_ptrarray_to_raw' has been explicitly marked deprecated here
  318 | void ffi_java_ptrarray_to_raw (ffi_cif *cif, void **args, ffi_java_raw *raw) __attribute__((deprecated));
      |                                                                                             ^
2 warnings generated.
Transpiling java_raw_api.c
error: 'rustfmt' is not installed for the toolchain 'stable-aarch64-unknown-linux-gnu'.
help: run `rustup component add rustfmt` to install it
[33mwarning:[0m rustfmt failed, code may not be well-formatted
Transpiling closures.c
error: 'rustfmt' is not installed for the toolchain 'stable-aarch64-unknown-linux-gnu'.
help: run `rustup component add rustfmt` to install it
[33mwarning:[0m rustfmt failed, code may not be well-formatted
Transpiling tramp.c
error: 'rustfmt' is not installed for the toolchain 'stable-aarch64-unknown-linux-gnu'.
help: run `rustup component add rustfmt` to install it
[33mwarning:[0m rustfmt failed, code may not be well-formatted
Transpiling ffi.c
[31merror:[0m Failed to translate ffi_clear_cache: Unimplemented builtin __builtin___clear_cache
--> /home/ubuntu/libffi-rs/libffi-sys-rs/libffi/src/aarch64/ffi.c:85:3

error: 'rustfmt' is not installed for the toolchain 'stable-aarch64-unknown-linux-gnu'.
help: run `rustup component add rustfmt` to install it
[33mwarning:[0m rustfmt failed, code may not be well-formatted
