make  all-recursive
make[1]: Entering directory '/home/ubuntu/libffi-rs/work'
Making all in include
make[2]: Entering directory '/home/ubuntu/libffi-rs/work/include'
make[2]: Nothing to be done for 'all'.
make[2]: Leaving directory '/home/ubuntu/libffi-rs/work/include'
Making all in testsuite
make[2]: Entering directory '/home/ubuntu/libffi-rs/work/testsuite'
make[2]: Nothing to be done for 'all'.
make[2]: Leaving directory '/home/ubuntu/libffi-rs/work/testsuite'
Making all in man
make[2]: Entering directory '/home/ubuntu/libffi-rs/work/man'
make[2]: Nothing to be done for 'all'.
make[2]: Leaving directory '/home/ubuntu/libffi-rs/work/man'
make[2]: Entering directory '/home/ubuntu/libffi-rs/work'
depbase=`echo src/prep_cif.lo | sed 's|[^/]*$|.deps/&|;s|\.lo$||'`;\
/bin/bash ./libtool  --tag=CC   --mode=compile musl-gcc -DHAVE_CONFIG_H -I. -I../libffi-sys-rs/libffi  -I. -I../libffi-sys-rs/libffi/include -Iinclude -I../libffi-sys-rs/libffi/src   -Wall -O0 -g -fPIC -fexceptions -MT src/prep_cif.lo -MD -MP -MF $depbase.Tpo -c -o src/prep_cif.lo ../libffi-sys-rs/libffi/src/prep_cif.c &&\
mv -f $depbase.Tpo $depbase.Plo
depbase=`echo src/types.lo | sed 's|[^/]*$|.deps/&|;s|\.lo$||'`;\
/bin/bash ./libtool  --tag=CC   --mode=compile musl-gcc -DHAVE_CONFIG_H -I. -I../libffi-sys-rs/libffi  -I. -I../libffi-sys-rs/libffi/include -Iinclude -I../libffi-sys-rs/libffi/src   -Wall -O0 -g -fPIC -fexceptions -MT src/types.lo -MD -MP -MF $depbase.Tpo -c -o src/types.lo ../libffi-sys-rs/libffi/src/types.c &&\
mv -f $depbase.Tpo $depbase.Plo
libtool: compile:  musl-gcc -DHAVE_CONFIG_H -I. -I../libffi-sys-rs/libffi -I. -I../libffi-sys-rs/libffi/include -Iinclude -I../libffi-sys-rs/libffi/src -Wall -O0 -g -fPIC -fexceptions -MT src/prep_cif.lo -MD -MP -MF src/.deps/prep_cif.Tpo -c ../libffi-sys-rs/libffi/src/prep_cif.c  -fPIC -DPIC -o src/prep_cif.o
libtool: compile:  musl-gcc -DHAVE_CONFIG_H -I. -I../libffi-sys-rs/libffi -I. -I../libffi-sys-rs/libffi/include -Iinclude -I../libffi-sys-rs/libffi/src -Wall -O0 -g -fPIC -fexceptions -MT src/types.lo -MD -MP -MF src/.deps/types.Tpo -c ../libffi-sys-rs/libffi/src/types.c  -fPIC -DPIC -o src/types.o
depbase=`echo src/raw_api.lo | sed 's|[^/]*$|.deps/&|;s|\.lo$||'`;\
/bin/bash ./libtool  --tag=CC   --mode=compile musl-gcc -DHAVE_CONFIG_H -I. -I../libffi-sys-rs/libffi  -I. -I../libffi-sys-rs/libffi/include -Iinclude -I../libffi-sys-rs/libffi/src   -Wall -O0 -g -fPIC -fexceptions -MT src/raw_api.lo -MD -MP -MF $depbase.Tpo -c -o src/raw_api.lo ../libffi-sys-rs/libffi/src/raw_api.c &&\
mv -f $depbase.Tpo $depbase.Plo
depbase=`echo src/java_raw_api.lo | sed 's|[^/]*$|.deps/&|;s|\.lo$||'`;\
/bin/bash ./libtool  --tag=CC   --mode=compile musl-gcc -DHAVE_CONFIG_H -I. -I../libffi-sys-rs/libffi  -I. -I../libffi-sys-rs/libffi/include -Iinclude -I../libffi-sys-rs/libffi/src   -Wall -O0 -g -fPIC -fexceptions -MT src/java_raw_api.lo -MD -MP -MF $depbase.Tpo -c -o src/java_raw_api.lo ../libffi-sys-rs/libffi/src/java_raw_api.c &&\
mv -f $depbase.Tpo $depbase.Plo
libtool: compile:  musl-gcc -DHAVE_CONFIG_H -I. -I../libffi-sys-rs/libffi -I. -I../libffi-sys-rs/libffi/include -Iinclude -I../libffi-sys-rs/libffi/src -Wall -O0 -g -fPIC -fexceptions -MT src/raw_api.lo -MD -MP -MF src/.deps/raw_api.Tpo -c ../libffi-sys-rs/libffi/src/raw_api.c  -fPIC -DPIC -o src/raw_api.o
libtool: compile:  musl-gcc -DHAVE_CONFIG_H -I. -I../libffi-sys-rs/libffi -I. -I../libffi-sys-rs/libffi/include -Iinclude -I../libffi-sys-rs/libffi/src -Wall -O0 -g -fPIC -fexceptions -MT src/java_raw_api.lo -MD -MP -MF src/.deps/java_raw_api.Tpo -c ../libffi-sys-rs/libffi/src/java_raw_api.c  -fPIC -DPIC -o src/java_raw_api.o
../libffi-sys-rs/libffi/src/java_raw_api.c: In function 'ffi_java_raw_call':
../libffi-sys-rs/libffi/src/java_raw_api.c:317:3: warning: 'ffi_java_raw_to_ptrarray' is deprecated [-Wdeprecated-declarations]
  317 |   ffi_java_raw_to_ptrarray (cif, raw, avalue);
      |   ^~~~~~~~~~~~~~~~~~~~~~~~
../libffi-sys-rs/libffi/src/java_raw_api.c:76:1: note: declared here
   76 | ffi_java_raw_to_ptrarray (ffi_cif *cif, ffi_java_raw *raw, void **args)
      | ^~~~~~~~~~~~~~~~~~~~~~~~
../libffi-sys-rs/libffi/src/java_raw_api.c: In function 'ffi_java_translate_args':
../libffi-sys-rs/libffi/src/java_raw_api.c:328:3: warning: 'ffi_java_raw_size' is deprecated [-Wdeprecated-declarations]
  328 |   ffi_java_raw *raw = (ffi_java_raw*)alloca (ffi_java_raw_size (cif));
      |   ^~~~~~~~~~~~
../libffi-sys-rs/libffi/src/java_raw_api.c:45:1: note: declared here
   45 | ffi_java_raw_size (ffi_cif *cif)
      | ^~~~~~~~~~~~~~~~~
../libffi-sys-rs/libffi/src/java_raw_api.c:331:3: warning: 'ffi_java_ptrarray_to_raw' is deprecated [-Wdeprecated-declarations]
  331 |   ffi_java_ptrarray_to_raw (cif, avalue, raw);
      |   ^~~~~~~~~~~~~~~~~~~~~~~~
../libffi-sys-rs/libffi/src/java_raw_api.c:157:1: note: declared here
  157 | ffi_java_ptrarray_to_raw (ffi_cif *cif, void **args, ffi_java_raw *raw)
      | ^~~~~~~~~~~~~~~~~~~~~~~~
../libffi-sys-rs/libffi/src/java_raw_api.c: In function 'ffi_prep_java_raw_closure':
../libffi-sys-rs/libffi/src/java_raw_api.c:369:3: warning: 'ffi_prep_java_raw_closure_loc' is deprecated [-Wdeprecated-declarations]
  369 |   return ffi_prep_java_raw_closure_loc (cl, cif, fun, user_data, cl);
      |   ^~~~~~
../libffi-sys-rs/libffi/src/java_raw_api.c:337:1: note: declared here
  337 | ffi_prep_java_raw_closure_loc (ffi_java_raw_closure* cl,
      | ^~~~~~~~~~~~~~~~~~~~~~~~~~~~~
depbase=`echo src/closures.lo | sed 's|[^/]*$|.deps/&|;s|\.lo$||'`;\
/bin/bash ./libtool  --tag=CC   --mode=compile musl-gcc -DHAVE_CONFIG_H -I. -I../libffi-sys-rs/libffi  -I. -I../libffi-sys-rs/libffi/include -Iinclude -I../libffi-sys-rs/libffi/src   -Wall -O0 -g -fPIC -fexceptions -MT src/closures.lo -MD -MP -MF $depbase.Tpo -c -o src/closures.lo ../libffi-sys-rs/libffi/src/closures.c &&\
mv -f $depbase.Tpo $depbase.Plo
depbase=`echo src/tramp.lo | sed 's|[^/]*$|.deps/&|;s|\.lo$||'`;\
/bin/bash ./libtool  --tag=CC   --mode=compile musl-gcc -DHAVE_CONFIG_H -I. -I../libffi-sys-rs/libffi  -I. -I../libffi-sys-rs/libffi/include -Iinclude -I../libffi-sys-rs/libffi/src   -Wall -O0 -g -fPIC -fexceptions -MT src/tramp.lo -MD -MP -MF $depbase.Tpo -c -o src/tramp.lo ../libffi-sys-rs/libffi/src/tramp.c &&\
mv -f $depbase.Tpo $depbase.Plo
libtool: compile:  musl-gcc -DHAVE_CONFIG_H -I. -I../libffi-sys-rs/libffi -I. -I../libffi-sys-rs/libffi/include -Iinclude -I../libffi-sys-rs/libffi/src -Wall -O0 -g -fPIC -fexceptions -MT src/closures.lo -MD -MP -MF src/.deps/closures.Tpo -c ../libffi-sys-rs/libffi/src/closures.c  -fPIC -DPIC -o src/closures.o
libtool: compile:  musl-gcc -DHAVE_CONFIG_H -I. -I../libffi-sys-rs/libffi -I. -I../libffi-sys-rs/libffi/include -Iinclude -I../libffi-sys-rs/libffi/src -Wall -O0 -g -fPIC -fexceptions -MT src/tramp.lo -MD -MP -MF src/.deps/tramp.Tpo -c ../libffi-sys-rs/libffi/src/tramp.c  -fPIC -DPIC -o src/tramp.o
depbase=`echo src/aarch64/ffi.lo | sed 's|[^/]*$|.deps/&|;s|\.lo$||'`;\
/bin/bash ./libtool  --tag=CC   --mode=compile musl-gcc -DHAVE_CONFIG_H -I. -I../libffi-sys-rs/libffi  -I. -I../libffi-sys-rs/libffi/include -Iinclude -I../libffi-sys-rs/libffi/src   -Wall -O0 -g -fPIC -fexceptions -MT src/aarch64/ffi.lo -MD -MP -MF $depbase.Tpo -c -o src/aarch64/ffi.lo ../libffi-sys-rs/libffi/src/aarch64/ffi.c &&\
mv -f $depbase.Tpo $depbase.Plo
libtool: compile:  musl-gcc -DHAVE_CONFIG_H -I. -I../libffi-sys-rs/libffi -I. -I../libffi-sys-rs/libffi/include -Iinclude -I../libffi-sys-rs/libffi/src -Wall -O0 -g -fPIC -fexceptions -MT src/aarch64/ffi.lo -MD -MP -MF src/aarch64/.deps/ffi.Tpo -c ../libffi-sys-rs/libffi/src/aarch64/ffi.c  -fPIC -DPIC -o src/aarch64/ffi.o
depbase=`echo src/aarch64/sysv.lo | sed 's|[^/]*$|.deps/&|;s|\.lo$||'`;\
/bin/bash ./libtool  --tag=CC   --mode=compile musl-gcc -DHAVE_CONFIG_H -I. -I../libffi-sys-rs/libffi  -I. -I../libffi-sys-rs/libffi/include -Iinclude -I../libffi-sys-rs/libffi/src  '-I. -I../libffi-sys-rs/libffi/include -Iinclude -I../libffi-sys-rs/libffi/src' -O0 -g -fPIC -MT src/aarch64/sysv.lo -MD -MP -MF $depbase.Tpo -c -o src/aarch64/sysv.lo ../libffi-sys-rs/libffi/src/aarch64/sysv.S &&\
mv -f $depbase.Tpo $depbase.Plo
libtool: compile:  musl-gcc -DHAVE_CONFIG_H -I. -I../libffi-sys-rs/libffi -I. -I../libffi-sys-rs/libffi/include -Iinclude -I../libffi-sys-rs/libffi/src "-I. -I../libffi-sys-rs/libffi/include -Iinclude -I../libffi-sys-rs/libffi/src" -O0 -g -fPIC -MT src/aarch64/sysv.lo -MD -MP -MF src/aarch64/.deps/sysv.Tpo -c ../libffi-sys-rs/libffi/src/aarch64/sysv.S  -fPIC -DPIC -o src/aarch64/sysv.o
/bin/bash ./libtool  --tag=CC   --mode=link musl-gcc  -Wall -O0 -g -fPIC -fexceptions   -o libffi_convenience.la  src/prep_cif.lo src/types.lo src/raw_api.lo src/java_raw_api.lo src/closures.lo src/tramp.lo   src/aarch64/ffi.lo src/aarch64/sysv.lo 
/bin/bash ./libtool  --tag=CC   --mode=link musl-gcc  -Wall -O0 -g -fPIC -fexceptions -no-undefined -version-info `grep -v '^#' ../libffi-sys-rs/libffi/libtool-version`     -o libffi.la -rpath /home/ubuntu/libffi-rs/work/install/lib/../lib src/prep_cif.lo src/types.lo src/raw_api.lo src/java_raw_api.lo src/closures.lo src/tramp.lo  src/aarch64/ffi.lo src/aarch64/sysv.lo 
libtool: link: ar cr .libs/libffi.a  src/prep_cif.o src/types.o src/raw_api.o src/java_raw_api.o src/closures.o src/tramp.o src/aarch64/ffi.o src/aarch64/sysv.o
libtool: link: ar cr .libs/libffi_convenience.a  src/prep_cif.o src/types.o src/raw_api.o src/java_raw_api.o src/closures.o src/tramp.o src/aarch64/ffi.o src/aarch64/sysv.o
libtool: link: ranlib .libs/libffi_convenience.a
libtool: link: ( cd ".libs" && rm -f "libffi_convenience.la" && ln -s "../libffi_convenience.la" "libffi_convenience.la" )
libtool: link: ranlib .libs/libffi.a
libtool: link: ( cd ".libs" && rm -f "libffi.la" && ln -s "../libffi.la" "libffi.la" )
make[2]: Leaving directory '/home/ubuntu/libffi-rs/work'
make[1]: Leaving directory '/home/ubuntu/libffi-rs/work'
Making install in include
make[1]: Entering directory '/home/ubuntu/libffi-rs/work/include'
make[2]: Entering directory '/home/ubuntu/libffi-rs/work/include'
make[2]: Nothing to be done for 'install-exec-am'.
 /usr/bin/mkdir -p '/home/ubuntu/libffi-rs/work/install/include'
 /usr/bin/install -c -m 644 ffi.h ffitarget.h '/home/ubuntu/libffi-rs/work/install/include'
make[2]: Leaving directory '/home/ubuntu/libffi-rs/work/include'
make[1]: Leaving directory '/home/ubuntu/libffi-rs/work/include'
Making install in testsuite
make[1]: Entering directory '/home/ubuntu/libffi-rs/work/testsuite'
make[2]: Entering directory '/home/ubuntu/libffi-rs/work/testsuite'
make[2]: Nothing to be done for 'install-exec-am'.
make[2]: Nothing to be done for 'install-data-am'.
make[2]: Leaving directory '/home/ubuntu/libffi-rs/work/testsuite'
make[1]: Leaving directory '/home/ubuntu/libffi-rs/work/testsuite'
Making install in man
make[1]: Entering directory '/home/ubuntu/libffi-rs/work/man'
make[2]: Entering directory '/home/ubuntu/libffi-rs/work/man'
make[2]: Nothing to be done for 'install-exec-am'.
 /usr/bin/mkdir -p '/home/ubuntu/libffi-rs/work/install/share/man/man3'
 /usr/bin/install -c -m 644 ../../libffi-sys-rs/libffi/man/ffi.3 ../../libffi-sys-rs/libffi/man/ffi_call.3 ../../libffi-sys-rs/libffi/man/ffi_prep_cif.3 ../../libffi-sys-rs/libffi/man/ffi_prep_cif_var.3 '/home/ubuntu/libffi-rs/work/install/share/man/man3'
make[2]: Leaving directory '/home/ubuntu/libffi-rs/work/man'
make[1]: Leaving directory '/home/ubuntu/libffi-rs/work/man'
make[1]: Entering directory '/home/ubuntu/libffi-rs/work'
make[2]: Entering directory '/home/ubuntu/libffi-rs/work'
 /usr/bin/mkdir -p '/home/ubuntu/libffi-rs/work/install/lib/../lib'
 /bin/bash ./libtool   --mode=install /usr/bin/install -c   libffi.la '/home/ubuntu/libffi-rs/work/install/lib/../lib'
libtool: install: /usr/bin/install -c .libs/libffi.lai /home/ubuntu/libffi-rs/work/install/lib/../lib/libffi.la
libtool: install: /usr/bin/install -c .libs/libffi.a /home/ubuntu/libffi-rs/work/install/lib/../lib/libffi.a
libtool: install: chmod 644 /home/ubuntu/libffi-rs/work/install/lib/../lib/libffi.a
libtool: install: ranlib /home/ubuntu/libffi-rs/work/install/lib/../lib/libffi.a
libtool: finish: PATH="/usr/local/sbin:/usr/local/bin:/usr/sbin:/usr/bin:/sbin:/bin:/usr/games:/usr/local/games:/snap/bin:/sbin" ldconfig -n /home/ubuntu/libffi-rs/work/install/lib/../lib
----------------------------------------------------------------------
Libraries have been installed in:
   /home/ubuntu/libffi-rs/work/install/lib/../lib

If you ever happen to want to link against installed libraries
in a given directory, LIBDIR, you must either use libtool, and
specify the full pathname of the library, or use the '-LLIBDIR'
flag during linking and do at least one of the following:
   - add LIBDIR to the 'LD_LIBRARY_PATH' environment variable
     during execution
   - add LIBDIR to the 'LD_RUN_PATH' environment variable
     during linking
   - use the '-Wl,-rpath -Wl,LIBDIR' linker flag
   - have your system administrator add LIBDIR to '/etc/ld.so.conf'

See any operating system documentation about shared libraries for
more information, such as the ld(1) and ld.so(8) manual pages.
----------------------------------------------------------------------
 /usr/bin/mkdir -p '/home/ubuntu/libffi-rs/work/install/lib/pkgconfig'
 /usr/bin/install -c -m 644 libffi.pc '/home/ubuntu/libffi-rs/work/install/lib/pkgconfig'
make[2]: Leaving directory '/home/ubuntu/libffi-rs/work'
make[1]: Leaving directory '/home/ubuntu/libffi-rs/work'
