   Compiling shlex v2.0.1
   Compiling find-msvc-tools v0.1.10
   Compiling cc v1.4.2
   Compiling c2rust_out v0.0.0 (/home/ubuntu/work/port)
error[E0308]: mismatched types
   --> src/closures.rs:302:47
    |
302 | pub const SIZE_T_SIZE: ::core::ffi::c_ulong = ::core::mem::size_of::<size_t>();
    |                        --------------------   ^^^^^^^^^^^^^^^^^^^^^^^^^^^^^^^^ expected `u64`, found `usize`
    |                        |
    |                        expected because of the type of the constant

error[E0308]: mismatched types
   --> src/closures.rs:337:47
    |
337 | pub const MCHUNK_SIZE: ::core::ffi::c_ulong = ::core::mem::size_of::<mchunk>();
    |                        --------------------   ^^^^^^^^^^^^^^^^^^^^^^^^^^^^^^^^ expected `u64`, found `usize`
    |                        |
    |                        expected because of the type of the constant

error[E0308]: mismatched types
   --> src/closures.rs:338:50
    |
338 | pub const CHUNK_OVERHEAD: ::core::ffi::c_ulong = ::core::mem::size_of::<size_t>();
    |                           --------------------   ^^^^^^^^^^^^^^^^^^^^^^^^^^^^^^^^ expected `u64`, found `usize`
    |                           |
    |                           expected because of the type of the constant

error[E0308]: mismatched types
   --> src/riscv/ffi.rs:885:18
    |
861 |     let mut rvalue: *mut ::core::ffi::c_void = ::core::ptr::null_mut::<::core::ffi::c_void>();
    |                     ------------------------ expected due to this type
...
885 |         rvalue = alloca_allocations.last_mut().unwrap().as_mut_ptr();
    |                  ^^^^^^^^^^^^^^^^^^^^^^^^^^^^^^^^^^^^^^^^^^^^^^^^^^^ expected `*mut c_void`, found `*mut u8`
    |
    = note: expected raw pointer `*mut c_void`
               found raw pointer `*mut u8`

warning: unused variable: `flags`
   --> src/closures.rs:555:5
    |
555 |     mut flags: ::core::ffi::c_int,
    |     ^^^^^^^^^ help: if this is intentional, prefix it with an underscore: `_flags`
    |
    = note: `#[warn(unused_variables)]` (part of `#[warn(unused)]`) on by default

warning: variable `nfences` is assigned to, but never used
    --> src/closures.rs:1070:9
     |
1070 |     let mut nfences: ::core::ffi::c_int = 0 as ::core::ffi::c_int;
     |         ^^^^^^^^^^^
     |
     = note: consider using `_nfences` instead

warning: unused variable: `flags`
    --> src/closures.rs:5188:5
     |
5188 |     mut flags: ::core::ffi::c_int,
     |     ^^^^^^^^^ help: if this is intentional, prefix it with an underscore: `_flags`

warning: unnecessary `unsafe` block
    --> src/closures.rs:5313:61
     |
5313 | static mut open_temp_exec_file_opts: [C2RustUnnamed_1; 9] = unsafe {
     |                                                             ^^^^^^ unnecessary `unsafe` block
     |
     = note: `#[warn(unused_unsafe)]` (part of `#[warn(unused)]`) on by default

warning: unused variable: `cif`
   --> src/java_raw_api.rs:285:5
    |
285 |     mut cif: *mut ffi_cif,
    |     ^^^^^^^ help: if this is intentional, prefix it with an underscore: `_cif`

warning: unused variable: `rvalue`
   --> src/java_raw_api.rs:286:5
    |
286 |     mut rvalue: *mut ::core::ffi::c_void,
    |     ^^^^^^^^^^ help: if this is intentional, prefix it with an underscore: `_rvalue`

warning: unused variable: `cif`
   --> src/java_raw_api.rs:290:5
    |
290 |     mut cif: *mut ffi_cif,
    |     ^^^^^^^ help: if this is intentional, prefix it with an underscore: `_cif`

warning: unused variable: `rvalue`
   --> src/java_raw_api.rs:291:5
    |
291 |     mut rvalue: *mut ::core::ffi::c_void,
    |     ^^^^^^^^^^ help: if this is intentional, prefix it with an underscore: `_rvalue`

warning: unused variable: `ntotalargs`
   --> src/riscv/ffi.rs:607:5
    |
607 |     mut ntotalargs: ::core::ffi::c_uint,
    |     ^^^^^^^^^^^^^^ help: if this is intentional, prefix it with an underscore: `_ntotalargs`

For more information about this error, try `rustc --explain E0308`.
warning: `c2rust_out` (lib) generated 9 warnings
error: could not compile `c2rust_out` (lib) due to 4 previous errors; 9 warnings emitted
STATUS=101
