    Updating crates.io index
     Locking 10 packages to latest compatible versions
 Downloading crates ...
  Downloaded autocfg v1.5.1
  Downloaded find-msvc-tools v0.1.10
  Downloaded shlex v2.0.1
  Downloaded num-traits v0.2.19
  Downloaded f128 v0.2.9
  Downloaded c2rust-asm-casts v0.22.1
  Downloaded cc v1.4.2
  Downloaded f128_input v0.2.1
  Downloaded f128_internal v0.2.2
  Downloaded libc v0.2.189
   Compiling autocfg v1.5.1
   Compiling find-msvc-tools v0.1.10
   Compiling shlex v2.0.1
   Compiling libc v0.2.189
   Compiling num-traits v0.2.19
   Compiling cc v1.4.2
   Compiling f128_internal v0.2.2
warning: f128_internal@0.2.2: Compiler family detection failed due to error: ToolNotFound: failed to find tool "riscv64-linux-musl-gcc": No such file or directory (os error 2)
warning: f128_internal@0.2.2: Compiler family detection failed due to error: ToolNotFound: failed to find tool "riscv64-linux-musl-gcc": No such file or directory (os error 2)
error: failed to run custom build command for `f128_internal v0.2.2`

Caused by:
  process didn't exit successfully: `/home/ubuntu/work/port/target/debug/build/f128_internal-d62563cd37c8236e/build-script-build` (exit status: 1)
  --- stdout
  cargo:rerun-if-env-changed=CC_FORCE_DISABLE
  CC_FORCE_DISABLE = None
  cargo:rerun-if-env-changed=CC_riscv64gc-unknown-linux-musl
  CC_riscv64gc-unknown-linux-musl = None
  cargo:rerun-if-env-changed=CC_riscv64gc_unknown_linux_musl
  CC_riscv64gc_unknown_linux_musl = None
  cargo:rerun-if-env-changed=TARGET_CC
  TARGET_CC = None
  cargo:rerun-if-env-changed=CC
  CC = None
  cargo:rerun-if-env-changed=CROSS_COMPILE
  CROSS_COMPILE = None
  cargo:rerun-if-env-changed=CC_ENABLE_DEBUG_OUTPUT
  cargo:warning=Compiler family detection failed due to error: ToolNotFound: failed to find tool "riscv64-linux-musl-gcc": No such file or directory (os error 2)
  cargo:rerun-if-env-changed=CRATE_CC_NO_DEFAULTS
  CRATE_CC_NO_DEFAULTS = None
  cargo:rerun-if-env-changed=CC_ENABLE_DEBUG_OUTPUT
  cargo:warning=Compiler family detection failed due to error: ToolNotFound: failed to find tool "riscv64-linux-musl-gcc": No such file or directory (os error 2)
  cargo:rerun-if-env-changed=CRATE_CC_NO_DEFAULTS
  CRATE_CC_NO_DEFAULTS = None
  cargo:rerun-if-env-changed=CFLAGS
  CFLAGS = None
  cargo:rerun-if-env-changed=TARGET_CFLAGS
  TARGET_CFLAGS = None
  cargo:rerun-if-env-changed=CFLAGS_riscv64gc_unknown_linux_musl
  CFLAGS_riscv64gc_unknown_linux_musl = None
  cargo:rerun-if-env-changed=CFLAGS_riscv64gc-unknown-linux-musl
  CFLAGS_riscv64gc-unknown-linux-musl = None
  cargo:rerun-if-env-changed=CFLAGS
  CFLAGS = None
  cargo:rerun-if-env-changed=TARGET_CFLAGS
  TARGET_CFLAGS = None
  cargo:rerun-if-env-changed=CFLAGS_riscv64gc_unknown_linux_musl
  CFLAGS_riscv64gc_unknown_linux_musl = None
  cargo:rerun-if-env-changed=CFLAGS_riscv64gc-unknown-linux-musl
  CFLAGS_riscv64gc-unknown-linux-musl = None

  --- stderr


  error occurred in cc-rs: failed to find tool "riscv64-linux-musl-gcc": No such file or directory (os error 2)


warning: build failed, waiting for other jobs to finish...
STATUS=0
