test_binary=target/riscv64gc-unknown-linux-musl/debug/deps/e2e-438447e5812ffe9e
target/riscv64gc-unknown-linux-musl/debug/deps/e2e-438447e5812ffe9e: ELF 64-bit LSB executable, UCB RISC-V, RVC, double-float ABI, version 1 (GNU/Linux), statically linked, with debug_info, not stripped
--- ELF header ---
ELF Header:
  Magic:   7f 45 4c 46 02 01 01 03 00 00 00 00 00 00 00 00 
  Class:                             ELF64
  Data:                              2's complement, little endian
  Version:                           1 (current)
  OS/ABI:                            UNIX - GNU
  ABI Version:                       0
  Type:                              EXEC (Executable file)
  Machine:                           RISC-V
  Version:                           0x1
  Entry point address:               0x46000
  Start of program headers:          64 (bytes into file)
  Start of section headers:          11849848 (bytes into file)
  Flags:                             0x5, RVC, double-float ABI
  Size of this header:               64 (bytes)
  Size of program headers:           56 (bytes)
  Number of program headers:         10
  Size of section headers:           64 (bytes)
  Number of section headers:         32
  Section header string table index: 30
--- dynamic section (must be absent) ---

There is no dynamic section in this file.
--- resolved libffi definitions in test executable ---
000000000007ce1a T ffi_prep_cif
00000000000811b6 T ffi_call
000000000008199e T ffi_prep_closure_loc
000000000009a1e8 T ffi_closure_alloc
0000000000111810 D ffi_type_sint32
--- unresolved ffi symbols (must be empty) ---
--- NEEDED entries (must be empty) ---
