19795 mmap(NULL,368,PROT_READ|PROT_WRITE,MAP_PRIVATE|MAP_ANONYMOUS,-1,0) = 0x00002aaaab2ad000
19795 set_tid_address(0x10fab0) = 19795
19795 ppoll(0x2aaaab2ab9b8,3,0x2aaaab2ab990,(nil)) = 1
19795 rt_sigaction(SIGPIPE,0x00002aaaab2ab800,0x00002aaaab2ab820) = 0
19795 rt_sigaction(SIGSEGV,NULL,0x00002aaaab2ab970) = 0
19795 sigaltstack((nil),0x2aaaab2ab920) = 0
19795 mmap(NULL,12288,PROT_READ|PROT_WRITE,MAP_PRIVATE|MAP_ANONYMOUS|MAP_STACK,-1,0) = 0x00002aaaab2ae000
19795 mprotect(0x00002aaaab2ae000,4096,PROT_NONE) = 0
19795 sigaltstack(0x2aaaab2ab920,(nil)) = 0
19795 rt_sigprocmask(SIG_UNBLOCK,0x00002aaaab2ab970,NULL,8) = 0
19795 rt_sigaction(SIGSEGV,0x00002aaaab2ab950,NULL) = 0
19795 rt_sigaction(SIGBUS,NULL,0x00002aaaab2ab970) = 0
19795 rt_sigaction(SIGBUS,0x00002aaaab2ab950,NULL) = 0
19795 brk(NULL) = 0x0000000000110000
19795 brk(0x0000000000112000) = 0x0000000000112000
19795 mmap(0x0000000000110000,4096,PROT_NONE,MAP_PRIVATE|MAP_ANONYMOUS|MAP_FIXED,-1,0) = 0x0000000000110000
19795 mmap(NULL,4096,PROT_READ|PROT_WRITE,MAP_PRIVATE|MAP_ANONYMOUS,-1,0) = 0x00002aaaab2b1000
19795 mmap(NULL,4096,PROT_READ|PROT_WRITE,MAP_PRIVATE|MAP_ANONYMOUS,-1,0) = 0x00002aaaab2b2000
19795 mmap(NULL,4096,PROT_READ|PROT_WRITE,MAP_PRIVATE|MAP_ANONYMOUS,-1,0) = 0x00002aaaab2b3000
19795 mmap(NULL,4096,PROT_READ|PROT_WRITE,MAP_PRIVATE|MAP_ANONYMOUS,-1,0) = 0x00002aaaab2b4000
19795 munmap(0x00002aaaab2b2000,4096) = 0
19795 munmap(0x00002aaaab2b3000,4096) = 0
19795 mmap(NULL,4096,PROT_READ|PROT_WRITE,MAP_PRIVATE|MAP_ANONYMOUS,-1,0) = 0x00002aaaab2b5000
19795 openat(AT_FDCWD,"/proc/self/cgroup",O_RDONLY|O_LARGEFILE|O_CLOEXEC) = 3
19795 fcntl(3,F_SETFD,1) = 0
19795 fstat(3,0x00002aaaab2aa900) = 0
19795 lseek(3,0,SEEK_CUR) = 0
19795 read(3,0xab2b4830,128) = 48
19795 read(3,0xab2b4860,80) = 0
19795 close(3) = 0
19795 newfstatat(AT_FDCWD,"/sys/fs/cgroup/user.slice/user-1000.slice/session-47.scope/cgroup.controllers",0x00002aaaab2aa6f0,0) = 0
19795 openat(AT_FDCWD,"/sys/fs/cgroup/user.slice/user-1000.slice/session-47.scope/cpu.max",O_RDONLY|O_LARGEFILE|O_CLOEXEC) = 3
19795 fcntl(3,F_SETFD,1) = 0
19795 fstat(3,0x00002aaaab2aa890) = 0
19795 lseek(3,0,SEEK_CUR) = 0
19795 read(3,0xab2aa930,32) = 11
19795 read(3,0xab2b4a6b,9) = 0
19795 close(3) = 0
19795 openat(AT_FDCWD,"/sys/fs/cgroup/user.slice/user-1000.slice/cpu.max",O_RDONLY|O_LARGEFILE|O_CLOEXEC) = 3
19795 fcntl(3,F_SETFD,1) = 0
19795 fstat(3,0x00002aaaab2aa890) = 0
19795 lseek(3,0,SEEK_CUR) = 0
19795 read(3,0xab2aa930,32) = 11
19795 read(3,0xab2b4a6b,9) = 0
19795 close(3) = 0
19795 openat(AT_FDCWD,"/sys/fs/cgroup/user.slice/cpu.max",O_RDONLY|O_LARGEFILE|O_CLOEXEC) = 3
19795 fcntl(3,F_SETFD,1) = 0
19795 fstat(3,0x00002aaaab2aa890) = 0
19795 lseek(3,0,SEEK_CUR) = 0
19795 read(3,0xab2aa930,32) = 11
19795 read(3,0xab2b4a6b,9) = 0
19795 close(3) = 0
19795 openat(AT_FDCWD,"/sys/fs/cgroup/cpu.max",O_RDONLY|O_LARGEFILE|O_CLOEXEC) = -1 errno=2 (No such file or directory)
19795 sched_getaffinity(0,128,0x2aaaab2aab78) = 8
19795 clock_gettime(CLOCK_MONOTONIC,0x00002aaaab2aaed0) = 0 ({tv_sec = 1057,tv_nsec = 863122120})
19795 write(1,0xab2b4a80,16)
running 1 test
 = 16
19795 openat(AT_FDCWD,"/proc/self/cgroup",O_RDONLY|O_LARGEFILE|O_CLOEXEC) = 3
19795 fcntl(3,F_SETFD,1) = 0
19795 fstat(3,0x00002aaaab2aaa00) = 0
19795 lseek(3,0,SEEK_CUR) = 0
19795 read(3,0xab2b4970,128) = 48
19795 read(3,0xab2b49a0,80) = 0
19795 close(3) = 0
19795 newfstatat(AT_FDCWD,"/sys/fs/cgroup/user.slice/user-1000.slice/session-47.scope/cgroup.controllers",0x00002aaaab2aa7f0,0) = 0
19795 openat(AT_FDCWD,"/sys/fs/cgroup/user.slice/user-1000.slice/session-47.scope/cpu.max",O_RDONLY|O_LARGEFILE|O_CLOEXEC) = 3
19795 fcntl(3,F_SETFD,1) = 0
19795 fstat(3,0x00002aaaab2aa990) = 0
19795 lseek(3,0,SEEK_CUR) = 0
19795 read(3,0xab2aaa30,32) = 11
19795 read(3,0xab2b4aab,9) = 0
19795 close(3) = 0
19795 openat(AT_FDCWD,"/sys/fs/cgroup/user.slice/user-1000.slice/cpu.max",O_RDONLY|O_LARGEFILE|O_CLOEXEC) = 3
19795 fcntl(3,F_SETFD,1) = 0
19795 fstat(3,0x00002aaaab2aa990) = 0
19795 lseek(3,0,SEEK_CUR) = 0
19795 read(3,0xab2aaa30,32) = 11
19795 read(3,0xab2b4aab,9) = 0
19795 close(3) = 0
19795 openat(AT_FDCWD,"/sys/fs/cgroup/user.slice/cpu.max",O_RDONLY|O_LARGEFILE|O_CLOEXEC) = 3
19795 fcntl(3,F_SETFD,1) = 0
19795 fstat(3,0x00002aaaab2aa990) = 0
19795 lseek(3,0,SEEK_CUR) = 0
19795 read(3,0xab2aaa30,32) = 11
19795 read(3,0xab2b4aab,9) = 0
19795 close(3) = 0
19795 openat(AT_FDCWD,"/sys/fs/cgroup/cpu.max",O_RDONLY|O_LARGEFILE|O_CLOEXEC) = -1 errno=2 (No such file or directory)
19795 sched_getaffinity(0,128,0x2aaaab2aac78) = 8
19795 clock_gettime(CLOCK_MONOTONIC,0x00002aaaab2aaed0) = 0 ({tv_sec = 1057,tv_nsec = 867574980})
19795 rt_sigprocmask(SIG_BLOCK,0x00000000000d8670,0x00002aaaab2aa520,8) = 0
19795 rt_sigprocmask(SIG_SETMASK,0x00002aaaab2aa520,NULL,8) = 0
19795 rt_sigprocmask(SIG_UNBLOCK,0x00002aaaab2aa550,NULL,8) = 0
19795 mmap(NULL,2109440,PROT_NONE,MAP_PRIVATE|MAP_ANONYMOUS,-1,0) = 0x00002aaaab2b6000
19795 mprotect(0x00002aaaab2b8000,2101248,PROT_READ|PROT_WRITE) = 0
19795 rt_sigprocmask(SIG_BLOCK,0x00000000000d8670,0x00002aaaab2aa550,8) = 0
19795 clone(CLONE_VM|CLONE_FS|CLONE_FILES|CLONE_SIGHAND|CLONE_THREAD|CLONE_SYSVSEM|CLONE_SETTLS|CLONE_PARENT_SETTID|CLONE_CHILD_CLEARTID|CLONE_DETACHED,child_stack=0x00002aaaab4b8a60,parent_tidptr=0x00002aaaab4b8ab0,tls=0x00002aaaab4b8b58,child_tidptr=0x000000000010fab0) = 19797
19795 rt_sigprocmask(SIG_SETMASK,0x00002aaaab2aa550,NULL,8) = 0
19795 rt_sigprocmask(SIG_SETMASK,0x00002aaaab4b8a88,NULL,8) = 0
19795 prctl(15,46912506661352,0,0,0,15) = 0
19795 gettid() = 19797
19795 futex(0x000000000010f150,FUTEX_PRIVATE_FLAG|FUTEX_WAKE,1,0xffffffff80000002,0x000000000010f150,1110352) = 0
19795 futex(0x000000000010f150,FUTEX_PRIVATE_FLAG|FUTEX_WAIT,-2147483646,NULL,0x000000000010f150,1110352) = -1 errno=11 (Resource temporarily unavailable)
19795 sigaltstack((nil),0x2aaaab4b8950) = 0
19795 mmap(NULL,12288,PROT_READ|PROT_WRITE,MAP_PRIVATE|MAP_ANONYMOUS|MAP_STACK,-1,0)19795 clock_gettime(CLOCK_MONOTONIC,0x00002aaaab2aaed0) = 0 ({tv_sec = 1057,tv_nsec = 877652629})
 = 0x00002aaaab4b9000
19795 mprotect(0x00002aaaab4b9000,4096,PROT_NONE) = 0
19795 sigaltstack(0x2aaaab4b8950,(nil)) = 0
19795 clock_gettime(CLOCK_MONOTONIC,0x00002aaaab2aaed0) = 0 ({tv_sec = 1057,tv_nsec = 878283665})
19795 clock_gettime(CLOCK_MONOTONIC,0x00002aaaab2aacc0) = 0 ({tv_sec = 1057,tv_nsec = 878833263})
19795 clock_gettime(CLOCK_MONOTONIC,0x00002aaaab2aac50) = 0 ({tv_sec = 1057,tv_nsec = 880336727})
19795 clock_gettime(CLOCK_MONOTONIC,0x00002aaaab2aac00) = 0 ({tv_sec = 1057,tv_nsec = 880825602})
19795 futex(0x00002aaaab2b4128,FUTEX_PRIVATE_FLAG|FUTEX_WAIT_BITSET,-1,{tv_sec = 1117,tv_nsec = 868694891},NULL,0)--- SIGSEGV {si_signo=SIGSEGV, si_code=1, si_addr=0x0000000000000007} ---
19795 rt_sigaction(SIGSEGV,0x00002aaaab4bbb40,NULL) = 0
19795 rt_sigreturn((nil)) = -1 errno=513 (Successful exit from sigreturn)
--- SIGSEGV {si_signo=SIGSEGV, si_code=1, si_addr=0x0000000000000007} ---
