0000000000000000 D ffi_type_complex_double
0000000000000000 D ffi_type_complex_float
0000000000000000 D ffi_type_complex_longdouble
0000000000000000 D ffi_type_double
0000000000000000 D ffi_type_float
0000000000000000 D ffi_type_longdouble
0000000000000000 D ffi_type_pointer
0000000000000000 D ffi_type_sint16
0000000000000000 D ffi_type_sint32
0000000000000000 D ffi_type_sint64
0000000000000000 D ffi_type_sint8
0000000000000000 D ffi_type_uint16
0000000000000000 D ffi_type_uint32
0000000000000000 D ffi_type_uint64
0000000000000000 D ffi_type_uint8
0000000000000000 D ffi_type_void
0000000000000000 T ffi_call
0000000000000000 T ffi_call_go
0000000000000000 T ffi_prep_cif_machdep
0000000000000000 T ffi_prep_cif_machdep_var
0000000000000000 T ffi_closure_helper_LINUX64
0000000000000000 T ffi_prep_cif_linux64
0000000000000000 T ffi_prep_cif_linux64_var
0000000000000000 T ffi_prep_cif
0000000000000000 T ffi_prep_cif_core
0000000000000000 T ffi_prep_cif_var
0000000000000000 T ffi_closure_alloc
0000000000000000 T ffi_closure_free
0000000000000000 T ffi_call_LINUX64
0000000000000000 T ffi_closure_LINUX64
