Transpiling prep_cif.c
error: 'rustfmt' is not installed for the toolchain 'stable-x86_64-unknown-linux-gnu'.
help: run `rustup component add rustfmt` to install it
[33mwarning:[0m rustfmt failed, code may not be well-formatted
Transpiling types.c
[31merror:[0m Failed to translate ffi_type_complex_float: Unsupported type Complex(CTypeId(107))

[31merror:[0m Failed to translate ffi_type_complex_double: Unsupported type Complex(CTypeId(918))

[31merror:[0m Failed to translate ffi_type_complex_longdouble: Unsupported type Complex(CTypeId(55))

error: 'rustfmt' is not installed for the toolchain 'stable-x86_64-unknown-linux-gnu'.
help: run `rustup component add rustfmt` to install it
[33mwarning:[0m rustfmt failed, code may not be well-formatted
Transpiling raw_api.c
error: 'rustfmt' is not installed for the toolchain 'stable-x86_64-unknown-linux-gnu'.
help: run `rustup component add rustfmt` to install it
[33mwarning:[0m rustfmt failed, code may not be well-formatted
Transpiling java_raw_api.c
error: 'rustfmt' is not installed for the toolchain 'stable-x86_64-unknown-linux-gnu'.
help: run `rustup component add rustfmt` to install it
[33mwarning:[0m rustfmt failed, code may not be well-formatted
Transpiling closures.c
error: 'rustfmt' is not installed for the toolchain 'stable-x86_64-unknown-linux-gnu'.
help: run `rustup component add rustfmt` to install it
[33mwarning:[0m rustfmt failed, code may not be well-formatted
Transpiling tramp.c
error: 'rustfmt' is not installed for the toolchain 'stable-x86_64-unknown-linux-gnu'.
help: run `rustup component add rustfmt` to install it
[33mwarning:[0m rustfmt failed, code may not be well-formatted
Transpiling ffi.c
[33mwarning:[0m Missing type 108246198243440 for node: AstNode { tag: TagDeclRefExpr, children: [Some(108246198243552)], loc: SrcSpan { fileid: 7, begin_line: 819, begin_column: 3, end_line: 819, end_column: 16 }, type_id: Some(108246198243440), rvalue: RValue, macro_expansions: [], macro_expansion_text: None, extras: [] }
Exported Clang AST was invalid. Check warnings above for unimplemented features.
--> /home/ubuntu/libffi-rs/libffi-sys-rs/libffi/src/x86/ffi.c:819:3
 [-Wclang-ast]
[33mwarning:[0m Missing type 108246198243440 for node: AstNode { tag: TagDeclRefExpr, children: [Some(108246198243552)], loc: SrcSpan { fileid: 7, begin_line: 409, begin_column: 3, end_line: 409, end_column: 16 }, type_id: Some(108246198243440), rvalue: RValue, macro_expansions: [], macro_expansion_text: None, extras: [] }
Exported Clang AST was invalid. Check warnings above for unimplemented features.
--> /home/ubuntu/libffi-rs/libffi-sys-rs/libffi/src/x86/ffi.c:409:3
 [-Wclang-ast]
[33mwarning:[0m Missing type 108246194411920 for node: AstNode { tag: TagFunctionDecl, children: [Some(108246194411464), Some(108246194411592), Some(108246163040624)], loc: SrcSpan { fileid: 7, begin_line: 450, begin_column: 1, end_line: 562, end_column: 2 }, type_id: Some(108246194411920), rvalue: LValue, macro_expansions: [], macro_expansion_text: None, extras: [Text("ffi_closure_inner"), Bool(true), Bool(false), Bool(false), Bool(false), Bool(false), Bool(false), Array([Text("visibility"), Text("hidden")])] }
Exported Clang AST was invalid. Check warnings above for unimplemented features.
--> /home/ubuntu/libffi-rs/libffi-sys-rs/libffi/src/x86/ffi.c:450:1
 [-Wclang-ast]
[33mwarning:[0m Missing type 108246198243440 for node: AstNode { tag: TagFunctionDecl, children: [Some(108246198242952), Some(108246198243080), None], loc: SrcSpan { fileid: 7, begin_line: 264, begin_column: 1, end_line: 264, end_column: 87 }, type_id: Some(108246198243440), rvalue: LValue, macro_expansions: [], macro_expansion_text: None, extras: [Text("ffi_call_i386"), Bool(true), Bool(false), Bool(false), Bool(false), Bool(true), Bool(false), Array([Text("visibility"), Text("hidden")])] }
Exported Clang AST was invalid. Check warnings above for unimplemented features.
--> /home/ubuntu/libffi-rs/libffi-sys-rs/libffi/src/x86/ffi.c:264:1
 [-Wclang-ast]

thread 'main' (13230) panicked at /home/ubuntu/.cargo/registry/src/index.crates.io-1949cf8c6b5b557f/c2rust-transpile-0.22.1/src/c_ast/mod.rs:682:29:
Could not find CTypeId(194) in TypedAstContext
note: run with `RUST_BACKTRACE=1` environment variable to display a backtrace
