    Updating crates.io index
     Locking 3 packages to latest compatible versions
 Downloading crates ...
  Downloaded shlex v2.0.1
  Downloaded find-msvc-tools v0.1.10
  Downloaded cc v1.4.2
   Compiling shlex v2.0.1
   Compiling find-msvc-tools v0.1.10
   Compiling cc v1.4.2
   Compiling libffi-c2rust-i686-gnu v0.0.0 (/home/ubuntu/libffi-rs/port-i686)
error[E0658]: extern types are experimental
  --> src/closures.rs:23:5
   |
23 |     pub type _IO_wide_data;
   |     ^^^^^^^^^^^^^^^^^^^^^^^
   |
   = note: see issue #43467 <https://github.com/rust-lang/rust/issues/43467> for more information

error[E0658]: extern types are experimental
  --> src/closures.rs:24:5
   |
24 |     pub type _IO_codecvt;
   |     ^^^^^^^^^^^^^^^^^^^^^
   |
   = note: see issue #43467 <https://github.com/rust-lang/rust/issues/43467> for more information

error[E0658]: extern types are experimental
  --> src/closures.rs:25:5
   |
25 |     pub type _IO_marker;
   |     ^^^^^^^^^^^^^^^^^^^^
   |
   = note: see issue #43467 <https://github.com/rust-lang/rust/issues/43467> for more information

error[E0658]: extern types are experimental
 --> src/tramp.rs:2:5
  |
2 |     pub type _IO_wide_data;
  |     ^^^^^^^^^^^^^^^^^^^^^^^
  |
  = note: see issue #43467 <https://github.com/rust-lang/rust/issues/43467> for more information

error[E0658]: extern types are experimental
 --> src/tramp.rs:3:5
  |
3 |     pub type _IO_codecvt;
  |     ^^^^^^^^^^^^^^^^^^^^^
  |
  = note: see issue #43467 <https://github.com/rust-lang/rust/issues/43467> for more information

error[E0658]: extern types are experimental
 --> src/tramp.rs:4:5
  |
4 |     pub type _IO_marker;
  |     ^^^^^^^^^^^^^^^^^^^^
  |
  = note: see issue #43467 <https://github.com/rust-lang/rust/issues/43467> for more information

error[E0308]: mismatched types
   --> src/closures.rs:729:46
    |
729 | pub const SIZE_T_SIZE: ::core::ffi::c_uint = ::core::mem::size_of::<size_t>();
    |                        -------------------   ^^^^^^^^^^^^^^^^^^^^^^^^^^^^^^^^ expected `u32`, found `usize`
    |                        |
    |                        expected because of the type of the constant

error[E0308]: mismatched types
   --> src/closures.rs:765:46
    |
765 | pub const MCHUNK_SIZE: ::core::ffi::c_uint = ::core::mem::size_of::<mchunk>();
    |                        -------------------   ^^^^^^^^^^^^^^^^^^^^^^^^^^^^^^^^ expected `u32`, found `usize`
    |                        |
    |                        expected because of the type of the constant

error[E0308]: mismatched types
   --> src/closures.rs:766:49
    |
766 | pub const CHUNK_OVERHEAD: ::core::ffi::c_uint = ::core::mem::size_of::<size_t>();
    |                           -------------------   ^^^^^^^^^^^^^^^^^^^^^^^^^^^^^^^^ expected `u32`, found `usize`
    |                           |
    |                           expected because of the type of the constant

warning: unused variable: `flags`
   --> src/closures.rs:993:5
    |
993 |     mut flags: ::core::ffi::c_int,
    |     ^^^^^^^^^ help: if this is intentional, prefix it with an underscore: `_flags`
    |
    = note: `#[warn(unused_variables)]` (part of `#[warn(unused)]`) on by default

warning: variable `nfences` is assigned to, but never used
    --> src/closures.rs:1519:9
     |
1519 |     let mut nfences: ::core::ffi::c_int = 0 as ::core::ffi::c_int;
     |         ^^^^^^^^^^^
     |
     = note: consider using `_nfences` instead

warning: unused variable: `flags`
    --> src/closures.rs:5326:5
     |
5326 |     mut flags: ::core::ffi::c_int,
     |     ^^^^^^^^^ help: if this is intentional, prefix it with an underscore: `_flags`

warning: unnecessary `unsafe` block
    --> src/closures.rs:5457:61
     |
5457 | static mut open_temp_exec_file_opts: [C2RustUnnamed_2; 9] = unsafe {
     |                                                             ^^^^^^ unnecessary `unsafe` block
     |
     = note: `#[warn(unused_unsafe)]` (part of `#[warn(unused)]`) on by default

warning: unused variable: `isvariadic`
   --> src/prep_cif.rs:139:5
    |
139 |     mut isvariadic: ::core::ffi::c_uint,
    |     ^^^^^^^^^^^^^^ help: if this is intentional, prefix it with an underscore: `_isvariadic`

warning: unused variable: `nfixedargs`
   --> src/prep_cif.rs:140:5
    |
140 |     mut nfixedargs: ::core::ffi::c_uint,
    |     ^^^^^^^^^^^^^^ help: if this is intentional, prefix it with an underscore: `_nfixedargs`

warning: unnecessary `unsafe` block
   --> src/types.rs:179:61
    |
179 | static mut ffi_elements_complex_float: [*mut ffi_type; 2] = unsafe {
    |                                                             ^^^^^^ unnecessary `unsafe` block

warning: unnecessary `unsafe` block
   --> src/types.rs:185:62
    |
185 | static mut ffi_elements_complex_double: [*mut ffi_type; 2] = unsafe {
    |                                                              ^^^^^^ unnecessary `unsafe` block

warning: unnecessary `unsafe` block
   --> src/types.rs:191:66
    |
191 | static mut ffi_elements_complex_longdouble: [*mut ffi_type; 2] = unsafe {
    |                                                                  ^^^^^^ unnecessary `unsafe` block

Some errors have detailed explanations: E0308, E0658.
For more information about an error, try `rustc --explain E0308`.
warning: `libffi-c2rust-i686-gnu` (lib) generated 9 warnings
error: could not compile `libffi-c2rust-i686-gnu` (lib) due to 9 previous errors; 9 warnings emitted
