./Cargo.lock
./Cargo.toml
./PORTING.md
./asm/include/ffi.h
./asm/include/ffi_cfi.h
./asm/include/fficonfig.h
./asm/include/ffitarget.h
./asm/x86/asmnames.h
./asm/x86/internal.h
./asm/x86/rust_call_shim.S
./asm/x86/sysv.S
./build.rs
./lib.rs
./logs/c2rust-ffi.log
./logs/c2rust.log
./logs/cargo-build-release.log
./logs/cargo-check-final.log
./logs/cargo-check-initial.log
./logs/cargo-check-second.log
./logs/cargo-fmt-check.log
./logs/cargo-test-initial.log
./logs/cargo-test-native-release-final.log
./logs/cargo-test-native-release-stack-shim.log
./logs/cargo-test-native-release.log
./logs/cargo-test-second.log
./logs/configure.log
./logs/file-manifest.log
./logs/many2-shim.log
./logs/nm-required-symbols.log
./logs/no-system-libffi.log
./logs/self-contained-scan.log
./logs/target-abi.log
./logs/toolchain.log
./logs/upstream-make.log
./porting/compile_commands.absolute.json
./porting/ffi-c2rust-input.c
./porting/ffi-fastcall-workaround.json
./porting/source.txt
./rust-toolchain.toml
./src/closures.rs
./src/java_raw_api.rs
./src/prep_cif.rs
./src/raw_api.rs
./src/tramp.rs
./src/types.rs
./src/x86/ffi.rs
./tests/e2e.rs
