target/i686-unknown-linux-gnu/release/liblibffi_c2rust_i686_gnu.a: current ar archive
00000000 D ffi_type_complex_double
00000000 D ffi_type_complex_float
00000000 D ffi_type_complex_longdouble
00000000 D ffi_type_double
00000000 D ffi_type_float
00000000 D ffi_type_longdouble
00000000 D ffi_type_pointer
00000000 D ffi_type_sint16
00000000 D ffi_type_sint32
00000000 D ffi_type_sint64
00000000 D ffi_type_sint8
00000000 D ffi_type_uint16
00000000 D ffi_type_uint32
00000000 D ffi_type_uint64
00000000 D ffi_type_uint8
00000000 D ffi_type_void
00000000 T ffi_call
00000000 T ffi_call_go
00000000 T ffi_call_i386
00000000 T ffi_call_i386_from_rust
00000000 T ffi_closure_alloc
00000000 T ffi_closure_free
00000000 T ffi_closure_inner
00000000 T ffi_prep_cif
00000000 T ffi_prep_cif_var
00000000 T ffi_prep_closure_loc
00000120 T ffi_closure_i386
00000220 T ffi_closure_REGISTER
00000240 T ffi_closure_STDCALL
