error: unsupported option '-mfloat-abi=' for target 'x86_64-pc-linux-gnu'
error: unknown target CPU 'armv5te'
note: valid target CPU values are: nocona, core2, penryn, bonnell, atom, silvermont, slm, goldmont, goldmont-plus, tremont, nehalem, corei7, westmere, sandybridge, corei7-avx, ivybridge, core-avx-i, haswell, core-avx2, broadwell, skylake, skylake-avx512, skx, cascadelake, cooperlake, cannonlake, icelake-client, rocketlake, icelake-server, tigerlake, sapphirerapids, alderlake, raptorlake, meteorlake, arrowlake, arrowlake-s, lunarlake, gracemont, pantherlake, sierraforest, grandridge, graniterapids, graniterapids-d, emeraldrapids, clearwaterforest, knl, knm, k8, athlon64, athlon-fx, opteron, k8-sse3, athlon64-sse3, opteron-sse3, amdfam10, barcelona, btver1, btver2, bdver1, bdver2, bdver3, bdver4, znver1, znver2, znver3, znver4, x86-64, x86-64-v2, x86-64-v3, x86-64-v4
Error while processing /home/ubuntu/work/libffi-rs/libffi-sys-rs/libffi/src/prep_cif.c.
[33mwarning:[0m Error: Could not parse input file. Skipping /home/ubuntu/work/libffi-rs/libffi-sys-rs/libffi/src/prep_cif.c; is it well-formed C?
error: unsupported option '-mfloat-abi=' for target 'x86_64-pc-linux-gnu'
error: unknown target CPU 'armv5te'
note: valid target CPU values are: nocona, core2, penryn, bonnell, atom, silvermont, slm, goldmont, goldmont-plus, tremont, nehalem, corei7, westmere, sandybridge, corei7-avx, ivybridge, core-avx-i, haswell, core-avx2, broadwell, skylake, skylake-avx512, skx, cascadelake, cooperlake, cannonlake, icelake-client, rocketlake, icelake-server, tigerlake, sapphirerapids, alderlake, raptorlake, meteorlake, arrowlake, arrowlake-s, lunarlake, gracemont, pantherlake, sierraforest, grandridge, graniterapids, graniterapids-d, emeraldrapids, clearwaterforest, knl, knm, k8, athlon64, athlon-fx, opteron, k8-sse3, athlon64-sse3, opteron-sse3, amdfam10, barcelona, btver1, btver2, bdver1, bdver2, bdver3, bdver4, znver1, znver2, znver3, znver4, x86-64, x86-64-v2, x86-64-v3, x86-64-v4
Error while processing /home/ubuntu/work/libffi-rs/libffi-sys-rs/libffi/src/types.c.
[33mwarning:[0m Error: Could not parse input file. Skipping /home/ubuntu/work/libffi-rs/libffi-sys-rs/libffi/src/types.c; is it well-formed C?
error: unsupported option '-mfloat-abi=' for target 'x86_64-pc-linux-gnu'
error: unknown target CPU 'armv5te'
note: valid target CPU values are: nocona, core2, penryn, bonnell, atom, silvermont, slm, goldmont, goldmont-plus, tremont, nehalem, corei7, westmere, sandybridge, corei7-avx, ivybridge, core-avx-i, haswell, core-avx2, broadwell, skylake, skylake-avx512, skx, cascadelake, cooperlake, cannonlake, icelake-client, rocketlake, icelake-server, tigerlake, sapphirerapids, alderlake, raptorlake, meteorlake, arrowlake, arrowlake-s, lunarlake, gracemont, pantherlake, sierraforest, grandridge, graniterapids, graniterapids-d, emeraldrapids, clearwaterforest, knl, knm, k8, athlon64, athlon-fx, opteron, k8-sse3, athlon64-sse3, opteron-sse3, amdfam10, barcelona, btver1, btver2, bdver1, bdver2, bdver3, bdver4, znver1, znver2, znver3, znver4, x86-64, x86-64-v2, x86-64-v3, x86-64-v4
Error while processing /home/ubuntu/work/libffi-rs/libffi-sys-rs/libffi/src/raw_api.c.
[33mwarning:[0m Error: Could not parse input file. Skipping /home/ubuntu/work/libffi-rs/libffi-sys-rs/libffi/src/raw_api.c; is it well-formed C?
error: unsupported option '-mfloat-abi=' for target 'x86_64-pc-linux-gnu'
error: unknown target CPU 'armv5te'
note: valid target CPU values are: nocona, core2, penryn, bonnell, atom, silvermont, slm, goldmont, goldmont-plus, tremont, nehalem, corei7, westmere, sandybridge, corei7-avx, ivybridge, core-avx-i, haswell, core-avx2, broadwell, skylake, skylake-avx512, skx, cascadelake, cooperlake, cannonlake, icelake-client, rocketlake, icelake-server, tigerlake, sapphirerapids, alderlake, raptorlake, meteorlake, arrowlake, arrowlake-s, lunarlake, gracemont, pantherlake, sierraforest, grandridge, graniterapids, graniterapids-d, emeraldrapids, clearwaterforest, knl, knm, k8, athlon64, athlon-fx, opteron, k8-sse3, athlon64-sse3, opteron-sse3, amdfam10, barcelona, btver1, btver2, bdver1, bdver2, bdver3, bdver4, znver1, znver2, znver3, znver4, x86-64, x86-64-v2, x86-64-v3, x86-64-v4
Error while processing /home/ubuntu/work/libffi-rs/libffi-sys-rs/libffi/src/java_raw_api.c.
[33mwarning:[0m Error: Could not parse input file. Skipping /home/ubuntu/work/libffi-rs/libffi-sys-rs/libffi/src/java_raw_api.c; is it well-formed C?
error: unsupported option '-mfloat-abi=' for target 'x86_64-pc-linux-gnu'
error: unknown target CPU 'armv5te'
note: valid target CPU values are: nocona, core2, penryn, bonnell, atom, silvermont, slm, goldmont, goldmont-plus, tremont, nehalem, corei7, westmere, sandybridge, corei7-avx, ivybridge, core-avx-i, haswell, core-avx2, broadwell, skylake, skylake-avx512, skx, cascadelake, cooperlake, cannonlake, icelake-client, rocketlake, icelake-server, tigerlake, sapphirerapids, alderlake, raptorlake, meteorlake, arrowlake, arrowlake-s, lunarlake, gracemont, pantherlake, sierraforest, grandridge, graniterapids, graniterapids-d, emeraldrapids, clearwaterforest, knl, knm, k8, athlon64, athlon-fx, opteron, k8-sse3, athlon64-sse3, opteron-sse3, amdfam10, barcelona, btver1, btver2, bdver1, bdver2, bdver3, bdver4, znver1, znver2, znver3, znver4, x86-64, x86-64-v2, x86-64-v3, x86-64-v4
Error while processing /home/ubuntu/work/libffi-rs/libffi-sys-rs/libffi/src/closures.c.
[33mwarning:[0m Error: Could not parse input file. Skipping /home/ubuntu/work/libffi-rs/libffi-sys-rs/libffi/src/closures.c; is it well-formed C?
error: unsupported option '-mfloat-abi=' for target 'x86_64-pc-linux-gnu'
error: unknown target CPU 'armv5te'
note: valid target CPU values are: nocona, core2, penryn, bonnell, atom, silvermont, slm, goldmont, goldmont-plus, tremont, nehalem, corei7, westmere, sandybridge, corei7-avx, ivybridge, core-avx-i, haswell, core-avx2, broadwell, skylake, skylake-avx512, skx, cascadelake, cooperlake, cannonlake, icelake-client, rocketlake, icelake-server, tigerlake, sapphirerapids, alderlake, raptorlake, meteorlake, arrowlake, arrowlake-s, lunarlake, gracemont, pantherlake, sierraforest, grandridge, graniterapids, graniterapids-d, emeraldrapids, clearwaterforest, knl, knm, k8, athlon64, athlon-fx, opteron, k8-sse3, athlon64-sse3, opteron-sse3, amdfam10, barcelona, btver1, btver2, bdver1, bdver2, bdver3, bdver4, znver1, znver2, znver3, znver4, x86-64, x86-64-v2, x86-64-v3, x86-64-v4
Error while processing /home/ubuntu/work/libffi-rs/libffi-sys-rs/libffi/src/tramp.c.
[33mwarning:[0m Error: Could not parse input file. Skipping /home/ubuntu/work/libffi-rs/libffi-sys-rs/libffi/src/tramp.c; is it well-formed C?
error: unsupported option '-mfloat-abi=' for target 'x86_64-pc-linux-gnu'
error: unknown target CPU 'armv5te'
note: valid target CPU values are: nocona, core2, penryn, bonnell, atom, silvermont, slm, goldmont, goldmont-plus, tremont, nehalem, corei7, westmere, sandybridge, corei7-avx, ivybridge, core-avx-i, haswell, core-avx2, broadwell, skylake, skylake-avx512, skx, cascadelake, cooperlake, cannonlake, icelake-client, rocketlake, icelake-server, tigerlake, sapphirerapids, alderlake, raptorlake, meteorlake, arrowlake, arrowlake-s, lunarlake, gracemont, pantherlake, sierraforest, grandridge, graniterapids, graniterapids-d, emeraldrapids, clearwaterforest, knl, knm, k8, athlon64, athlon-fx, opteron, k8-sse3, athlon64-sse3, opteron-sse3, amdfam10, barcelona, btver1, btver2, bdver1, bdver2, bdver3, bdver4, znver1, znver2, znver3, znver4, x86-64, x86-64-v2, x86-64-v3, x86-64-v4
Error while processing /home/ubuntu/work/libffi-rs/libffi-sys-rs/libffi/src/arm/ffi.c.
[33mwarning:[0m Error: Could not parse input file. Skipping /home/ubuntu/work/libffi-rs/libffi-sys-rs/libffi/src/arm/ffi.c; is it well-formed C?
[33mwarning:[0m No C files found in compile_commands.json; nothing to do.
