checking build system type... x86_64-pc-linux-gnu
checking host system type... arm-unknown-linux-gnueabi
checking target system type... arm-unknown-linux-gnueabi
checking for gsed... sed
checking for a BSD-compatible install... /usr/bin/install -c
checking whether build environment is sane... yes
checking for arm-linux-gnueabi-strip... arm-linux-gnueabi-strip
checking for a race-free mkdir -p... /usr/bin/mkdir -p
checking for gawk... gawk
checking whether make sets $(MAKE)... yes
checking whether make supports nested variables... yes
checking for arm-linux-gnueabi-gcc... arm-linux-gnueabi-gcc
checking whether the C compiler works... yes
checking for C compiler default output file name... a.out
checking for suffix of executables... 
checking whether we are cross compiling... yes
checking for suffix of object files... o
checking whether the compiler supports GNU C... yes
checking whether arm-linux-gnueabi-gcc accepts -g... yes
checking for arm-linux-gnueabi-gcc option to enable C11 features... none needed
checking whether arm-linux-gnueabi-gcc understands -c and -o together... yes
checking whether make supports the include directive... yes (GNU style)
checking dependency style of arm-linux-gnueabi-gcc... gcc3
checking for arm-linux-gnueabi-g++... no
checking for arm-linux-gnueabi-c++... no
checking for arm-linux-gnueabi-gpp... no
checking for arm-linux-gnueabi-aCC... no
checking for arm-linux-gnueabi-CC... no
checking for arm-linux-gnueabi-cxx... no
checking for arm-linux-gnueabi-cc++... no
checking for arm-linux-gnueabi-cl.exe... no
checking for arm-linux-gnueabi-FCC... no
checking for arm-linux-gnueabi-KCC... no
checking for arm-linux-gnueabi-RCC... no
checking for arm-linux-gnueabi-xlC_r... no
checking for arm-linux-gnueabi-xlC... no
checking for arm-linux-gnueabi-clang++... no
checking for g++... g++
configure: WARNING: using cross tools not prefixed with host triplet
checking whether the compiler supports GNU C++... yes
checking whether g++ accepts -g... yes
checking for g++ option to enable C++11 features... none needed
checking dependency style of g++... gcc3
checking dependency style of arm-linux-gnueabi-gcc... gcc3
checking for grep that handles long lines and -e... /usr/bin/grep
checking for egrep... /usr/bin/grep -E
checking how to print strings... printf
checking for a sed that does not truncate output... /usr/bin/sed
checking for fgrep... /usr/bin/grep -F
checking for ld used by arm-linux-gnueabi-gcc... /usr/arm-linux-gnueabi/bin/ld
checking if the linker (/usr/arm-linux-gnueabi/bin/ld) is GNU ld... yes
checking for BSD- or MS-compatible name lister (nm)... /usr/bin/arm-linux-gnueabi-nm -B
checking the name lister (/usr/bin/arm-linux-gnueabi-nm -B) interface... BSD nm
checking whether ln -s works... yes
checking the maximum length of command line arguments... 1572864
checking how to convert x86_64-pc-linux-gnu file names to arm-unknown-linux-gnueabi format... func_convert_file_noop
checking how to convert x86_64-pc-linux-gnu file names to toolchain format... func_convert_file_noop
checking for /usr/arm-linux-gnueabi/bin/ld option to reload object files... -r
checking for arm-linux-gnueabi-file... no
checking for file... file
checking for arm-linux-gnueabi-objdump... arm-linux-gnueabi-objdump
checking how to recognize dependent libraries... pass_all
checking for arm-linux-gnueabi-dlltool... no
checking for dlltool... no
checking how to associate runtime and link libraries... printf %s\n
checking for arm-linux-gnueabi-ar... arm-linux-gnueabi-ar
checking for archiver @FILE support... @
checking for arm-linux-gnueabi-strip... (cached) arm-linux-gnueabi-strip
checking for arm-linux-gnueabi-ranlib... arm-linux-gnueabi-ranlib
checking command to parse /usr/bin/arm-linux-gnueabi-nm -B output from arm-linux-gnueabi-gcc object... ok
checking for sysroot... no
checking for a working dd... /usr/bin/dd
checking how to truncate binary pipes... /usr/bin/dd bs=4096 count=1
checking for arm-linux-gnueabi-mt... no
checking for mt... mt
checking if mt is a manifest tool... no
checking for stdio.h... yes
checking for stdlib.h... yes
checking for string.h... yes
checking for inttypes.h... yes
checking for stdint.h... yes
checking for strings.h... yes
checking for sys/stat.h... yes
checking for sys/types.h... yes
checking for unistd.h... yes
checking for dlfcn.h... yes
checking for objdir... .libs
checking if arm-linux-gnueabi-gcc supports -fno-rtti -fno-exceptions... no
checking for arm-linux-gnueabi-gcc option to produce PIC... -fPIC -DPIC
checking if arm-linux-gnueabi-gcc PIC flag -fPIC -DPIC works... yes
checking if arm-linux-gnueabi-gcc static flag -static works... yes
checking if arm-linux-gnueabi-gcc supports -c -o file.o... yes
checking if arm-linux-gnueabi-gcc supports -c -o file.o... (cached) yes
checking whether the arm-linux-gnueabi-gcc linker (/usr/arm-linux-gnueabi/bin/ld) supports shared libraries... yes
checking dynamic linker characteristics... GNU/Linux ld.so
checking how to hardcode library paths into programs... immediate
checking whether stripping libraries is possible... yes
checking if libtool supports shared libraries... yes
checking whether to build shared libraries... no
checking whether to build static libraries... yes
checking how to run the C++ preprocessor... g++ -E
checking for ld used by g++... /usr/arm-linux-gnueabi/bin/ld
checking if the linker (/usr/arm-linux-gnueabi/bin/ld) is GNU ld... yes
checking whether the g++ linker (/usr/arm-linux-gnueabi/bin/ld) supports shared libraries... yes
checking for g++ option to produce PIC... -fPIC -DPIC
checking if g++ PIC flag -fPIC -DPIC works... yes
checking if g++ static flag -static works... yes
checking if g++ supports -c -o file.o... yes
checking if g++ supports -c -o file.o... (cached) yes
checking whether the g++ linker (/usr/arm-linux-gnueabi/bin/ld) supports shared libraries... yes
checking dynamic linker characteristics... (cached) GNU/Linux ld.so
checking how to hardcode library paths into programs... immediate
checking for arm-linux-gnueabi-readelf... arm-linux-gnueabi-readelf
checking size of size_t... 4
checking for C compiler vendor... gnu
checking CFLAGS for most reasonable warnings... -Wall
checking whether to enable maintainer-specific portions of Makefiles... no
checking for sys/memfd.h... no
checking for memfd_create... yes
checking for memcpy... yes
checking for alloca.h... yes
checking size of double... 8
checking size of long double... 8
checking for __int128_t... no
checking whether byte ordering is bigendian... no
checking assembler .cfi pseudo-op support... no
checking whether compiler supports pointer authentication... no
checking for _ prefix in compiled symbols... no
checking whether the C compiler accepts -fno-lto... yes
checking whether .eh_frame section should be read-only... yes
checking for __attribute__((visibility("hidden")))... yes
configure: versioning on shared library symbols is no
checking that generated files are newer than configure... done
configure: creating ./config.status
config.status: creating include/Makefile
config.status: creating include/ffi.h
config.status: creating Makefile
config.status: creating testsuite/Makefile
config.status: creating man/Makefile
config.status: creating doc/Makefile
config.status: creating libffi.pc
config.status: creating fficonfig.h
config.status: executing buildir commands
config.status: skipping top_srcdir/Makefile - not created
config.status: executing depfiles commands
config.status: executing libtool commands
config.status: executing include commands
config.status: executing src commands
