+ echo 'artifact: target/armv5te-unknown-linux-gnueabi/release/liblibffi_armv5te_port.a'
artifact: target/armv5te-unknown-linux-gnueabi/release/liblibffi_armv5te_port.a
+ file target/armv5te-unknown-linux-gnueabi/release/liblibffi_armv5te_port.a
target/armv5te-unknown-linux-gnueabi/release/liblibffi_armv5te_port.a: current ar archive
+ for sym in ffi_call ffi_call_SYSV ffi_prep_cif ffi_prep_cif_machdep ffi_prep_closure_loc ffi_closure_alloc ffi_closure_free ffi_type_sint32 ffi_type_longdouble ffi_type_complex_longdouble ffi_closure_SYSV ffi_arm_trampoline
+ arm-linux-gnueabi-nm -g --defined-only target/armv5te-unknown-linux-gnueabi/release/liblibffi_armv5te_port.a
+ grep -E ' [A-Za-z] ffi_call$'
00000000 T ffi_call
+ for sym in ffi_call ffi_call_SYSV ffi_prep_cif ffi_prep_cif_machdep ffi_prep_closure_loc ffi_closure_alloc ffi_closure_free ffi_type_sint32 ffi_type_longdouble ffi_type_complex_longdouble ffi_closure_SYSV ffi_arm_trampoline
+ arm-linux-gnueabi-nm -g --defined-only target/armv5te-unknown-linux-gnueabi/release/liblibffi_armv5te_port.a
+ grep -E ' [A-Za-z] ffi_call_SYSV$'
00000010 T ffi_call_SYSV
+ for sym in ffi_call ffi_call_SYSV ffi_prep_cif ffi_prep_cif_machdep ffi_prep_closure_loc ffi_closure_alloc ffi_closure_free ffi_type_sint32 ffi_type_longdouble ffi_type_complex_longdouble ffi_closure_SYSV ffi_arm_trampoline
+ arm-linux-gnueabi-nm -g --defined-only target/armv5te-unknown-linux-gnueabi/release/liblibffi_armv5te_port.a
+ grep -E ' [A-Za-z] ffi_prep_cif$'
00000000 T ffi_prep_cif
+ for sym in ffi_call ffi_call_SYSV ffi_prep_cif ffi_prep_cif_machdep ffi_prep_closure_loc ffi_closure_alloc ffi_closure_free ffi_type_sint32 ffi_type_longdouble ffi_type_complex_longdouble ffi_closure_SYSV ffi_arm_trampoline
+ arm-linux-gnueabi-nm -g --defined-only target/armv5te-unknown-linux-gnueabi/release/liblibffi_armv5te_port.a
+ grep -E ' [A-Za-z] ffi_prep_cif_machdep$'
00000000 T ffi_prep_cif_machdep
+ for sym in ffi_call ffi_call_SYSV ffi_prep_cif ffi_prep_cif_machdep ffi_prep_closure_loc ffi_closure_alloc ffi_closure_free ffi_type_sint32 ffi_type_longdouble ffi_type_complex_longdouble ffi_closure_SYSV ffi_arm_trampoline
+ arm-linux-gnueabi-nm -g --defined-only target/armv5te-unknown-linux-gnueabi/release/liblibffi_armv5te_port.a
+ grep -E ' [A-Za-z] ffi_prep_closure_loc$'
00000000 T ffi_prep_closure_loc
+ for sym in ffi_call ffi_call_SYSV ffi_prep_cif ffi_prep_cif_machdep ffi_prep_closure_loc ffi_closure_alloc ffi_closure_free ffi_type_sint32 ffi_type_longdouble ffi_type_complex_longdouble ffi_closure_SYSV ffi_arm_trampoline
+ arm-linux-gnueabi-nm -g --defined-only target/armv5te-unknown-linux-gnueabi/release/liblibffi_armv5te_port.a
+ grep -E ' [A-Za-z] ffi_closure_alloc$'
00000000 T ffi_closure_alloc
+ for sym in ffi_call ffi_call_SYSV ffi_prep_cif ffi_prep_cif_machdep ffi_prep_closure_loc ffi_closure_alloc ffi_closure_free ffi_type_sint32 ffi_type_longdouble ffi_type_complex_longdouble ffi_closure_SYSV ffi_arm_trampoline
+ arm-linux-gnueabi-nm -g --defined-only target/armv5te-unknown-linux-gnueabi/release/liblibffi_armv5te_port.a
+ grep -E ' [A-Za-z] ffi_closure_free$'
00000000 T ffi_closure_free
+ for sym in ffi_call ffi_call_SYSV ffi_prep_cif ffi_prep_cif_machdep ffi_prep_closure_loc ffi_closure_alloc ffi_closure_free ffi_type_sint32 ffi_type_longdouble ffi_type_complex_longdouble ffi_closure_SYSV ffi_arm_trampoline
+ arm-linux-gnueabi-nm -g --defined-only target/armv5te-unknown-linux-gnueabi/release/liblibffi_armv5te_port.a
+ grep -E ' [A-Za-z] ffi_type_sint32$'
00000000 D ffi_type_sint32
+ for sym in ffi_call ffi_call_SYSV ffi_prep_cif ffi_prep_cif_machdep ffi_prep_closure_loc ffi_closure_alloc ffi_closure_free ffi_type_sint32 ffi_type_longdouble ffi_type_complex_longdouble ffi_closure_SYSV ffi_arm_trampoline
+ arm-linux-gnueabi-nm -g --defined-only target/armv5te-unknown-linux-gnueabi/release/liblibffi_armv5te_port.a
+ grep -E ' [A-Za-z] ffi_type_longdouble$'
00000000 D ffi_type_longdouble
+ for sym in ffi_call ffi_call_SYSV ffi_prep_cif ffi_prep_cif_machdep ffi_prep_closure_loc ffi_closure_alloc ffi_closure_free ffi_type_sint32 ffi_type_longdouble ffi_type_complex_longdouble ffi_closure_SYSV ffi_arm_trampoline
+ arm-linux-gnueabi-nm -g --defined-only target/armv5te-unknown-linux-gnueabi/release/liblibffi_armv5te_port.a
+ grep -E ' [A-Za-z] ffi_type_complex_longdouble$'
00000000 D ffi_type_complex_longdouble
+ for sym in ffi_call ffi_call_SYSV ffi_prep_cif ffi_prep_cif_machdep ffi_prep_closure_loc ffi_closure_alloc ffi_closure_free ffi_type_sint32 ffi_type_longdouble ffi_type_complex_longdouble ffi_closure_SYSV ffi_arm_trampoline
+ arm-linux-gnueabi-nm -g --defined-only target/armv5te-unknown-linux-gnueabi/release/liblibffi_armv5te_port.a
+ grep -E ' [A-Za-z] ffi_closure_SYSV$'
000000c8 T ffi_closure_SYSV
+ for sym in ffi_call ffi_call_SYSV ffi_prep_cif ffi_prep_cif_machdep ffi_prep_closure_loc ffi_closure_alloc ffi_closure_free ffi_type_sint32 ffi_type_longdouble ffi_type_complex_longdouble ffi_closure_SYSV ffi_arm_trampoline
+ arm-linux-gnueabi-nm -g --defined-only target/armv5te-unknown-linux-gnueabi/release/liblibffi_armv5te_port.a
+ grep -E ' [A-Za-z] ffi_arm_trampoline$'
00002000 T ffi_arm_trampoline
