Transpiling prep_cif.c
Transpiling types.c
[31merror:[0m Failed to translate ffi_type_complex_float: Unsupported type Complex(CTypeId(116))

[31merror:[0m Failed to translate ffi_type_complex_double: Unsupported type Complex(CTypeId(965))

[31merror:[0m Failed to translate ffi_type_complex_longdouble: Unsupported type Complex(CTypeId(67))

Transpiling raw_api.c
../src/java_raw_api.c:328:46: warning: 'ffi_java_raw_size' is deprecated [-Wdeprecated-declarations]
  328 |   ffi_java_raw *raw = (ffi_java_raw*)alloca (ffi_java_raw_size (cif));
      |                                              ^
include/ffi.h:322:56: note: 'ffi_java_raw_size' has been explicitly marked deprecated here
  322 | size_t ffi_java_raw_size (ffi_cif *cif) __attribute__((deprecated));
      |                                                        ^
../src/java_raw_api.c:331:3: warning: 'ffi_java_ptrarray_to_raw' is deprecated [-Wdeprecated-declarations]
  331 |   ffi_java_ptrarray_to_raw (cif, avalue, raw);
      |   ^
include/ffi.h:318:93: note: 'ffi_java_ptrarray_to_raw' has been explicitly marked deprecated here
  318 | void ffi_java_ptrarray_to_raw (ffi_cif *cif, void **args, ffi_java_raw *raw) __attribute__((deprecated));
      |                                                                                             ^
2 warnings generated.
Transpiling java_raw_api.c
Transpiling tramp.c
Transpiling closures.c
Transpiling ffi64.c
