    Checking libffi-c2rust-x86-64-gnux32 v0.0.0 (/home/ubuntu/work/port)
error[E0308]: mismatched types
   --> src/x86/ffi64.rs:784:22
    |
763 |     mut rvalue: *mut ::core::ffi::c_void,
    |                 ------------------------ expected due to this parameter type
...
784 |             rvalue = alloca_allocations.last_mut().unwrap().as_mut_ptr();
    |                      ^^^^^^^^^^^^^^^^^^^^^^^^^^^^^^^^^^^^^^^^^^^^^^^^^^^ expected `*mut c_void`, found `*mut u8`
    |
    = note: expected raw pointer `*mut c_void`
               found raw pointer `*mut u8`

warning: unused variable: `flags`
   --> src/closures.rs:944:5
    |
944 |     mut flags: ::core::ffi::c_int,
    |     ^^^^^^^^^ help: if this is intentional, prefix it with an underscore: `_flags`
    |
    = note: `#[warn(unused_variables)]` (part of `#[warn(unused)]`) on by default

warning: variable `nfences` is assigned to, but never used
    --> src/closures.rs:1440:9
     |
1440 |     let mut nfences: ::core::ffi::c_int = 0 as ::core::ffi::c_int;
     |         ^^^^^^^^^^^
     |
     = note: consider using `_nfences` instead

warning: unused variable: `flags`
    --> src/closures.rs:5318:5
     |
5318 |     mut flags: ::core::ffi::c_int,
     |     ^^^^^^^^^ help: if this is intentional, prefix it with an underscore: `_flags`

warning: unused variable: `cif`
   --> src/java_raw_api.rs:294:5
    |
294 |     mut cif: *mut ffi_cif,
    |     ^^^^^^^ help: if this is intentional, prefix it with an underscore: `_cif`

warning: unused variable: `rvalue`
   --> src/java_raw_api.rs:295:5
    |
295 |     mut rvalue: *mut ::core::ffi::c_void,
    |     ^^^^^^^^^^ help: if this is intentional, prefix it with an underscore: `_rvalue`

warning: unused variable: `cif`
   --> src/java_raw_api.rs:299:5
    |
299 |     mut cif: *mut ffi_cif,
    |     ^^^^^^^ help: if this is intentional, prefix it with an underscore: `_cif`

warning: unused variable: `rvalue`
   --> src/java_raw_api.rs:300:5
    |
300 |     mut rvalue: *mut ::core::ffi::c_void,
    |     ^^^^^^^^^^ help: if this is intentional, prefix it with an underscore: `_rvalue`

warning: unused variable: `isvariadic`
   --> src/prep_cif.rs:138:5
    |
138 |     mut isvariadic: ::core::ffi::c_uint,
    |     ^^^^^^^^^^^^^^ help: if this is intentional, prefix it with an underscore: `_isvariadic`

warning: unused variable: `nfixedargs`
   --> src/prep_cif.rs:139:5
    |
139 |     mut nfixedargs: ::core::ffi::c_uint,
    |     ^^^^^^^^^^^^^^ help: if this is intentional, prefix it with an underscore: `_nfixedargs`

warning: unused variable: `codeloc`
    --> src/x86/ffi64.rs:1000:5
     |
1000 |     mut codeloc: *mut ::core::ffi::c_void,
     |     ^^^^^^^^^^^ help: if this is intentional, prefix it with an underscore: `_codeloc`

For more information about this error, try `rustc --explain E0308`.
warning: `libffi-c2rust-x86-64-gnux32` (lib) generated 10 warnings
error: could not compile `libffi-c2rust-x86-64-gnux32` (lib) due to 1 previous error; 10 warnings emitted
