+ set -x
+ file target/x86_64-unknown-linux-gnux32/debug/liblibffi_c2rust_x86_64_gnux32.a target/x86_64-unknown-linux-gnux32/debug/deps/e2e-faceaaa124542668
target/x86_64-unknown-linux-gnux32/debug/liblibffi_c2rust_x86_64_gnux32.a: current ar archive
target/x86_64-unknown-linux-gnux32/debug/deps/e2e-faceaaa124542668:        ELF 32-bit LSB pie executable, x86-64, version 1 (SYSV), dynamically linked, interpreter /libx32/ld-linux-x32.so.2, BuildID[sha1]=aa23be20b5081aab73cc159c6451175c646d98c9, for GNU/Linux 3.4.0, with debug_info, not stripped
+ readelf -h target/x86_64-unknown-linux-gnux32/debug/deps/e2e-faceaaa124542668
ELF Header:
  Magic:   7f 45 4c 46 01 01 01 00 00 00 00 00 00 00 00 00 
  Class:                             ELF32
  Data:                              2's complement, little endian
  Version:                           1 (current)
  OS/ABI:                            UNIX - System V
  ABI Version:                       0
  Type:                              DYN (Position-Independent Executable file)
  Machine:                           Advanced Micro Devices X86-64
  Version:                           0x1
  Entry point address:               0x14960
  Start of program headers:          52 (bytes into file)
  Start of section headers:          7007996 (bytes into file)
  Flags:                             0x0
  Size of this header:               52 (bytes)
  Size of program headers:           32 (bytes)
  Number of program headers:         12
  Size of section headers:           40 (bytes)
  Number of section headers:         40
  Section header string table index: 39
+ readelf -d target/x86_64-unknown-linux-gnux32/debug/deps/e2e-faceaaa124542668

Dynamic section at offset 0x104a4c contains 28 entries:
  Tag        Type                         Name/Value
 0x00000001 (NEEDED)                     Shared library: [libgcc_s.so.1]
 0x00000001 (NEEDED)                     Shared library: [libc.so.6]
 0x0000000c (INIT)                       0xc000
 0x0000000d (FINI)                       0xd30b4
 0x00000019 (INIT_ARRAY)                 0xfa2dc
 0x0000001b (INIT_ARRAYSZ)               8 (bytes)
 0x0000001a (FINI_ARRAY)                 0xfa2e4
 0x0000001c (FINI_ARRAYSZ)               4 (bytes)
 0x6ffffef5 (GNU_HASH)                   0x230
 0x00000005 (STRTAB)                     0xbac
 0x00000006 (SYMTAB)                     0x26c
 0x0000000a (STRSZ)                      1943 (bytes)
 0x0000000b (SYMENT)                     16 (bytes)
 0x00000015 (DEBUG)                      0x0
 0x00000003 (PLTGOT)                     0x104b50
 0x00000002 (PLTRELSZ)                   1584 (bytes)
 0x00000014 (PLTREL)                     RELA
 0x00000017 (JMPREL)                     0xb694
 0x00000007 (RELA)                       0x156c
 0x00000008 (RELASZ)                     41256 (bytes)
 0x00000009 (RELAENT)                    12 (bytes)
 0x0000001e (FLAGS)                      BIND_NOW
 0x6ffffffb (FLAGS_1)                    Flags: NOW PIE
 0x6ffffffe (VERNEED)                    0x146c
 0x6fffffff (VERNEEDNUM)                 2
 0x6ffffff0 (VERSYM)                     0x1344
 0x6ffffff9 (RELACOUNT)                  3424
 0x00000000 (NULL)                       0x0
+ nm -g --defined-only target/x86_64-unknown-linux-gnux32/debug/liblibffi_c2rust_x86_64_gnux32.a
+ grep -E ' (ffi_call|ffi_call_unix64|ffi_call_unix64_from_rust|ffi_prep_cif|ffi_closure_alloc|ffi_closure_free|ffi_prep_closure_loc|ffi_type_longdouble|ffi_type_complex_float|ffi_type_complex_double|ffi_type_complex_longdouble)$'
00000000 T ffi_call
00000000 T ffi_prep_closure_loc
00000000 D ffi_type_complex_double
00000000 D ffi_type_complex_float
00000000 D ffi_type_complex_longdouble
00000000 D ffi_type_longdouble
00000000 T ffi_prep_cif
00000000 T ffi_closure_alloc
00000000 T ffi_closure_free
00000000 T ffi_call_unix64
00000000 T ffi_call_unix64_from_rust
+ nm -g --defined-only target/x86_64-unknown-linux-gnux32/debug/deps/e2e-faceaaa124542668
+ grep -E ' (ffi_call|ffi_prep_cif|ffi_closure_alloc|ffi_closure_free|ffi_prep_closure_loc|ffi_type_longdouble|ffi_type_complex_float|ffi_type_complex_double|ffi_type_complex_longdouble)$'
0001b5b0 T ffi_call
0003dca0 T ffi_closure_alloc
0003dfc0 T ffi_closure_free
0001f520 T ffi_prep_cif
0001dee0 T ffi_prep_closure_loc
00105038 D ffi_type_complex_double
00105044 D ffi_type_complex_float
00105050 D ffi_type_complex_longdouble
00105074 D ffi_type_longdouble
+ readelf -d target/x86_64-unknown-linux-gnux32/debug/deps/e2e-faceaaa124542668
+ grep -i libffi
+ echo 'PASS: no libffi DT_NEEDED entry'
PASS: no libffi DT_NEEDED entry
+ grep 'ELF 32-bit LSB relocatable, x86-64'
+ find target/x86_64-unknown-linux-gnux32/debug/build -path '*/out/*.o' -exec file '{}' ';'
target/x86_64-unknown-linux-gnux32/debug/build/libffi-c2rust-x86-64-gnux32-4deeea02c4beb2ea/out/08dedf434e8e3693-unix64.o: ELF 32-bit LSB relocatable, x86-64, version 1 (SYSV), with debug_info, not stripped
target/x86_64-unknown-linux-gnux32/debug/build/libffi-c2rust-x86-64-gnux32-4deeea02c4beb2ea/out/08dedf434e8e3693-rust_call_shim.o: ELF 32-bit LSB relocatable, x86-64, version 1 (SYSV), with debug_info, not stripped
