checking build system type... x86_64-pc-linux-gnu
checking host system type... x86_64-unknown-linux-gnux32
checking target system type... x86_64-unknown-linux-gnux32
continue configure in default builddir "./x86_64-unknown-linux-gnux32"
....exec /bin/bash .././configure "--srcdir=.." "--enable-builddir=x86_64-unknown-linux-gnux32" "linux
gnux32"
checking build system type... x86_64-pc-linux-gnu
checking host system type... x86_64-unknown-linux-gnux32
checking target system type... x86_64-unknown-linux-gnux32
checking for gsed... sed
checking for a BSD-compatible install... /usr/bin/install -c
checking whether build environment is sane... yes
checking for x86_64-unknown-linux-gnux32-strip... no
checking for strip... strip
configure: WARNING: using cross tools not prefixed with host triplet
checking for a race-free mkdir -p... /usr/bin/mkdir -p
checking for gawk... gawk
checking whether make sets $(MAKE)... yes
checking whether make supports nested variables... yes
checking for x86_64-unknown-linux-gnux32-gcc... clang
checking whether the C compiler works... yes
checking for C compiler default output file name... a.out
checking for suffix of executables... 
checking whether we are cross compiling... yes
checking for suffix of object files... o
checking whether the compiler supports GNU C... yes
checking whether clang accepts -g... yes
checking for clang option to enable C11 features... none needed
checking whether clang understands -c and -o together... yes
checking whether make supports the include directive... yes (GNU style)
checking dependency style of clang... gcc3
checking for x86_64-unknown-linux-gnux32-g++... no
checking for x86_64-unknown-linux-gnux32-c++... no
checking for x86_64-unknown-linux-gnux32-gpp... no
checking for x86_64-unknown-linux-gnux32-aCC... no
checking for x86_64-unknown-linux-gnux32-CC... no
checking for x86_64-unknown-linux-gnux32-cxx... no
checking for x86_64-unknown-linux-gnux32-cc++... no
checking for x86_64-unknown-linux-gnux32-cl.exe... no
checking for x86_64-unknown-linux-gnux32-FCC... no
checking for x86_64-unknown-linux-gnux32-KCC... no
checking for x86_64-unknown-linux-gnux32-RCC... no
checking for x86_64-unknown-linux-gnux32-xlC_r... no
checking for x86_64-unknown-linux-gnux32-xlC... no
checking for x86_64-unknown-linux-gnux32-clang++... no
checking for g++... g++
checking whether the compiler supports GNU C++... yes
checking whether g++ accepts -g... yes
checking for g++ option to enable C++11 features... none needed
checking dependency style of g++... gcc3
checking dependency style of clang... gcc3
checking for grep that handles long lines and -e... /usr/bin/grep
checking for egrep... /usr/bin/grep -E
checking how to print strings... printf
checking for a sed that does not truncate output... /usr/bin/sed
checking for fgrep... /usr/bin/grep -F
checking for ld used by clang... /usr/bin/ld
checking if the linker (/usr/bin/ld) is GNU ld... yes
checking for BSD- or MS-compatible name lister (nm)... no
checking for x86_64-unknown-linux-gnux32-dumpbin... no
checking for x86_64-unknown-linux-gnux32-link... no
checking for dumpbin... no
checking for link... link -dump
checking the name lister (nm) interface... BSD nm
checking whether ln -s works... yes
checking the maximum length of command line arguments... 1572864
checking how to convert x86_64-pc-linux-gnu file names to x86_64-unknown-linux-gnux32 format... func_convert_file_noop
checking how to convert x86_64-pc-linux-gnu file names to toolchain format... func_convert_file_noop
checking for /usr/bin/ld option to reload object files... -r
checking for x86_64-unknown-linux-gnux32-file... no
checking for file... file
checking for x86_64-unknown-linux-gnux32-objdump... no
checking for objdump... objdump
checking how to recognize dependent libraries... pass_all
checking for x86_64-unknown-linux-gnux32-dlltool... no
checking for dlltool... no
checking how to associate runtime and link libraries... printf %s\n
checking for x86_64-unknown-linux-gnux32-ar... no
checking for ar... ar
checking for archiver @FILE support... @
checking for x86_64-unknown-linux-gnux32-strip... strip
checking for x86_64-unknown-linux-gnux32-ranlib... no
checking for ranlib... ranlib
checking command to parse nm output from clang object... ok
checking for sysroot... no
checking for a working dd... /usr/bin/dd
checking how to truncate binary pipes... /usr/bin/dd bs=4096 count=1
checking for x86_64-unknown-linux-gnux32-mt... no
checking for mt... mt
checking if mt is a manifest tool... no
checking for stdio.h... yes
checking for stdlib.h... yes
checking for string.h... yes
checking for inttypes.h... yes
checking for stdint.h... yes
checking for strings.h... yes
checking for sys/stat.h... yes
checking for sys/types.h... yes
checking for unistd.h... yes
checking for dlfcn.h... yes
checking for objdir... .libs
checking if clang supports -fno-rtti -fno-exceptions... yes
checking for clang option to produce PIC... -fPIC -DPIC
checking if clang PIC flag -fPIC -DPIC works... yes
checking if clang static flag -static works... yes
checking if clang supports -c -o file.o... yes
checking if clang supports -c -o file.o... (cached) yes
checking whether the clang linker (/usr/bin/ld -m elf32_x86_64) supports shared libraries... yes
checking dynamic linker characteristics... GNU/Linux ld.so
checking how to hardcode library paths into programs... immediate
checking whether stripping libraries is possible... yes
checking if libtool supports shared libraries... yes
checking whether to build shared libraries... no
checking whether to build static libraries... yes
checking how to run the C++ preprocessor... g++ -E
checking for ld used by g++... /usr/bin/ld -m elf32_x86_64
checking if the linker (/usr/bin/ld -m elf32_x86_64) is GNU ld... yes
checking whether the g++ linker (/usr/bin/ld -m elf32_x86_64) supports shared libraries... yes
checking for g++ option to produce PIC... -fPIC -DPIC
checking if g++ PIC flag -fPIC -DPIC works... yes
checking if g++ static flag -static works... yes
checking if g++ supports -c -o file.o... yes
checking if g++ supports -c -o file.o... (cached) yes
checking whether the g++ linker (/usr/bin/ld -m elf32_x86_64) supports shared libraries... yes
checking dynamic linker characteristics... (cached) GNU/Linux ld.so
checking how to hardcode library paths into programs... immediate
checking for x86_64-unknown-linux-gnux32-readelf... no
checking for x86_64-unknown-linux-gnux32-greadelf... no
checking for readelf... readelf
checking size of size_t... 4
checking for C compiler vendor... clang
checking CFLAGS for most reasonable warnings... -Wall
checking whether to enable maintainer-specific portions of Makefiles... no
checking for sys/memfd.h... no
checking for memfd_create... yes
checking for memcpy... yes
checking for alloca.h... yes
checking size of double... 8
checking size of long double... 16
checking for __int128_t... yes
checking whether byte ordering is bigendian... no
checking assembler .cfi pseudo-op support... yes
checking assembler supports pc related relocs... yes
checking whether compiler supports pointer authentication... no
checking for _ prefix in compiled symbols... no
checking toolchain supports unwind section type... no
checking whether the C compiler accepts -fno-lto... yes
checking whether .eh_frame section should be read-only... yes
checking for __attribute__((visibility("hidden")))... yes
clang: error: unsupported option '-print-multi-os-directory'
clang: error: no input files
configure: versioning on shared library symbols is no
checking that generated files are newer than configure... done
configure: creating ./config.status
config.status: creating include/Makefile
config.status: creating include/ffi.h
config.status: creating Makefile
config.status: creating testsuite/Makefile
config.status: creating man/Makefile
config.status: creating doc/Makefile
config.status: creating libffi.pc
config.status: creating fficonfig.h
config.status: executing buildir commands
config.status: create top_srcdir/Makefile guessed from local Makefile
config.status: build in x86_64-unknown-linux-gnux32 (HOST=)
config.status: executing depfiles commands
config.status: executing libtool commands
config.status: executing include commands
config.status: executing src commands
