crate files (excluding target):
101 ./.cargo/config.toml
2276 ./Cargo.lock
334 ./Cargo.toml
10842 ./LICENSE-APACHE
1066 ./LICENSE-MIT
1132 ./LICENSE-libffi
4869 ./PORTING.md
877 ./README.md
14976 ./asm/include/ffi.h
5585 ./asm/include/fficonfig.h
3050 ./asm/include/ffitarget.h
884 ./asm/loongarch/stack_bridge.c
8966 ./asm/loongarch/sysv.S
1207 ./build.rs
32 ./logs/artifact-summary.log
11239 ./logs/build-c.log
8039 ./logs/c2rust-install.log
2767 ./logs/c2rust-transpile.log
436 ./logs/cargo-build-release.log
17368 ./logs/cargo-check-1.log
7169 ./logs/cargo-check-2.log
8165 ./logs/cargo-check-3.log
193 ./logs/cargo-check-final.log
446 ./logs/cargo-check-offline.log
0 ./logs/cargo-fmt-check-final.log
0 ./logs/cargo-fmt-check.log
22664 ./logs/cargo-test-build-1.log
11054 ./logs/cargo-test-build-2.log
1655 ./logs/cargo-vendor.log
4960 ./logs/compile_commands.c.json
5674 ./logs/compile_commands.json
8661 ./logs/configure.log
11429 ./logs/debug-ffi-call.log
10926 ./logs/file-list.txt
74 ./logs/file-release.log
2772 ./logs/gdb-ffi-call.log
63 ./logs/gdb-qemu.out
4627 ./logs/install.log
262874 ./logs/nm-all.txt
188 ./logs/nm-compare.log
29 ./logs/nm-required.log
1677 ./logs/no-system-libffi.log
11415 ./logs/qemu-executable_closure_calls_rust_callback.log
9565 ./logs/qemu-ffi_call_two_integer_arguments.log
11542 ./logs/qemu-tests-1.log
11116 ./logs/qemu-tests-2.log
11158 ./logs/qemu-tests-final.log
896 ./logs/qemu-tests-post-format.log
83 ./logs/toolchain.sha256
120 ./rust-toolchain.toml
292653 ./src/closures.rs
12723 ./src/java_raw_api.rs
682 ./src/lib.rs
33632 ./src/loongarch/ffi.rs
10611 ./src/prep_cif.rs
12248 ./src/raw_api.rs
31314 ./src/tramp.rs
9521 ./src/types.rs
5671 ./tests/e2e.rs
732 ./vendor/c2rust-bitfields-derive/.cargo-checksum.json
117 ./vendor/c2rust-bitfields-derive/.cargo_vcs_info.json
1148 ./vendor/c2rust-bitfields-derive/Cargo.lock
1402 ./vendor/c2rust-bitfields-derive/Cargo.toml
771 ./vendor/c2rust-bitfields-derive/Cargo.toml.orig
293 ./vendor/c2rust-bitfields-derive/README.md
8305 ./vendor/c2rust-bitfields-derive/src/lib.rs
924 ./vendor/c2rust-bitfields/.cargo-checksum.json
110 ./vendor/c2rust-bitfields/.cargo_vcs_info.json
1396 ./vendor/c2rust-bitfields/Cargo.lock
1244 ./vendor/c2rust-bitfields/Cargo.toml
478 ./vendor/c2rust-bitfields/Cargo.toml.orig
2508 ./vendor/c2rust-bitfields/README.md
3847 ./vendor/c2rust-bitfields/c2rust-tests/bitfields.c
14930 ./vendor/c2rust-bitfields/c2rust-tests/test_structs.rs
3230 ./vendor/c2rust-bitfields/src/lib.rs
2584 ./vendor/cc/.cargo-checksum.json
94 ./vendor/cc/.cargo_vcs_info.json
174 ./vendor/cc/.tombi.toml
40882 ./vendor/cc/CHANGELOG.md
3661 ./vendor/cc/Cargo.lock
1756 ./vendor/cc/Cargo.toml
1827 ./vendor/cc/Cargo.toml.orig
10847 ./vendor/cc/LICENSE-APACHE
1057 ./vendor/cc/LICENSE-MIT
1062 ./vendor/cc/README.md
375 ./vendor/cc/clippy.toml
16016 ./vendor/cc/src/command_helpers.rs
206 ./vendor/cc/src/detect_compiler_family.c
24251 ./vendor/cc/src/flags.rs
195435 ./vendor/cc/src/lib.rs
3582 ./vendor/cc/src/parallel/async_executor.rs
6107 ./vendor/cc/src/parallel/command_runner.rs
9559 ./vendor/cc/src/parallel/job_token.rs
136 ./vendor/cc/src/parallel/mod.rs
2732 ./vendor/cc/src/parallel/stderr.rs
1330 ./vendor/cc/src/target.rs
3159 ./vendor/cc/src/target/apple.rs
20000 ./vendor/cc/src/target/generated.rs
10935 ./vendor/cc/src/target/llvm.rs
23034 ./vendor/cc/src/target/parser.rs
2363 ./vendor/cc/src/tempfile.rs
21520 ./vendor/cc/src/tool.rs
4480 ./vendor/cc/src/utilities.rs
1750 ./vendor/find-msvc-tools/.cargo-checksum.json
109 ./vendor/find-msvc-tools/.cargo_vcs_info.json
2868 ./vendor/find-msvc-tools/CHANGELOG.md
160 ./vendor/find-msvc-tools/Cargo.lock
1162 ./vendor/find-msvc-tools/Cargo.toml
524 ./vendor/find-msvc-tools/Cargo.toml.orig
10847 ./vendor/find-msvc-tools/LICENSE-APACHE
1057 ./vendor/find-msvc-tools/LICENSE-MIT
1024 ./vendor/find-msvc-tools/README.md
2832 ./vendor/find-msvc-tools/src/com.rs
60890 ./vendor/find-msvc-tools/src/find_tools.rs
525 ./vendor/find-msvc-tools/src/lib.rs
6436 ./vendor/find-msvc-tools/src/registry.rs
8886 ./vendor/find-msvc-tools/src/setup_config.rs
1095 ./vendor/find-msvc-tools/src/tool.rs
6494 ./vendor/find-msvc-tools/src/vs_instances.rs
4545 ./vendor/find-msvc-tools/src/winapi.rs
902 ./vendor/find-msvc-tools/src/windows_link.rs
6030 ./vendor/find-msvc-tools/src/windows_sys.rs
3001 ./vendor/proc-macro2/.cargo-checksum.json
94 ./vendor/proc-macro2/.cargo_vcs_info.json
16 ./vendor/proc-macro2/.github/FUNDING.yml
7371 ./vendor/proc-macro2/.github/workflows/ci.yml
8817 ./vendor/proc-macro2/Cargo.lock
2460 ./vendor/proc-macro2/Cargo.toml
2340 ./vendor/proc-macro2/Cargo.toml.orig
9723 ./vendor/proc-macro2/LICENSE-APACHE
1023 ./vendor/proc-macro2/LICENSE-MIT
3866 ./vendor/proc-macro2/README.md
10277 ./vendor/proc-macro2/build.rs
38 ./vendor/proc-macro2/rust-toolchain.toml
2703 ./vendor/proc-macro2/src/detection.rs
5164 ./vendor/proc-macro2/src/extra.rs
34270 ./vendor/proc-macro2/src/fallback.rs
50292 ./vendor/proc-macro2/src/lib.rs
871 ./vendor/proc-macro2/src/location.rs
573 ./vendor/proc-macro2/src/marker.rs
342 ./vendor/proc-macro2/src/num.rs
28771 ./vendor/proc-macro2/src/parse.rs
220 ./vendor/proc-macro2/src/probe.rs
1107 ./vendor/proc-macro2/src/probe/proc_macro_span.rs
259 ./vendor/proc-macro2/src/probe/proc_macro_span_file.rs
324 ./vendor/proc-macro2/src/probe/proc_macro_span_location.rs
3067 ./vendor/proc-macro2/src/rcvec.rs
22376 ./vendor/proc-macro2/src/rustc_literal_escaper.rs
31058 ./vendor/proc-macro2/src/wrapper.rs
3456 ./vendor/proc-macro2/tests/comments.rs
227 ./vendor/proc-macro2/tests/features.rs
2647 ./vendor/proc-macro2/tests/marker.rs
32319 ./vendor/proc-macro2/tests/test.rs
1312 ./vendor/proc-macro2/tests/test_fmt.rs
3939 ./vendor/proc-macro2/tests/test_size.rs
3332 ./vendor/quote/.cargo-checksum.json
94 ./vendor/quote/.cargo_vcs_info.json
16 ./vendor/quote/.github/FUNDING.yml
2792 ./vendor/quote/.github/workflows/ci.yml
8124 ./vendor/quote/Cargo.lock
1713 ./vendor/quote/Cargo.toml
1115 ./vendor/quote/Cargo.toml.orig
9723 ./vendor/quote/LICENSE-APACHE
1023 ./vendor/quote/LICENSE-MIT
9264 ./vendor/quote/README.md
38 ./vendor/quote/rust-toolchain.toml
2739 ./vendor/quote/src/ext.rs
4795 ./vendor/quote/src/format.rs
2309 ./vendor/quote/src/ident_fragment.rs
48603 ./vendor/quote/src/lib.rs
15345 ./vendor/quote/src/runtime.rs
1112 ./vendor/quote/src/spanned.rs
6943 ./vendor/quote/src/to_tokens.rs
214 ./vendor/quote/tests/compiletest.rs
13539 ./vendor/quote/tests/test.rs
209 ./vendor/quote/tests/ui/does-not-have-iter-interpolated-dup.rs
559 ./vendor/quote/tests/ui/does-not-have-iter-interpolated-dup.stderr
201 ./vendor/quote/tests/ui/does-not-have-iter-interpolated.rs
539 ./vendor/quote/tests/ui/does-not-have-iter-interpolated.stderr
55 ./vendor/quote/tests/ui/does-not-have-iter-separated.rs
444 ./vendor/quote/tests/ui/does-not-have-iter-separated.stderr
54 ./vendor/quote/tests/ui/does-not-have-iter.rs
432 ./vendor/quote/tests/ui/does-not-have-iter.stderr
119 ./vendor/quote/tests/ui/not-quotable.rs
680 ./vendor/quote/tests/ui/not-quotable.stderr
106 ./vendor/quote/tests/ui/not-repeatable.rs
1740 ./vendor/quote/tests/ui/not-repeatable.stderr
109 ./vendor/quote/tests/ui/wrong-type-span.rs
346 ./vendor/quote/tests/ui/wrong-type-span.stderr
1249 ./vendor/shlex/.cargo-checksum.json
94 ./vendor/shlex/.cargo_vcs_info.json
1920 ./vendor/shlex/.github/workflows/test.yml
1891 ./vendor/shlex/CHANGELOG.md
136 ./vendor/shlex/Cargo.lock
1339 ./vendor/shlex/Cargo.toml
696 ./vendor/shlex/Cargo.toml.orig
566 ./vendor/shlex/LICENSE-APACHE
1092 ./vendor/shlex/LICENSE-MIT
1953 ./vendor/shlex/README.md
19409 ./vendor/shlex/src/bytes.rs
11818 ./vendor/shlex/src/lib.rs
16777 ./vendor/shlex/src/quoting_warning.md
9330 ./vendor/syn/.cargo-checksum.json
94 ./vendor/syn/.cargo_vcs_info.json
47274 ./vendor/syn/Cargo.lock
4971 ./vendor/syn/Cargo.toml
2379 ./vendor/syn/Cargo.toml.orig
9723 ./vendor/syn/LICENSE-APACHE
1023 ./vendor/syn/LICENSE-MIT
10396 ./vendor/syn/README.md
1400 ./vendor/syn/benches/file.rs
5226 ./vendor/syn/benches/rust.rs
28359 ./vendor/syn/src/attr.rs
1610 ./vendor/syn/src/bigint.rs
16118 ./vendor/syn/src/buffer.rs
10718 ./vendor/syn/src/classify.rs
7862 ./vendor/syn/src/custom_keyword.rs
9132 ./vendor/syn/src/custom_punctuation.rs
13747 ./vendor/syn/src/data.rs
8843 ./vendor/syn/src/derive.rs
9234 ./vendor/syn/src/discouraged.rs
1408 ./vendor/syn/src/drops.rs
14105 ./vendor/syn/src/error.rs
1672 ./vendor/syn/src/export.rs
141778 ./vendor/syn/src/expr.rs
3902 ./vendor/syn/src/ext.rs
3745 ./vendor/syn/src/file.rs
27676 ./vendor/syn/src/fixup.rs
76352 ./vendor/syn/src/gen/clone.rs
127381 ./vendor/syn/src/gen/debug.rs
93152 ./vendor/syn/src/gen/eq.rs
137004 ./vendor/syn/src/gen/fold.rs
76938 ./vendor/syn/src/gen/hash.rs
23132 ./vendor/syn/src/gen/token.css
125396 ./vendor/syn/src/gen/visit.rs
127583 ./vendor/syn/src/gen/visit_mut.rs
51677 ./vendor/syn/src/generics.rs
7888 ./vendor/syn/src/group.rs
3143 ./vendor/syn/src/ident.rs
121518 ./vendor/syn/src/item.rs
33897 ./vendor/syn/src/lib.rs
3878 ./vendor/syn/src/lifetime.rs
55796 ./vendor/syn/src/lit.rs
10001 ./vendor/syn/src/lookahead.rs
8007 ./vendor/syn/src/mac.rs
4693 ./vendor/syn/src/macros.rs
14137 ./vendor/syn/src/meta.rs
8337 ./vendor/syn/src/op.rs
47678 ./vendor/syn/src/parse.rs
3496 ./vendor/syn/src/parse_macro_input.rs
7279 ./vendor/syn/src/parse_quote.rs
32004 ./vendor/syn/src/pat.rs
33492 ./vendor/syn/src/path.rs
6817 ./vendor/syn/src/precedence.rs
390 ./vendor/syn/src/print.rs
31259 ./vendor/syn/src/punctuated.rs
6135 ./vendor/syn/src/restriction.rs
9260 ./vendor/syn/src/scan_expr.rs
87 ./vendor/syn/src/sealed.rs
1197 ./vendor/syn/src/span.rs
3779 ./vendor/syn/src/spanned.rs
16744 ./vendor/syn/src/stmt.rs
1904 ./vendor/syn/src/thread.rs
36392 ./vendor/syn/src/token.rs
3727 ./vendor/syn/src/tt.rs
44736 ./vendor/syn/src/ty.rs
1216 ./vendor/syn/src/verbatim.rs
2103 ./vendor/syn/src/whitespace.rs
32746 ./vendor/syn/tests/common/eq.rs
133 ./vendor/syn/tests/common/mod.rs
1275 ./vendor/syn/tests/common/parse.rs
3894 ./vendor/syn/tests/common/visit.rs
207589 ./vendor/syn/tests/debug/gen.rs
3340 ./vendor/syn/tests/debug/mod.rs
176 ./vendor/syn/tests/macros/mod.rs
132 ./vendor/syn/tests/regression.rs
97 ./vendor/syn/tests/regression/issue1108.rs
932 ./vendor/syn/tests/regression/issue1235.rs
29271 ./vendor/syn/tests/repo/mod.rs
844 ./vendor/syn/tests/repo/progress.rs
2085 ./vendor/syn/tests/snapshot/mod.rs
887 ./vendor/syn/tests/test_asyncness.rs
4474 ./vendor/syn/tests/test_attribute.rs
21857 ./vendor/syn/tests/test_derive_input.rs
52454 ./vendor/syn/tests/test_expr.rs
10155 ./vendor/syn/tests/test_generics.rs
1595 ./vendor/syn/tests/test_grouping.rs
1320 ./vendor/syn/tests/test_ident.rs
7775 ./vendor/syn/tests/test_item.rs
2669 ./vendor/syn/tests/test_iterators.rs
10560 ./vendor/syn/tests/test_lit.rs
3223 ./vendor/syn/tests/test_meta.rs
2961 ./vendor/syn/tests/test_parse_buffer.rs
3629 ./vendor/syn/tests/test_parse_quote.rs
5524 ./vendor/syn/tests/test_parse_stream.rs
4575 ./vendor/syn/tests/test_pat.rs
3659 ./vendor/syn/tests/test_path.rs
17973 ./vendor/syn/tests/test_precedence.rs
8331 ./vendor/syn/tests/test_receiver.rs
8367 ./vendor/syn/tests/test_round_trip.rs
1840 ./vendor/syn/tests/test_shebang.rs
1607 ./vendor/syn/tests/test_size.rs
8772 ./vendor/syn/tests/test_stmt.rs
762 ./vendor/syn/tests/test_token_trees.rs
14160 ./vendor/syn/tests/test_ty.rs
1985 ./vendor/syn/tests/test_unparenthesize.rs
5149 ./vendor/syn/tests/test_visibility.rs
1098 ./vendor/syn/tests/zzz_stable.rs
2229 ./vendor/unicode-ident/.cargo-checksum.json
94 ./vendor/unicode-ident/.cargo_vcs_info.json
16 ./vendor/unicode-ident/.github/FUNDING.yml
3418 ./vendor/unicode-ident/.github/workflows/ci.yml
22282 ./vendor/unicode-ident/Cargo.lock
2047 ./vendor/unicode-ident/Cargo.toml
1286 ./vendor/unicode-ident/Cargo.toml.orig
9723 ./vendor/unicode-ident/LICENSE-APACHE
1023 ./vendor/unicode-ident/LICENSE-MIT
1995 ./vendor/unicode-ident/LICENSE-UNICODE
12338 ./vendor/unicode-ident/README.md
4097 ./vendor/unicode-ident/benches/xid.rs
12871 ./vendor/unicode-ident/src/lib.rs
64369 ./vendor/unicode-ident/src/tables.rs
1803 ./vendor/unicode-ident/tests/compare.rs
385 ./vendor/unicode-ident/tests/fst/mod.rs
76143 ./vendor/unicode-ident/tests/fst/xid_continue.fst
67370 ./vendor/unicode-ident/tests/fst/xid_start.fst
540 ./vendor/unicode-ident/tests/roaring/mod.rs
2456 ./vendor/unicode-ident/tests/static_size.rs
144 ./vendor/unicode-ident/tests/tables/mod.rs
24312 ./vendor/unicode-ident/tests/tables/tables.rs
179 ./vendor/unicode-ident/tests/trie/mod.rs
30787 ./vendor/unicode-ident/tests/trie/trie.rs

5.4M	.
