Transpiling prep_cif.c
error: 'rustfmt' is not installed for the toolchain 'stable-x86_64-unknown-linux-gnu'.
help: run `rustup component add rustfmt` to install it
[33mwarning:[0m rustfmt failed, code may not be well-formatted
Transpiling types.c
error: 'rustfmt' is not installed for the toolchain 'stable-x86_64-unknown-linux-gnu'.
help: run `rustup component add rustfmt` to install it
[33mwarning:[0m rustfmt failed, code may not be well-formatted
Transpiling raw_api.c
error: 'rustfmt' is not installed for the toolchain 'stable-x86_64-unknown-linux-gnu'.
help: run `rustup component add rustfmt` to install it
[33mwarning:[0m rustfmt failed, code may not be well-formatted
../src/java_raw_api.c:328:46: warning: 'ffi_java_raw_size' is deprecated [-Wdeprecated-declarations]
  328 |   ffi_java_raw *raw = (ffi_java_raw*)alloca (ffi_java_raw_size (cif));
      |                                              ^
include/ffi.h:322:56: note: 'ffi_java_raw_size' has been explicitly marked deprecated here
  322 | size_t ffi_java_raw_size (ffi_cif *cif) __attribute__((deprecated));
      |                                                        ^
../src/java_raw_api.c:331:3: warning: 'ffi_java_ptrarray_to_raw' is deprecated [-Wdeprecated-declarations]
  331 |   ffi_java_ptrarray_to_raw (cif, avalue, raw);
      |   ^
include/ffi.h:318:93: note: 'ffi_java_ptrarray_to_raw' has been explicitly marked deprecated here
  318 | void ffi_java_ptrarray_to_raw (ffi_cif *cif, void **args, ffi_java_raw *raw) __attribute__((deprecated));
      |                                                                                             ^
2 warnings generated.
Transpiling java_raw_api.c
error: 'rustfmt' is not installed for the toolchain 'stable-x86_64-unknown-linux-gnu'.
help: run `rustup component add rustfmt` to install it
[33mwarning:[0m rustfmt failed, code may not be well-formatted
Transpiling closures.c
error: 'rustfmt' is not installed for the toolchain 'stable-x86_64-unknown-linux-gnu'.
help: run `rustup component add rustfmt` to install it
[33mwarning:[0m rustfmt failed, code may not be well-formatted
Transpiling tramp.c
error: 'rustfmt' is not installed for the toolchain 'stable-x86_64-unknown-linux-gnu'.
help: run `rustup component add rustfmt` to install it
[33mwarning:[0m rustfmt failed, code may not be well-formatted
Transpiling ffi.c
[31merror:[0m Failed to translate ffi_prep_closure_loc: Unimplemented builtin __builtin___clear_cache
--> /home/ubuntu/work-loongarch64/libffi-build/src/loongarch/ffi.c:546:3

error: 'rustfmt' is not installed for the toolchain 'stable-x86_64-unknown-linux-gnu'.
help: run `rustup component add rustfmt` to install it
[33mwarning:[0m rustfmt failed, code may not be well-formatted
STATUS=0
