    Checking libffi-loongarch64-c2rust v0.1.0 (/home/ubuntu/work-loongarch64/port)
error[E0308]: arguments to this function are incorrect
   --> src/closures.rs:916:9
    |
916 |         atomic_store_release(&raw mut mparams.magic, magic);
    |         ^^^^^^^^^^^^^^^^^^^^                         ----- expected `i32`, found `usize`
    |
note: expected `*mut i32`, found `*mut usize`
   --> src/closures.rs:916:30
    |
916 |         atomic_store_release(&raw mut mparams.magic, magic);
    |                              ^^^^^^^^^^^^^^^^^^^^^^
    = note: expected raw pointer `*mut i32`
               found raw pointer `*mut usize`
note: function defined here
   --> src/closures.rs:26:11
    |
 26 | unsafe fn atomic_store_release(p: *mut ::core::ffi::c_int, value: ::core::ffi::c_int) {
    |           ^^^^^^^^^^^^^^^^^^^^ --------------------------  -------------------------
help: you can convert a `usize` to an `i32` and panic if the converted value doesn't fit
    |
916 |         atomic_store_release(&raw mut mparams.magic, magic.try_into().unwrap());
    |                                                           ++++++++++++++++++++

error[E0308]: mismatched types
    --> src/closures.rs:1740:26
     |
1740 |     (atomic_load_acquire(&raw mut mparams.magic) != 0 as size_t
     |      ------------------- ^^^^^^^^^^^^^^^^^^^^^^ expected `*const i32`, found `*mut usize`
     |      |
     |      arguments to this function are incorrect
     |
     = note: expected raw pointer `*const i32`
                found raw pointer `*mut usize`
note: function defined here
    --> src/closures.rs:13:11
     |
  13 | unsafe fn atomic_load_acquire(p: *const ::core::ffi::c_int) -> ::core::ffi::c_int {
     |           ^^^^^^^^^^^^^^^^^^^ ----------------------------

error[E0308]: mismatched types
    --> src/closures.rs:1740:53
     |
1740 |     (atomic_load_acquire(&raw mut mparams.magic) != 0 as size_t
     |      -------------------------------------------    ^^^^^^^^^^^ expected `i32`, found `usize`
     |      |
     |      expected because this is `i32`
     |
help: you can convert a `usize` to an `i32` and panic if the converted value doesn't fit
     |
1740 |     (atomic_load_acquire(&raw mut mparams.magic) != (0 as size_t).try_into().unwrap()
     |                                                     +           +++++++++++++++++++++

error[E0308]: mismatched types
    --> src/closures.rs:2684:26
     |
2684 |     (atomic_load_acquire(&raw mut mparams.magic) != 0 as size_t
     |      ------------------- ^^^^^^^^^^^^^^^^^^^^^^ expected `*const i32`, found `*mut usize`
     |      |
     |      arguments to this function are incorrect
     |
     = note: expected raw pointer `*const i32`
                found raw pointer `*mut usize`
note: function defined here
    --> src/closures.rs:13:11
     |
  13 | unsafe fn atomic_load_acquire(p: *const ::core::ffi::c_int) -> ::core::ffi::c_int {
     |           ^^^^^^^^^^^^^^^^^^^ ----------------------------

error[E0308]: mismatched types
    --> src/closures.rs:2684:53
     |
2684 |     (atomic_load_acquire(&raw mut mparams.magic) != 0 as size_t
     |      -------------------------------------------    ^^^^^^^^^^^ expected `i32`, found `usize`
     |      |
     |      expected because this is `i32`
     |
help: you can convert a `usize` to an `i32` and panic if the converted value doesn't fit
     |
2684 |     (atomic_load_acquire(&raw mut mparams.magic) != (0 as size_t).try_into().unwrap()
     |                                                     +           +++++++++++++++++++++

error[E0308]: mismatched types
    --> src/closures.rs:3864:26
     |
3864 |     (atomic_load_acquire(&raw mut mparams.magic) != 0 as size_t
     |      ------------------- ^^^^^^^^^^^^^^^^^^^^^^ expected `*const i32`, found `*mut usize`
     |      |
     |      arguments to this function are incorrect
     |
     = note: expected raw pointer `*const i32`
                found raw pointer `*mut usize`
note: function defined here
    --> src/closures.rs:13:11
     |
  13 | unsafe fn atomic_load_acquire(p: *const ::core::ffi::c_int) -> ::core::ffi::c_int {
     |           ^^^^^^^^^^^^^^^^^^^ ----------------------------

error[E0308]: mismatched types
    --> src/closures.rs:3864:53
     |
3864 |     (atomic_load_acquire(&raw mut mparams.magic) != 0 as size_t
     |      -------------------------------------------    ^^^^^^^^^^^ expected `i32`, found `usize`
     |      |
     |      expected because this is `i32`
     |
help: you can convert a `usize` to an `i32` and panic if the converted value doesn't fit
     |
3864 |     (atomic_load_acquire(&raw mut mparams.magic) != (0 as size_t).try_into().unwrap()
     |                                                     +           +++++++++++++++++++++

warning: unused variable: `ntotalargs`
   --> src/loongarch/ffi.rs:599:5
    |
599 |     mut ntotalargs: ::core::ffi::c_uint,
    |     ^^^^^^^^^^^^^^ help: if this is intentional, prefix it with an underscore: `_ntotalargs`
    |
    = note: `#[warn(unused_variables)]` (part of `#[warn(unused)]`) on by default

warning: unused variable: `flags`
    --> src/closures.rs:1006:5
     |
1006 |     mut flags: ::core::ffi::c_int,
     |     ^^^^^^^^^ help: if this is intentional, prefix it with an underscore: `_flags`

warning: variable `nfences` is assigned to, but never used
    --> src/closures.rs:1532:9
     |
1532 |     let mut nfences: ::core::ffi::c_int = 0 as ::core::ffi::c_int;
     |         ^^^^^^^^^^^
     |
     = note: consider using `_nfences` instead

warning: unused variable: `flags`
    --> src/closures.rs:5341:5
     |
5341 |     mut flags: ::core::ffi::c_int,
     |     ^^^^^^^^^ help: if this is intentional, prefix it with an underscore: `_flags`

warning: unnecessary `unsafe` block
    --> src/closures.rs:5472:61
     |
5472 | static mut open_temp_exec_file_opts: [C2RustUnnamed_0; 9] = unsafe {
     |                                                             ^^^^^^ unnecessary `unsafe` block
     |
     = note: `#[warn(unused_unsafe)]` (part of `#[warn(unused)]`) on by default

warning: unused variable: `cif`
   --> src/java_raw_api.rs:286:5
    |
286 |     mut cif: *mut ffi_cif,
    |     ^^^^^^^ help: if this is intentional, prefix it with an underscore: `_cif`

warning: unused variable: `rvalue`
   --> src/java_raw_api.rs:287:5
    |
287 |     mut rvalue: *mut ::core::ffi::c_void,
    |     ^^^^^^^^^^ help: if this is intentional, prefix it with an underscore: `_rvalue`

warning: unused variable: `cif`
   --> src/java_raw_api.rs:290:5
    |
290 |     mut cif: *mut ffi_cif,
    |     ^^^^^^^ help: if this is intentional, prefix it with an underscore: `_cif`

warning: unused variable: `rvalue`
   --> src/java_raw_api.rs:291:5
    |
291 |     mut rvalue: *mut ::core::ffi::c_void,
    |     ^^^^^^^^^^ help: if this is intentional, prefix it with an underscore: `_rvalue`

For more information about this error, try `rustc --explain E0308`.
warning: `libffi-loongarch64-c2rust` (lib) generated 9 warnings
error: could not compile `libffi-loongarch64-c2rust` (lib) due to 7 previous errors; 9 warnings emitted
