BINARY=target/loongarch64-unknown-linux-gnu/debug/deps/e2e-b200333e5c7a166a

Dynamic section at offset 0x13f740 contains 28 entries:
  Tag        Type                         Name/Value
 0x0000000000000001 (NEEDED)             Shared library: [libgcc_s.so.1]
 0x0000000000000001 (NEEDED)             Shared library: [libc.so.6]
 0x0000000000000001 (NEEDED)             Shared library: [ld-linux-loongarch-lp64d.so.1]
 0x0000000000000019 (INIT_ARRAY)         0x13ea88
 0x000000000000001b (INIT_ARRAYSZ)       16 (bytes)
 0x000000000000001a (FINI_ARRAY)         0x13ea98
 0x000000000000001c (FINI_ARRAYSZ)       8 (bytes)
 0x0000000000000004 (HASH)               0x2f8
 0x000000006ffffef5 (GNU_HASH)           0x780
 0x0000000000000005 (STRTAB)             0x1658
 0x0000000000000006 (SYMTAB)             0x7a0
 0x000000000000000a (STRSZ)              1864 (bytes)
 0x000000000000000b (SYMENT)             24 (bytes)
 0x0000000000000015 (DEBUG)              0x0
 0x0000000000000003 (PLTGOT)             0x14f940
 0x0000000000000002 (PLTRELSZ)           3336 (bytes)
 0x0000000000000014 (PLTREL)             RELA
 0x0000000000000017 (JMPREL)             0x16148
 0x0000000000000007 (RELA)               0x1f70
 0x0000000000000008 (RELASZ)             82392 (bytes)
 0x0000000000000009 (RELAENT)            24 (bytes)
 0x0000000000000018 (BIND_NOW)           
 0x000000006ffffffb (FLAGS_1)            Flags: NOW PIE
 0x000000006ffffffe (VERNEED)            0x1ee0
 0x000000006fffffff (VERNEEDNUM)         3
 0x000000006ffffff0 (VERSYM)             0x1da0
 0x000000006ffffff9 (RELACOUNT)          3392
 0x0000000000000000 (NULL)               0x0
PASS: no dynamic libffi dependency
