16732 brk(NULL) = 0x000072cd9c7f2000
16732 faccessat(AT_FDCWD,"/etc/ld.so.preload",R_OK,0) = -1 errno=2 (No such file or directory)
16732 openat(AT_FDCWD,"/etc/ld.so.cache",O_RDONLY|O_CLOEXEC) = 3
16732 statx(3,"",AT_EMPTY_PATH|AT_NO_AUTOMOUNT|AT_STATX_SYNC_AS_STAT,STATX_BASIC_STATS,0x0000555555d55460) = 0
16732 mmap(NULL,32711,PROT_READ,MAP_PRIVATE,3,0) = 0x0000555555dbe000
16732 close(3) = 0
16732 openat(AT_FDCWD,"/usr/lib64/libgcc_s.so.1",O_RDONLY|O_CLOEXEC) = 3
16732 read(3,0x55d557d0,832) = 832
16732 statx(3,"",AT_EMPTY_PATH|AT_NO_AUTOMOUNT|AT_STATX_SYNC_AS_STAT,STATX_BASIC_STATS,0x0000555555d55460) = 0
16732 mmap(NULL,8192,PROT_READ|PROT_WRITE,MAP_PRIVATE|MAP_ANONYMOUS,-1,0) = 0x0000555555dc6000
16732 mmap(NULL,525120,PROT_NONE,MAP_PRIVATE|MAP_ANONYMOUS|MAP_DENYWRITE,-1,0) = 0x0000555555dc8000
16732 mmap(0x0000555555dd0000,459584,PROT_EXEC|PROT_READ,MAP_PRIVATE|MAP_DENYWRITE|MAP_FIXED,3,0) = 0x0000555555dd0000
16732 munmap(0x0000555555dc8000,32768) = 0
16732 munmap(0x0000555555e41000,29504) = 0
16732 mprotect(0x0000555555e28000,94208,PROT_NONE) = 0
16732 mmap(0x0000555555e3f000,8192,PROT_READ|PROT_WRITE,MAP_PRIVATE|MAP_DENYWRITE|MAP_FIXED,3,0x5f000) = 0x0000555555e3f000
16732 close(3) = 0
16732 openat(AT_FDCWD,"/usr/lib64/libc.so.6",O_RDONLY|O_CLOEXEC) = 3
16732 read(3,0x55d557b0,832) = 832
16732 statx(3,"",AT_EMPTY_PATH|AT_NO_AUTOMOUNT|AT_STATX_SYNC_AS_STAT,STATX_BASIC_STATS,0x0000555555d55440) = 0
16732 mmap(NULL,2198224,PROT_NONE,MAP_PRIVATE|MAP_ANONYMOUS|MAP_DENYWRITE,-1,0) = 0x0000555555e49000
16732 mmap(0x0000555555e50000,2132688,PROT_EXEC|PROT_READ,MAP_PRIVATE|MAP_DENYWRITE|MAP_FIXED,3,0) = 0x0000555555e50000
16732 munmap(0x0000555555e49000,28672) = 0
16732 munmap(0x0000555556059000,35536) = 0
16732 mprotect(0x000055555603b000,73728,PROT_NONE) = 0
16732 mmap(0x000055555604d000,20480,PROT_READ|PROT_WRITE,MAP_PRIVATE|MAP_DENYWRITE|MAP_FIXED,3,0x1ed000) = 0x000055555604d000
16732 mmap(0x0000555556052000,27344,PROT_READ|PROT_WRITE,MAP_PRIVATE|MAP_ANONYMOUS|MAP_FIXED,-1,0) = 0x0000555556052000
16732 close(3) = 0
16732 mmap(NULL,8192,PROT_READ|PROT_WRITE,MAP_PRIVATE|MAP_ANONYMOUS,-1,0) = 0x0000555556062000
16732 set_tid_address(0x5555560620f0) = 16732
16732 set_robust_list(0x555556062100,24) = -1 errno=38 (Function not implemented)
16732 Unknown syscall 293
16732 mprotect(0x000055555604d000,12288,PROT_READ) = 0
16732 mprotect(0x0000555555e3f000,4096,PROT_READ) = 0
16732 mprotect(0x000072cd9c7de000,73728,PROT_READ) = 0
16732 mprotect(0x0000555555dae000,8192,PROT_READ) = 0
16732 prlimit64(0,RLIMIT_STACK,NULL,0x0000555555d56218) = 0 ({rlim_cur=8388608,rlim_max=-1})
16732 getrandom(0x5555560567a0,8,1) = 8
16732 munmap(0x0000555555dbe000,32711) = 0
16732 ppoll(0x555555d56830,3,0x555555d567f0,(nil)) = 1
16732 rt_sigaction(SIGPIPE,0x0000555555d56598,0x0000555555d56628) = 0
16732 brk(NULL) = 0x000072cd9c7f2000
16732 brk(0x000072cd9c813000) = 0x000072cd9c7f2000
16732 mmap(NULL,1048576,PROT_READ|PROT_WRITE,MAP_PRIVATE|MAP_ANONYMOUS,-1,0) = 0x0000555556064000
16732 openat(AT_FDCWD,"/proc/self/maps",O_RDONLY|O_CLOEXEC) = 3
16732 prlimit64(0,RLIMIT_STACK,NULL,0x0000555555d567a8) = 0 ({rlim_cur=8388608,rlim_max=-1})
16732 statx(3,"",AT_EMPTY_PATH|AT_NO_AUTOMOUNT|AT_STATX_SYNC_AS_STAT,STATX_BASIC_STATS,0x0000555555d56498) = 0
16732 read(3,0x56064570,4096) = 2900
16732 lseek(3,0,SEEK_CUR) = 2900
16732 lseek(3,155,SEEK_SET) = 155
16732 close(3) = 0
16732 sched_getaffinity(16732,32,0x555556064570) = 8
16732 rt_sigaction(SIGSEGV,NULL,0x0000555555d56778) = 0
16732 sigaltstack((nil),0x555555d56788) = 0
16732 mmap(NULL,20480,PROT_READ|PROT_WRITE,MAP_PRIVATE|MAP_ANONYMOUS|MAP_STACK,-1,0) = 0x0000555556164000
16732 mprotect(0x0000555556164000,4096,PROT_NONE) = 0
16732 sigaltstack(0x555555d56788,(nil)) = 0
16732 gettid() = 16732
16732 rt_sigaction(SIGSEGV,0x0000555555d566e8,NULL) = 0
16732 rt_sigaction(SIGBUS,NULL,0x0000555555d56778) = 0
16732 rt_sigaction(SIGBUS,0x0000555555d566e8,NULL) = 0
16732 openat(AT_FDCWD,"/proc/self/cgroup",O_RDONLY|O_CLOEXEC) = 3
16732 statx(3,"",AT_EMPTY_PATH|AT_STATX_SYNC_AS_STAT,STATX_ALL,0x0000555555d55700) = 0
16732 lseek(3,0,SEEK_CUR) = 0
16732 read(3,0x56067b30,128) = 48
16732 read(3,0x56067b60,80) = 0
16732 close(3) = 0
16732 statx(AT_FDCWD,"/sys/fs/cgroup/user.slice/user-1000.slice/session-55.scope/cgroup.controllers",AT_STATX_SYNC_AS_STAT,STATX_ALL,0x0000555555d55580) = 0
16732 openat(AT_FDCWD,"/sys/fs/cgroup/user.slice/user-1000.slice/session-55.scope/cpu.max",O_RDONLY|O_CLOEXEC) = 3
16732 statx(3,"",AT_EMPTY_PATH|AT_STATX_SYNC_AS_STAT,STATX_ALL,0x0000555555d55690) = 0
16732 lseek(3,0,SEEK_CUR) = 0
16732 read(3,0x55d557c8,32) = 11
16732 read(3,0x56066dcb,9) = 0
16732 close(3) = 0
16732 openat(AT_FDCWD,"/sys/fs/cgroup/user.slice/user-1000.slice/cpu.max",O_RDONLY|O_CLOEXEC) = 3
16732 statx(3,"",AT_EMPTY_PATH|AT_STATX_SYNC_AS_STAT,STATX_ALL,0x0000555555d55690) = 0
16732 lseek(3,0,SEEK_CUR) = 0
16732 read(3,0x55d557c8,32) = 11
16732 read(3,0x56066dcb,9) = 0
16732 close(3) = 0
16732 openat(AT_FDCWD,"/sys/fs/cgroup/user.slice/cpu.max",O_RDONLY|O_CLOEXEC) = 3
16732 statx(3,"",AT_EMPTY_PATH|AT_STATX_SYNC_AS_STAT,STATX_ALL,0x0000555555d55690) = 0
16732 lseek(3,0,SEEK_CUR) = 0
16732 read(3,0x55d557c8,32) = 11
16732 read(3,0x56066dcb,9) = 0
16732 close(3) = 0
16732 openat(AT_FDCWD,"/sys/fs/cgroup/cpu.max",O_RDONLY|O_CLOEXEC) = -1 errno=2 (No such file or directory)
16732 sched_getaffinity(0,128,0x555555d55a00) = 8
16732 clock_gettime(CLOCK_MONOTONIC,0x0000555555d55d50) = 0 ({tv_sec = 1127,tv_nsec = 338319152})
16732 write(1,0x56066dc0,16)
running 1 test
 = 16
16732 openat(AT_FDCWD,"/proc/self/cgroup",O_RDONLY|O_CLOEXEC) = 3
16732 statx(3,"",AT_EMPTY_PATH|AT_STATX_SYNC_AS_STAT,STATX_ALL,0x0000555555d55800) = 0
16732 lseek(3,0,SEEK_CUR) = 0
16732 read(3,0x56067a30,128) = 48
16732 read(3,0x56067a60,80) = 0
16732 close(3) = 0
16732 statx(AT_FDCWD,"/sys/fs/cgroup/user.slice/user-1000.slice/session-55.scope/cgroup.controllers",AT_STATX_SYNC_AS_STAT,STATX_ALL,0x0000555555d55680) = 0
16732 openat(AT_FDCWD,"/sys/fs/cgroup/user.slice/user-1000.slice/session-55.scope/cpu.max",O_RDONLY|O_CLOEXEC) = 3
16732 statx(3,"",AT_EMPTY_PATH|AT_STATX_SYNC_AS_STAT,STATX_ALL,0x0000555555d55790) = 0
16732 lseek(3,0,SEEK_CUR) = 0
16732 read(3,0x55d558c8,32) = 11
16732 read(3,0x56066dcb,9) = 0
16732 close(3) = 0
16732 openat(AT_FDCWD,"/sys/fs/cgroup/user.slice/user-1000.slice/cpu.max",O_RDONLY|O_CLOEXEC) = 3
16732 statx(3,"",AT_EMPTY_PATH|AT_STATX_SYNC_AS_STAT,STATX_ALL,0x0000555555d55790) = 0
16732 lseek(3,0,SEEK_CUR) = 0
16732 read(3,0x55d558c8,32) = 11
16732 read(3,0x56066dcb,9) = 0
16732 close(3) = 0
16732 openat(AT_FDCWD,"/sys/fs/cgroup/user.slice/cpu.max",O_RDONLY|O_CLOEXEC) = 3
16732 statx(3,"",AT_EMPTY_PATH|AT_STATX_SYNC_AS_STAT,STATX_ALL,0x0000555555d55790) = 0
16732 lseek(3,0,SEEK_CUR) = 0
16732 read(3,0x55d558c8,32) = 11
16732 read(3,0x56066dcb,9) = 0
16732 close(3) = 0
16732 openat(AT_FDCWD,"/sys/fs/cgroup/cpu.max",O_RDONLY|O_CLOEXEC) = -1 errno=2 (No such file or directory)
16732 sched_getaffinity(0,128,0x555555d55b00) = 8
16732 clock_gettime(CLOCK_MONOTONIC,0x0000555555d55d50) = 0 ({tv_sec = 1127,tv_nsec = 341344331})
16732 rt_sigaction(33,0x0000555555d55208,NULL) = 0
16732 rt_sigprocmask(SIG_UNBLOCK,0x0000555555d553a8,NULL,8) = 0
16732 mmap(NULL,2101248,PROT_READ|PROT_WRITE,MAP_PRIVATE|MAP_ANONYMOUS|MAP_STACK,-1,0) = 0x0000555556169000
16732 madvise(0x0000555556169000,4096,0x66) = 0
16732 rt_sigprocmask(SIG_BLOCK,0x000055555600eef0,0x0000555555d55398,8) = 0
16732 Unknown syscall 435
16732 clone(CLONE_VM|CLONE_FS|CLONE_FILES|CLONE_SIGHAND|CLONE_THREAD|CLONE_SYSVSEM|CLONE_SETTLS|CLONE_PARENT_SETTID|CLONE_CHILD_CLEARTID,child_stack=0x00005555563689d0,parent_tidptr=0x00005555563691d0,tls=0x0000555556369840,child_tidptr=0x00005555563691d0) = 16734
16732 rt_sigprocmask(SIG_SETMASK,0x0000555555d55398,NULL,8) = 0
16732 set_robust_list(0x5555563691e0,24) = -1 errno=38 (Function not implemented)
16732 rt_sigprocmask(SIG_SETMASK,0x00005555563697f0,NULL,8) = 0
16732 clock_gettime(CLOCK_MONOTONIC,0x0000555555d55d50) = 0 ({tv_sec = 1127,tv_nsec = 350538615})
16732 prctl(15,93825006995376,15,93825006995407,93825003834559,93825000996032) = 0
16732 clock_gettime(CLOCK_MONOTONIC,0x0000555555d55d50) = 0 ({tv_sec = 1127,tv_nsec = 351114870})
16732 clock_gettime(CLOCK_MONOTONIC,0x0000555555d55b40) = 0 ({tv_sec = 1127,tv_nsec = 351667337})
16732 mmap(NULL,134217728,PROT_NONE,MAP_PRIVATE|MAP_ANONYMOUS,-1,0) = 0x000055555636a000
16732 munmap(0x000055555636a000,29974528) = 0
16732 munmap(0x000055555c000000,37134336) = 0
16732 mprotect(0x0000555558000000,135168,PROT_READ|PROT_WRITE) = 0
16732 clock_gettime(CLOCK_MONOTONIC,0x0000555555d55ac0) = 0 ({tv_sec = 1127,tv_nsec = 354403857})
16732 clock_gettime(CLOCK_MONOTONIC,0x0000555555d55a70) = 0 ({tv_sec = 1127,tv_nsec = 354523191})
16732 futex(0x0000555556064e78,FUTEX_PRIVATE_FLAG|FUTEX_WAIT_BITSET,-1,{tv_sec = 1187,tv_nsec = 342039920},NULL,0)16732 sched_getaffinity(16734,32,0x555558000be0) = 8
16732 gettid() = 16734
16732 sigaltstack((nil),0x555556368718) = 0
16732 mmap(NULL,20480,PROT_READ|PROT_WRITE,MAP_PRIVATE|MAP_ANONYMOUS|MAP_STACK,-1,0) = 0x000055555e36a000
16732 mprotect(0x000055555e36a000,4096,PROT_NONE) = 0
16732 sigaltstack(0x555556368718,(nil)) = 0
16732 clock_gettime(CLOCK_REALTIME_COARSE,0x0000555556367558) = 0 ({tv_sec = 1786517361,tv_nsec = 365388268})
16732 getpid() = 16732
16732 openat(AT_FDCWD,"/proc/16732/maps",O_RDONLY) = 3
16732 statx(3,"",AT_EMPTY_PATH|AT_NO_AUTOMOUNT|AT_STATX_SYNC_AS_STAT,STATX_BASIC_STATS,0x0000555556363f98) = 0
16732 read(3,0x58000f00,4096) = 3344
16732 lseek(3,0,SEEK_CUR) = 3344
16732 lseek(3,2842,SEEK_SET) = 2842
16732 close(3) = 0
16732 openat(AT_FDCWD,"/home/ubuntu/work-loongarch64/port/target/loongarch64-unknown-linux-gnu/debug/deps/e2e-b200333e5c7a166a",O_RDONLY|O_CLOEXEC) = 3
16732 mmap(NULL,167936,PROT_READ|PROT_WRITE,MAP_PRIVATE|MAP_ANONYMOUS,-1,0) = 0x000055555e36f000
16732 mmap(NULL,131072,PROT_READ|PROT_WRITE,MAP_PRIVATE|MAP_ANONYMOUS,-1,0) = 0x000055555e398000
16732 mmap(0x000055555e398000,65536,PROT_EXEC|PROT_READ,MAP_PRIVATE|MAP_FIXED,3,0x60000) = 0x000055555e398000
16732 mmap(NULL,4096,PROT_READ|PROT_WRITE,MAP_PRIVATE|MAP_ANONYMOUS,-1,0) = 0x000055555e3b8000
16732 futex(0x0000555556064e78,FUTEX_PRIVATE_FLAG|FUTEX_WAKE,1,0x00005555560648c0,0x0000555555d55b98,1440045976) = 1
 = 0
16732 clock_gettime(CLOCK_MONOTONIC,0x0000555555d55c10) = 0 ({tv_sec = 1127,tv_nsec = 373185866})
16732 sigaltstack(0x555556368708,(nil)) = 0
16732 munmap(0x000055555e36a000,20480) = 0
16732 futex(0x00005555563691d0,FUTEX_CLOCK_REALTIME|FUTEX_WAIT_BITSET,16734,NULL,NULL,0)16732 rt_sigprocmask(SIG_BLOCK,0x00005555563697f0,NULL,8) = 0
16732 madvise(0x0000555556169000,1961984,MADV_DONTNEED) = 0
16732 exit(0)
 = 0
16732 write(1,0x56065ae0,48)test executable_closure_calls_rust_callback ...  = 48
16732 write(1,0x56065ae0,2)ok = 2
16732 write(1,0x9c7a3104,1)
 = 1
16732 clock_gettime(CLOCK_MONOTONIC,0x0000555555d55cf0) = 0 ({tv_sec = 1127,tv_nsec = 379089081})
16732 write(1,0x9c7a5c70,1)
 = 1
16732 write(1,0x56065ae0,13)test result:  = 13
16732 write(1,0x56065ae0,2)ok = 2
16732 write(1,0x56065ae0,59). 1 passed; 0 failed; 0 ignored; 0 measured; 2 filtered out = 59
16732 write(1,0x56065ae0,19); finished in 0.04s = 19
16732 write(1,0x9c7a5c7e,2)

 = 2
16732 sigaltstack(0x555555d56698,(nil)) = 0
16732 munmap(0x0000555556164000,20480) = 0
16732 exit_group(0)
